real 2.11
user 1.57
sys 1.00
           111968256  maximum resident set size
                   0  average shared memory size
                   0  average unshared data size
                   0  average unshared stack size
               67254  page reclaims
                  65  page faults
                   0  swaps
                   0  block input operations
                   0  block output operations
                   0  messages sent
                   0  messages received
                   0  signals received
                 156  voluntary context switches
                1279  involuntary context switches
          2803131985  instructions retired
          1048555543  cycles elapsed
            14992032  peak memory footprint
