=== fwd16.py rules.npz (1-min load 2.12, free mem 41%) ===
S^z=0 sector 12870; norms kept in sector: parton 1.000000  [1s]
ed16_S1inv sign +1: E0/N -0.41915 (deg 3); next levels/N -0.41915 -0.41915 -0.41631 -0.41631
     parton      : <H>/N -0.37723  var/N 0.0002889  overlap(ground space) 0.0000  overlaps(lowest 5) 0.000 0.000 0.000 0.001 0.001
     neel_z_0.05 : <H>/N -0.37656  var/N 0.0017  overlap(ground space) 0.0000  overlaps(lowest 5) 0.000 0.000 0.000 0.001 0.001
     col_z_0.1   : <H>/N -0.37591  var/N 0.00458  overlap(ground space) 0.0000  overlaps(lowest 5) 0.000 0.000 0.000 0.001 0.001   [113s]
ed16_S1inv sign -1: E0/N -2.63564 (deg 1); next levels/N -1.99003 -1.84389 -1.64490 -1.62869
     parton      : <H>/N +0.37723  var/N 0.0002889  overlap(ground space) 0.0000  overlaps(lowest 5) 0.000 0.000 0.000 0.000 0.000
     neel_z_0.05 : <H>/N +0.37656  var/N 0.0017  overlap(ground space) 0.0000  overlaps(lowest 5) 0.000 0.000 0.000 0.000 0.000
     col_z_0.1   : <H>/N +0.37591  var/N 0.00458  overlap(ground space) 0.0000  overlaps(lowest 5) 0.000 0.000 0.000 0.000 0.000   [117s]
vmc6_S1inv sign +1: E0/N -0.49405 (deg 1); next levels/N -0.46278 -0.46278 -0.46278 -0.44995
     parton      : <H>/N -0.37063  var/N 0.001549  overlap(ground space) 0.0002  overlaps(lowest 5) 0.000 0.000 0.000 0.000 0.000
     neel_z_0.05 : <H>/N -0.36997  var/N 0.003035  overlap(ground space) 0.0002  overlaps(lowest 5) 0.000 0.000 0.000 0.000 0.000
     col_z_0.1   : <H>/N -0.36934  var/N 0.005532  overlap(ground space) 0.0002  overlaps(lowest 5) 0.000 0.000 0.000 0.000 0.000   [154s]
vmc6_S1inv sign -1: E0/N -2.65018 (deg 1); next levels/N -2.00284 -1.84384 -1.65821 -1.62806
     parton      : <H>/N +0.37063  var/N 0.001549  overlap(ground space) 0.0000  overlaps(lowest 5) 0.000 0.000 0.000 0.000 0.000
     neel_z_0.05 : <H>/N +0.36997  var/N 0.003035  overlap(ground space) 0.0000  overlaps(lowest 5) 0.000 0.000 0.000 0.000 0.000
     col_z_0.1   : <H>/N +0.36934  var/N 0.005532  overlap(ground space) 0.0000  overlaps(lowest 5) 0.000 0.000 0.000 0.000 0.000   [158s]
vmc8_S1inv sign +1: E0/N -0.46071 (deg 1); next levels/N -0.43498 -0.43498 -0.43157 -0.43157
     parton      : <H>/N -0.37108  var/N 0.002617  overlap(ground space) 0.0002  overlaps(lowest 5) 0.000 0.000 0.000 0.000 0.000
     neel_z_0.05 : <H>/N -0.37042  var/N 0.004177  overlap(ground space) 0.0002  overlaps(lowest 5) 0.000 0.000 0.000 0.000 0.000
     col_z_0.1   : <H>/N -0.36982  var/N 0.006441  overlap(ground space) 0.0002  overlaps(lowest 5) 0.000 0.000 0.000 0.000 0.000   [190s]
vmc8_S1inv sign -1: E0/N -2.66032 (deg 1); next levels/N -2.01093 -1.83856 -1.66525 -1.62210
     parton      : <H>/N +0.37108  var/N 0.002617  overlap(ground space) 0.0000  overlaps(lowest 5) 0.000 0.000 0.000 0.000 0.000
     neel_z_0.05 : <H>/N +0.37042  var/N 0.004177  overlap(ground space) 0.0000  overlaps(lowest 5) 0.000 0.000 0.000 0.000 0.000
     col_z_0.1   : <H>/N +0.36982  var/N 0.006441  overlap(ground space) 0.0000  overlaps(lowest 5) 0.000 0.000 0.000 0.000 0.000   [194s]
194.46 real       192.90 user         0.56 sys
347013120  maximum resident set size
=== vmc49.py 6 lp:0.1 40000 21 (1-min load 2.31, free mem 32%) ===
L=6 N=216: 3456 pairs, 8208 four-sets; tables 1.3s
lp:0.1: MF gap 2.616; mode singlet
measured 16633 in 269s; acc flip 0/0 pair 584469/4024728; drift 4.4e-13
270.29 real       268.45 user         0.53 sys
179863552  maximum resident set size
=== vmc49.py 8 neez:0.05 40000 22 (1-min load 1.81, free mem 30%) ===
L=8 N=512: 8192 pairs, 19456 four-sets; tables 1.9s
neez:0.05: MF gap 2.653; mode singlet
measured 3299 in 267s; acc flip 0/0 pair 353913/2713088; drift 9.2e-12
270.23 real       268.61 user         0.58 sys
221937664  maximum resident set size
=== anal49.py  (1-min load 2.23, free mem 33%) ===
rank-1/2 content of the invariant combos: max|W1| 0.0e+00, max|W2| 1.2e-16; G(6^3 cluster) vs infinite: 5.2e-13

== L=6 lp:0: 16659 samples from 1 file(s) ==
   NN       : lam1 = 0.1919 +- 0.013 (bias-corr 0.1919); lam2 = 0.6835 +- 0.0062; lam3 = 0.7408 +- 0.033 | low vec D1:-1.00 J1:+0.00 K1:+0.00
   S1b      : lam1 = 0.03987 +- 0.0011 (bias-corr 0.03994); lam2 = 0.1202 +- 0.0054; lam3 = 0.1218 +- 0.0036 | low vec K1:-1.00 J1:+0.87 Kn2:-0.36 J2:+0.31 J3:-0.08
   S1       : lam1 = 0.002571 +- 0.00021 (bias-corr 0.002599); lam2 = 0.04562 +- 0.003; lam3 = 0.07943 +- 0.0022 | low vec Kn2:-1.00 K1:-0.94 J2:+0.87 J1:+0.81 J3:-0.30
   S1uS2    : lam1 = 0.002477 +- 0.0002 (bias-corr 0.002512); lam2 = 0.03936 +- 0.0021; lam3 = 0.06281 +- 0.0022 | low vec Kn2:-1.00 K1:-0.95 J2:+0.87 J1:+0.82 J3:-0.31
   S1inv    : lam1 = 0.002571 +- 0.00021 (bias-corr 0.002599); lam2 = 0.04562 +- 0.003; lam3 = 0.07943 +- 0.0022 | low vec dJ2:+1.00 dJ1:+0.94 J3:+0.34 C0:+0.32 T0:+0.27
   S1uS2inv : lam1 = 0.002477 +- 0.0002 (bias-corr 0.002512); lam2 = 0.03936 +- 0.0021; lam3 = 0.06281 +- 0.0022 | low vec dJ2:-1.00 dJ1:-0.95 J3:-0.35 C0:-0.31 T0:-0.27

== L=6 lp:0.1: 16633 samples from 1 file(s) ==
   S1inv    : lam1 = 0.002338 +- 8.3e-05 (bias-corr 0.002361); lam2 = 0.04374 +- 0.0023; lam3 = 0.08366 +- 0.004 | low vec dJ2:+1.00 dJ1:+0.94 J3:+0.33 C0:+0.32 T0:+0.27
   S1uS2inv : lam1 = 0.002288 +- 8.4e-05 (bias-corr 0.002317); lam2 = 0.03874 +- 0.0024; lam3 = 0.06802 +- 0.0037 | low vec dJ2:-1.00 dJ1:-0.95 J3:-0.33 C0:-0.31 T0:-0.26

== L=6 neez:0.05: 16774 samples from 1 file(s) ==
   S1inv    : lam1 = 0.003965 +- 0.00021 (bias-corr 0.004001); lam2 = 0.03836 +- 0.0014; lam3 = 0.08036 +- 0.0048 | low vec dJ2:-1.00 dJ1:-0.88 C0:-0.34 J3:-0.33 T0:-0.29
   S1uS2inv : lam1 = 0.00383 +- 0.0002 (bias-corr 0.00389); lam2 = 0.0338 +- 0.001; lam3 = 0.06825 +- 0.0056 | low vec dJ2:-1.00 dJ1:-0.88 J3:-0.34 C0:-0.34 T0:-0.29

== L=6 colz:0.1: 16648 samples from 1 file(s) ==
   S1inv    : lam1 = 0.00503 +- 0.0002 (bias-corr 0.00507); lam2 = 0.04879 +- 0.0053; lam3 = 0.09224 +- 0.0067 | low vec dJ2:+1.00 dJ1:+0.89 C0:+0.34 J3:+0.29 T0:+0.28
   S1uS2inv : lam1 = 0.004912 +- 0.00021 (bias-corr 0.004965); lam2 = 0.04338 +- 0.0051; lam3 = 0.08262 +- 0.009 | low vec dJ2:-1.00 dJ1:-0.90 C0:-0.32 J3:-0.30 T0:-0.28

== L=6 cs: 600 samples from 1 file(s) ==
   NN       : lam1 = -1.63e-15 +- 3.7e-14 (bias-corr 2.28e-13); lam2 = 0.632 +- 0.042; lam3 = 1.3 +- 0.085 | low vec J1:+1.00 K1:+0.58 D1:+0.00
   S1b      : lam1 = -1.67e-13 +- 1.6e-12 (bias-corr 1.347e-11); lam2 = -4.434e-17 +- 3.5e-14; lam3 = 1.068e-14 +- 3.9e-15 | low vec Kn2:-1.00 J2:+0.87 J3:+0.64 J1:-0.21 K1:-0.12
   S1       : lam1 = -4.265e-12 +- 2.5e-11 (bias-corr 7.489e-11); lam2 = -6.789e-13 +- 1.4e-12; lam3 = -4.327e-13 +- 7.7e-13 | low vec Dm1:-1.00 Kn2:-0.99 J2:+0.86 Dm0:+0.46 Y2:+0.30
   S1uS2    : lam1 = -4.27e-12 +- 2.3e-11 (bias-corr 8.826e-11); lam2 = -9.141e-13 +- 1.6e-12; lam3 = -4.343e-13 +- 1e-12 | low vec Kn2:-1.00 Dm1:-1.00 J2:+0.87 Dm0:+0.45 Y2:+0.30
   S1inv    : lam1 = -4.258e-12 +- 2.5e-11 (bias-corr 7.508e-11); lam2 = -6.861e-13 +- 1.5e-12; lam3 = -4.167e-13 +- 8.4e-13 | low vec Dm1:+1.00 dJ2:+0.86 Dm0:-0.46 Y2:-0.29 Y0:-0.29
   S1uS2inv : lam1 = -4.263e-12 +- 2.3e-11 (bias-corr 8.848e-11); lam2 = -9.236e-13 +- 1.7e-12; lam3 = -4.184e-13 +- 1.1e-12 | low vec Dm1:+1.00 dJ2:+0.87 Dm0:-0.45 Y0:-0.29 Y2:-0.29

== L=6 pol: 400 samples from 1 file(s) ==
   NN       : lam1 = -2.291e-12 +- 4.5e-13 (bias-corr -2.174e-11); lam2 = -1.063e-18 +- 8e-17; lam3 = 0.754 +- 0.076 | low vec J1:-1.00 K1:+0.00 D1:+0.00
   S1b      : lam1 = -5.507e-12 +- 7.2e-13 (bias-corr -6.121e-11); lam2 = -3.785e-28 +- 6.3e-14; lam3 = 1.08e-29 +- 1.5e-16 | low vec J1:-1.00 J3:-0.99 J2:-0.58 D2:+0.00 K3:+0.00
   S1       : lam1 = -6.078e-12 +- 5.7e-13 (bias-corr -6.484e-11); lam2 = -7.702e-13 +- 2.4e-13; lam3 = -1.626e-13 +- 3.9e-13 | low vec J1:+1.00 J3:+0.85 J2:+0.54 Dm0:+0.31 K1:-0.26
   S1uS2    : lam1 = -6.471e-12 +- 5.7e-13 (bias-corr -5.745e-11); lam2 = -1.02e-12 +- 1.8e-13; lam3 = -2.822e-13 +- 3.9e-13 | low vec J1:-1.00 J3:-0.83 J2:-0.43 Dm0:-0.33 K1:+0.28
   S1inv    : lam1 = -3.382e-12 +- 1.6e-13 (bias-corr -3.038e-11); lam2 = -7.443e-13 +- 2e-13; lam3 = -8.038e-14 +- 3.6e-13 | low vec J3:+1.00 Dm0:+0.41 dJ1:-0.40 T2:+0.35 Y0:+0.19
   S1uS2inv : lam1 = -4.097e-12 +- 1.2e-13 (bias-corr -2.665e-11); lam2 = -7.8e-13 +- 1.6e-13; lam3 = -8.482e-14 +- 3.8e-13 | low vec J3:-1.00 dJ1:+0.46 Dm0:-0.45 J4:-0.40 T2:-0.40

== L=8 lp:0: 3134 samples from 1 file(s) ==
   NN       : lam1 = 0.2218 +- 0.043 (bias-corr 0.2218); lam2 = 0.6438 +- 0.015; lam3 = 0.7253 +- 0.09 | low vec D1:-1.00 J1:+0.00 K1:+0.00
   S1b      : lam1 = 0.04018 +- 0.0069 (bias-corr 0.04078); lam2 = 0.1127 +- 0.0036; lam3 = 0.1326 +- 0.02 | low vec K1:-1.00 J1:+0.87 Kn2:-0.39 J2:+0.33 J3:-0.08
   S1       : lam1 = 0.002466 +- 0.0002 (bias-corr 0.002552); lam2 = 0.03481 +- 0.0014; lam3 = 0.08258 +- 0.0067 | low vec Kn2:-1.00 K1:-0.94 J2:+0.87 J1:+0.81 C0:-0.29
   S1uS2    : lam1 = 0.002313 +- 0.00015 (bias-corr 0.002381); lam2 = 0.03104 +- 0.0015; lam3 = 0.06667 +- 0.0051 | low vec Kn2:+1.00 K1:+0.92 J2:-0.87 J1:-0.80 J3:+0.29
   S1inv    : lam1 = 0.002466 +- 0.0002 (bias-corr 0.002552); lam2 = 0.03481 +- 0.0014; lam3 = 0.08258 +- 0.0067 | low vec dJ2:+1.00 dJ1:+0.94 C0:+0.33 J3:+0.33 T0:+0.28
   S1uS2inv : lam1 = 0.002313 +- 0.00015 (bias-corr 0.002381); lam2 = 0.03104 +- 0.0015; lam3 = 0.06667 +- 0.0051 | low vec dJ2:-1.00 dJ1:-0.92 J3:-0.34 C0:-0.32 T0:-0.28

== L=8 neez:0.05: 3299 samples from 1 file(s) ==
   S1inv    : lam1 = 0.004149 +- 0.00028 (bias-corr 0.00421); lam2 = 0.03503 +- 0.0032; lam3 = 0.0709 +- 0.0039 | low vec dJ2:+1.00 dJ1:+0.93 J3:+0.37 C0:+0.32 T0:+0.26
   S1uS2inv : lam1 = 0.003798 +- 0.00027 (bias-corr 0.003868); lam2 = 0.03054 +- 0.0022; lam3 = 0.05309 +- 0.0035 | low vec dJ2:+1.00 dJ1:+0.92 J3:+0.37 C0:+0.30 T0:+0.26
25.94 real        25.54 user         0.17 sys
316801024  maximum resident set size
chain2-done
