{
  "method": "Independent site/identity dictionaries, direct global reciprocity, exact integer Gauss, independent channel lists; no author code imports.",
  "extension_reversibility_controls": [
    {
      "state": "jam",
      "accepted_attempts": 48,
      "content_changes": 48,
      "identity_changes": 48
    },
    {
      "state": "escaped",
      "accepted_attempts": 78,
      "content_changes": 42,
      "identity_changes": 70
    },
    {
      "state": "after_birth",
      "accepted_attempts": 62,
      "content_changes": 34,
      "identity_changes": 58
    },
    {
      "state": "odd_sector",
      "accepted_attempts": 1431,
      "content_changes": 3,
      "identity_changes": 1431
    },
    {
      "state": "full_columnar",
      "accepted_attempts": 1920,
      "content_changes": 0,
      "identity_changes": 1920
    }
  ],
  "periodic": [
    {
      "N": 4,
      "original_exits_birth_translation_cube": [
        0,
        0,
        0
      ],
      "records_before_after": [
        48,
        50
      ],
      "moved_old_records": [
        [
          3,
          [
            0,
            1,
            0
          ],
          [
            0,
            0,
            0
          ],
          3
        ],
        [
          4,
          [
            0,
            1,
            1
          ],
          [
            0,
            0,
            1
          ],
          -3
        ],
        [
          5,
          [
            0,
            0,
            1
          ],
          [
            0,
            1,
            1
          ],
          1
        ],
        [
          6,
          [
            1,
            0,
            1
          ],
          [
            1,
            1,
            1
          ],
          -1
        ]
      ],
      "two_vacancy_counts": [
        29,
        1,
        1
      ]
    },
    {
      "N": 6,
      "original_exits_birth_translation_cube": [
        0,
        0,
        0
      ],
      "records_before_after": [
        162,
        164
      ],
      "moved_old_records": [
        [
          3,
          [
            0,
            1,
            0
          ],
          [
            0,
            0,
            0
          ],
          3
        ],
        [
          4,
          [
            0,
            1,
            1
          ],
          [
            0,
            0,
            1
          ],
          -3
        ],
        [
          5,
          [
            0,
            0,
            1
          ],
          [
            0,
            1,
            1
          ],
          1
        ],
        [
          6,
          [
            1,
            0,
            1
          ],
          [
            1,
            1,
            1
          ],
          -1
        ]
      ],
      "two_vacancy_counts": [
        105,
        1,
        1
      ]
    },
    {
      "N": 8,
      "original_exits_birth_translation_cube": [
        0,
        0,
        0
      ],
      "records_before_after": [
        384,
        386
      ],
      "moved_old_records": [
        [
          3,
          [
            0,
            1,
            0
          ],
          [
            0,
            0,
            0
          ],
          3
        ],
        [
          4,
          [
            0,
            1,
            1
          ],
          [
            0,
            0,
            1
          ],
          -3
        ],
        [
          5,
          [
            0,
            0,
            1
          ],
          [
            0,
            1,
            1
          ],
          1
        ],
        [
          6,
          [
            1,
            0,
            1
          ],
          [
            1,
            1,
            1
          ],
          -1
        ]
      ],
      "two_vacancy_counts": [
        253,
        1,
        1
      ]
    }
  ],
  "cube_census": {
    "matching_census": {
      "0": 1,
      "1": 12,
      "2": 42,
      "3": 44,
      "4": 9
    },
    "one_dimer_per_axis": 8,
    "hole_pairs": [
      [
        [
          0,
          0,
          0
        ],
        [
          1,
          1,
          1
        ]
      ],
      [
        [
          0,
          1,
          0
        ],
        [
          1,
          0,
          1
        ]
      ],
      [
        [
          0,
          0,
          0
        ],
        [
          1,
          1,
          1
        ]
      ],
      [
        [
          0,
          0,
          1
        ],
        [
          1,
          1,
          0
        ]
      ],
      [
        [
          0,
          1,
          1
        ],
        [
          1,
          0,
          0
        ]
      ],
      [
        [
          0,
          0,
          1
        ],
        [
          1,
          1,
          0
        ]
      ],
      [
        [
          0,
          1,
          1
        ],
        [
          1,
          0,
          0
        ]
      ],
      [
        [
          0,
          1,
          0
        ],
        [
          1,
          0,
          1
        ]
      ]
    ]
  },
  "channel_covariance": {
    "signed_coordinate_permutations": 48,
    "unit_translations": 3,
    "attempted_channels": 2880,
    "distinct_site_permutations": 1920,
    "multiplicity_histogram": {
      "1": 1344,
      "2": 384,
      "4": 192
    }
  },
  "exact_complex_Fourier": {
    "d": "Matrix([[1 + I, 2, 0]])",
    "q": "-1/8 + I/8",
    "B": "Matrix([[-1/8, I/8, 1/8]])",
    "squared_norm": "1/192",
    "bound": "1/96",
    "wrong_unconjugated_projection_residual": "-I/12"
  },
  "Fourier_controls": [
    {
      "N": 4,
      "mode": [
        1,
        0,
        0
      ],
      "vacancies": 2,
      "squared_longitudinal_norm": 0.015624999999999993,
      "upper_bound": 0.031249999999999993
    },
    {
      "N": 4,
      "mode": [
        1,
        2,
        0
      ],
      "vacancies": 2,
      "squared_longitudinal_norm": 0.005208333333333333,
      "upper_bound": 0.010416666666666666
    },
    {
      "N": 4,
      "mode": [
        1,
        1,
        1
      ],
      "vacancies": 2,
      "squared_longitudinal_norm": 0.005208333333333331,
      "upper_bound": 0.010416666666666664
    },
    {
      "N": 6,
      "mode": [
        1,
        0,
        0
      ],
      "vacancies": 2,
      "squared_longitudinal_norm": 0.004629629629629631,
      "upper_bound": 0.018518518518518524
    },
    {
      "N": 6,
      "mode": [
        1,
        2,
        0
      ],
      "vacancies": 2,
      "squared_longitudinal_norm": 0.004629629629629633,
      "upper_bound": 0.004629629629629631
    },
    {
      "N": 6,
      "mode": [
        1,
        1,
        1
      ],
      "vacancies": 2,
      "squared_longitudinal_norm": 0.006172839506172844,
      "upper_bound": 0.006172839506172842
    }
  ],
  "sharp_squared_norm_scaling": {
    "sequence": [
      {
        "N": 4,
        "vacancy_separation": 1,
        "squared_norm": 0.015625,
        "upper_bound": 0.03125000000000001,
        "N_times_squared": 0.0625
      },
      {
        "N": 8,
        "vacancy_separation": 3,
        "squared_norm": 0.011383646728019902,
        "upper_bound": 0.013336771728019902,
        "N_times_squared": 0.09106917382415922
      },
      {
        "N": 16,
        "vacancy_separation": 7,
        "squared_norm": 0.00617044491432817,
        "upper_bound": 0.00641458553932817,
        "N_times_squared": 0.09872711862925072
      },
      {
        "N": 32,
        "vacancy_separation": 15,
        "squared_norm": 0.003145961575922163,
        "upper_bound": 0.0031764791540471633,
        "N_times_squared": 0.10067077042950921
      }
    ],
    "limit_N_times_squared_norm": "1/pi^2",
    "norm_order": "N^(-1/2), not N^(-1)"
  },
  "excluded_odd_torus_countercontrol": {
    "N": 5,
    "one_wrapping_x_dimer": true,
    "Mx_parity": 1,
    "vacancy_x_parity": 0
  }
}
PASS: independent geometry, tracked escape, parity, covariance and Hermitian Fourier controls.
