{
  "status": "PASS",
  "classification": "conditional-support",
  "executed_assertions": 414977,
  "parts": {
    "static": {
      "checks": 414211,
      "graphs": [
        {
          "extents": [
            4,
            4,
            4
          ],
          "vertices": 64,
          "edges": 192,
          "deterministic_legal_ring_flips": 54,
          "two_orientations": [
            {
              "pairs": 4032,
              "maximum_constructed_path_length": 7
            },
            {
              "pairs": 4032,
              "maximum_constructed_path_length": 6
            }
          ]
        },
        {
          "extents": [
            4,
            4,
            6
          ],
          "vertices": 96,
          "edges": 288,
          "deterministic_legal_ring_flips": 79,
          "two_orientations": [
            {
              "pairs": 9120,
              "maximum_constructed_path_length": 7
            },
            {
              "pairs": 9120,
              "maximum_constructed_path_length": 8
            }
          ]
        },
        {
          "extents": [
            8,
            8,
            8
          ],
          "vertices": 512,
          "edges": 1536,
          "deterministic_legal_ring_flips": 430,
          "two_orientations": [
            {
              "pairs": 512,
              "maximum_constructed_path_length": 12
            },
            {
              "pairs": 512,
              "maximum_constructed_path_length": 12
            }
          ]
        }
      ],
      "seconds": 0.9486487499962095,
      "rss_mib": 21.28125,
      "source_sha256": "30ba9a75f5eeafc7dae4001b2341c9a2708f45c29d8ed92509fdcee49883f32c"
    },
    "mobile": {
      "checks": {
        "source_capacity_3": true,
        "source_capacity_5": true,
        "source_capacity_6": true,
        "source_capacity_9": true,
        "source_capacity_10": true,
        "source_capacity_12": true,
        "source_capacity_15": true,
        "source_capacity_17": true,
        "source_capacity_18": true,
        "source_capacity_20": true,
        "source_capacity_23": true,
        "source_capacity_24": true,
        "source_capacity_27": true,
        "source_capacity_29": true,
        "source_capacity_30": true,
        "source_capacity_33": true,
        "source_capacity_34": true,
        "source_capacity_36": true,
        "source_capacity_39": true,
        "source_capacity_40": true,
        "source_capacity_43": true,
        "source_capacity_45": true,
        "source_capacity_46": true,
        "source_capacity_48": true,
        "source_capacity_51": true,
        "source_capacity_53": true,
        "source_capacity_54": true,
        "source_capacity_57": true,
        "source_capacity_58": true,
        "source_capacity_60": true,
        "ice_seed": true,
        "ice_T_zero": true,
        "literal_pair_support": true,
        "row_capacity_attained": true,
        "row_bound_0": true,
        "support_0_0": true,
        "native_phase_0_0": true,
        "support_0_1": true,
        "native_phase_0_1": true,
        "support_0_2": true,
        "native_phase_0_2": true,
        "support_0_48": true,
        "native_phase_0_48": true,
        "support_0_96": true,
        "native_phase_0_96": true,
        "support_0_107": true,
        "native_phase_0_107": true,
        "support_0_133": true,
        "native_phase_0_133": true,
        "support_0_144": true,
        "native_phase_0_144": true,
        "row_bound_1": true,
        "support_1_0": true,
        "native_phase_1_0": true,
        "support_1_1": true,
        "native_phase_1_1": true,
        "support_1_2": true,
        "native_phase_1_2": true,
        "support_1_96": true,
        "native_phase_1_96": true,
        "support_1_145": true,
        "native_phase_1_145": true,
        "support_1_146": true,
        "native_phase_1_146": true,
        "row_bound_2": true,
        "support_2_1": true,
        "native_phase_2_1": true,
        "support_2_2": true,
        "native_phase_2_2": true,
        "support_2_48": true,
        "native_phase_2_48": true,
        "support_2_49": true,
        "native_phase_2_49": true,
        "support_2_50": true,
        "native_phase_2_50": true,
        "support_2_144": true,
        "native_phase_2_144": true,
        "row_bound_3": true,
        "support_3_0": true,
        "native_phase_3_0": true,
        "support_3_59": true,
        "native_phase_3_59": true,
        "support_3_85": true,
        "native_phase_3_85": true,
        "support_3_96": true,
        "native_phase_3_96": true,
        "support_3_107": true,
        "native_phase_3_107": true,
        "support_3_133": true,
        "native_phase_3_133": true,
        "row_bound_4": true,
        "support_4_1": true,
        "native_phase_4_1": true,
        "support_4_13": true,
        "native_phase_4_13": true,
        "support_4_23": true,
        "native_phase_4_23": true,
        "support_4_48": true,
        "native_phase_4_48": true,
        "support_4_96": true,
        "native_phase_4_96": true,
        "support_4_107": true,
        "native_phase_4_107": true,
        "support_4_133": true,
        "native_phase_4_133": true,
        "support_4_156": true,
        "native_phase_4_156": true,
        "row_bound_5": true,
        "support_5_2": true,
        "native_phase_5_2": true,
        "support_5_5": true,
        "native_phase_5_5": true,
        "support_5_40": true,
        "native_phase_5_40": true,
        "support_5_48": true,
        "native_phase_5_48": true,
        "support_5_96": true,
        "native_phase_5_96": true,
        "support_5_107": true,
        "native_phase_5_107": true,
        "support_5_133": true,
        "native_phase_5_133": true,
        "support_5_147": true,
        "native_phase_5_147": true,
        "row_bound_6": true,
        "support_6_0": true,
        "native_phase_6_0": true,
        "support_6_1": true,
        "native_phase_6_1": true,
        "support_6_2": true,
        "native_phase_6_2": true,
        "support_6_104": true,
        "native_phase_6_104": true,
        "support_6_105": true,
        "native_phase_6_105": true,
        "support_6_106": true,
        "native_phase_6_106": true,
        "support_6_107": true,
        "native_phase_6_107": true,
        "support_6_144": true,
        "native_phase_6_144": true,
        "row_bound_7": true,
        "support_7_0": true,
        "native_phase_7_0": true,
        "support_7_1": true,
        "native_phase_7_1": true,
        "support_7_2": true,
        "native_phase_7_2": true,
        "support_7_121": true,
        "native_phase_7_121": true,
        "support_7_132": true,
        "native_phase_7_132": true,
        "support_7_133": true,
        "native_phase_7_133": true,
        "support_7_134": true,
        "native_phase_7_134": true,
        "support_7_144": true,
        "native_phase_7_144": true,
        "row_bound_8": true,
        "support_8_48": true,
        "native_phase_8_48": true,
        "support_8_107": true,
        "native_phase_8_107": true,
        "support_8_133": true,
        "native_phase_8_133": true,
        "support_8_144": true,
        "native_phase_8_144": true,
        "support_8_155": true,
        "native_phase_8_155": true,
        "support_8_181": true,
        "native_phase_8_181": true,
        "row_bound_9": true,
        "support_9_0": true,
        "native_phase_9_0": true,
        "support_9_1": true,
        "native_phase_9_1": true,
        "support_9_2": true,
        "native_phase_9_2": true,
        "support_9_144": true,
        "native_phase_9_144": true,
        "support_9_145": true,
        "native_phase_9_145": true,
        "support_9_156": true,
        "native_phase_9_156": true,
        "support_9_157": true,
        "native_phase_9_157": true,
        "support_9_167": true,
        "native_phase_9_167": true,
        "row_bound_10": true,
        "support_10_0": true,
        "native_phase_10_0": true,
        "support_10_1": true,
        "native_phase_10_1": true,
        "support_10_2": true,
        "native_phase_10_2": true,
        "support_10_48": true,
        "native_phase_10_48": true,
        "support_10_96": true,
        "native_phase_10_96": true,
        "support_10_107": true,
        "native_phase_10_107": true,
        "support_10_133": true,
        "native_phase_10_133": true,
        "support_10_144": true,
        "native_phase_10_144": true,
        "row_bound_11": true,
        "support_11_10": true,
        "native_phase_11_10": true,
        "support_11_20": true,
        "native_phase_11_20": true,
        "support_11_21": true,
        "native_phase_11_21": true,
        "support_11_23": true,
        "native_phase_11_23": true,
        "support_11_48": true,
        "native_phase_11_48": true,
        "support_11_96": true,
        "native_phase_11_96": true,
        "support_11_107": true,
        "native_phase_11_107": true,
        "support_11_133": true,
        "native_phase_11_133": true,
        "row_bound_12": true,
        "support_12_1": true,
        "native_phase_12_1": true,
        "support_12_13": true,
        "native_phase_12_13": true,
        "support_12_23": true,
        "native_phase_12_23": true,
        "support_12_104": true,
        "native_phase_12_104": true,
        "support_12_105": true,
        "native_phase_12_105": true,
        "support_12_106": true,
        "native_phase_12_106": true,
        "support_12_107": true,
        "native_phase_12_107": true,
        "support_12_156": true,
        "native_phase_12_156": true,
        "row_bound_13": true,
        "support_13_1": true,
        "native_phase_13_1": true,
        "support_13_13": true,
        "native_phase_13_13": true,
        "support_13_23": true,
        "native_phase_13_23": true,
        "support_13_121": true,
        "native_phase_13_121": true,
        "support_13_132": true,
        "native_phase_13_132": true,
        "support_13_133": true,
        "native_phase_13_133": true,
        "support_13_134": true,
        "native_phase_13_134": true,
        "support_13_156": true,
        "native_phase_13_156": true,
        "row_bound_14": true,
        "support_14_0": true,
        "native_phase_14_0": true,
        "support_14_48": true,
        "native_phase_14_48": true,
        "support_14_59": true,
        "native_phase_14_59": true,
        "support_14_85": true,
        "native_phase_14_85": true,
        "support_14_96": true,
        "native_phase_14_96": true,
        "support_14_144": true,
        "native_phase_14_144": true,
        "support_14_145": true,
        "native_phase_14_145": true,
        "support_14_146": true,
        "native_phase_14_146": true,
        "row_bound_15": true,
        "support_15_1": true,
        "native_phase_15_1": true,
        "support_15_13": true,
        "native_phase_15_13": true,
        "support_15_23": true,
        "native_phase_15_23": true,
        "support_15_96": true,
        "native_phase_15_96": true,
        "support_15_144": true,
        "native_phase_15_144": true,
        "support_15_145": true,
        "native_phase_15_145": true,
        "support_15_146": true,
        "native_phase_15_146": true,
        "support_15_156": true,
        "native_phase_15_156": true,
        "row_bound_16": true,
        "support_16_2": true,
        "native_phase_16_2": true,
        "support_16_5": true,
        "native_phase_16_5": true,
        "support_16_40": true,
        "native_phase_16_40": true,
        "support_16_96": true,
        "native_phase_16_96": true,
        "support_16_144": true,
        "native_phase_16_144": true,
        "support_16_145": true,
        "native_phase_16_145": true,
        "support_16_146": true,
        "native_phase_16_146": true,
        "support_16_147": true,
        "native_phase_16_147": true,
        "row_bound_17": true,
        "support_17_0": true,
        "native_phase_17_0": true,
        "support_17_1": true,
        "native_phase_17_1": true,
        "support_17_2": true,
        "native_phase_17_2": true,
        "support_17_144": true,
        "native_phase_17_144": true,
        "support_17_146": true,
        "native_phase_17_146": true,
        "support_17_147": true,
        "native_phase_17_147": true,
        "support_17_149": true,
        "native_phase_17_149": true,
        "support_17_184": true,
        "native_phase_17_184": true,
        "row_bound_18": true,
        "support_18_0": true,
        "native_phase_18_0": true,
        "support_18_1": true,
        "native_phase_18_1": true,
        "support_18_13": true,
        "native_phase_18_13": true,
        "support_18_23": true,
        "native_phase_18_23": true,
        "support_18_48": true,
        "native_phase_18_48": true,
        "support_18_49": true,
        "native_phase_18_49": true,
        "support_18_50": true,
        "native_phase_18_50": true,
        "support_18_156": true,
        "native_phase_18_156": true,
        "row_bound_19": true,
        "support_19_0": true,
        "native_phase_19_0": true,
        "support_19_2": true,
        "native_phase_19_2": true,
        "support_19_5": true,
        "native_phase_19_5": true,
        "support_19_40": true,
        "native_phase_19_40": true,
        "support_19_48": true,
        "native_phase_19_48": true,
        "support_19_49": true,
        "native_phase_19_49": true,
        "support_19_50": true,
        "native_phase_19_50": true,
        "support_19_147": true,
        "native_phase_19_147": true,
        "row_bound_20": true,
        "support_20_13": true,
        "native_phase_20_13": true,
        "support_20_24": true,
        "native_phase_20_24": true,
        "support_20_25": true,
        "native_phase_20_25": true,
        "support_20_26": true,
        "native_phase_20_26": true,
        "support_20_48": true,
        "native_phase_20_48": true,
        "support_20_96": true,
        "native_phase_20_96": true,
        "support_20_107": true,
        "native_phase_20_107": true,
        "support_20_133": true,
        "native_phase_20_133": true,
        "row_bound_21": true,
        "support_21_28": true,
        "native_phase_21_28": true,
        "support_21_38": true,
        "native_phase_21_38": true,
        "support_21_39": true,
        "native_phase_21_39": true,
        "support_21_40": true,
        "native_phase_21_40": true,
        "support_21_48": true,
        "native_phase_21_48": true,
        "support_21_96": true,
        "native_phase_21_96": true,
        "support_21_107": true,
        "native_phase_21_107": true,
        "support_21_133": true,
        "native_phase_21_133": true,
        "row_bound_22": true,
        "support_22_2": true,
        "native_phase_22_2": true,
        "support_22_5": true,
        "native_phase_22_5": true,
        "support_22_40": true,
        "native_phase_22_40": true,
        "support_22_104": true,
        "native_phase_22_104": true,
        "support_22_105": true,
        "native_phase_22_105": true,
        "support_22_106": true,
        "native_phase_22_106": true,
        "support_22_107": true,
        "native_phase_22_107": true,
        "support_22_147": true,
        "native_phase_22_147": true,
        "row_bound_23": true,
        "support_23_2": true,
        "native_phase_23_2": true,
        "support_23_5": true,
        "native_phase_23_5": true,
        "support_23_40": true,
        "native_phase_23_40": true,
        "support_23_121": true,
        "native_phase_23_121": true,
        "support_23_132": true,
        "native_phase_23_132": true,
        "support_23_133": true,
        "native_phase_23_133": true,
        "support_23_134": true,
        "native_phase_23_134": true,
        "support_23_147": true,
        "native_phase_23_147": true,
        "row_bound_24": true,
        "support_24_0": true,
        "native_phase_24_0": true,
        "support_24_1": true,
        "native_phase_24_1": true,
        "support_24_2": true,
        "native_phase_24_2": true,
        "support_24_132": true,
        "native_phase_24_132": true,
        "support_24_144": true,
        "native_phase_24_144": true,
        "support_24_180": true,
        "native_phase_24_180": true,
        "support_24_181": true,
        "native_phase_24_181": true,
        "support_24_191": true,
        "native_phase_24_191": true,
        "row_bound_25": true,
        "support_25_0": true,
        "native_phase_25_0": true,
        "support_25_1": true,
        "native_phase_25_1": true,
        "support_25_2": true,
        "native_phase_25_2": true,
        "support_25_49": true,
        "native_phase_25_49": true,
        "support_25_60": true,
        "native_phase_25_60": true,
        "support_25_61": true,
        "native_phase_25_61": true,
        "support_25_71": true,
        "native_phase_25_71": true,
        "support_25_144": true,
        "native_phase_25_144": true,
        "row_bound_26": true,
        "support_26_0": true,
        "native_phase_26_0": true,
        "support_26_1": true,
        "native_phase_26_1": true,
        "support_26_2": true,
        "native_phase_26_2": true,
        "support_26_50": true,
        "native_phase_26_50": true,
        "support_26_51": true,
        "native_phase_26_51": true,
        "support_26_53": true,
        "native_phase_26_53": true,
        "support_26_88": true,
        "native_phase_26_88": true,
        "support_26_144": true,
        "native_phase_26_144": true,
        "row_bound_27": true,
        "support_27_0": true,
        "native_phase_27_0": true,
        "support_27_48": true,
        "native_phase_27_48": true,
        "support_27_49": true,
        "native_phase_27_49": true,
        "support_27_50": true,
        "native_phase_27_50": true,
        "support_27_96": true,
        "native_phase_27_96": true,
        "support_27_144": true,
        "native_phase_27_144": true,
        "support_27_155": true,
        "native_phase_27_155": true,
        "support_27_181": true,
        "native_phase_27_181": true,
        "row_bound_28": true,
        "support_28_0": true,
        "native_phase_28_0": true,
        "support_28_1": true,
        "native_phase_28_1": true,
        "support_28_2": true,
        "native_phase_28_2": true,
        "support_28_54": true,
        "native_phase_28_54": true,
        "support_28_101": true,
        "native_phase_28_101": true,
        "support_28_104": true,
        "native_phase_28_104": true,
        "support_28_139": true,
        "native_phase_28_139": true,
        "support_28_144": true,
        "native_phase_28_144": true,
        "row_bound_29": true,
        "support_29_0": true,
        "native_phase_29_0": true,
        "support_29_1": true,
        "native_phase_29_1": true,
        "support_29_2": true,
        "native_phase_29_2": true,
        "support_29_105": true,
        "native_phase_29_105": true,
        "support_29_144": true,
        "native_phase_29_144": true,
        "support_29_153": true,
        "native_phase_29_153": true,
        "support_29_155": true,
        "native_phase_29_155": true,
        "support_29_190": true,
        "native_phase_29_190": true,
        "row_bound_30": true,
        "support_30_9": true,
        "native_phase_30_9": true,
        "support_30_48": true,
        "native_phase_30_48": true,
        "support_30_56": true,
        "native_phase_30_56": true,
        "support_30_58": true,
        "native_phase_30_58": true,
        "support_30_59": true,
        "native_phase_30_59": true,
        "support_30_96": true,
        "native_phase_30_96": true,
        "support_30_107": true,
        "native_phase_30_107": true,
        "support_30_133": true,
        "native_phase_30_133": true,
        "row_bound_31": true,
        "support_31_0": true,
        "native_phase_31_0": true,
        "support_31_48": true,
        "native_phase_31_48": true,
        "support_31_59": true,
        "native_phase_31_59": true,
        "support_31_85": true,
        "native_phase_31_85": true,
        "support_31_104": true,
        "native_phase_31_104": true,
        "support_31_105": true,
        "native_phase_31_105": true,
        "support_31_106": true,
        "native_phase_31_106": true,
        "support_31_107": true,
        "native_phase_31_107": true,
        "row_bound_32": true,
        "support_32_36": true,
        "native_phase_32_36": true,
        "support_32_48": true,
        "native_phase_32_48": true,
        "support_32_73": true,
        "native_phase_32_73": true,
        "support_32_85": true,
        "native_phase_32_85": true,
        "support_32_86": true,
        "native_phase_32_86": true,
        "support_32_96": true,
        "native_phase_32_96": true,
        "support_32_107": true,
        "native_phase_32_107": true,
        "support_32_133": true,
        "native_phase_32_133": true,
        "row_bound_33": true,
        "support_33_0": true,
        "native_phase_33_0": true,
        "support_33_1": true,
        "native_phase_33_1": true,
        "support_33_2": true,
        "native_phase_33_2": true,
        "support_33_69": true,
        "native_phase_33_69": true,
        "support_33_106": true,
        "native_phase_33_106": true,
        "support_33_118": true,
        "native_phase_33_118": true,
        "support_33_119": true,
        "native_phase_33_119": true,
        "support_33_144": true,
        "native_phase_33_144": true,
        "row_bound_34": true,
        "support_34_96": true,
        "native_phase_34_96": true,
        "support_34_104": true,
        "native_phase_34_104": true,
        "support_34_105": true,
        "native_phase_34_105": true,
        "support_34_106": true,
        "native_phase_34_106": true,
        "support_34_107": true,
        "native_phase_34_107": true,
        "support_34_144": true,
        "native_phase_34_144": true,
        "support_34_155": true,
        "native_phase_34_155": true,
        "support_34_181": true,
        "native_phase_34_181": true,
        "row_bound_35": true,
        "support_35_48": true,
        "native_phase_35_48": true,
        "support_35_96": true,
        "native_phase_35_96": true,
        "support_35_107": true,
        "native_phase_35_107": true,
        "support_35_108": true,
        "native_phase_35_108": true,
        "support_35_133": true,
        "native_phase_35_133": true,
        "support_35_145": true,
        "native_phase_35_145": true,
        "support_35_156": true,
        "native_phase_35_156": true,
        "support_35_158": true,
        "native_phase_35_158": true,
        "row_bound_36": true,
        "support_36_48": true,
        "native_phase_36_48": true,
        "support_36_96": true,
        "native_phase_36_96": true,
        "support_36_99": true,
        "native_phase_36_99": true,
        "support_36_107": true,
        "native_phase_36_107": true,
        "support_36_133": true,
        "native_phase_36_133": true,
        "support_36_146": true,
        "native_phase_36_146": true,
        "support_36_147": true,
        "native_phase_36_147": true,
        "support_36_148": true,
        "native_phase_36_148": true,
        "row_bound_37": true,
        "support_37_48": true,
        "native_phase_37_48": true,
        "support_37_96": true,
        "native_phase_37_96": true,
        "support_37_105": true,
        "native_phase_37_105": true,
        "support_37_107": true,
        "native_phase_37_107": true,
        "support_37_133": true,
        "native_phase_37_133": true,
        "support_37_152": true,
        "native_phase_37_152": true,
        "support_37_154": true,
        "native_phase_37_154": true,
        "support_37_155": true,
        "native_phase_37_155": true,
        "row_bound_38": true,
        "support_38_48": true,
        "native_phase_38_48": true,
        "support_38_96": true,
        "native_phase_38_96": true,
        "support_38_107": true,
        "native_phase_38_107": true,
        "support_38_132": true,
        "native_phase_38_132": true,
        "support_38_133": true,
        "native_phase_38_133": true,
        "support_38_169": true,
        "native_phase_38_169": true,
        "support_38_181": true,
        "native_phase_38_181": true,
        "support_38_182": true,
        "native_phase_38_182": true,
        "row_bound_39": true,
        "support_39_5": true,
        "native_phase_39_5": true,
        "support_39_6": true,
        "native_phase_39_6": true,
        "support_39_7": true,
        "native_phase_39_7": true,
        "support_39_8": true,
        "native_phase_39_8": true,
        "support_39_48": true,
        "native_phase_39_48": true,
        "support_39_96": true,
        "native_phase_39_96": true,
        "support_39_107": true,
        "native_phase_39_107": true,
        "support_39_133": true,
        "native_phase_39_133": true,
        "row_bound_40": true,
        "support_40_0": true,
        "native_phase_40_0": true,
        "support_40_1": true,
        "native_phase_40_1": true,
        "support_40_2": true,
        "native_phase_40_2": true,
        "support_40_72": true,
        "native_phase_40_72": true,
        "support_40_109": true,
        "native_phase_40_109": true,
        "support_40_121": true,
        "native_phase_40_121": true,
        "support_40_131": true,
        "native_phase_40_131": true,
        "support_40_144": true,
        "native_phase_40_144": true,
        "row_bound_41": true,
        "support_41_0": true,
        "native_phase_41_0": true,
        "support_41_1": true,
        "native_phase_41_1": true,
        "support_41_2": true,
        "native_phase_41_2": true,
        "support_41_87": true,
        "native_phase_41_87": true,
        "support_41_134": true,
        "native_phase_41_134": true,
        "support_41_136": true,
        "native_phase_41_136": true,
        "support_41_137": true,
        "native_phase_41_137": true,
        "support_41_144": true,
        "native_phase_41_144": true,
        "row_bound_42": true,
        "support_42_96": true,
        "native_phase_42_96": true,
        "support_42_121": true,
        "native_phase_42_121": true,
        "support_42_132": true,
        "native_phase_42_132": true,
        "support_42_133": true,
        "native_phase_42_133": true,
        "support_42_134": true,
        "native_phase_42_134": true,
        "support_42_144": true,
        "native_phase_42_144": true,
        "support_42_155": true,
        "native_phase_42_155": true,
        "support_42_181": true,
        "native_phase_42_181": true,
        "row_bound_43": true,
        "support_43_0": true,
        "native_phase_43_0": true,
        "support_43_48": true,
        "native_phase_43_48": true,
        "support_43_59": true,
        "native_phase_43_59": true,
        "support_43_85": true,
        "native_phase_43_85": true,
        "support_43_121": true,
        "native_phase_43_121": true,
        "support_43_132": true,
        "native_phase_43_132": true,
        "support_43_133": true,
        "native_phase_43_133": true,
        "support_43_134": true,
        "native_phase_43_134": true
      },
      "count": 766,
      "source_patterns": 30,
      "tested_rows_including_depth_repeats": 44,
      "distinct_visited_configurations": 195,
      "initial_pair_outdegree": 8,
      "max_outdegree": 8,
      "scope": "bounded actual L4 configuration neighborhoods, not a complete D2 sector or spectral saturation proof",
      "seconds": 0.0325590840075165,
      "rss_mib": 21.6875,
      "source_sha": "b7ed5c1c66cd8d0faca780b54642eb4c7c4315a3d66311999149412dbc344097"
    }
  },
  "elapsed_seconds": 0.9870757089811377,
  "peak_rss_mib": 21.703125,
  "source_sha256": "a226b176218de02156aab143c1e27df345d7d7fcd52c51812bb0ee17776c69a7",
  "input_sha256": {
    "docs/NATIVE_RK_CHARGE_STABILITY_NOTE_2026-09-08.md": "6149eb0473568f49ede6358dc717caf4f1df3c7a3bd3a0c405c00e5158fbb500",
    "docs/NATIVE_DYNAMICAL_CYCLE_FERMION_Z2_DICTIONARY_NOTE_2026-09-08.md": "3d61dfac1a844364b98c731efca34b27b3c8dac1a3049d519f26d97b1db12715",
    "scripts/native_rk_charge_static_2026_09_08.py": "30ba9a75f5eeafc7dae4001b2341c9a2708f45c29d8ed92509fdcee49883f32c",
    "scripts/native_rk_charge_mobile_2026_09_08.py": "b7ed5c1c66cd8d0faca780b54642eb4c7c4315a3d66311999149412dbc344097"
  },
  "scope": "Finite static support and signed native hopping controls; operator theorem is in the note. No spectral census, physical mass or neutral gap."
}
per_element: exact alternating-plaquette matrix and actual native hopping phase conjugation.
per_site: all thirty charged degree patterns have four possible source edges.
per_mode: no spectral modes diagonalized; charged-sector estimate follows from the proved operator inequality.
per_block: declared finite pair-support fixtures and bounded L4 hopping neighborhoods; repeated rows disclosed.
lattice_wide: proof covers finite even cubic tori with extents at least four and supplied low-charge dynamics.
TOTAL: PASS=414977 FAIL=0
Resources: 0.987076s, 21.703MiB; timeout180s, RSS384MiB.
