holonomy_check_2026_09_15 1 0.9861037731170654 140722176
slow_fast_check_2026_09_15 1 2.1661016941070557 358662144
physical_probe_check_2026_09_15 1 1.7513647079467773 313360384
matched_cone_check_2026_09_15 1 0.3520779609680176 121061376
response_identity_check_2026_09_15 1 0.41530609130859375 138133504
visible_threshold_check_2026_09_15 1 0.3077571392059326 110329856
cofactor_cyclic_check_2026_09_15 1 0.42940783500671387 126287872
contact_register_check_2026_09_15 1 0.9424281120300293 126631936
cut_completion_check_2026_09_15 1 1.15736722946167 93962240
determinant_exclusion_check_2026_09_15 1 1.6839089393615723 145604608
forest_interpolation_check_2026_09_15 1 0.7001259326934814 135921664
gaussian_cycle_check_2026_09_15 1 0.6547839641571045 209633280
graph_source_check_2026_09_15 1 2.8346340656280518 95420416
hard_core_cycle_check_2026_09_15 1 0.5171198844909668 184696832
operator_source_check_2026_09_15 1 0.14531302452087402 85688320
partition_exclusion_check_2026_09_15 1 0.14183521270751953 85000192
phase_energy_check_2026_09_15 1 1.572134017944336 118472704
general_order_check_2026_09_15 1 0.2609429359436035 111640576
record_pair_check_2026_09_15 1 0.3020930290222168 113590272
fourier_gaussian_register_check_2026_09_15 1 1.3691539764404297 278036480
tree_count_check_2026_09_15 1 0.07869505882263184 75186176
algebra_naturality_check_2026_09_15 1 1.467237949371338 117391360
inverse_corner_support_check_2026_09_15 1 0.9789550304412842 118341632
positive_auxiliary_check_2026_09_15 1 1.457594871520996 383926272
native_motion_check_2026_09_15 1 0.4336390495300293 98975744
native_twist_check_2026_09_15 1 0.41440725326538086 129744896
polarized_word_check_2026_09_15 1 1.0832419395446777 125009920
review_harmonic_metric_check_2026_09_15 1 0.14378786087036133 90882048
FINAL 292212d2ae2bf927a6275783252c82559f4666a9
