[detached HEAD 6eebd99690] Preserve independently reviewed source unit PR8151
 Date: Tue Sep 22 17:35:47 2026 -0400
 Committer: Jon Bridger Apps <jonBridger@Jonathons-Mac-mini.local>
Your name and email address were configured automatically based
on your username and hostname. Please check that they are accurate.
You can suppress this message by setting them explicitly:

    git config --global user.name "Your Name"
    git config --global user.email you@example.com

After doing this, you may fix the identity used for this commit with:

    git commit --amend --reset-author

 27 files changed, 1056 insertions(+)
 create mode 100644 docs/ADMISSIBILITY_RULE_STATIC_SIX_AXIS_REFLECTION_IDENTITIES_AND_CONDITIONAL_CONTOUR_BOUNDS_BOUNDED_THEOREM_NOTE_2026-09-15.md
 create mode 100644 docs/work_history/review_loop/pr8151/8151_ADMISSIBILITY_RULE_STATIC_SIX_AXIS_LAW_STRONG_COUPLING_LONG_RANGE_ORDER_AND_SEVERAL_GIBBS_STATES_REFLECTION_POSITIVITY_CHESSBOARD_PEIERLS_BOUNDED_THEOREM_NOTE_2026-09-15.md.gz
 create mode 100644 docs/work_history/review_loop/pr8151/8151_APPROACH_REGISTRY.md.gz
 create mode 100644 docs/work_history/review_loop/pr8151/8151_ASSUMPTIONS_AND_IMPORTS.md.gz
 create mode 100644 docs/work_history/review_loop/pr8151/8151_CHECKER_block17_findings.md.gz
 create mode 100644 docs/work_history/review_loop/pr8151/8151_CLAIM_STATUS_CERTIFICATE_block17.md.gz
 create mode 100644 docs/work_history/review_loop/pr8151/8151_GOAL_block17.md.gz
 create mode 100644 docs/work_history/review_loop/pr8151/8151_HANDOFF.md.gz
 create mode 100644 docs/work_history/review_loop/pr8151/8151_LITERATURE_BRIDGES.md.gz
 create mode 100644 docs/work_history/review_loop/pr8151/8151_NO_GO_LEDGER.md.gz
 create mode 100644 docs/work_history/review_loop/pr8151/8151_OPPORTUNITY_QUEUE.md.gz
 create mode 100644 docs/work_history/review_loop/pr8151/8151_RESULTS_block17.md.gz
 create mode 100644 docs/work_history/review_loop/pr8151/8151_REVIEW_HISTORY.md.gz
 create mode 100644 docs/work_history/review_loop/pr8151/8151_ROUTE_PORTFOLIO.md.gz
 create mode 100644 docs/work_history/review_loop/pr8151/8151_STATE.yaml.gz
 create mode 100644 docs/work_history/review_loop/pr8151/8151_TRACE_GATE.md.gz
 create mode 100644 docs/work_history/review_loop/pr8151/8151_admissibility_rule_static_six_axis_law_strong_coupling_long_range_order_several_gibbs_states_2026_09_15.py.gz
 create mode 100644 docs/work_history/review_loop/pr8151/8151_admissibility_rule_static_six_axis_law_strong_coupling_long_range_order_several_gibbs_states_2026_09_15.txt.gz
 create mode 100644 docs/work_history/review_loop/pr8151/8151_citation_graph_manifest.json.gz
 create mode 100644 docs/work_history/review_loop/pr8151/8151_supervisor_control_block17_refuter.out.txt.gz
 create mode 100644 docs/work_history/review_loop/pr8151/8151_supervisor_control_block17_refuter.py.gz
 create mode 100644 docs/work_history/review_loop/pr8151/8151_supervisor_control_block17_static_order.out.txt.gz
 create mode 100644 docs/work_history/review_loop/pr8151/8151_supervisor_control_block17_static_order.py.gz
 create mode 100644 docs/work_history/review_loop/pr8151/README.md
 create mode 100644 docs/work_history/review_loop/pr8151/original-manifest.json
 create mode 100644 logs/runner-cache/admissibility_rule_static_six_axis_law_strong_coupling_long_range_order_several_gibbs_states_2026_09_15.txt
 create mode 100644 scripts/admissibility_rule_static_six_axis_law_strong_coupling_long_range_order_several_gibbs_states_2026_09_15.py
[detached HEAD 49aa2ce5a9] Preserve independently reviewed source unit PR8152
 Date: Tue Sep 22 17:35:19 2026 -0400
 Committer: Jon Bridger Apps <jonBridger@Jonathons-Mac-mini.local>
Your name and email address were configured automatically based
on your username and hostname. Please check that they are accurate.
You can suppress this message by setting them explicitly:

    git config --global user.name "Your Name"
    git config --global user.email you@example.com

After doing this, you may fix the identity used for this commit with:

    git commit --amend --reset-author

 27 files changed, 737 insertions(+)
 create mode 100644 docs/ADMISSIBILITY_RULE_COVARIANT_FRAME_CONSTRUCTIONS_CUBE_ORBITS_AND_ANTIPODAL_KERNEL_PROPAGATION_BOUNDED_THEOREM_NOTE_2026-09-15.md
 create mode 100644 docs/work_history/review_loop/pr8152/016ad5c61627d4cc618e7433975a7c7cea3b191d446d1bc544ad81c4d8e0f02b.gz
 create mode 100644 docs/work_history/review_loop/pr8152/022ed0d31ad90461e7d45de3567d348d66c732b32053488a640c18d4f8d920ec.gz
 create mode 100644 docs/work_history/review_loop/pr8152/10617d0aee30007a86ebfb18e182f19b60d16d1b4c9fd84bdcbfae271f15404c.gz
 create mode 100644 docs/work_history/review_loop/pr8152/15fa72366e399185cbe9be8ab66cc5de5284bd22cd854ad1f5b46255e69be5a2.gz
 create mode 100644 docs/work_history/review_loop/pr8152/2b862d7c2604df88cac50dace86012e99d9bb0e3a070a5df75291c52afef3282.gz
 create mode 100644 docs/work_history/review_loop/pr8152/3dbb8b8b997f687745e450d150a713c2e18556631b74579a0170eef9e1af0819.gz
 create mode 100644 docs/work_history/review_loop/pr8152/49d068c09889ab3e89ccc46a2c2762a77aaf9f636e4510bf0a93bf00253dad07.gz
 create mode 100644 docs/work_history/review_loop/pr8152/549a29a7b877d6d17e443c74dd017afbbfb000d89e56f2d94e7cfb4000015a1c.gz
 create mode 100644 docs/work_history/review_loop/pr8152/554c5aaff9068f4f1f327b333bcc99e1ec11bb130f0baba6a1c07921c1836b8c.gz
 create mode 100644 docs/work_history/review_loop/pr8152/6b702354874f4451bd9b3d2af0144b86e400addac816adbeaade200e7fc38b4d.gz
 create mode 100644 docs/work_history/review_loop/pr8152/8945d17974028099d5f104ae0db0501762ef0f1d477d5548bcb5295b2aa17510.gz
 create mode 100644 docs/work_history/review_loop/pr8152/README.md
 create mode 100644 docs/work_history/review_loop/pr8152/adf8733e64ad16ec4bf9df87f0178a83c4da23ee6cec16cffa8fcfd917d4d604.gz
 create mode 100644 docs/work_history/review_loop/pr8152/aeec867bbabf5cffbd092fa889c509cd33c0a43c3a887800c5940015774b22a8.gz
 create mode 100644 docs/work_history/review_loop/pr8152/bf6a4166ebad42c4ec7b3e844c4055e0a568aabc195eeff3afe82ebf24c5d1e7.gz
 create mode 100644 docs/work_history/review_loop/pr8152/c848fbf5d472e55f01f7ce06714d60199898f85771ea659de18fdbeca10f56f0.gz
 create mode 100644 docs/work_history/review_loop/pr8152/c8c8d9e334b61ebe18e689e0cfe1307a749c183d163287236cb772266f40e810.gz
 create mode 100644 docs/work_history/review_loop/pr8152/c944386124b827b8da205d5e8681220632f51e48c6d89ad8762e0cdba3dde57d.gz
 create mode 100644 docs/work_history/review_loop/pr8152/cb2fb942285b7ddb9191ef20ee28b584a71dead481c45e582d5dc2efcdf3ff24.gz
 create mode 100644 docs/work_history/review_loop/pr8152/cc0c87d3532463e40291d121835d8b8e8455ee620b58163d85b60644eb081daa.gz
 create mode 100644 docs/work_history/review_loop/pr8152/cc386384a61999238065d8a89bd5ee46a9f39e31ba7f948280c1b483f64937eb.gz
 create mode 100644 docs/work_history/review_loop/pr8152/d52e7a2bd4391e0001ac9692fa99b6dc0a5cc48b38efd2a47d58e727f91b8ff9.gz
 create mode 100644 docs/work_history/review_loop/pr8152/d544e15294f1f15016a04920b326c532501e119055a3936d1ccd85549541fcbf.gz
 create mode 100644 docs/work_history/review_loop/pr8152/original-manifest.json
 create mode 100644 logs/runner-cache/admissibility_rule_menus_neighbour_generated_supports_and_cube_orbit_menus_2026_09_15.txt
 create mode 100644 scripts/admissibility_rule_menus_neighbour_generated_supports_and_cube_orbit_menus_2026_09_15.py
FROZEN 49aa2ce5a9bdb2ded1521191cf2b414552485f2f sources 54 inputs 68 notes 2
