compact_rotor_cover_source_identities_bounded_theorem_note_2026-09-16 bounded_theorem unaudited []
compact_rotor_sine_score_static_curl_limit_bounded_theorem_note_2026-09-16 bounded_theorem unaudited []
gauge_wilson_pw_compression_shell_and_energy_path_bounds_bounded_theorem_note_2026-09-07 bounded_theorem unaudited []
docs/audit/data/citation_graph_manifest.json | 44 ++++++++++++++++++++++++++--
 1 file changed, 42 insertions(+), 2 deletions(-)
[detached HEAD e6e9cfe996] Acknowledge reviewed source topology for train81
 Committer: Jon Bridger Apps <jonBridger@Jonathons-Mac-mini.local>
Your name and email address were configured automatically based
on your username and hostname. Please check that they are accurate.
You can suppress this message by setting them explicitly:

    git config --global user.name "Your Name"
    git config --global user.email you@example.com

After doing this, you may fix the identity used for this commit with:

    git commit --amend --reset-author

 1 file changed, 42 insertions(+), 2 deletions(-)
From https://github.com/jonathonreilly/cl3-lattice-framework
 * branch                  main       -> FETCH_HEAD
remote: This repository moved. Please use the new location:        
remote:   https://github.com/jonathonreilly/qubit-lattice-axiom-framework.git        
remote: Bypassed rule violations for refs/heads/main:        
remote: 
remote: - Changes must be made through a pull request.        
remote: 
To https://github.com/jonathonreilly/cl3-lattice-framework.git
   a9f71131f2..e6e9cfe996  HEAD -> main
From https://github.com/jonathonreilly/cl3-lattice-framework
 * branch                  main       -> FETCH_HEAD
LANDED e6e9cfe996c7f4b9f2a1bb02492dddba444259e9
