[detached HEAD b5b6b4c418] Preserve independently reviewed source unit PR8032
 Date: Wed Sep 23 01:34:59 2026 -0400
 Committer: Jon Bridger Apps <jonBridger@Jonathons-Mac-mini.local>
Your name and email address were configured automatically based
on your username and hostname. Please check that they are accurate.
You can suppress this message by setting them explicitly:

    git config --global user.name "Your Name"
    git config --global user.email you@example.com

After doing this, you may fix the identity used for this commit with:

    git commit --amend --reset-author

 86 files changed, 4878 insertions(+)
 create mode 100644 docs/GAUGE_WILSON_FINITE_PW_STATIC_SOURCE_ENERGY_UPPER_BOUND_BOUNDED_THEOREM_NOTE_2026-09-07.md
 create mode 100644 docs/work_history/repo/review_feedback/pr8032-evidence/README.md
 create mode 100644 docs/work_history/repo/review_feedback/pr8032-evidence/kept/pr8032-ACTUAL_R1_CANONICAL_RESULT-fb588cb555b830c0.json.gz
 create mode 100644 docs/work_history/repo/review_feedback/pr8032-evidence/kept/pr8032-ACTUAL_R1_CANONICAL_STDOUT-aeb917d8815282fc.txt.gz
 create mode 100644 docs/work_history/repo/review_feedback/pr8032-evidence/kept/pr8032-ACTUAL_R1_DERIVATION-ddcf0e7425c1c81c.md
 create mode 100644 docs/work_history/repo/review_feedback/pr8032-evidence/kept/pr8032-ACTUAL_R1_PORT_RECEIPT-9cdb1da5696dd949.json.gz
 create mode 100644 docs/work_history/repo/review_feedback/pr8032-evidence/kept/pr8032-ACTUAL_R1_PREREGISTRATION-bc048351d5b6482d.md
 create mode 100644 docs/work_history/repo/review_feedback/pr8032-evidence/kept/pr8032-ACTUAL_R1_REVIEW-b68626a8cd92c405.md
 create mode 100644 docs/work_history/repo/review_feedback/pr8032-evidence/kept/pr8032-ACTUAL_R1_REVIEW-e6e33c9855fac926.md
 create mode 100644 docs/work_history/repo/review_feedback/pr8032-evidence/kept/pr8032-ARTIFACT_PLAN-88fe929b75c29baa.md
 create mode 100644 docs/work_history/repo/review_feedback/pr8032-evidence/kept/pr8032-ASSUMPTIONS_AND_IMPORTS-6fde2a74731cdfd0.md
 create mode 100644 docs/work_history/repo/review_feedback/pr8032-evidence/kept/pr8032-BEFORE_RESTRICTED_MATRIX_STRENGTHENING_check-921454c6f377441e.py
 create mode 100644 docs/work_history/repo/review_feedback/pr8032-evidence/kept/pr8032-BEFORE_RESTRICTED_MATRIX_STRENGTHENING_result-711299a34d8885ab.json.gz
 create mode 100644 docs/work_history/repo/review_feedback/pr8032-evidence/kept/pr8032-BOTH_REGISTRY_AST_RECEIPT-af9c2bed02c98155.json.gz
 create mode 100644 docs/work_history/repo/review_feedback/pr8032-evidence/kept/pr8032-CANONICAL_RESULT-9081851f01852583.json.gz
 create mode 100644 docs/work_history/repo/review_feedback/pr8032-evidence/kept/pr8032-CANONICAL_STDOUT-688278f6aa5cb62d.txt.gz
 create mode 100644 docs/work_history/repo/review_feedback/pr8032-evidence/kept/pr8032-CLAIM_STATUS_CERTIFICATE-d197fcba0e77ca60.md
 create mode 100644 docs/work_history/repo/review_feedback/pr8032-evidence/kept/pr8032-CONTROLS_PREREGISTRATION-70f3c106c801b133.md
 create mode 100644 docs/work_history/repo/review_feedback/pr8032-evidence/kept/pr8032-DERIVATION-55f5a4e94d945cc3.md
 create mode 100644 docs/work_history/repo/review_feedback/pr8032-evidence/kept/pr8032-FINAL_MAIN66_EPHEMERAL_ROW_REHYDRATION-b7ea371b71d19e6d.json.gz
 create mode 100644 docs/work_history/repo/review_feedback/pr8032-evidence/kept/pr8032-FINAL_MAIN66_LOCK_RELEASE-25f09ffc3fa01b87.json.gz
 create mode 100644 docs/work_history/repo/review_feedback/pr8032-evidence/kept/pr8032-FINAL_MAIN66_READINESS-da03199a43f726cc.json.gz
 create mode 100644 docs/work_history/repo/review_feedback/pr8032-evidence/kept/pr8032-FINAL_MAIN66_STRICT-547d5f47193228f9.log.gz
 create mode 100644 docs/work_history/repo/review_feedback/pr8032-evidence/kept/pr8032-FINAL_MAIN66_SYNC_RECEIPT-28a1cc4b98844534.json.gz
 create mode 100644 docs/work_history/repo/review_feedback/pr8032-evidence/kept/pr8032-FINAL_MAIN66_VALIDATION-7924df3dfd482e60.md
 create mode 100644 docs/work_history/repo/review_feedback/pr8032-evidence/kept/pr8032-FINAL_VALIDATION-61c13e5cae19471f.md
 create mode 100644 docs/work_history/repo/review_feedback/pr8032-evidence/kept/pr8032-FINAL_VOCAB_LINT-75d6a064729cbe1e.txt.gz
 create mode 100644 docs/work_history/repo/review_feedback/pr8032-evidence/kept/pr8032-FROZEN_PORT_RECEIPT-fa62849d3c843469.json.gz
 create mode 100644 docs/work_history/repo/review_feedback/pr8032-evidence/kept/pr8032-FULL_PIPELINE-562561a9c5c5690c.log.gz
 create mode 100644 docs/work_history/repo/review_feedback/pr8032-evidence/kept/pr8032-GAUGE_WILSON_FINITE_PW_STATIC_SOURCE_ENERGY_UPPER_BOUND_BOUNDED_THEOREM_NOT-cbddff81440b3c19.md
 create mode 100644 docs/work_history/repo/review_feedback/pr8032-evidence/kept/pr8032-GENERATOR_NORMALIZATION_CORRECTION-3677fe3c989a4b82.md
 create mode 100644 docs/work_history/repo/review_feedback/pr8032-evidence/kept/pr8032-GOAL-ba656aa86e9d2ae9.md
 create mode 100644 docs/work_history/repo/review_feedback/pr8032-evidence/kept/pr8032-HANDOFF-8c0cffd89510f74a.md
 create mode 100644 docs/work_history/repo/review_feedback/pr8032-evidence/kept/pr8032-LITERATURE_BRIDGES-ae5f5c8723a6a117.md
 create mode 100644 docs/work_history/repo/review_feedback/pr8032-evidence/kept/pr8032-NO_GO_DISCIPLINE_CHECKLIST-dc918699e447b583.md
 create mode 100644 docs/work_history/repo/review_feedback/pr8032-evidence/kept/pr8032-NO_GO_LEDGER-e50f67e1d0650414.md
 create mode 100644 docs/work_history/repo/review_feedback/pr8032-evidence/kept/pr8032-OPPORTUNITY_QUEUE-2f31dcb0a1a1195c.md
 create mode 100644 docs/work_history/repo/review_feedback/pr8032-evidence/kept/pr8032-PACK_INDEX-4d741e696e366e95.json.gz
 create mode 100644 docs/work_history/repo/review_feedback/pr8032-evidence/kept/pr8032-PARENT_VALIDATION_METADATA_CATCHUP-af13a255467d5eb8.md
 create mode 100644 docs/work_history/repo/review_feedback/pr8032-evidence/kept/pr8032-PORT_RECEIPT-a0bb7d734ff7fddc.json.gz
 create mode 100644 docs/work_history/repo/review_feedback/pr8032-evidence/kept/pr8032-PREREGISTRATION-39a046d3644d7ade.md
 create mode 100644 docs/work_history/repo/review_feedback/pr8032-evidence/kept/pr8032-PREREGISTRATION-ab4d5238c7ab1ad3.md
 create mode 100644 docs/work_history/repo/review_feedback/pr8032-evidence/kept/pr8032-PROOF_REVIEW-e640563f3b04a488.md
 create mode 100644 docs/work_history/repo/review_feedback/pr8032-evidence/kept/pr8032-PR_BACKLOG-fe013018afe4be5d.md
 create mode 100644 docs/work_history/repo/review_feedback/pr8032-evidence/kept/pr8032-PR_BODY-ff8f204868c63144.md
 create mode 100644 docs/work_history/repo/review_feedback/pr8032-evidence/kept/pr8032-PUBLICATION_RECEIPT-3bb8b3155cc0004c.json.gz
 create mode 100644 docs/work_history/repo/review_feedback/pr8032-evidence/kept/pr8032-RESTRICTED_MATRIX_STRENGTHENING-5e080b3fcf704c51.md
 create mode 100644 docs/work_history/repo/review_feedback/pr8032-evidence/kept/pr8032-REVIEW-818868bd22c7c6c1.md
 create mode 100644 docs/work_history/repo/review_feedback/pr8032-evidence/kept/pr8032-REVIEW_HISTORY-68ab8fd6caeaa94e.md
 create mode 100644 docs/work_history/repo/review_feedback/pr8032-evidence/kept/pr8032-ROOT_CANONICAL_PORT_REVIEW-086a49565d6feb83.md
 create mode 100644 docs/work_history/repo/review_feedback/pr8032-evidence/kept/pr8032-ROOT_CORRECTION_REVIEW-e914a5c4ee6056e3.md
 create mode 100644 docs/work_history/repo/review_feedback/pr8032-evidence/kept/pr8032-ROOT_DERIVATION-9ef44bb2da9d373c.md
 create mode 100644 docs/work_history/repo/review_feedback/pr8032-evidence/kept/pr8032-ROOT_DERIVATION_BEFORE_GENERATOR_NORMALIZATION_224fa648-224fa648db011ab7.md
 create mode 100644 docs/work_history/repo/review_feedback/pr8032-evidence/kept/pr8032-ROOT_NATIVE_REVIEW-4f94cd015b61b7bd.md
 create mode 100644 docs/work_history/repo/review_feedback/pr8032-evidence/kept/pr8032-ROOT_REVIEW-007283ac7cbe03a3.md
 create mode 100644 docs/work_history/repo/review_feedback/pr8032-evidence/kept/pr8032-ROUTE_PORTFOLIO-9f34935b612d6b7a.md
 create mode 100644 docs/work_history/repo/review_feedback/pr8032-evidence/kept/pr8032-SCOPED_VALIDATION-3a3215bf937b2b30.md
 create mode 100644 docs/work_history/repo/review_feedback/pr8032-evidence/kept/pr8032-STAGING_INDEX-a288fb0054e18d67.json.gz
 create mode 100644 docs/work_history/repo/review_feedback/pr8032-evidence/kept/pr8032-STAGING_VALIDATION-93d467aa30988bb5.json.gz
 create mode 100644 docs/work_history/repo/review_feedback/pr8032-evidence/kept/pr8032-STATE-4b4bba442dd9c0f9.yaml.gz
 create mode 100644 docs/work_history/repo/review_feedback/pr8032-evidence/kept/pr8032-STRICT_LINT-e6fc7621f090a9ba.log.gz
 create mode 100644 docs/work_history/repo/review_feedback/pr8032-evidence/kept/pr8032-TRACE_GATE-f6854afb6c690994.md
 create mode 100644 docs/work_history/repo/review_feedback/pr8032-evidence/kept/pr8032-actual_r1_check-27c764ecf14dff29.py
 create mode 100644 docs/work_history/repo/review_feedback/pr8032-evidence/kept/pr8032-actual_r1_result-decbe9cb033a9863.json.gz
 create mode 100644 docs/work_history/repo/review_feedback/pr8032-evidence/kept/pr8032-audit_packet_script_deps-5a20df422b36e986.py
 create mode 100755 docs/work_history/repo/review_feedback/pr8032-evidence/kept/pr8032-build_citation_graph-2529a54db0533874.py
 create mode 100644 docs/work_history/repo/review_feedback/pr8032-evidence/kept/pr8032-check-0bdff133fb9b8426.py
 create mode 100644 docs/work_history/repo/review_feedback/pr8032-evidence/kept/pr8032-citation_graph_manifest-25ec0d2941a91203.json.gz
 create mode 100644 docs/work_history/repo/review_feedback/pr8032-evidence/kept/pr8032-gauge_wilson_finite_pw_actual_r1_charged_energy_check_2026_09_07-9d43e55cc41384e4.py
 create mode 100644 docs/work_history/repo/review_feedback/pr8032-evidence/kept/pr8032-gauge_wilson_finite_pw_actual_r1_charged_energy_check_2026_09_07-b249b1433a7199be.txt.gz
 create mode 100644 docs/work_history/repo/review_feedback/pr8032-evidence/kept/pr8032-gauge_wilson_finite_pw_actual_r1_charged_energy_check_2026_09_07.py.live-b15f9bc0d5c28082.json.gz
 create mode 100644 docs/work_history/repo/review_feedback/pr8032-evidence/kept/pr8032-gauge_wilson_finite_pw_charged_energy_controls_2026_09_07-02b74ad5d2baff2f.txt.gz
 create mode 100644 docs/work_history/repo/review_feedback/pr8032-evidence/kept/pr8032-gauge_wilson_finite_pw_charged_energy_controls_2026_09_07-2007377e37c26a7e.py
 create mode 100644 docs/work_history/repo/review_feedback/pr8032-evidence/kept/pr8032-gauge_wilson_finite_pw_charged_energy_controls_2026_09_07.py.live-10ced76cb62c47ef.json.gz
 create mode 100644 docs/work_history/repo/review_feedback/pr8032-evidence/kept/pr8032-port_actual_r1-d000880a23aa821b.py
 create mode 100644 docs/work_history/repo/review_feedback/pr8032-evidence/kept/pr8032-result-033490f7a9e4d805.json.gz
 create mode 100644 docs/work_history/repo/review_feedback/pr8032-evidence/kept/pr8032-validated_claims_before_generated_cleanup-64a1ac1c910dd4d0.json.gz
 create mode 100644 docs/work_history/repo/review_feedback/pr8032-evidence/kept/pr8032-validated_readiness_before_generated_cleanup-ec75eb2ff65c6bc7.json.gz
 create mode 100644 docs/work_history/repo/review_feedback/pr8032-evidence/pr8032-archive-manifest.json
 create mode 100644 docs/work_history/repo/review_feedback/pr8032-evidence/pr8032-original.delta.gz
 create mode 100644 logs/runner-cache/gauge_wilson_finite_pw_actual_r1_charged_energy_check_2026_09_07.txt
 create mode 100644 logs/runner-cache/gauge_wilson_finite_pw_charged_energy_controls_2026_09_07.txt
 create mode 100644 scripts/gauge_wilson_finite_pw_actual_r1_charged_energy_check_2026_09_07.py
 create mode 100644 scripts/gauge_wilson_finite_pw_charged_energy_controls_2026_09_07.py
FROZEN b5b6b4c41835967616142983f8161fcf4581e5fb sources 86 inputs 112 notes 1
