positive_finite_cyclic_gauge_histories_and_local_charged_rotor_approximation_bounded_theorem_note_2026-09-14 bounded_theorem unaudited []
docs/audit/data/citation_graph_manifest.json | 20 ++++++++++++++++++--
 1 file changed, 18 insertions(+), 2 deletions(-)
[detached HEAD fa1e33749c] Acknowledge reviewed source topology for train51
 Committer: Jon Bridger Apps <jonBridger@Jonathons-Mac-mini.local>
Your name and email address were configured automatically based
on your username and hostname. Please check that they are accurate.
You can suppress this message by setting them explicitly:

    git config --global user.name "Your Name"
    git config --global user.email you@example.com

After doing this, you may fix the identity used for this commit with:

    git commit --amend --reset-author

 1 file changed, 18 insertions(+), 2 deletions(-)
From https://github.com/jonathonreilly/cl3-lattice-framework
 * branch                  main       -> FETCH_HEAD
remote: This repository moved. Please use the new location:        
remote:   https://github.com/jonathonreilly/qubit-lattice-axiom-framework.git        
remote: Bypassed rule violations for refs/heads/main:        
remote: 
remote: - Changes must be made through a pull request.        
remote: 
To https://github.com/jonathonreilly/cl3-lattice-framework.git
   47dd808347..fa1e33749c  HEAD -> main
From https://github.com/jonathonreilly/cl3-lattice-framework
 * branch                  main       -> FETCH_HEAD
LANDED fa1e33749cf51db1284b553773aeceb8d35e9595
