native_star_thermodynamic_limit_note_2026-09-09 bounded_theorem unaudited ['scripts/native_star_thermodynamic_controls_2026_09_09.py']
native_uniform_quasilocal_star_vertex_note_2026-09-09 bounded_theorem unaudited ['scripts/native_uniform_quasilocal_star_controls_2026_09_09.py']
docs/audit/data/citation_graph_manifest.json | 36 ++++++++++++++++++++++++++--
 1 file changed, 34 insertions(+), 2 deletions(-)
[detached HEAD 2ed54cb83a] Acknowledge reviewed source topology for train41
 Committer: Jon Bridger Apps <jonBridger@Jonathons-Mac-mini.local>
Your name and email address were configured automatically based
on your username and hostname. Please check that they are accurate.
You can suppress this message by setting them explicitly:

    git config --global user.name "Your Name"
    git config --global user.email you@example.com

After doing this, you may fix the identity used for this commit with:

    git commit --amend --reset-author

 1 file changed, 34 insertions(+), 2 deletions(-)
From https://github.com/jonathonreilly/cl3-lattice-framework
 * branch                  main       -> FETCH_HEAD
remote: This repository moved. Please use the new location:        
remote:   https://github.com/jonathonreilly/qubit-lattice-axiom-framework.git        
remote: Bypassed rule violations for refs/heads/main:        
remote: 
remote: - Changes must be made through a pull request.        
remote: 
To https://github.com/jonathonreilly/cl3-lattice-framework.git
   fa0200b439..2ed54cb83a  HEAD -> main
From https://github.com/jonathonreilly/cl3-lattice-framework
 * branch                  main       -> FETCH_HEAD
LANDED 2ed54cb83a4cb6b336e7053e19c8010d5d2930d8
