flat_holonomy_minimization_and_periodic_spectral_floor_bounded_theorem_note_2026-09-13 bounded_theorem unaudited []
native_certified_local_green_scalars_note_2026-09-09 bounded_theorem unaudited []
docs/audit/data/citation_graph_manifest.json | 132 ++++++++++++++++++++++++++-
 1 file changed, 130 insertions(+), 2 deletions(-)
[detached HEAD 47dd808347] Acknowledge reviewed source topology for train50
 Committer: Jon Bridger Apps <jonBridger@Jonathons-Mac-mini.local>
Your name and email address were configured automatically based
on your username and hostname. Please check that they are accurate.
You can suppress this message by setting them explicitly:

    git config --global user.name "Your Name"
    git config --global user.email you@example.com

After doing this, you may fix the identity used for this commit with:

    git commit --amend --reset-author

 1 file changed, 130 insertions(+), 2 deletions(-)
From https://github.com/jonathonreilly/cl3-lattice-framework
 * branch                  main       -> FETCH_HEAD
remote: This repository moved. Please use the new location:        
remote:   https://github.com/jonathonreilly/qubit-lattice-axiom-framework.git        
remote: Bypassed rule violations for refs/heads/main:        
remote: 
remote: - Changes must be made through a pull request.        
remote: 
To https://github.com/jonathonreilly/cl3-lattice-framework.git
   1de0b3bcfb..47dd808347  HEAD -> main
From https://github.com/jonathonreilly/cl3-lattice-framework
 * branch                  main       -> FETCH_HEAD
LANDED 47dd808347266342e3d8c526e54c40533fa4d736
