[detached HEAD 966a6d93ad] Preserve independently reviewed source unit PR8098
 Date: Tue Sep 15 13:44:12 2026 -0400
 Committer: Jon Bridger Apps <jonBridger@Jonathons-Mac-mini.local>
Your name and email address were configured automatically based
on your username and hostname. Please check that they are accurate.
You can suppress this message by setting them explicitly:

    git config --global user.name "Your Name"
    git config --global user.email you@example.com

After doing this, you may fix the identity used for this commit with:

    git commit --amend --reset-author

 145 files changed, 6135 insertions(+)
 create mode 100644 docs/NATIVE_WEYL_GAUGE_HALL_AND_CONE_FLOW_BOUNDED_THEOREM_NOTE_2026-09-13.md
 create mode 100644 docs/work_history/repo/review_feedback/pr8098-evidence/README.md
 create mode 100644 docs/work_history/repo/review_feedback/pr8098-evidence/_objects/036e514b99a4e3b8abba18fe2e4b8b71f4ed6a94c9aea321e73b0556da69f007.gz
 create mode 100644 docs/work_history/repo/review_feedback/pr8098-evidence/_objects/06b225187e857ee838abe20b74787fd6f7ddc9ecfd6b947748b9ae3d38cb21aa.gz
 create mode 100644 docs/work_history/repo/review_feedback/pr8098-evidence/_objects/094fa21ca69679f65f18ef5945d5aee3ecc114261eaa8ef0e0702992caa38ddf.gz
 create mode 100644 docs/work_history/repo/review_feedback/pr8098-evidence/_objects/0abb17330354cee0d90aceefa676d8670194bd154fbbde5af84fc5316f080daf.gz
 create mode 100644 docs/work_history/repo/review_feedback/pr8098-evidence/_objects/0cc45370f5389d17545071fb1cf7d06ed86c3ad56a40252919acd54d40b6fe64.gz
 create mode 100644 docs/work_history/repo/review_feedback/pr8098-evidence/_objects/103e1f7ab4d5dd3f79d2c5b60b37f61325ba359c9b9d23cf5c315327819d3076.gz
 create mode 100644 docs/work_history/repo/review_feedback/pr8098-evidence/_objects/10c7ca6fa7b4d1520ee4817af56f0e005c8c6f2b23465df74793059c053a849e.gz
 create mode 100644 docs/work_history/repo/review_feedback/pr8098-evidence/_objects/169e3771051d8e694945d038107e046756df93eeee378a4fbfd4ae05cd46800e.gz
 create mode 100644 docs/work_history/repo/review_feedback/pr8098-evidence/_objects/187ba827c872f346e49388ff184d2f2d60aefb99009b9a64d03ae1e951d46f1d.gz
 create mode 100644 docs/work_history/repo/review_feedback/pr8098-evidence/_objects/191ac81701b6b2b50920571946cee4d57bb3f997136660bcce0dc2b2b149b7f9.gz
 create mode 100644 docs/work_history/repo/review_feedback/pr8098-evidence/_objects/19229347fbdd7ed5abc4b61cee0df2dcd88e5c0e021878ef76ab2b6ef4d5e781.gz
 create mode 100644 docs/work_history/repo/review_feedback/pr8098-evidence/_objects/1abe40b165d145b0be28fb7d57294221e37c7aa4ed0af8c888026d08bfb08885.gz
 create mode 100644 docs/work_history/repo/review_feedback/pr8098-evidence/_objects/1bcde4da49949d4d1d73c89231967c34c29ae0b38d9caef0bd189ed96e5a2b94.gz
 create mode 100644 docs/work_history/repo/review_feedback/pr8098-evidence/_objects/1c38ab9fcf8646e770a45d2124156d2d46906da6f0b503c8fa0937322d06ee8c.gz
 create mode 100644 docs/work_history/repo/review_feedback/pr8098-evidence/_objects/1dc8cf089434b6ee623ead399d8395eb3f5d5d615abf8e749eacd32abdd5d84e.gz
 create mode 100644 docs/work_history/repo/review_feedback/pr8098-evidence/_objects/20ffe2419d526221bdbc8a2ffe54d9c4ef8602e081af7a2fc9b882464eba1646.gz
 create mode 100644 docs/work_history/repo/review_feedback/pr8098-evidence/_objects/22a7426bb6adaa60603921f1153f3c3c7578b363c35e47f7831dff5422463045.gz
 create mode 100644 docs/work_history/repo/review_feedback/pr8098-evidence/_objects/23c88f82dca08fd14b88db555eb0dbcec1d088b4500e7bf8afd590c21d7cbc2a.gz
 create mode 100644 docs/work_history/repo/review_feedback/pr8098-evidence/_objects/25bc66dd94d89395a72e6b11484530813086051ee52794070e4b66de80607be2.gz
 create mode 100644 docs/work_history/repo/review_feedback/pr8098-evidence/_objects/289d53d015a4f7976326e1476773b73399d86a6b45893662ea3a127dcba4a199.gz
 create mode 100644 docs/work_history/repo/review_feedback/pr8098-evidence/_objects/2ab0e53544763bf178ccc23b8120711ef9d8c899d105d02351e0a99f2ba124be.gz
 create mode 100644 docs/work_history/repo/review_feedback/pr8098-evidence/_objects/2e9d795ce9c288b9876856c51edae5f43fa08ef7dfc2877782e7617ffd034c7f.gz
 create mode 100644 docs/work_history/repo/review_feedback/pr8098-evidence/_objects/2f810c85249f58a08ae5eb87609ec0a5d74f7ef04e8bb27e9565ce389ea39800.gz
 create mode 100644 docs/work_history/repo/review_feedback/pr8098-evidence/_objects/3001eae128b9d9b2a2f3831699c2349e667b9fbd71bdc7b1075734e8351fa7a1.gz
 create mode 100644 docs/work_history/repo/review_feedback/pr8098-evidence/_objects/317b2098c6af4646db0ff3cff80d423937523b9fdf4773b6499a4b1ae0c2bbf7.gz
 create mode 100644 docs/work_history/repo/review_feedback/pr8098-evidence/_objects/33268c1fe9f0377c9cd4c12396cd190fe10d297be973c95684e423f919011ac9.gz
 create mode 100644 docs/work_history/repo/review_feedback/pr8098-evidence/_objects/37bc56daad44eb470f76227f3316014ac15e2b7644bb2e4ebe25c0a4e84ec3b1.gz
 create mode 100644 docs/work_history/repo/review_feedback/pr8098-evidence/_objects/3bcf15334143ed7d4000e4f6f5b7c001907e5a58384a3d1ba0a32e89a7a08885.gz
 create mode 100644 docs/work_history/repo/review_feedback/pr8098-evidence/_objects/3d36030b0da4d22303d91dbd8d75b5d65a1fd72c2a38754ae6532213363df2f3.gz
 create mode 100644 docs/work_history/repo/review_feedback/pr8098-evidence/_objects/3f2455cfe636b99e1cbf4040d6f0beb576e2dcda777368dca3182368f0562297.gz
 create mode 100644 docs/work_history/repo/review_feedback/pr8098-evidence/_objects/3f571170e90364a07ae9f6ed0768c9fcdd36b1c8aca189784d03741570581865.gz
 create mode 100644 docs/work_history/repo/review_feedback/pr8098-evidence/_objects/40520797c2b71aef6682717b6ca3122817e3e151faf168b694112506e52480ea.gz
 create mode 100644 docs/work_history/repo/review_feedback/pr8098-evidence/_objects/40750c115dcc51d7a53ea9ffb6cd8c2a5ef38fa29396a5fb98c028c72d2208bd.gz
 create mode 100644 docs/work_history/repo/review_feedback/pr8098-evidence/_objects/439f062154bd6805fed413962f310c861ed800f5c3e1a3fde1390e59a67ee2e9.gz
 create mode 100644 docs/work_history/repo/review_feedback/pr8098-evidence/_objects/4567b38e20a69291c37bc615f4a636087ad1cec42be01373dcd4656c34435e5f.gz
 create mode 100644 docs/work_history/repo/review_feedback/pr8098-evidence/_objects/462f346ed0a7108da14af24f8746968cd76c455a63b3f4ad363c4b06786e6b41.gz
 create mode 100644 docs/work_history/repo/review_feedback/pr8098-evidence/_objects/48792da38fb96666b385fc6e9efdf22a80aecc10e29959b10befe615beb5788d.gz
 create mode 100644 docs/work_history/repo/review_feedback/pr8098-evidence/_objects/4b3cce026757c3030d77ce89a9bb5fac2a1cfe0b0322c33cb998ce08a0b367ef.gz
 create mode 100644 docs/work_history/repo/review_feedback/pr8098-evidence/_objects/4b5064609224b6c9b80339030d74c5715204b73130aa86b4e34c08c01f00c05b.gz
 create mode 100644 docs/work_history/repo/review_feedback/pr8098-evidence/_objects/4c6be6fd5dd398340d005fea112c42fa63a428664b9402e50875d380e8111f00.gz
 create mode 100644 docs/work_history/repo/review_feedback/pr8098-evidence/_objects/4d4f353e0eec22be3ed7815ee5d4855f407d750893d0b917d711cbeb0cd4baf1.gz
 create mode 100644 docs/work_history/repo/review_feedback/pr8098-evidence/_objects/4d7469030c03fc79049810ac7d09b2abb82e328202333309b0180329e6744943.gz
 create mode 100644 docs/work_history/repo/review_feedback/pr8098-evidence/_objects/51c89b4b6cc07a84c98beed23271a0fd0d0c4542bd3d3d483423069ca13183d6.gz
 create mode 100644 docs/work_history/repo/review_feedback/pr8098-evidence/_objects/540faf71bdf164760a0632452e9a2e7489233f2b9aadc27fbffc892f4f6f7d83.gz
 create mode 100644 docs/work_history/repo/review_feedback/pr8098-evidence/_objects/571930927e8d5fb5ea5cfe62917bfbcd1e3cec63bb8cdcdabad4fe5fcf409c32.gz
 create mode 100644 docs/work_history/repo/review_feedback/pr8098-evidence/_objects/57fac9fedff0a4822812e3ad8929eefc741d7f5959dde315245d36716be577b2.gz
 create mode 100644 docs/work_history/repo/review_feedback/pr8098-evidence/_objects/592b2ab4023a435436c263ecf6aa740d5bb66d59f6ca15b7952b1632fb1b332b.gz
 create mode 100644 docs/work_history/repo/review_feedback/pr8098-evidence/_objects/5945e02fe9951221abec0478cb9da0380a04af3649a40b0a40c95942e54fadcd.gz
 create mode 100644 docs/work_history/repo/review_feedback/pr8098-evidence/_objects/59f217dd44fe64f8c0c98d051a478ba45010d976b9716ed206d0e9db178b9929.gz
 create mode 100644 docs/work_history/repo/review_feedback/pr8098-evidence/_objects/5aa0973875d76380738cbd68c61ac23163fcaa9e27389459fdfa397911247160.gz
 create mode 100644 docs/work_history/repo/review_feedback/pr8098-evidence/_objects/5daaa4881f84aced1d19b98ca0bd4cb0d88e89fec4be1d59963672f7b1b4dd98.gz
 create mode 100644 docs/work_history/repo/review_feedback/pr8098-evidence/_objects/5e4b3cacac0ebdf2668a151f339a6636b8e4632d06ceef69894167443b4e1640.gz
 create mode 100644 docs/work_history/repo/review_feedback/pr8098-evidence/_objects/5f669542210fa1bacab1989e990df5eaff73cbf9637c1639adc6636232f5eb0d.gz
 create mode 100644 docs/work_history/repo/review_feedback/pr8098-evidence/_objects/5f6edd53136471b4f81b5cadd998feced97080bcb26985d70827c446126a98df.gz
 create mode 100644 docs/work_history/repo/review_feedback/pr8098-evidence/_objects/65a3eaced7f60e6d27b1c5a58ab6c338b3c38b2dbad648b52056720c254597d2.gz
 create mode 100644 docs/work_history/repo/review_feedback/pr8098-evidence/_objects/6748721901b74a66123abfd9023b9c83ea7410aa2c6c3798d53bd67478c79893.gz
 create mode 100644 docs/work_history/repo/review_feedback/pr8098-evidence/_objects/6789982b0ee14ca5d3c4aea2fbddf99f0c2e107e8761cee9ae825e6787612a1e.gz
 create mode 100644 docs/work_history/repo/review_feedback/pr8098-evidence/_objects/67b70231a08fd239381cc5fbdd5f31362c5aacdbcb9a80c22e5cb438f63f3177.gz
 create mode 100644 docs/work_history/repo/review_feedback/pr8098-evidence/_objects/68f6d0ddb36e184bfd89424c7a9270d270e9f09e1c5444e2b20dc4bc3517a3c1.gz
 create mode 100644 docs/work_history/repo/review_feedback/pr8098-evidence/_objects/6a8dc3b96d37a4ef6864e825f335c1faf43ae05153eb28b0b22e75a2f0431ae6.gz
 create mode 100644 docs/work_history/repo/review_feedback/pr8098-evidence/_objects/6c3d041ec117c1e313f7048479d97a0922664551cb2ab658f3b3e92261565989.gz
 create mode 100644 docs/work_history/repo/review_feedback/pr8098-evidence/_objects/6c59c2fd13e86e5fa416790dba91c7d27b742d905052329992a08feba9e59ef3.gz
 create mode 100644 docs/work_history/repo/review_feedback/pr8098-evidence/_objects/6d9d4a748c9b62375e8afed1a08dcab821c964b48c55b9e7a07c89acb97945d8.gz
 create mode 100644 docs/work_history/repo/review_feedback/pr8098-evidence/_objects/6e3b98a459c12cecdc2d2b09063734e5855077d915680263238cc23619f91fb4.gz
 create mode 100644 docs/work_history/repo/review_feedback/pr8098-evidence/_objects/71a5d7e4fbbc3ecd4ec91aa45f1cd5d1656ac81efd432336b191986a1c57669e.gz
 create mode 100644 docs/work_history/repo/review_feedback/pr8098-evidence/_objects/721cc879339bd088b07d5ab5cede0e3f2774223d900b71aeb2172f23bd22d166.gz
 create mode 100644 docs/work_history/repo/review_feedback/pr8098-evidence/_objects/749370b69ad47169bcba5e427783cd754267db0d121820703eefb1431d7f5d8e.gz
 create mode 100644 docs/work_history/repo/review_feedback/pr8098-evidence/_objects/81ae770928409a9fc4d71acf153f66a47120cab68a575d4633c7ae44f24c6427.gz
 create mode 100644 docs/work_history/repo/review_feedback/pr8098-evidence/_objects/81fa3903caf654b459a889d1bdb0b13808c1d1b8e32f14533fc73e4c8a07fe3b.gz
 create mode 100644 docs/work_history/repo/review_feedback/pr8098-evidence/_objects/82f5d42ae9130c38aeff8b8d127c54290363468e8ebb464b160c4274f2c68147.gz
 create mode 100644 docs/work_history/repo/review_feedback/pr8098-evidence/_objects/83b810c6bf64e4a9a7588c5af2ff17119fbc99eb1aa01b05b4e5da2477b6a7bb.gz
 create mode 100644 docs/work_history/repo/review_feedback/pr8098-evidence/_objects/83eb7094d83c6645ff6b197d4e53f0f4a9f8ab8b396856523e28e8ad06411573.gz
 create mode 100644 docs/work_history/repo/review_feedback/pr8098-evidence/_objects/8543dc330723d249028bfdf95b06d342457d5dc99dc7510f241616c19350d02f.gz
 create mode 100644 docs/work_history/repo/review_feedback/pr8098-evidence/_objects/864b53ef45037a275315f7b036d1c1a9ca26deaa8af7630b686a622455633df8.gz
 create mode 100644 docs/work_history/repo/review_feedback/pr8098-evidence/_objects/8695370e9b11dc48c91caf06deaeeae194b439405f586f59e4ff6b6b3066b163.gz
 create mode 100644 docs/work_history/repo/review_feedback/pr8098-evidence/_objects/876154b7199fa607604b851e5f58055d7ad1061f4e2fcdee345404f8cb443a70.gz
 create mode 100644 docs/work_history/repo/review_feedback/pr8098-evidence/_objects/87cdf26b0461b55c72982630e7e5c0b456861680104ca530c09d290df18ea024.gz
 create mode 100644 docs/work_history/repo/review_feedback/pr8098-evidence/_objects/8b2a3c5f32bbde580ebba50c604b4b89b487258495ae88466ce7187f54d8ce6f.gz
 create mode 100644 docs/work_history/repo/review_feedback/pr8098-evidence/_objects/8dffa9fec0e2366c487087a00db3dba7f5e02614cdf6e4785ccaa14f6c38522d.gz
 create mode 100644 docs/work_history/repo/review_feedback/pr8098-evidence/_objects/9569a3e130511940736ae711acf2ee2946f0cbaed965947821db44ca4b2e87b1.gz
 create mode 100644 docs/work_history/repo/review_feedback/pr8098-evidence/_objects/97b7d22dab2e49d7aa671b78e23f04a3e1ea662e708c4af5f781e1fbe798619a.gz
 create mode 100644 docs/work_history/repo/review_feedback/pr8098-evidence/_objects/98d52be737413af37fc6be66e85ee0aa1d0597151331d5327512c82e4b877bb4.gz
 create mode 100644 docs/work_history/repo/review_feedback/pr8098-evidence/_objects/9b847cbeacbe89f9ce3ac248e6967fedaf3f0212c45420ad75031ffafd928575.gz
 create mode 100644 docs/work_history/repo/review_feedback/pr8098-evidence/_objects/9beb5ecedd6dc909671c3e1366acb10e83ba3e69ae465d4e55f57028abdcf6cc.gz
 create mode 100644 docs/work_history/repo/review_feedback/pr8098-evidence/_objects/9ceffb7310338057cfe71a4ae1e2c98d2c485d81cdef906532a801f457a38d64.gz
 create mode 100644 docs/work_history/repo/review_feedback/pr8098-evidence/_objects/9ef0da4dd921e7942c3d90b1d023df69e3f82be7d9c931340765371ab60b8b2e.gz
 create mode 100644 docs/work_history/repo/review_feedback/pr8098-evidence/_objects/a28bfa446a26bc74844748b38cd8a9dd2fcac79b89d21cbbd7650816efd3df87.gz
 create mode 100644 docs/work_history/repo/review_feedback/pr8098-evidence/_objects/a4b84827bce2f96780353ee612c8d79adea0f5ec7cf1c77993a9cfd7ec66b6f9.gz
 create mode 100644 docs/work_history/repo/review_feedback/pr8098-evidence/_objects/a72893a934f7d1522f972a7c5b19180caca62956209753fb54cfa196f1b5dab1.gz
 create mode 100644 docs/work_history/repo/review_feedback/pr8098-evidence/_objects/a76f83a2a69d0f84ab2766ac429b43f1c7c6bf1b0ddc5f37a32c9d58d17da03d.gz
 create mode 100644 docs/work_history/repo/review_feedback/pr8098-evidence/_objects/a7ae6c6a064e9bd06f7115d82e97918f9e407ca56eb7ecd4932fb88b7fc668cd.gz
 create mode 100644 docs/work_history/repo/review_feedback/pr8098-evidence/_objects/a95dc801e27f65c0f56d4b4ee5e017f570b6848902355d0ebf00bec0bfd09300.gz
 create mode 100644 docs/work_history/repo/review_feedback/pr8098-evidence/_objects/ad2c3aa83d7ca96c167a94ce5ee46dc5c47c48cf238f43b54271078bc1661c7d.gz
 create mode 100644 docs/work_history/repo/review_feedback/pr8098-evidence/_objects/adf0276f35f287991d929e39e6e9e35a6252b7d1d3a85e9e25a1447f5c5d977e.gz
 create mode 100644 docs/work_history/repo/review_feedback/pr8098-evidence/_objects/b340c5cfed7233c2cee5a16feb7e6082c7a1d35736180c80423a63c6d15941f5.gz
 create mode 100644 docs/work_history/repo/review_feedback/pr8098-evidence/_objects/b684cfbcd490c9a4a1d7785a109e1f1285337b00dbe87738614ddaaac3599637.gz
 create mode 100644 docs/work_history/repo/review_feedback/pr8098-evidence/_objects/b8e630be0661f5a32b82ac071bfa43117b207d1fa8931b18d57de7bb9d8993d0.gz
 create mode 100644 docs/work_history/repo/review_feedback/pr8098-evidence/_objects/bc69b4a3f5027813022650740b81113e962e9e6962cc491cbf8a5b04e68e3d48.gz
 create mode 100644 docs/work_history/repo/review_feedback/pr8098-evidence/_objects/bc9494c98fa9e285b1f05a42cc1479e11d2f8fbeb302d60262eae300356eed08.gz
 create mode 100644 docs/work_history/repo/review_feedback/pr8098-evidence/_objects/bd3819deef47e6e9e36857a29971f2a0894c15a9d1b520a849d9410775ba48f1.gz
 create mode 100644 docs/work_history/repo/review_feedback/pr8098-evidence/_objects/bff7aa8be34d17a17e1df889e2e180656207a470cd5ae2a8885eeb5e1f8205d4.gz
 create mode 100644 docs/work_history/repo/review_feedback/pr8098-evidence/_objects/c01976b60c8a22dc14663db07367d16f0d8eaf1708c2badc35d948a70f96901a.gz
 create mode 100644 docs/work_history/repo/review_feedback/pr8098-evidence/_objects/c62e427f1720221356788c4fbdbe74b780d3ee06be6d8256a87eca1c9779defc.gz
 create mode 100644 docs/work_history/repo/review_feedback/pr8098-evidence/_objects/c73857daf172df32a051c3ff1be30acdb000e0553e11c525b56c1e3dab24f23d.gz
 create mode 100644 docs/work_history/repo/review_feedback/pr8098-evidence/_objects/c876a7c63112e1bca2b23473c7aaba5f9dc04b369ed7eeaf326e3ee05a75749b.gz
 create mode 100644 docs/work_history/repo/review_feedback/pr8098-evidence/_objects/ca4fcc6108901a643527d5457bb1806f1be6ee43e5b66d0aeb3251cf1d2dfff7.gz
 create mode 100644 docs/work_history/repo/review_feedback/pr8098-evidence/_objects/cc18268ec92f80a136d77370b7f986e862952b2a94acaa8a24aca4187c982a5f.gz
 create mode 100644 docs/work_history/repo/review_feedback/pr8098-evidence/_objects/cd8a678ae338a6652bfc4f6fc8ba058e9f6ea1e6b321246e6663b7ff7ea70c91.gz
 create mode 100644 docs/work_history/repo/review_feedback/pr8098-evidence/_objects/cecaa337744ccfc623daf71d130dce56ecb25fc3ef8753225a7cffd178776ec9.gz
 create mode 100644 docs/work_history/repo/review_feedback/pr8098-evidence/_objects/cf05f2f02b9d123c698c63be0cb2a3c749cf70b09a46f24a511cf582a593fb84.gz
 create mode 100644 docs/work_history/repo/review_feedback/pr8098-evidence/_objects/cfec1eb99efa6ddb6fe0395d0a5ae639a9b68aa866936550564654c3d96c976c.gz
 create mode 100644 docs/work_history/repo/review_feedback/pr8098-evidence/_objects/d3291e36478138b4203978aaa79e993f0557a6d2d8508136fe631628b3db5217.gz
 create mode 100644 docs/work_history/repo/review_feedback/pr8098-evidence/_objects/d32e27aa1a6970efe63e3e675ec249214e0c665c58b08e3b6c722cfbbd08b47a.gz
 create mode 100644 docs/work_history/repo/review_feedback/pr8098-evidence/_objects/d4e69508aaf6e37145f99bdbcf2b835b2cbbe013f84022280987241f7bda9fbf.gz
 create mode 100644 docs/work_history/repo/review_feedback/pr8098-evidence/_objects/d87526befcaea18cc933c8b9c82f3fc82d280317c631d276d5b0f0899ff26b91.gz
 create mode 100644 docs/work_history/repo/review_feedback/pr8098-evidence/_objects/d87de32ac38a5fa22f039bd31fa56d3f399928a3f17c7a38706b91c56b88fe6c.gz
 create mode 100644 docs/work_history/repo/review_feedback/pr8098-evidence/_objects/d9985764cb5f742a2f91424661e491bd8ad3345b45ec0de9d6653b1e2de3286a.gz
 create mode 100644 docs/work_history/repo/review_feedback/pr8098-evidence/_objects/d9ea1f41620a00e57362de74db17f652e23273abf349dcd641c578e80281bdb5.gz
 create mode 100644 docs/work_history/repo/review_feedback/pr8098-evidence/_objects/da223ea87d71f1fded9cea128803cead17caa2c3e58fea4ce318519456cb170d.gz
 create mode 100644 docs/work_history/repo/review_feedback/pr8098-evidence/_objects/dc3cf6bfd3a0b1c27caac7223ed1b21b3f4e37daf313d2d533befed4805bc71e.gz
 create mode 100644 docs/work_history/repo/review_feedback/pr8098-evidence/_objects/dc54f4f8a0c930b9b777bafb5d4df253025e1486f1efc56521f51c894bc750d7.gz
 create mode 100644 docs/work_history/repo/review_feedback/pr8098-evidence/_objects/dd42d9c12b158f9c6fdeea9f59c6414097d85be13e8fec9faa401633b50ce6e4.gz
 create mode 100644 docs/work_history/repo/review_feedback/pr8098-evidence/_objects/de0f3ab4777af02e5b11ef9f8f1291f58a03e6e5a58d76e33bedcfdae6f1976c.gz
 create mode 100644 docs/work_history/repo/review_feedback/pr8098-evidence/_objects/de12e9abb993e23516f0ba4caf2116ccb961dfda84dab0001816d085399a6450.gz
 create mode 100644 docs/work_history/repo/review_feedback/pr8098-evidence/_objects/df07d0e2161e8d4c3266807b41069801a0aa5b18d735639e1337280749f08b5f.gz
 create mode 100644 docs/work_history/repo/review_feedback/pr8098-evidence/_objects/e0b0cad9ce15308e1243db22f09de9cefd35e2084bca58dbc8104a0b4beebfe6.gz
 create mode 100644 docs/work_history/repo/review_feedback/pr8098-evidence/_objects/e3b0c44298fc1c149afbf4c8996fb92427ae41e4649b934ca495991b7852b855.gz
 create mode 100644 docs/work_history/repo/review_feedback/pr8098-evidence/_objects/e5450e031db47953cfbb06392a8afbc4b400773c4784f3389b87aac1fc71b342.gz
 create mode 100644 docs/work_history/repo/review_feedback/pr8098-evidence/_objects/e5771602818f7a4ff01fd30e39861b2661a6958744ed8a646510fea81400de50.gz
 create mode 100644 docs/work_history/repo/review_feedback/pr8098-evidence/_objects/e79d0ca1365440157710528570a2ac2192b4e8a2389854e165cd3495a9f3e8d8.gz
 create mode 100644 docs/work_history/repo/review_feedback/pr8098-evidence/_objects/ea5435060a0e21a29fe29c0c18dcf93d2b5a3db5f594151c9a6639ce925fb58e.gz
 create mode 100644 docs/work_history/repo/review_feedback/pr8098-evidence/_objects/ed9382b1772aef823762c6d2ffb0f68df843e5dc7b1bac4d509d82315aa38476.gz
 create mode 100644 docs/work_history/repo/review_feedback/pr8098-evidence/_objects/eefced9b0e5d54c71d3bf178ea28ffe9ab301700874e108369a2e5b0ac191cb6.gz
 create mode 100644 docs/work_history/repo/review_feedback/pr8098-evidence/_objects/efe828b7e59e15ebd3186f8dcb3504c5d041fbc3aa45982e6662071d8e3682e3.gz
 create mode 100644 docs/work_history/repo/review_feedback/pr8098-evidence/_objects/f3de93e552d7fcb3b7b4aa3c132896690dd434aa6dbff136eb569356424cdcf8.gz
 create mode 100644 docs/work_history/repo/review_feedback/pr8098-evidence/_objects/f63fe1c37672ccee7df3af98f41ee67aa0fafb617768bc1fc059f8116555c76a.gz
 create mode 100644 docs/work_history/repo/review_feedback/pr8098-evidence/_objects/f6f3ac90d853440183f476d20933f2062d6866f75f0a0972b47a7b59bb23116e.gz
 create mode 100644 docs/work_history/repo/review_feedback/pr8098-evidence/_objects/fa8d7659e16d29e5321e8c01397924dca6b4dfa584ea7ec283b47e62a89f9eee.gz
 create mode 100644 docs/work_history/repo/review_feedback/pr8098-evidence/_objects/fd922d783d89a0bdb3561e2924b75947e5f994d5fb6ac3b4a755de002e347bc6.gz
 create mode 100644 docs/work_history/repo/review_feedback/pr8098-evidence/archive-manifest.json
 create mode 100644 docs/work_history/repo/review_feedback/pr8098-evidence/kept/pr8098-REVIEW_HISTORY-3f4cb79c836849bf.md
 create mode 100644 logs/runner-cache/native_weyl_gauge_hall_and_cone_flow_2026_09_13.txt
 create mode 100644 scripts/native_weyl_gauge_hall_and_cone_flow_2026_09_13.py
FROZEN 966a6d93ad370722918b33f5808027308035e76d sources 145 inputs 168 notes 1
