[detached HEAD 16e9bf8a98] Preserve independently reviewed source unit PR8026
 Date: Tue Sep 22 18:25:59 2026 -0400
 Committer: Jon Bridger Apps <jonBridger@Jonathons-Mac-mini.local>
Your name and email address were configured automatically based
on your username and hostname. Please check that they are accurate.
You can suppress this message by setting them explicitly:

    git config --global user.name "Your Name"
    git config --global user.email you@example.com

After doing this, you may fix the identity used for this commit with:

    git commit --amend --reset-author

 90 files changed, 1175 insertions(+)
 create mode 100644 docs/GAUGE_WILSON_SPATIAL_LOOP_AREA_SUPPRESSION_BOUNDED_THEOREM_NOTE_2026-09-07.md
 create mode 100644 docs/work_history/review_loop/pr8026/README.md
 create mode 100644 docs/work_history/review_loop/pr8026/objects/00fba6cd601807f7aaaea25119b80561bc760945700c3db4ef182ff8eab58da0.gz
 create mode 100644 docs/work_history/review_loop/pr8026/objects/022047c3b7758ff9ac43db30f9de304850347838015da6ed07908213fefe223e.gz
 create mode 100644 docs/work_history/review_loop/pr8026/objects/0371809ed3eea8705fa8cab0eb02c9def581b670f21de7bda47121638ce84516.gz
 create mode 100644 docs/work_history/review_loop/pr8026/objects/07acf6f2d7c34c445f7c99dfa3caf97c888f61d3e247440437b93d2921d56ae6.gz
 create mode 100644 docs/work_history/review_loop/pr8026/objects/088f30d77e0a9adbbfd01a746811a3f74ccbb79e044d29f841912f8a8fd5c943.gz
 create mode 100644 docs/work_history/review_loop/pr8026/objects/0a815207ab4723094ab100bd122f6da4ae44ccb8fadaff5c5908f79607396913.gz
 create mode 100644 docs/work_history/review_loop/pr8026/objects/0d966cc8e9751d48e86b90135ffed5f9c65221b07583f3c8770125501ea03b69.gz
 create mode 100644 docs/work_history/review_loop/pr8026/objects/19d6f5d368652a98baed236208c1f1af1fbf7580c43438129cff5e7ccb4f4de6.gz
 create mode 100644 docs/work_history/review_loop/pr8026/objects/1c2466e03238ba3bc7569038da56e5535b9290da51a533551450ad7bea080832.gz
 create mode 100644 docs/work_history/review_loop/pr8026/objects/1d4bc4a528a22f851b31b62ec833db19e9a6fccfce21e6ee45d937e0b751f28b.gz
 create mode 100644 docs/work_history/review_loop/pr8026/objects/1dc2f0b32f76bda38f05b98232e70c030619487b30f0ca785b3913e3d411efc6.gz
 create mode 100644 docs/work_history/review_loop/pr8026/objects/25f09ffc3fa01b87e79a0bf24142db075d6edaaa66be9f8821d9587ad08438b9.gz
 create mode 100644 docs/work_history/review_loop/pr8026/objects/2a0ad0e50643f2bd14f85302ed259547ceb966a6a1755bccbe8ba20e5c0a70e9.gz
 create mode 100644 docs/work_history/review_loop/pr8026/objects/2a9a7cc7c7c84586a8566bc2d6fc0d8128c083fec9a845496f4d0e4f65b55f71.gz
 create mode 100644 docs/work_history/review_loop/pr8026/objects/309c13c4606e2d49b9d6237589d75ef362272addd0359c21b5fa80952f7a63f9.gz
 create mode 100644 docs/work_history/review_loop/pr8026/objects/315ec680293c1d646860044d3ce1ff51ef8efe0a5975430d110a167e96f28b72.gz
 create mode 100644 docs/work_history/review_loop/pr8026/objects/3a3a693cfd4dd2f8f145e0cc8db5ff613f8ec7f14ad368448b87e3bf582582ec.gz
 create mode 100644 docs/work_history/review_loop/pr8026/objects/3d2d869494e39a844d904e664aaf20605c2420bab3d562d3b7f57a8ded7ee031.gz
 create mode 100644 docs/work_history/review_loop/pr8026/objects/3dae56cd0a5892bc11e99dc2b690bdc7bf3a18181c3bae2ba3a4328e3e7c290e.gz
 create mode 100644 docs/work_history/review_loop/pr8026/objects/430cb97ded8e87448ac8d756ef563aae7f7588ee7d05fbdb1342d5757a2ff281.gz
 create mode 100644 docs/work_history/review_loop/pr8026/objects/4adc34aa1c1aa12c809f9343f27c67d5427e1b8faf88fcdcdcd075d696b7de8e.gz
 create mode 100644 docs/work_history/review_loop/pr8026/objects/57ff99a439e71bc59db8bdf0dff60ee941cc077a60d6fd3a9271ea6130815dbb.gz
 create mode 100644 docs/work_history/review_loop/pr8026/objects/6074b45e3893e7812f81553dab24a16d726df91f90fdb2f423b2133a1bfd4da2.gz
 create mode 100644 docs/work_history/review_loop/pr8026/objects/66199a6f29a96b66bc0596b33c7caca643b6545001c9008e3a039837284377d7.gz
 create mode 100644 docs/work_history/review_loop/pr8026/objects/6a83feff4913c17a0c075571d718e2334e729577f4e257ad322bce315d7d3d03.gz
 create mode 100644 docs/work_history/review_loop/pr8026/objects/6e08e878a51b908e35eb8f13bc6b25579e6486a8969414d83aff0764b391a106.gz
 create mode 100644 docs/work_history/review_loop/pr8026/objects/6f93abe0f8f40de6470c7a988173957191b5feeac527fb2a906bf3408422b955.gz
 create mode 100644 docs/work_history/review_loop/pr8026/objects/721889e76b351390a016374434ae3708c9d16e3d9bfe097333381bd1c08c070e.gz
 create mode 100644 docs/work_history/review_loop/pr8026/objects/734bb719c7666447341f906022fb4270c897e386df79a3d8472f97d047763e01.gz
 create mode 100644 docs/work_history/review_loop/pr8026/objects/75d6a064729cbe1ea9a971d687e7466e8dab9e9f47e126d84fc0de439e755971.gz
 create mode 100644 docs/work_history/review_loop/pr8026/objects/7a38b16fb0f21fe5c4d1c0fb6df848c9e5ed9aab390914ed4461e87efb39dbe8.gz
 create mode 100644 docs/work_history/review_loop/pr8026/objects/7e049c36268b21b9748dc6db055b46635c427bed754435fa7e41a64e50788f0d.gz
 create mode 100644 docs/work_history/review_loop/pr8026/objects/8033e321b8c0b1b971ccccfe8e596d8ea9e577a48ce42a14db7a113dbdc335f1.gz
 create mode 100644 docs/work_history/review_loop/pr8026/objects/8192e1093cca8ada6dab7ad0b0965ddd8893773dd9a78143ef130756303653cf.gz
 create mode 100644 docs/work_history/review_loop/pr8026/objects/879d3a03886989e8251caef0379ca6ce6617c9769af998cd5892de708a354e7b.gz
 create mode 100644 docs/work_history/review_loop/pr8026/objects/8d626e3c776c76f22444cae61fda2de539831e52344a8dbca48631f72145aea4.gz
 create mode 100644 docs/work_history/review_loop/pr8026/objects/935e02d95fb1fcbee0912b2e321b8d9b0a7d0843605c79810adb84f44b2da7d5.gz
 create mode 100644 docs/work_history/review_loop/pr8026/objects/9f27c074f9ad40807bea6e9dbec2f5cbb6c69acbec0462819bcc1d4b4702332d.gz
 create mode 100644 docs/work_history/review_loop/pr8026/objects/a602d6acc0553d384bdf1569ae8aa2695524238e1325eea70ffd467f2b909bba.gz
 create mode 100644 docs/work_history/review_loop/pr8026/objects/a61b3d9f026f1d5e0ad17d4f61d7a06f58673851dbd8d6099e3e809812bb59d2.gz
 create mode 100644 docs/work_history/review_loop/pr8026/objects/a795676a78838e79b857c47e42f661c0df0667077a873bc61a3beb14f9958e06.gz
 create mode 100644 docs/work_history/review_loop/pr8026/objects/a7c6e574502271eddd950e30830fa503025c78629cd1d69d963b05e8b2224aac.gz
 create mode 100644 docs/work_history/review_loop/pr8026/objects/a8c295f03643c313e18f08ac9cff57b90e9a234484747dafcd60d069df490437.gz
 create mode 100644 docs/work_history/review_loop/pr8026/objects/aad5ff291d04ccad1f554026a0c5d37bf481111bf443705fba5c31f8d676de65.gz
 create mode 100644 docs/work_history/review_loop/pr8026/objects/ad44a7f9c09acbfa67389d9966e10ada2d04544dac5d7c2cafae1416d6a6195b.gz
 create mode 100644 docs/work_history/review_loop/pr8026/objects/afa4332e42b092c6b275f5ccb2c30e67aa64b3b372e79e5e787d064a0c913af9.gz
 create mode 100644 docs/work_history/review_loop/pr8026/objects/b1585c36d8837253e480771212e90b3c8b0b8a8eb283dc1ae22db9005f72a3b8.gz
 create mode 100644 docs/work_history/review_loop/pr8026/objects/b1b93813efba09ddf20c58cac4104630696f509d09757f6c42566b560b60f6e1.gz
 create mode 100644 docs/work_history/review_loop/pr8026/objects/b33010ac6dcbff627ec4dfe53fd806d0e8e61aeb91951b76a0d00889f91ce1c5.gz
 create mode 100644 docs/work_history/review_loop/pr8026/objects/b543c14f6fe4bdd8e089f3c737b6e928739a0b202b4ff0cca49bc8fdecf65bee.gz
 create mode 100644 docs/work_history/review_loop/pr8026/objects/b964d1e782f43b0a77c3c17c0decda06784bfb1b7858ed6318fc80da14dd7fb5.gz
 create mode 100644 docs/work_history/review_loop/pr8026/objects/bcff3948629cc65e3bef5d35c5f6dcfc6d6848324833712146de9953ca814066.gz
 create mode 100644 docs/work_history/review_loop/pr8026/objects/c347596bba0b3a6e99bb6c09e59a7124176026164b941a44e8c73334a038ffc3.gz
 create mode 100644 docs/work_history/review_loop/pr8026/objects/c4194f075371af17bf32c9ebdc7195eb9605776973add31b1ebe4890fc6eb1a8.gz
 create mode 100644 docs/work_history/review_loop/pr8026/objects/c560e0ccb8dea5228f843d990019c9d4a27328bfbdfa5dec588f94c8bfff0c73.gz
 create mode 100644 docs/work_history/review_loop/pr8026/objects/c767db6fb56d572eea8d228242cce084535b6df956dac254e4305928f5cae753.gz
 create mode 100644 docs/work_history/review_loop/pr8026/objects/c77bf86c1a91eecdf9c0273ad1be822833ee4e5b30b36ea268e97813128ef8af.gz
 create mode 100644 docs/work_history/review_loop/pr8026/objects/c82fe034e1e888402d9d129d67ffd8bd792a702155e0a056b08a95105e0632d8.gz
 create mode 100644 docs/work_history/review_loop/pr8026/objects/c91244209d93fcd90dabd030b1a13160147023ac7d85abb23732eb6fb3dc698e.gz
 create mode 100644 docs/work_history/review_loop/pr8026/objects/c98d415888b7747310f60ad07ae80b741b4ccc04c76bf5b0a4941706bce03d6c.gz
 create mode 100644 docs/work_history/review_loop/pr8026/objects/d0b57620c57ed913e231e9e38f2019501d0a7a437009e65228ba3f8f6175181d.gz
 create mode 100644 docs/work_history/review_loop/pr8026/objects/d632c8e8d95d41cb9fb6e0cb0a14dd9272cd3c27cd6ecb1718c092be832fd5e4.gz
 create mode 100644 docs/work_history/review_loop/pr8026/objects/d6efd4247157eb9375fb66217e975365054becab9c85951eda900d3d4e873928.gz
 create mode 100644 docs/work_history/review_loop/pr8026/objects/d809649456c6573e71d6defda6450d68097189140ba7214556e9937d837b6701.gz
 create mode 100644 docs/work_history/review_loop/pr8026/objects/d80f58cfe852b06ab3c298fe29d3784f6371576710806a5488363c642a1645cf.gz
 create mode 100644 docs/work_history/review_loop/pr8026/objects/d9ac5cb05210923ffc514b35da8bdff64c80e28e0b7082520b208c0094715679.gz
 create mode 100644 docs/work_history/review_loop/pr8026/objects/daa0b99a23fc881c6db470bbceaf2fe6870cf77a3bdf8c72bbf576f4b4f33a58.gz
 create mode 100644 docs/work_history/review_loop/pr8026/objects/e1294c7f46e861dd5b96aa6d5ffa9e2912d45d624e0645b0d46be602e98feba2.gz
 create mode 100644 docs/work_history/review_loop/pr8026/objects/e1c45504879c22422e9edc38caeb1d9dd788060af80bbab3195f6b8def173e36.gz
 create mode 100644 docs/work_history/review_loop/pr8026/objects/e2f8dc1c55366600ecc1fac15375aa1206ced9ef1341a123e4b5d9a0f8e6a007.gz
 create mode 100644 docs/work_history/review_loop/pr8026/objects/e871d376ad1c243699652b85db0a0953b97f9f4efcacc86447dc0f5e8545d8b0.gz
 create mode 100644 docs/work_history/review_loop/pr8026/objects/eb287af0d52c8b41e4467464c400d452dc46a882e80f64f2e12e7d85a3115970.gz
 create mode 100644 docs/work_history/review_loop/pr8026/objects/ee804aab334fbf2c8ab4ba757480cb0f1ef550ad51ca3d4f5dc103b2971fa1a2.gz
 create mode 100644 docs/work_history/review_loop/pr8026/objects/f129ced47bba719d8fc42a3fc2334ed48464abeb767d20d67c6ad8a92a883c3e.gz
 create mode 100644 docs/work_history/review_loop/pr8026/objects/f171aa356f6e7d07992dc28c48f2ee96c65873c709d1d22c0f3dbc1506070d69.gz
 create mode 100644 docs/work_history/review_loop/pr8026/objects/f4174fcfc95abc45eea7d53e6b553c2d051ca2e1bec96700625b03491c3cfa84.gz
 create mode 100644 docs/work_history/review_loop/pr8026/objects/f499d63dbbc83bc45711b29d6cde40e649473c07094238d621410b941ad451a2.gz
 create mode 100644 docs/work_history/review_loop/pr8026/objects/f5995b94940f115c7c9559aebd76987aaf902fff3eade4c51fca20e8002422c3.gz
 create mode 100644 docs/work_history/review_loop/pr8026/objects/f61c5fd0e2da4f7a6aae1ba3bdb07716bce449abcc5b95e3b7f86a26ec27d9ff.gz
 create mode 100644 docs/work_history/review_loop/pr8026/objects/fdd67c9853781f668b10ae72608b55d824f03682b00cffaf64430bd1c969517e.gz
 create mode 100644 docs/work_history/review_loop/pr8026/objects/ff5ce33b16fe7b190dfbbdc2a27e157abf052380a02cdb3102bbdd6a9adae378.gz
 create mode 100644 docs/work_history/review_loop/pr8026/original-manifest.json
 create mode 100644 logs/runner-cache/gauge_wilson_spatial_loop_area_chain_check_2026_09_07.txt
 create mode 100644 logs/runner-cache/gauge_wilson_spatial_loop_area_coefficients_check_2026_09_07.txt
 create mode 100644 scripts/gauge_wilson_spatial_loop_area_chain_check_2026_09_07.py
 create mode 100644 scripts/gauge_wilson_spatial_loop_area_coefficients_check_2026_09_07.py
FROZEN 16e9bf8a98459f8b92d46bfbdfcaad1de50b67a5 sources 90 inputs 102 notes 1
