[detached HEAD a2aaeb0d22] Preserve independently reviewed source unit PR8089
 Date: Tue Sep 15 11:48:04 2026 -0400
 Committer: Jon Bridger Apps <jonBridger@Jonathons-Mac-mini.local>
Your name and email address were configured automatically based
on your username and hostname. Please check that they are accurate.
You can suppress this message by setting them explicitly:

    git config --global user.name "Your Name"
    git config --global user.email you@example.com

After doing this, you may fix the identity used for this commit with:

    git commit --amend --reset-author

 61 files changed, 2861 insertions(+)
 create mode 100644 docs/NATIVE_INFORMATIVE_EDGE_RECORD_AND_DISTURBANCE_BOUNDED_THEOREM_NOTE_2026-09-13.md
 create mode 100644 docs/work_history/repo/review_feedback/pr8089-evidence/README.md
 create mode 100644 docs/work_history/repo/review_feedback/pr8089-evidence/_objects/1ef4228f37807be7398e4c2791a37b2c96ff62c83a8055d76f636b90a5df34ba.gz
 create mode 100644 docs/work_history/repo/review_feedback/pr8089-evidence/_objects/2d8ffbbffb9da29d5b2f3e05ce36fb9e5071ffacff25b4df22f72ae99d9688e7.gz
 create mode 100644 docs/work_history/repo/review_feedback/pr8089-evidence/_objects/35a7e3b41789104e297f4e239c1c35ce6787c2d12d158d85739df33c633a12cd.gz
 create mode 100644 docs/work_history/repo/review_feedback/pr8089-evidence/_objects/37e074625c3cc5d80e36d1b5d149a47124e9747c9214083ff0cf69fd166a2e8d.gz
 create mode 100644 docs/work_history/repo/review_feedback/pr8089-evidence/_objects/392f0f5d0cd068288702b46c781fbb9f8cc8730b529b768927d00e25a571d84c.gz
 create mode 100644 docs/work_history/repo/review_feedback/pr8089-evidence/_objects/3adcd0c924520ca7194d31352838604bf223af065ed599645d09718a223be997.gz
 create mode 100644 docs/work_history/repo/review_feedback/pr8089-evidence/_objects/3cb435a13c9d851e3d3dda673d765ca523e9780859c914c58ff6c607da4c8f62.gz
 create mode 100644 docs/work_history/repo/review_feedback/pr8089-evidence/_objects/3d6eeaf8feed2d486d2898aa2591de72fe79c76c291aef6f2619d5113926ee91.gz
 create mode 100644 docs/work_history/repo/review_feedback/pr8089-evidence/_objects/3fae336b0db1b596220fc435a6b2ee272117548f545a8c12af494db159ad0393.gz
 create mode 100644 docs/work_history/repo/review_feedback/pr8089-evidence/_objects/427dc8880c91772d0e28bbdca8616a9b42fb24e0b42de3f11fd942f099b05301.gz
 create mode 100644 docs/work_history/repo/review_feedback/pr8089-evidence/_objects/42cd6dc3687ac1f02137eed40d54f36fa55db71be39db69ce6c7331d0d9e94db.gz
 create mode 100644 docs/work_history/repo/review_feedback/pr8089-evidence/_objects/4370cd457ddd9390816742b90c35a1ead23a56ff4c710c313768ff0e85481875.gz
 create mode 100644 docs/work_history/repo/review_feedback/pr8089-evidence/_objects/44e788873441edd77fc5c4a63c783272c65e53fa66e74a81638021e5a1a0540c.gz
 create mode 100644 docs/work_history/repo/review_feedback/pr8089-evidence/_objects/4729b6bfa2349608f612d3587ac12f0604e876b12c25127785d8568052e01968.gz
 create mode 100644 docs/work_history/repo/review_feedback/pr8089-evidence/_objects/472a3e1bc87567be966711987c620bedfa184a0e5d4c62398c360e4c52c6388a.gz
 create mode 100644 docs/work_history/repo/review_feedback/pr8089-evidence/_objects/47e5a185c1ef6b871b4e0a704d952a408b80a338034d9eeb48f82e0ea29437c1.gz
 create mode 100644 docs/work_history/repo/review_feedback/pr8089-evidence/_objects/4dce877f453a6bdb568d1b451fbda6932f9c86a60e0a34ad2069672fbf452524.gz
 create mode 100644 docs/work_history/repo/review_feedback/pr8089-evidence/_objects/510fff489983caa03a4dc7e2f4c78b8e608bb2d1737850581fe18d9ccdb2d360.gz
 create mode 100644 docs/work_history/repo/review_feedback/pr8089-evidence/_objects/574be7063f6afaf23418380172b295ffb2c1170a2e298672f6dcdfcc518b13bc.gz
 create mode 100644 docs/work_history/repo/review_feedback/pr8089-evidence/_objects/59e68118b0427171d34c84eb8e1e3b61e392ddc075b5168e2b16f356979a4d73.gz
 create mode 100644 docs/work_history/repo/review_feedback/pr8089-evidence/_objects/5af61af1b7a00685b2e7507187a4844a0a0ec74fbd0f773f869f2f8f7dec1db8.gz
 create mode 100644 docs/work_history/repo/review_feedback/pr8089-evidence/_objects/62ca4e053722c966261ced5ea52652a214d57095192be8cb0609c4af2bfdaf8a.gz
 create mode 100644 docs/work_history/repo/review_feedback/pr8089-evidence/_objects/66808b1e6737936015cafff45a3eb4fa50b61e220296ccfc295ddd3e915c22c8.gz
 create mode 100644 docs/work_history/repo/review_feedback/pr8089-evidence/_objects/6a3540b14f4136872f2248eb722f839dd460e4211bbbce9f8fbbf1577050498e.gz
 create mode 100644 docs/work_history/repo/review_feedback/pr8089-evidence/_objects/730917a1b7b94a007fa11a9dbfa030b455400db0da6c907559b77e7b1f239819.gz
 create mode 100644 docs/work_history/repo/review_feedback/pr8089-evidence/_objects/75da8e4a5afcfbe3513261b049b5de2df6e75620c27406d8541c039cdc00f172.gz
 create mode 100644 docs/work_history/repo/review_feedback/pr8089-evidence/_objects/7b3dbb251566c0b9fbc86f5dd22a02030f79c4acb244339137140651601de605.gz
 create mode 100644 docs/work_history/repo/review_feedback/pr8089-evidence/_objects/7d147e4f301fc6ca46a9a87067f7bac69470b739ea7dfdb2af885d0e847b9d4a.gz
 create mode 100644 docs/work_history/repo/review_feedback/pr8089-evidence/_objects/810a8ec7a830fc7dcc0bdad516c1f5ee99eecbc7afcdcc70ab283d6551d8b922.gz
 create mode 100644 docs/work_history/repo/review_feedback/pr8089-evidence/_objects/8e1091142406b1330d367c82fa15b1cdcdd3eeab491dda41ab5ce8f565b2ec61.gz
 create mode 100644 docs/work_history/repo/review_feedback/pr8089-evidence/_objects/8f48822955882c0362b4b24a43f0edbd0c81ff1b14df7a5b40db530f81b0383a.gz
 create mode 100644 docs/work_history/repo/review_feedback/pr8089-evidence/_objects/9d6760be9ae98000f39129157f1282928fdf925374e5771c38fc1d10cd215dde.gz
 create mode 100644 docs/work_history/repo/review_feedback/pr8089-evidence/_objects/abbe9fcc4f166cc7c7612062e9358fe5131be7a3c03160459a9d24a233aee3f7.gz
 create mode 100644 docs/work_history/repo/review_feedback/pr8089-evidence/_objects/b46630e79045d7efcca1e0a81081c0c3dae7aa4f3b52c360923c578229cf1af8.gz
 create mode 100644 docs/work_history/repo/review_feedback/pr8089-evidence/_objects/b7f9aa5b2f39ae5ff4c517df7d41133e7bc7a9242ec131109be102e94f4ae5a1.gz
 create mode 100644 docs/work_history/repo/review_feedback/pr8089-evidence/_objects/bfe206be382d68fad39745c082cd0d9d0b0c0a7411db12fd89388cc605c71041.gz
 create mode 100644 docs/work_history/repo/review_feedback/pr8089-evidence/_objects/c1f26dcfd1c233bf321718d657d45aff997797cfeecd7e23d8c0ad0bbbd10961.gz
 create mode 100644 docs/work_history/repo/review_feedback/pr8089-evidence/_objects/c49ce6eeadaf9fae0f9b32b85720bf5723e8c3510d316a9a79ab523a481a0af6.gz
 create mode 100644 docs/work_history/repo/review_feedback/pr8089-evidence/_objects/ced2e7b96a14a1628377fecd1e0f79f3ee2a8f99daf5a0d8fe505cdbaac90066.gz
 create mode 100644 docs/work_history/repo/review_feedback/pr8089-evidence/_objects/d0edd4c3ca7e5e4c42d1b25780ddef7e77ebe7708225d6bbaa373159baf47b89.gz
 create mode 100644 docs/work_history/repo/review_feedback/pr8089-evidence/_objects/d370aa5f0ad3bae63d4db5907190f54c05f46a4f72314b56f93debc5bae4afc2.gz
 create mode 100644 docs/work_history/repo/review_feedback/pr8089-evidence/_objects/d5620b3e83dc30f30bc73254cfc85af10134553549938e5f766b53f719f27dd6.gz
 create mode 100644 docs/work_history/repo/review_feedback/pr8089-evidence/_objects/d6e5215578aff21275ca8a705de084e98ac6e39790c2ffa0768f23da49e99ec9.gz
 create mode 100644 docs/work_history/repo/review_feedback/pr8089-evidence/_objects/d9e6e57af1f905a3f6a6556fe00d3ccf4f6dcfc3a421fe4bfb6ff2b6591aa41a.gz
 create mode 100644 docs/work_history/repo/review_feedback/pr8089-evidence/_objects/dd2b2ee5d38eb0e832c4325dbcd636219c96f0eacc7ca94f2cc9eb5d6a88526e.gz
 create mode 100644 docs/work_history/repo/review_feedback/pr8089-evidence/_objects/e3b0c44298fc1c149afbf4c8996fb92427ae41e4649b934ca495991b7852b855.gz
 create mode 100644 docs/work_history/repo/review_feedback/pr8089-evidence/_objects/eb7336c1f79ceca0a4d1f387baef847280e8a1644640a2a351c80c05a352625d.gz
 create mode 100644 docs/work_history/repo/review_feedback/pr8089-evidence/_objects/f0dc076ac3ae96cc3c61a4b970cc413c205e4584e0692a0780f78253480dc232.gz
 create mode 100644 docs/work_history/repo/review_feedback/pr8089-evidence/_objects/f330370ad0f63f51f34ad3d453e35539581448cec154b10dbd26a2ee557d5df9.gz
 create mode 100644 docs/work_history/repo/review_feedback/pr8089-evidence/_objects/fb918c7570706d4db27faca17598573eb2792aec77d3df308aed04fbbeb2253f.gz
 create mode 100644 docs/work_history/repo/review_feedback/pr8089-evidence/_objects/fbea7b865ea342924d9862edcc413098161604a4f5e87c925e19f12b7a976302.gz
 create mode 100644 docs/work_history/repo/review_feedback/pr8089-evidence/_objects/ff35bf3a72878d1dba5573bff8ddfefbe7eb2ce193f0bd394b3281d4bd6e5dc0.gz
 create mode 100644 docs/work_history/repo/review_feedback/pr8089-evidence/archive-manifest.json
 create mode 100644 docs/work_history/repo/review_feedback/pr8089-evidence/kept/pr8089-NO_GO_DISCIPLINE_CHECKLIST-af3647a217d8dd77.md
 create mode 100644 docs/work_history/repo/review_feedback/pr8089-evidence/kept/pr8089-RESULTS-1edd1aa7af49c3cd.json
 create mode 100644 docs/work_history/repo/review_feedback/pr8089-evidence/kept/pr8089-REVIEW_HISTORY-3f4cb79c836849bf.md
 create mode 100644 docs/work_history/repo/review_feedback/pr8089-evidence/kept/pr8089-SOURCE_MANIFEST-a1b3f38c7ebc3abf.json
 create mode 100644 logs/runner-cache/native_informative_edge_record_2026_09_13.txt
 create mode 100644 scripts/native_informative_edge_record_2026_09_13.py
FROZEN a2aaeb0d22befbe6b9c073147cb22731b80786a2 sources 61 inputs 81 notes 1
