native_full_star_infrared_response_note_2026-09-09 bounded_theorem unaudited ['scripts/native_full_star_infrared_controls_2026_09_09.py']
docs/audit/data/citation_graph_manifest.json | 20 ++++++++++++++++++--
 1 file changed, 18 insertions(+), 2 deletions(-)
[detached HEAD 5e89e529a1] Acknowledge reviewed source topology for train43
 Committer: Jon Bridger Apps <jonBridger@Jonathons-Mac-mini.local>
Your name and email address were configured automatically based
on your username and hostname. Please check that they are accurate.
You can suppress this message by setting them explicitly:

    git config --global user.name "Your Name"
    git config --global user.email you@example.com

After doing this, you may fix the identity used for this commit with:

    git commit --amend --reset-author

 1 file changed, 18 insertions(+), 2 deletions(-)
From https://github.com/jonathonreilly/cl3-lattice-framework
 * branch                  main       -> FETCH_HEAD
remote: This repository moved. Please use the new location:        
remote:   https://github.com/jonathonreilly/qubit-lattice-axiom-framework.git        
remote: Bypassed rule violations for refs/heads/main:        
remote: 
remote: - Changes must be made through a pull request.        
remote: 
To https://github.com/jonathonreilly/cl3-lattice-framework.git
   07583e5fc2..5e89e529a1  HEAD -> main
From https://github.com/jonathonreilly/cl3-lattice-framework
 * branch                  main       -> FETCH_HEAD
LANDED 5e89e529a1fc267df2a0652223c079ab3313f2c6
