[detached HEAD 9c4e2f688c] Preserve independently reviewed source unit PR8095
 Date: Tue Sep 15 12:57:08 2026 -0400
 Committer: Jon Bridger Apps <jonBridger@Jonathons-Mac-mini.local>
Your name and email address were configured automatically based
on your username and hostname. Please check that they are accurate.
You can suppress this message by setting them explicitly:

    git config --global user.name "Your Name"
    git config --global user.email you@example.com

After doing this, you may fix the identity used for this commit with:

    git commit --amend --reset-author

 142 files changed, 4898 insertions(+)
 create mode 100644 docs/NATIVE_WEYL_CANONICAL_METRIC_CONSTRAINTS_BOUNDED_THEOREM_NOTE_2026-09-13.md
 create mode 100644 docs/work_history/repo/review_feedback/pr8095-evidence/README.md
 create mode 100644 docs/work_history/repo/review_feedback/pr8095-evidence/_objects/0214a046af7d92211e20db7292f968bb16d8123695e5b459b203559282c867d4.gz
 create mode 100644 docs/work_history/repo/review_feedback/pr8095-evidence/_objects/02650e67379b9a285c0bed8607da0912fddb290e6fe629ce463e4270ca5cf379.gz
 create mode 100644 docs/work_history/repo/review_feedback/pr8095-evidence/_objects/06c77153dcc19c447e525c6ddc8461f48a5ea65cb0a528af8f2bd57138930f41.gz
 create mode 100644 docs/work_history/repo/review_feedback/pr8095-evidence/_objects/0ebcfbf1333b496a602033dfd5ffb668da08c5fb578c31539f7fb61c3af8f1d6.gz
 create mode 100644 docs/work_history/repo/review_feedback/pr8095-evidence/_objects/113d43d91d07b4bf08dd7a8208c90f1135b3742e65b81978803eb82047b47323.gz
 create mode 100644 docs/work_history/repo/review_feedback/pr8095-evidence/_objects/1361281e5b82a06bcc238d2a15f6ab59f991e958270c8bf01e80fde408e18f3e.gz
 create mode 100644 docs/work_history/repo/review_feedback/pr8095-evidence/_objects/1371679c7702cc2f5d4e709570954b6a15ea5077aaa6193e7148c7a276adf97e.gz
 create mode 100644 docs/work_history/repo/review_feedback/pr8095-evidence/_objects/146e069b47ecab5f3fb6496e3b5ace75fbec41c0893641f38e8dfb9b6a349271.gz
 create mode 100644 docs/work_history/repo/review_feedback/pr8095-evidence/_objects/15a18be19c5211f6c08d86f6abe01e6cc41c80aa5581dca5533116bceee83663.gz
 create mode 100644 docs/work_history/repo/review_feedback/pr8095-evidence/_objects/15e8b80adec7a21a505fc93ddbcb714d08f78afba358bf9c57ffc5cb3246cce6.gz
 create mode 100644 docs/work_history/repo/review_feedback/pr8095-evidence/_objects/181f353b87b513f36154db33b2e673d0a4c73f75a0a421bd9e5295dadf32f88f.gz
 create mode 100644 docs/work_history/repo/review_feedback/pr8095-evidence/_objects/19a357eef7e93adb1bc78a819364750241647fc2f55bad963aed1cddaf206d4c.gz
 create mode 100644 docs/work_history/repo/review_feedback/pr8095-evidence/_objects/1a4e12a98453daa8c6995ca1742c4070e7346d9a2e7c160e0a2d44b753100539.gz
 create mode 100644 docs/work_history/repo/review_feedback/pr8095-evidence/_objects/1c36bf389de2163b0b955d709e79210083f8b38af5598082138e4ed6dae23323.gz
 create mode 100644 docs/work_history/repo/review_feedback/pr8095-evidence/_objects/1eddb5c0236b0714bf62c4f778cfdeaf72ef60db8cedd9d684e366bef85a2069.gz
 create mode 100644 docs/work_history/repo/review_feedback/pr8095-evidence/_objects/224db8e99d04798fbb904bf960b973c8677213f47d7ee0efdc0b518374bf0300.gz
 create mode 100644 docs/work_history/repo/review_feedback/pr8095-evidence/_objects/233b1e685c872c28cab7b0a96e65d77e2b1d66abf948ccc1572e30cd44a85422.gz
 create mode 100644 docs/work_history/repo/review_feedback/pr8095-evidence/_objects/2440a76c92c9f5bb24905a357b06711edb67ecd08f51753b4de19dcad6017191.gz
 create mode 100644 docs/work_history/repo/review_feedback/pr8095-evidence/_objects/28bd5decf0fa8d0efb1826e223e8f0461317fd84029f15defe031c51bb9f55b4.gz
 create mode 100644 docs/work_history/repo/review_feedback/pr8095-evidence/_objects/2b53a25ce172328fe518364e63bcfb319c241caa5a184d010ea38a1e9a640161.gz
 create mode 100644 docs/work_history/repo/review_feedback/pr8095-evidence/_objects/2b6175a91da353936df7df3de1176f9dbb1b8ad26ccefe6994d60cabd7fe1407.gz
 create mode 100644 docs/work_history/repo/review_feedback/pr8095-evidence/_objects/2c73f07ff60e0bd62e93d1b5e9a2e96a36cfcc918067b155b6af57b8c604c84d.gz
 create mode 100644 docs/work_history/repo/review_feedback/pr8095-evidence/_objects/330fc381efe20ea2c737ef974f5d3efd909a8a1a4a712a168866f729b03127dc.gz
 create mode 100644 docs/work_history/repo/review_feedback/pr8095-evidence/_objects/35e4cca607012122735e774d3d14891c4283b1dd597cd1083cab7bd642282181.gz
 create mode 100644 docs/work_history/repo/review_feedback/pr8095-evidence/_objects/390732bc186a174cfd33a5e3dbba2995aecdfcb5e7db7df4e1e8d1574492076e.gz
 create mode 100644 docs/work_history/repo/review_feedback/pr8095-evidence/_objects/3ad1a7f9b0efecddf7eeec7f20fb396b6b8bd5486d833a0ef74018fc89008b96.gz
 create mode 100644 docs/work_history/repo/review_feedback/pr8095-evidence/_objects/3b3170c6bba28edbb5b62c2333daeb80cf555ecc581e47c32ce5ab46ef82bb73.gz
 create mode 100644 docs/work_history/repo/review_feedback/pr8095-evidence/_objects/41b8bc7bb00d63942960a049f1c8f0eae22486c20e0f6318644f72af43831805.gz
 create mode 100644 docs/work_history/repo/review_feedback/pr8095-evidence/_objects/4220432f713a12d08324b540a42010b9fda650b76a194cd8528cf1452fe53d9b.gz
 create mode 100644 docs/work_history/repo/review_feedback/pr8095-evidence/_objects/424f1a88c0e71ca50170cddda5801b0a895bc3293dcdd9bf5430978863d9e886.gz
 create mode 100644 docs/work_history/repo/review_feedback/pr8095-evidence/_objects/488656fa2669eebe07e621412d96b92c9e874966f171db92d88f8b5b3559ad0a.gz
 create mode 100644 docs/work_history/repo/review_feedback/pr8095-evidence/_objects/48e411e1b9fa62a65ec21df1c3646d194e7858e4c3e6d91d05ce7ceaa7301dab.gz
 create mode 100644 docs/work_history/repo/review_feedback/pr8095-evidence/_objects/4ac43431b434555ec4d150a2494d81a3b7793d89559c08c93659f9d39f2876ac.gz
 create mode 100644 docs/work_history/repo/review_feedback/pr8095-evidence/_objects/4b9f6283b698aed0f30dcc145fa274851d73b7d24bb8039a757aa866696a391c.gz
 create mode 100644 docs/work_history/repo/review_feedback/pr8095-evidence/_objects/4edc5b85dbf9a0f6409f1fce48e84b3dede3161ec934e3ac1c0456f2958d5982.gz
 create mode 100644 docs/work_history/repo/review_feedback/pr8095-evidence/_objects/504364f4dc9b2a94be6f36ecda223ee9645f1e7f52d6b745a7789f1db23aeedc.gz
 create mode 100644 docs/work_history/repo/review_feedback/pr8095-evidence/_objects/51b6e9a54b2b03b57a38aea6985274695dbab39e3864657e250047bafebdad0f.gz
 create mode 100644 docs/work_history/repo/review_feedback/pr8095-evidence/_objects/51e68460a177c296f99e1a4a2689c29fcc9e8fa352ae9c5abb0de26e3c9f710f.gz
 create mode 100644 docs/work_history/repo/review_feedback/pr8095-evidence/_objects/54be4dbf311ab9abfaba83d95cf0bda01d4beb875d0460a64471bcb35f167411.gz
 create mode 100644 docs/work_history/repo/review_feedback/pr8095-evidence/_objects/56bd65b03b2cb5011b9504fbea1b11ec0faece2dd101fba075562e3c83ac080f.gz
 create mode 100644 docs/work_history/repo/review_feedback/pr8095-evidence/_objects/571eb39a1759d9270ef348a0a8570e1cafb326a8bcda33bb43854f88e7b70680.gz
 create mode 100644 docs/work_history/repo/review_feedback/pr8095-evidence/_objects/580c6a1b5e83d9c0ff2d2b22f89d1f305423f2143ee6972392ef2fc82e0ceed0.gz
 create mode 100644 docs/work_history/repo/review_feedback/pr8095-evidence/_objects/5ae5225b36d1d18e4772d8de7dd5a371cb90990c43f7604cf84247a3e31dd75a.gz
 create mode 100644 docs/work_history/repo/review_feedback/pr8095-evidence/_objects/5ca9743238c0237033737b325762a25d27423abb2b490cb72bcc2a66bc77e399.gz
 create mode 100644 docs/work_history/repo/review_feedback/pr8095-evidence/_objects/63cb8258f8be99fe5dfd984d31c4a1a2ec0eb2f3e3600ed4c20a6b15af8d063d.gz
 create mode 100644 docs/work_history/repo/review_feedback/pr8095-evidence/_objects/64a25a81049a50dfe0fe1298d1bcc540b12bd9a6d7860c3804a3a398b4726d13.gz
 create mode 100644 docs/work_history/repo/review_feedback/pr8095-evidence/_objects/64bfbe6325e81023e565b6725dffd86d98fe6614f9396c8578e375ada362a99c.gz
 create mode 100644 docs/work_history/repo/review_feedback/pr8095-evidence/_objects/669c6504bd50ba6185a90c5fe70be3f8fadee9ac8ea6624ddb17edd3adee5390.gz
 create mode 100644 docs/work_history/repo/review_feedback/pr8095-evidence/_objects/6934a8da18c5637bd46305a1f3188330b201a9067942559b88bd7d75acf088f2.gz
 create mode 100644 docs/work_history/repo/review_feedback/pr8095-evidence/_objects/6ecb4fe2f4d5d27d899ddad3388f06403fed5d35944a8cb39dd34fdd31027f34.gz
 create mode 100644 docs/work_history/repo/review_feedback/pr8095-evidence/_objects/74cb3dc23fefb05a6b91e9cf392d82e205f6be625537dd7c8fccdcbd1de8b92f.gz
 create mode 100644 docs/work_history/repo/review_feedback/pr8095-evidence/_objects/75d6a064729cbe1ea9a971d687e7466e8dab9e9f47e126d84fc0de439e755971.gz
 create mode 100644 docs/work_history/repo/review_feedback/pr8095-evidence/_objects/772e3bd6e48c380bfd1802f2e44693c022ed31ddf336b638c2bdbf472f70e353.gz
 create mode 100644 docs/work_history/repo/review_feedback/pr8095-evidence/_objects/783153f4d240f592cc9f8400570c0438635254a9b8c4bf6ad1bbb9a8442a3e6e.gz
 create mode 100644 docs/work_history/repo/review_feedback/pr8095-evidence/_objects/7c67bfbfcd2646fceb435be8261c90a0f1473a8533f5751efa2b4b5c3a11c51f.gz
 create mode 100644 docs/work_history/repo/review_feedback/pr8095-evidence/_objects/7cd3abc11c0a1989bc6467046d90374ff2e929298581423277c5cdd4c26c9dfc.gz
 create mode 100644 docs/work_history/repo/review_feedback/pr8095-evidence/_objects/80f7b5d639398af8a8e5366e3b4af031f756342a83adf7133af7c55b1181fdb5.gz
 create mode 100644 docs/work_history/repo/review_feedback/pr8095-evidence/_objects/81383e76245c87353a8aac36fe72b5c3bee835320fdecb94cb40af9559710979.gz
 create mode 100644 docs/work_history/repo/review_feedback/pr8095-evidence/_objects/8171306c9779396888253cf70af1ed99f17c9bf1929c455a9393a5696f53f7ad.gz
 create mode 100644 docs/work_history/repo/review_feedback/pr8095-evidence/_objects/8244b2f91ab07f827fe1f3083910bf65d8d86df3c5731a7f9dd31a3e27a3faeb.gz
 create mode 100644 docs/work_history/repo/review_feedback/pr8095-evidence/_objects/830c653b7892ea72d3426fad1acfbd21235343b06dd9f63651b6ea59c8b09b03.gz
 create mode 100644 docs/work_history/repo/review_feedback/pr8095-evidence/_objects/8339bf712c485ec84adf95b9544055f04492cbb83e8bd36b7cf41e1ffcd92866.gz
 create mode 100644 docs/work_history/repo/review_feedback/pr8095-evidence/_objects/85d013cb3af29d9ed469ca9cbf48c2120c01bf9914657f9ad393baaa4a518378.gz
 create mode 100644 docs/work_history/repo/review_feedback/pr8095-evidence/_objects/8722a62f6f964c82b3f12ae735f302401678d5e492ec3655047fc2c49fcc4b25.gz
 create mode 100644 docs/work_history/repo/review_feedback/pr8095-evidence/_objects/879a30b256b170103d54bc5e732c52b5d44326c6900cf1b3852afe142497b8a7.gz
 create mode 100644 docs/work_history/repo/review_feedback/pr8095-evidence/_objects/88be8de9e3a969133e5062b641061e8c1f62e198addd6eb0cd977073b28d58ba.gz
 create mode 100644 docs/work_history/repo/review_feedback/pr8095-evidence/_objects/898cc55c0bd4ee2a693df0471df5c07c9ab2bbd806f7c703f331bc6b2b5d900b.gz
 create mode 100644 docs/work_history/repo/review_feedback/pr8095-evidence/_objects/8ae5bfc3e9c75c71e38e8e46e66019899fd0adcd8482814a78fcff2b0c5f535f.gz
 create mode 100644 docs/work_history/repo/review_feedback/pr8095-evidence/_objects/91007275a8b3e91c207c476aa5ad9bd61e0a49e384833a65224ba1b25789fe0d.gz
 create mode 100644 docs/work_history/repo/review_feedback/pr8095-evidence/_objects/9191821812b4eff0ad0a9449b891750d7c107c84957a4fc097800a7233f06dfe.gz
 create mode 100644 docs/work_history/repo/review_feedback/pr8095-evidence/_objects/9298fc7c1955b211f3504df02c16742422818d7048a45130d5310df20b0f1ee2.gz
 create mode 100644 docs/work_history/repo/review_feedback/pr8095-evidence/_objects/98419132b11a0eb790e93202b5972d3a8f67a05fc79dd30e9b7d80f23da1d17c.gz
 create mode 100644 docs/work_history/repo/review_feedback/pr8095-evidence/_objects/9b21b181467fe262f668df29bc40bd4ed85219394f8948bc5c03e23d1f8d2d0d.gz
 create mode 100644 docs/work_history/repo/review_feedback/pr8095-evidence/_objects/9c4550ba89f8a551d02580983e9e3a79ddd166b38958910f9a4343d80b2d0ff1.gz
 create mode 100644 docs/work_history/repo/review_feedback/pr8095-evidence/_objects/9ceffb7310338057cfe71a4ae1e2c98d2c485d81cdef906532a801f457a38d64.gz
 create mode 100644 docs/work_history/repo/review_feedback/pr8095-evidence/_objects/9df0f9b0b5a7c1aee5ec8e34948bf874581634b186e9889021de16c986e22fb3.gz
 create mode 100644 docs/work_history/repo/review_feedback/pr8095-evidence/_objects/a4514e899468e1844bc3839d1dede4d6685add11329d2d5a98f2f02cbef84382.gz
 create mode 100644 docs/work_history/repo/review_feedback/pr8095-evidence/_objects/a476e0843ad5f9b6e96f235f9f6db454b7abb4d915e5335473fabd877435eede.gz
 create mode 100644 docs/work_history/repo/review_feedback/pr8095-evidence/_objects/a5bf8b897895f51a941084aeb25b83eef493da155f9e634cb1d566fb72a16c0a.gz
 create mode 100644 docs/work_history/repo/review_feedback/pr8095-evidence/_objects/a61b2fc01e7ffba8f3b22faf239ac48ca82054878a32f3e92657f0d85f3a2eb1.gz
 create mode 100644 docs/work_history/repo/review_feedback/pr8095-evidence/_objects/a6607c5ccf84986d8c01cfe38ef482223e02b64e27b604d43e279e71128be130.gz
 create mode 100644 docs/work_history/repo/review_feedback/pr8095-evidence/_objects/ac48c27318b75e003fe0534a459122724bca99876d506c66ef94174adc235af6.gz
 create mode 100644 docs/work_history/repo/review_feedback/pr8095-evidence/_objects/ae7fc0703c77c312d5f82b92d4977188603b8ab4dc7eedc9bcceef895e59ec56.gz
 create mode 100644 docs/work_history/repo/review_feedback/pr8095-evidence/_objects/b075f06e9da33c413f8c30e1cdc6788be57873ded38036b82f5385bb986f1aaa.gz
 create mode 100644 docs/work_history/repo/review_feedback/pr8095-evidence/_objects/b0f250b3b63375a2c6997894eef525affa8d4d1a0db053f75d32cc7f6c4afb11.gz
 create mode 100644 docs/work_history/repo/review_feedback/pr8095-evidence/_objects/b132a0d045b2b3d75236af28ee9f86aae8701498abcf5b0e290671f097287d22.gz
 create mode 100644 docs/work_history/repo/review_feedback/pr8095-evidence/_objects/b304d6e1467e12b9e76f3624cfefe0d3fb07d40045a3b2e802cef56072c66320.gz
 create mode 100644 docs/work_history/repo/review_feedback/pr8095-evidence/_objects/b4d7d49cfe3c21914c675729141fb3a3f02a756a895825fb2ab414093996609c.gz
 create mode 100644 docs/work_history/repo/review_feedback/pr8095-evidence/_objects/b5a6a4ef6d118f5e928018c8a22d29fcc7019529ddf2f009d4dc6d21108f46d7.gz
 create mode 100644 docs/work_history/repo/review_feedback/pr8095-evidence/_objects/b6a88025474e31b3c85f25db3891079bd9e7d4476d94f4c8ec4105c3ce405e35.gz
 create mode 100644 docs/work_history/repo/review_feedback/pr8095-evidence/_objects/b6c83702bdb4de65d25552388977683f188d553dafa11a504e4b1b7d85ee4094.gz
 create mode 100644 docs/work_history/repo/review_feedback/pr8095-evidence/_objects/b70ce6a8e028916b35074cd02dae45b52da397c85ffda90bc602618b7630ea8e.gz
 create mode 100644 docs/work_history/repo/review_feedback/pr8095-evidence/_objects/b83654c4d76f6e9ce7bc80b34df6dc790ddb29f7c0fb34b928326ff89581b8eb.gz
 create mode 100644 docs/work_history/repo/review_feedback/pr8095-evidence/_objects/b8f89c8bbeeeae3f5bfbc91bf26b84bc4f90abceb165bee024293485228d641d.gz
 create mode 100644 docs/work_history/repo/review_feedback/pr8095-evidence/_objects/bb1cdb9764d6af466d54b8c930847b2677473c2a3962c24a8080b8bb9001e49a.gz
 create mode 100644 docs/work_history/repo/review_feedback/pr8095-evidence/_objects/bc869855d483838386039c004ca1e3f93de865a9479f30e2468cb8423b290e7f.gz
 create mode 100644 docs/work_history/repo/review_feedback/pr8095-evidence/_objects/be32ae605415b2e09b683ec6ef8da6f67348fe38dc83ffce0d0e0f33c0d10503.gz
 create mode 100644 docs/work_history/repo/review_feedback/pr8095-evidence/_objects/c03763e9bc5b44df1e3d2c978a48d2bd3f2031e68ff18091543fdba523acc4db.gz
 create mode 100644 docs/work_history/repo/review_feedback/pr8095-evidence/_objects/c1ab148284fd65e2db4be9cc63ecd88d64f7ea36e3920c5099b1d181a238e778.gz
 create mode 100644 docs/work_history/repo/review_feedback/pr8095-evidence/_objects/c1dee6ce3d400529ff4f36ec5a85c1a7f0e5098a8471fa52f9bcca7ad525425b.gz
 create mode 100644 docs/work_history/repo/review_feedback/pr8095-evidence/_objects/c3d424875b893bd9747d81aee0ddabeea3173195d4c712ea60d1f33695d628c9.gz
 create mode 100644 docs/work_history/repo/review_feedback/pr8095-evidence/_objects/c4703f977f27d57fb9ace085b48df5bf5e0335b0063aff94285d4219e8668cb6.gz
 create mode 100644 docs/work_history/repo/review_feedback/pr8095-evidence/_objects/c69e4269cd481972d1b15d35436c4d34b12eb46367865c91dc619a5c240da375.gz
 create mode 100644 docs/work_history/repo/review_feedback/pr8095-evidence/_objects/ce0a1893aa4e75958f9cd025b54cfc5176de28ad20a06cfa5a7171af63e0bbd9.gz
 create mode 100644 docs/work_history/repo/review_feedback/pr8095-evidence/_objects/ce14a34ec46f7fce1e1e28b0a6635e3c7382f5ba2495d83292be02d1913c9389.gz
 create mode 100644 docs/work_history/repo/review_feedback/pr8095-evidence/_objects/cf626769dec8a6604f1512be8c7bcf2a9878049dd8cc455ddbe0cc4342f204f2.gz
 create mode 100644 docs/work_history/repo/review_feedback/pr8095-evidence/_objects/d117fb3797e2d5d720e13d5979c2b23e3b2265e6e101b4fa1744c0f01ce2136f.gz
 create mode 100644 docs/work_history/repo/review_feedback/pr8095-evidence/_objects/d39c636bef2529cceb5bf3755fee2685586fb072d43d9bf03ef0c99abf520ee8.gz
 create mode 100644 docs/work_history/repo/review_feedback/pr8095-evidence/_objects/d4ab7ac046b16c455ea1ba41f1810495e83763cb2bac9ae11bb53ff0b08a5fff.gz
 create mode 100644 docs/work_history/repo/review_feedback/pr8095-evidence/_objects/dab6a9d5e5ff3b58f60b206f7e0426342c05432133759c0b16c8863a6e359bba.gz
 create mode 100644 docs/work_history/repo/review_feedback/pr8095-evidence/_objects/dba78bf8c55ab8faca96bbd18d4374cf94ee6129610d41afc697ee9f2dbc9001.gz
 create mode 100644 docs/work_history/repo/review_feedback/pr8095-evidence/_objects/ddf3e454a6e50b894e59c8431ae97c0d014f81887974aff3ee3a5f682d94079a.gz
 create mode 100644 docs/work_history/repo/review_feedback/pr8095-evidence/_objects/dec9e3cce9bf83790ba7bf9ad169f2855510ed452ae529d94c4515fc747ad4c7.gz
 create mode 100644 docs/work_history/repo/review_feedback/pr8095-evidence/_objects/df2bf709d552f92fe2f5c96507633456cd63af96d8f088251591e6219d735a06.gz
 create mode 100644 docs/work_history/repo/review_feedback/pr8095-evidence/_objects/e22ab0bf85c90655539992832fa2d14c42ff0e40bab2c99d65fd38838dd539cd.gz
 create mode 100644 docs/work_history/repo/review_feedback/pr8095-evidence/_objects/e25084b41c57293d71ceea1926483fca8488672bd39df9908737f3bdd93cbc36.gz
 create mode 100644 docs/work_history/repo/review_feedback/pr8095-evidence/_objects/e3b0c44298fc1c149afbf4c8996fb92427ae41e4649b934ca495991b7852b855.gz
 create mode 100644 docs/work_history/repo/review_feedback/pr8095-evidence/_objects/e4a002c2dafcc44c4cac6b288e432f75dc7ea7585489c5ada95a3a9028c57ee7.gz
 create mode 100644 docs/work_history/repo/review_feedback/pr8095-evidence/_objects/e780eee99bb49bec8ff7790ab3b2b8a5b2ccdb3569674eae16e73f97a0070f2a.gz
 create mode 100644 docs/work_history/repo/review_feedback/pr8095-evidence/_objects/eae3d3c143cefbb2770392ca34498586924a68e3638be2d758b922feb9ab07be.gz
 create mode 100644 docs/work_history/repo/review_feedback/pr8095-evidence/_objects/ebee560351d715004a29d8cd9cd3cd96e2b676712b33a44c3570fd6097498211.gz
 create mode 100644 docs/work_history/repo/review_feedback/pr8095-evidence/_objects/ed1a90a8f842717ab7787d1594a0987c66ec2e905bb426f1adef2e0f750ba356.gz
 create mode 100644 docs/work_history/repo/review_feedback/pr8095-evidence/_objects/ee7d3ff07a1420e54f63f09645be931791b30c4f523031e553be3a7f00985721.gz
 create mode 100644 docs/work_history/repo/review_feedback/pr8095-evidence/_objects/eeb0a2ce966b9f010ed44d794d87fc7636b5d8355be158260a5a8d67e166946a.gz
 create mode 100644 docs/work_history/repo/review_feedback/pr8095-evidence/_objects/f03dec95e672faa1778abe856b583e19b676fc353071b7fe9b961664a04e63c5.gz
 create mode 100644 docs/work_history/repo/review_feedback/pr8095-evidence/_objects/f0510efac0f390007f4e171408bdbb677d3da3636f8e8265b3327861c36508d7.gz
 create mode 100644 docs/work_history/repo/review_feedback/pr8095-evidence/_objects/f0ec0141853cbf006a9a790f0de72f1b71ae2cc1bb2514d006251ae0a8b7dfad.gz
 create mode 100644 docs/work_history/repo/review_feedback/pr8095-evidence/_objects/f1f8ade03aea801e1f3e06871e2ce9ed52cca7ecfa725b90b78978353b1ecf8f.gz
 create mode 100644 docs/work_history/repo/review_feedback/pr8095-evidence/_objects/f67ea3ccc70f3d46deef323fe821cdb5371c87bfd3b09d6faba88b1d3dd9590b.gz
 create mode 100644 docs/work_history/repo/review_feedback/pr8095-evidence/_objects/f98fefc66946a76f4c9f8d234b85e1ff3c305e3660216376dda248e4f9c0ff60.gz
 create mode 100644 docs/work_history/repo/review_feedback/pr8095-evidence/_objects/fb26be245387283475872339df8be0e4b430014814a138ae967fe2332e435468.gz
 create mode 100644 docs/work_history/repo/review_feedback/pr8095-evidence/_objects/fd25a3e69a5bb818673e636e8c9fe83dbdc9fe90e87026ae683aa8f3dc9e3ca2.gz
 create mode 100644 docs/work_history/repo/review_feedback/pr8095-evidence/_objects/fd41e9fc31212fe4d926e2e2aff4976f2674f8adf05f0465e4299adc8bd03029.gz
 create mode 100644 docs/work_history/repo/review_feedback/pr8095-evidence/_objects/fef9a9c7b45894c00fc2acdae0224c0b0955d835608d29cdfa2b5b8ddeb598df.gz
 create mode 100644 docs/work_history/repo/review_feedback/pr8095-evidence/_objects/ff4b53f16e05a84f582995206e6a18a4de440a67816ae3ad6eb9df7ac4497c50.gz
 create mode 100644 docs/work_history/repo/review_feedback/pr8095-evidence/_objects/ffe0c433e5089c17ccdc08171ad29a3578ed558e03544e33753ef3a18b8a9880.gz
 create mode 100644 docs/work_history/repo/review_feedback/pr8095-evidence/archive-manifest.json
 create mode 100644 docs/work_history/repo/review_feedback/pr8095-evidence/kept/pr8095-REVIEW_HISTORY-3f4cb79c836849bf.md
 create mode 100644 logs/runner-cache/native_weyl_canonical_metric_constraints_2026_09_13.txt
 create mode 100644 scripts/native_weyl_canonical_metric_constraints_2026_09_13.py
FROZEN 9c4e2f688c9f63fa4ca47e26580b677e9f77d2ce sources 142 inputs 164 notes 1
