[detached HEAD 645749caae] Preserve independently reviewed source unit PR8052-8053-8058
 Date: Tue Sep 15 11:30:51 2026 -0400
 Committer: Jon Bridger Apps <jonBridger@Jonathons-Mac-mini.local>
Your name and email address were configured automatically based
on your username and hostname. Please check that they are accurate.
You can suppress this message by setting them explicitly:

    git config --global user.name "Your Name"
    git config --global user.email you@example.com

After doing this, you may fix the identity used for this commit with:

    git commit --amend --reset-author

 392 files changed, 125354 insertions(+)
 create mode 100644 docs/NATIVE_THIRD_ORDER_STAR_VERTEX_NOTE_2026-09-08.md
 create mode 100644 docs/NATIVE_WEAK_ELECTRIC_SPECTATOR_GAP_NOTE_2026-09-08.md
 create mode 100644 docs/NATIVE_ZERO_PENALTY_L4_DELAYED_SPLITTING_NOTE_2026-09-08.md
 create mode 100644 docs/work_history/repo/review_feedback/pr8052-evidence/README.md
 create mode 100644 docs/work_history/repo/review_feedback/pr8052-evidence/_objects/02789f3ddd14b978ad833bc3fdb1efdb7fbf7feac104dc2a76d31a2479c73e65.gz
 create mode 100644 docs/work_history/repo/review_feedback/pr8052-evidence/_objects/0326e121000b24480ddd8859eb2baf1973fc360be73d314727f5bc499c105407.gz
 create mode 100644 docs/work_history/repo/review_feedback/pr8052-evidence/_objects/03efaa3b910ee98625f49e2e44413e58af3240bd589c23b4ef7b0c2668ad9d75.gz
 create mode 100644 docs/work_history/repo/review_feedback/pr8052-evidence/_objects/08e46fdefb50a931f1d4743895efcdf8aa40f83a35431af48ee1e5332e4df832.gz
 create mode 100644 docs/work_history/repo/review_feedback/pr8052-evidence/_objects/15995987ed4bdf27e01ee437ac28d43d1082590e8e226faf57043c9c6cf81e87.gz
 create mode 100644 docs/work_history/repo/review_feedback/pr8052-evidence/_objects/1ec7b6d635a4f6da99f0239536a5d0ae49e4ae42118fcb932e1202c02e8f8868.gz
 create mode 100644 docs/work_history/repo/review_feedback/pr8052-evidence/_objects/1fa42f29a94cb7c14520fc32a716e75301d89bfebc4c5b5dd022817891b5cfa9.gz
 create mode 100644 docs/work_history/repo/review_feedback/pr8052-evidence/_objects/221e3d600438a636ef4f7379dbee309510ef572f360ccee3196c5dd8b4f2b37d.gz
 create mode 100644 docs/work_history/repo/review_feedback/pr8052-evidence/_objects/240dcf300feb63dbd5f60803e38aae2dcbaf1aa8c38f9055e64ae24c9523232d.gz
 create mode 100644 docs/work_history/repo/review_feedback/pr8052-evidence/_objects/2446df844552112168a8bef3b736c1dc5538a7f48dded14d39d81ef225ae2d48.gz
 create mode 100644 docs/work_history/repo/review_feedback/pr8052-evidence/_objects/24d3d5d202c0badc7e97f73a60e4d86da4a28b87a47037424e2cc10d50075fc1.gz
 create mode 100644 docs/work_history/repo/review_feedback/pr8052-evidence/_objects/27670523c3b18c5b8d6c2ab9e2141dc542a071786b0842d25fdc791f93c50928.gz
 create mode 100644 docs/work_history/repo/review_feedback/pr8052-evidence/_objects/2ca6f7deb44f3a77ab163a84d10f7a62c974cb8d46a477b79086ad75c2754a64.gz
 create mode 100644 docs/work_history/repo/review_feedback/pr8052-evidence/_objects/32b2d1dc8aa9129f8294767884de2f92195fc7fc8c678a7a1ad17fdfdc3d7dca.gz
 create mode 100644 docs/work_history/repo/review_feedback/pr8052-evidence/_objects/370cec2de948f6c7772f06cf8e2905e09843ad336ef765d885b2f2d267c382e3.gz
 create mode 100644 docs/work_history/repo/review_feedback/pr8052-evidence/_objects/46495a2d4632d65043f177785f7c35ba9982f22300f7d09a61f5ac0c6dabe56e.gz
 create mode 100644 docs/work_history/repo/review_feedback/pr8052-evidence/_objects/51d5f21aadc5a6c59ace94219e5b6e90304df5f3067a5174ec741d791afc643e.gz
 create mode 100644 docs/work_history/repo/review_feedback/pr8052-evidence/_objects/55cc6247b7b9d29081535ec4dee0b51fdbc5fe9af884c74be9dbc3bcf0853ee6.gz
 create mode 100644 docs/work_history/repo/review_feedback/pr8052-evidence/_objects/57337500779e65e6876c8378d0b81a659ef23b6a49d4719879a490cdca09eadc.gz
 create mode 100644 docs/work_history/repo/review_feedback/pr8052-evidence/_objects/59833bd0185aea9d1d875bc6d616ad83fd03f7c83a5ca9892674941eaf70c014.gz
 create mode 100644 docs/work_history/repo/review_feedback/pr8052-evidence/_objects/5bdfb63fbac6f3f5639b88d25d849d31db90851a3bc0134bbb87505224c20cc8.gz
 create mode 100644 docs/work_history/repo/review_feedback/pr8052-evidence/_objects/5d71ef463a4d19119c520acec85918a5142ee5693c43cdb1fc99182d0df1d681.gz
 create mode 100644 docs/work_history/repo/review_feedback/pr8052-evidence/_objects/637f50bfde4315dbf3718e59a2e9b85fc33f6f8a9bc89527afb8f175643ef655.gz
 create mode 100644 docs/work_history/repo/review_feedback/pr8052-evidence/_objects/687f3dd9f58a65524d77eca1de5783b56fda010c22679ffb9a672d3e41d2a607.gz
 create mode 100644 docs/work_history/repo/review_feedback/pr8052-evidence/_objects/69bef45be4a4db0724e31e0275c5b6fd6e5323cbca6218569fb3113cad70384e.gz
 create mode 100644 docs/work_history/repo/review_feedback/pr8052-evidence/_objects/83a792ed3363a8897d25903f556cc7dd7cac5d2ddd2babc8eb3033c50ca2c84a.gz
 create mode 100644 docs/work_history/repo/review_feedback/pr8052-evidence/_objects/86aba8ccf3bb41dae745ede2ec288371fc3dd8d7021d63aa24080e67f4bd28b0.gz
 create mode 100644 docs/work_history/repo/review_feedback/pr8052-evidence/_objects/8718af991044a69e48823925b5a429a1582847b54557f64155ae1c5993b49c85.gz
 create mode 100644 docs/work_history/repo/review_feedback/pr8052-evidence/_objects/8d4aa892a36b5fc0913229e09a83b638e8ba636037a4a2f68b5dfc9ba93e264d.gz
 create mode 100644 docs/work_history/repo/review_feedback/pr8052-evidence/_objects/8dd8dfb6746a11710436a4e994731b20c8c284b8c23f4fa775b933961cb8273c.gz
 create mode 100644 docs/work_history/repo/review_feedback/pr8052-evidence/_objects/92cbf3ba5f9c7d395fa11e2ca90a7353648ead9448cdcedf09154dcf35129d5a.gz
 create mode 100644 docs/work_history/repo/review_feedback/pr8052-evidence/_objects/95b480eac2039b58b39a56a80d0773686928c175d1029960560f499f16fe533d.gz
 create mode 100644 docs/work_history/repo/review_feedback/pr8052-evidence/_objects/9638dc5993761b946cf0976563aef5d4b4635fe291db89651b1ceded6f4d31fc.gz
 create mode 100644 docs/work_history/repo/review_feedback/pr8052-evidence/_objects/96910d22d641866d6df3e13f7ba3bd3b3555398b04b39f0173963b0d2c01b09b.gz
 create mode 100644 docs/work_history/repo/review_feedback/pr8052-evidence/_objects/9d7aee6868eda4f2a210a3561773dd57d8124f5abe81a1a68d63392b0c378ac0.gz
 create mode 100644 docs/work_history/repo/review_feedback/pr8052-evidence/_objects/a103508a146962fbd99e7b6acb851533173399188bdfad7778c6c5a2eb13d459.gz
 create mode 100644 docs/work_history/repo/review_feedback/pr8052-evidence/_objects/a37d8a7ceb66188ff928a549a3a488938b6a686055f95449b40dc976203c6f6c.gz
 create mode 100644 docs/work_history/repo/review_feedback/pr8052-evidence/_objects/a8c32ff9e42ec45a76c5ae5d216d1db332082f9659e0f6c6ae2bc49b2fd1eb19.gz
 create mode 100644 docs/work_history/repo/review_feedback/pr8052-evidence/_objects/a9eb7a8782f99b88170976152b01678663053590eadf74ecd1700ddc06e23961.gz
 create mode 100644 docs/work_history/repo/review_feedback/pr8052-evidence/_objects/b1561c3326a62a6a9d045c0380e93bd3eff5c7f22b1bef63238c4ef46487d9b1.gz
 create mode 100644 docs/work_history/repo/review_feedback/pr8052-evidence/_objects/b17fbf7ea58ac5d6a2cd227f9d0503a3daa2d8414cde36661304410ce78cb76a.gz
 create mode 100644 docs/work_history/repo/review_feedback/pr8052-evidence/_objects/b36c85b1c7a0a1f332d28070c80ebc76fb1b3bb6e506cc6f705ecc18c2925282.gz
 create mode 100644 docs/work_history/repo/review_feedback/pr8052-evidence/_objects/b644cf228478b0dca1ab7a63ead39e2ff1cfe15dd90f186526e22eb71de4bc58.gz
 create mode 100644 docs/work_history/repo/review_feedback/pr8052-evidence/_objects/b93e08aa48cee5ce6c22cbdcad67a33658c75aed2b666b3e3f15822a7c76924c.gz
 create mode 100644 docs/work_history/repo/review_feedback/pr8052-evidence/_objects/bb05447bca5d6d1106a748248f42875fdc3f628cf9e3786341d099c3344dbe8b.gz
 create mode 100644 docs/work_history/repo/review_feedback/pr8052-evidence/_objects/be64035757ae7b76eced05ff25f293ee6488c90ef869414cd95eef1a5bbbbd99.gz
 create mode 100644 docs/work_history/repo/review_feedback/pr8052-evidence/_objects/c2e6b9769117f8bc698e8f05ed37aae5d2b28552bd3d312c9ea6543a331b90bc.gz
 create mode 100644 docs/work_history/repo/review_feedback/pr8052-evidence/_objects/c52aff78ec51c286fc8568d3d9afa9541c81b5984e96b44442bcfcd15be2cf49.gz
 create mode 100644 docs/work_history/repo/review_feedback/pr8052-evidence/_objects/c75bbf5ea5966eff0a1a614986073eab072a0fb931e164271a6a7944434764a9.gz
 create mode 100644 docs/work_history/repo/review_feedback/pr8052-evidence/_objects/c86d25a637d41e1a44486469ed7893cd4855a195b1f2adf56751f17e35187256.gz
 create mode 100644 docs/work_history/repo/review_feedback/pr8052-evidence/_objects/c8ad1a2f71835688af41bc94be8a8ca0da45f4e2d34f8e696da0649b6bdc9cb8.gz
 create mode 100644 docs/work_history/repo/review_feedback/pr8052-evidence/_objects/c8ea654f75d4a4d34726f7319b313dac58b60a972c12883d908e13053a60484a.gz
 create mode 100644 docs/work_history/repo/review_feedback/pr8052-evidence/_objects/cbfe8d52751582298bccdf0081867eedf4ff0063abb3d4ed014f8a0fdce0bc9a.gz
 create mode 100644 docs/work_history/repo/review_feedback/pr8052-evidence/_objects/d50952b9723dd8029183f7b7860d70f7233571e22c1ef8122882885c3bfb5b4f.gz
 create mode 100644 docs/work_history/repo/review_feedback/pr8052-evidence/_objects/d91de50db070fd5d6555578dbc6016569f04c96ceec64f4fa31e79b9e3277590.gz
 create mode 100644 docs/work_history/repo/review_feedback/pr8052-evidence/_objects/e0c51822e1eb2bb7051f46fbab3dc803e037c032646d35b5420819cfa2fa5e3d.gz
 create mode 100644 docs/work_history/repo/review_feedback/pr8052-evidence/_objects/e3b0c44298fc1c149afbf4c8996fb92427ae41e4649b934ca495991b7852b855.gz
 create mode 100644 docs/work_history/repo/review_feedback/pr8052-evidence/_objects/e99adc84aa6ed58db8414b2fa7cea8b7af39b2d4e42ca9140f1f467920c1550e.gz
 create mode 100644 docs/work_history/repo/review_feedback/pr8052-evidence/_objects/ea593da8b6e39d99bf7b73ea2d3cb5b1d0736b78b119fb32407db9700f760f46.gz
 create mode 100644 docs/work_history/repo/review_feedback/pr8052-evidence/_objects/f32b48672d749562a238e458b5bd3518ed8fcfea8af9200968e6c953bba7d796.gz
 create mode 100644 docs/work_history/repo/review_feedback/pr8052-evidence/_objects/f443ba3e202636086b0ed4e7f6075bc537b156d4beb317b1dee25314e1996f9a.gz
 create mode 100644 docs/work_history/repo/review_feedback/pr8052-evidence/_objects/fd7c3e5529d570bda334b0493f0d389a44b78dc4d74e1daf7ba165984639d865.gz
 create mode 100644 docs/work_history/repo/review_feedback/pr8052-evidence/archive-manifest.json
 create mode 100644 docs/work_history/repo/review_feedback/pr8052-evidence/kept/pr8052-HANDOFF-9ef67db77ea9ef6f.md
 create mode 100644 docs/work_history/repo/review_feedback/pr8052-evidence/kept/pr8052-ROOT_CANONICAL_REVIEW-857933c7e06ad6ff.md
 create mode 100644 docs/work_history/repo/review_feedback/pr8052-evidence/kept/pr8052-TRACE_GATE-f67515f6cce5b41d.md
 create mode 100644 docs/work_history/repo/review_feedback/pr8053-evidence/README.md
 create mode 100644 docs/work_history/repo/review_feedback/pr8053-evidence/_objects/013febcf4bdeb5777a0f10cf455e0ca1c490497a5bfe960e53396fd7f157f588.gz
 create mode 100644 docs/work_history/repo/review_feedback/pr8053-evidence/_objects/022db93c3e8283c493d2c4f49188e5178b02974365eacd95c2459b38736dfe0a.gz
 create mode 100644 docs/work_history/repo/review_feedback/pr8053-evidence/_objects/0335ed938fd82bf4750ca7058a8c0975f8b23880ee6a88538bfe931e70bcb4a9.gz
 create mode 100644 docs/work_history/repo/review_feedback/pr8053-evidence/_objects/04444000e2ac5b944c2753d8a67543b840c042e5a91a3250aff9364621846da3.gz
 create mode 100644 docs/work_history/repo/review_feedback/pr8053-evidence/_objects/05af39b84d4baa91cf18aa2cff823ddf6486a46677e9334b349862d30e39eeb9.gz
 create mode 100644 docs/work_history/repo/review_feedback/pr8053-evidence/_objects/06313bbe0fcc6c931579f6664329a706376236fdabf27e296aae2d7639625a02.gz
 create mode 100644 docs/work_history/repo/review_feedback/pr8053-evidence/_objects/06ef280db4b662e9a3d6353377212643849a8786bcc183ac01937b879d742f04.gz
 create mode 100644 docs/work_history/repo/review_feedback/pr8053-evidence/_objects/0796332cef3886c54226c5b98dec09ee8ba8c7ea1cd678ce0c9e4678d08fd54e.gz
 create mode 100644 docs/work_history/repo/review_feedback/pr8053-evidence/_objects/084fe7792e09a80643900cf5edd7e607b1080a1ace82f728e551168a9a31f7da.gz
 create mode 100644 docs/work_history/repo/review_feedback/pr8053-evidence/_objects/0af3394c9f386fd11ca6239b3ed4c180c49842ab04d293ac97dfa46b5cdb878d.gz
 create mode 100644 docs/work_history/repo/review_feedback/pr8053-evidence/_objects/0bd70c90d122c17ffc6c904e7ab664f66585fdd9690483ec94bf1768431554c4.gz
 create mode 100644 docs/work_history/repo/review_feedback/pr8053-evidence/_objects/0bf4c2b25b4ffa9b057373b9e949b455e9fc124903e94bd8125de9384d7aa378.gz
 create mode 100644 docs/work_history/repo/review_feedback/pr8053-evidence/_objects/0ca3f3ef025918034c8e63dede9bdf81eecc3d6b8582e421672e904f28914754.gz
 create mode 100644 docs/work_history/repo/review_feedback/pr8053-evidence/_objects/0d8150d912546afc8e33e2b67978c28904e5d3e391ed6fcf3e47663de82913fc.gz
 create mode 100644 docs/work_history/repo/review_feedback/pr8053-evidence/_objects/0e334c0a25e35a7970cb7911844753b652de9199ed7845832ecfba2afb3077bf.gz
 create mode 100644 docs/work_history/repo/review_feedback/pr8053-evidence/_objects/0efa5785f4134452d2964d09c89897c502d33cf941516095a593f0f374ddc65a.gz
 create mode 100644 docs/work_history/repo/review_feedback/pr8053-evidence/_objects/125d1f04a3d6fada0b228f88daf60e1ced45b19864bc90678f476bb3fe7ea4a3.gz
 create mode 100644 docs/work_history/repo/review_feedback/pr8053-evidence/_objects/136d4af079bc5d557f72aec5fe5e2dcf68c5f04a8581fb3bef4a6903bcc617bf.gz
 create mode 100644 docs/work_history/repo/review_feedback/pr8053-evidence/_objects/14b44dd49af960cc15a7a891fe6f2d7e9ebb9a5a2de20bcecd912db9fcb9adad.gz
 create mode 100644 docs/work_history/repo/review_feedback/pr8053-evidence/_objects/14b76ab78b18353fca82f1fba15a19ad3ea7fecbc6256065fe78bac500d1574f.gz
 create mode 100644 docs/work_history/repo/review_feedback/pr8053-evidence/_objects/14c8fc216458af7802d231c51a32af8da4b844efd183a8f45c9d592236df697a.gz
 create mode 100644 docs/work_history/repo/review_feedback/pr8053-evidence/_objects/16bf236d5841291890408be4bf3b82eb15fb74457ad3c3724d5d14ed8f51ae49.gz
 create mode 100644 docs/work_history/repo/review_feedback/pr8053-evidence/_objects/175a211e20b863ae7668cb58bc925a4a311161f17ec8996243056da884fe21b3.gz
 create mode 100644 docs/work_history/repo/review_feedback/pr8053-evidence/_objects/18edf036db82e8ededde75e110cf9095df364d773853581c5dc7afbd3ecd1681.gz
 create mode 100644 docs/work_history/repo/review_feedback/pr8053-evidence/_objects/1a478636fbe8198e4b94222e873aa13bec37bf2f3db0d632e6e1e9648ccdc07f.gz
 create mode 100644 docs/work_history/repo/review_feedback/pr8053-evidence/_objects/1cde3d80586fb8856fc123649d2eb5ef20e790821955098ad4fad6b329879e01.gz
 create mode 100644 docs/work_history/repo/review_feedback/pr8053-evidence/_objects/1dfa79be642231eda26bb73f9f5cc1782e62deadc2af97fd8d64c6e35d72f934.gz
 create mode 100644 docs/work_history/repo/review_feedback/pr8053-evidence/_objects/1e8d9a305d1b9c55a87b76d7268a4143168bf8828391389382e5c436e648d55f.gz
 create mode 100644 docs/work_history/repo/review_feedback/pr8053-evidence/_objects/1f5194f70d59cb5d6e943d26cc6152b612bc89aa53b2e666779c34a2ff926737.gz
 create mode 100644 docs/work_history/repo/review_feedback/pr8053-evidence/_objects/1f9049a01a813950d701deb2a6b623d792006dda4e3b64576c25b67350d93a41.gz
 create mode 100644 docs/work_history/repo/review_feedback/pr8053-evidence/_objects/209baea6610fb47023d5d5d6373cbc026a29523dac627721495366326dac4794.gz
 create mode 100644 docs/work_history/repo/review_feedback/pr8053-evidence/_objects/20cbbab84c9d055ef8e4aa643b1f7b4f20e87889cccf5ea47365a308f21d194c.gz
 create mode 100644 docs/work_history/repo/review_feedback/pr8053-evidence/_objects/212a30b5fb707c8e09648847d89d212ce8f6817df89e06d287fb4940217ecb8f.gz
 create mode 100644 docs/work_history/repo/review_feedback/pr8053-evidence/_objects/2396ba2a62188abe140ca1d2df4e6481cd14d73dd77dba4d60947953eb658e7d.gz
 create mode 100644 docs/work_history/repo/review_feedback/pr8053-evidence/_objects/24157e33738bb48dd8484678f07add8ae650abe3219d9909cf3a960772814a70.gz
 create mode 100644 docs/work_history/repo/review_feedback/pr8053-evidence/_objects/249076765b3052f9898394f0a57eff1c28581b35cf064e18cd907f9afdcd6d3f.gz
 create mode 100644 docs/work_history/repo/review_feedback/pr8053-evidence/_objects/2659d97f05e581b1e25f4cfee1f59ad1e31d2a43f8359ed46c7633835fe03506.gz
 create mode 100644 docs/work_history/repo/review_feedback/pr8053-evidence/_objects/277010ce878293b5ce3122872c16bfaab5bf3b1b08a008b2c4996f5b1276ce98.gz
 create mode 100644 docs/work_history/repo/review_feedback/pr8053-evidence/_objects/2a6a8dcd61cbd375b601b0dd9293038f1ee9c84932e244e016a787a296672e28.gz
 create mode 100644 docs/work_history/repo/review_feedback/pr8053-evidence/_objects/2e71d148439c97ea7d3eb4beb354b0b32dc9248ac01d12d3c5989278738e3ff5.gz
 create mode 100644 docs/work_history/repo/review_feedback/pr8053-evidence/_objects/323bbcc45bc515a441f12ed487528a4b3e413fe5972b934c1b33cd21e2d7f7b3.gz
 create mode 100644 docs/work_history/repo/review_feedback/pr8053-evidence/_objects/32a2ab8961a9b9a75ef00ab6567f180a0d6c0aebcb9e06ae21872939d23c2aad.gz
 create mode 100644 docs/work_history/repo/review_feedback/pr8053-evidence/_objects/34737e15804e81ea510ffa4a44eb8c0de1e64959d1fd678a09974e9e6762ab90.gz
 create mode 100644 docs/work_history/repo/review_feedback/pr8053-evidence/_objects/386ae4b199df9408ef3a4788900d1707aaf0e4092a20eae4e1b2dd5072862365.gz
 create mode 100644 docs/work_history/repo/review_feedback/pr8053-evidence/_objects/39c97e81b4b7c1627aa893b0b2280edaa0fc95eccf73379611ec4028a8e11ea2.gz
 create mode 100644 docs/work_history/repo/review_feedback/pr8053-evidence/_objects/3b60b01010a10ff804f629f81c3c073a1171d77292e8ad53df6096c78f1351e8.gz
 create mode 100644 docs/work_history/repo/review_feedback/pr8053-evidence/_objects/3ced5b3a97e1f9ee580c2ae28f481e8a5439e28c8938eea6a3062bfd7bb59cb7.gz
 create mode 100644 docs/work_history/repo/review_feedback/pr8053-evidence/_objects/3d8dd2ee1e48d9d4f177612693bc6f1f3b86ae97e9f382d705bd0ade3262cc3c.gz
 create mode 100644 docs/work_history/repo/review_feedback/pr8053-evidence/_objects/3e7bf07da9c1771463c02d1da9c816e2d2822ddf934cb107b0aa4598c536e05f.gz
 create mode 100644 docs/work_history/repo/review_feedback/pr8053-evidence/_objects/3e8b781647aed218e8ada1d49b68cc74ae9174f9eb595121b2eeb743661d0269.gz
 create mode 100644 docs/work_history/repo/review_feedback/pr8053-evidence/_objects/3e8d71ab6216e970b36d0d2bdcfb579af29f78ecb13f9ae53c9d36b9c9f29de1.gz
 create mode 100644 docs/work_history/repo/review_feedback/pr8053-evidence/_objects/4224d2d33462b88e64dea4af33fd2b3c14b7c22f861541fb68919a7259c38825.gz
 create mode 100644 docs/work_history/repo/review_feedback/pr8053-evidence/_objects/4380a6e0e762363369db6385060b9fe093a366f66931a823b9eeb9f284317d2d.gz
 create mode 100644 docs/work_history/repo/review_feedback/pr8053-evidence/_objects/43c816f1c456f27574d01080351561ad52f97511b355cbd78c995c1ab96421ad.gz
 create mode 100644 docs/work_history/repo/review_feedback/pr8053-evidence/_objects/444562e2088da5f75f8513b7d6ab412f18aef62489f722fbbbba54cd890dc56f.gz
 create mode 100644 docs/work_history/repo/review_feedback/pr8053-evidence/_objects/44c9b5bfb71daa90e7640c199001d1a0bf639e70ca6cad65f4121639fc28b02d.gz
 create mode 100644 docs/work_history/repo/review_feedback/pr8053-evidence/_objects/45417683f69980de3cd65c26baa9fab40d17810ae7389e39d5fd31587c78fa65.gz
 create mode 100644 docs/work_history/repo/review_feedback/pr8053-evidence/_objects/456df374c104617b01e38187681bf56ee1d481aaad3c9658d5dbb1d7b60a6cff.gz
 create mode 100644 docs/work_history/repo/review_feedback/pr8053-evidence/_objects/4638bef8fd5dde26e9e225b86c71c9c18fb93986457b3d09d49f68aba18e1d01.gz
 create mode 100644 docs/work_history/repo/review_feedback/pr8053-evidence/_objects/464590a783b21b9e8d48dd79175c2eb6b6dd20a9f7749f1ab469983d6dc2391a.gz
 create mode 100644 docs/work_history/repo/review_feedback/pr8053-evidence/_objects/464c833a13f5da7d45867da1a0a8482f946db53241f44b837aebb0b8522f39a0.gz
 create mode 100644 docs/work_history/repo/review_feedback/pr8053-evidence/_objects/465b706a66f1737ccc701ebd699e7189d4eef4d42753264e5c6014cf12fc2750.gz
 create mode 100644 docs/work_history/repo/review_feedback/pr8053-evidence/_objects/4914fbe200829a134a03218d72a7896b2bfa49202bc5ce11800ab8263ae0156d.gz
 create mode 100644 docs/work_history/repo/review_feedback/pr8053-evidence/_objects/4bd33bebaed05a86d026a978fa38fbdfc4ad20fd5575921134e0ec2a2e215376.gz
 create mode 100644 docs/work_history/repo/review_feedback/pr8053-evidence/_objects/4c85d4d496669e6453d60f6a0879528f151d7a854ec223a29b1e643017ebd535.gz
 create mode 100644 docs/work_history/repo/review_feedback/pr8053-evidence/_objects/4dd558cda195ea8d6636d42ee68dc9f0da739d4c171d356db48a695e6342f3e6.gz
 create mode 100644 docs/work_history/repo/review_feedback/pr8053-evidence/_objects/4ec16a44aa757fabee6e13e13e1acd9abdd6e32fe5c3c05b30a0370c14adc330.gz
 create mode 100644 docs/work_history/repo/review_feedback/pr8053-evidence/_objects/52d714cc33ebf59dc59f76a048ecdf436783d9dc652222edd9ece18775f358bd.gz
 create mode 100644 docs/work_history/repo/review_feedback/pr8053-evidence/_objects/54b5cd5bc4d56eaf173dc000c7434599920c0331ae3835ede26519bae02d05c9.gz
 create mode 100644 docs/work_history/repo/review_feedback/pr8053-evidence/_objects/54eccc380a3ea12a0ea8a2af0df2d369411e532db54301fc20fe4059eeecb5c9.gz
 create mode 100644 docs/work_history/repo/review_feedback/pr8053-evidence/_objects/562e1f357c8f03955301c3c3975ac2f1fed18911bbb7bd654bd89b1fd783b87b.gz
 create mode 100644 docs/work_history/repo/review_feedback/pr8053-evidence/_objects/56b742acb5753c7b00b7e9882278d271a07620c84251c16577679cb9d9b9729f.gz
 create mode 100644 docs/work_history/repo/review_feedback/pr8053-evidence/_objects/577e3004e6fe8ef1a6fa2ab469fa89f8f54be041fb213fcca26145ef9805c9d5.gz
 create mode 100644 docs/work_history/repo/review_feedback/pr8053-evidence/_objects/58df7791ea2ec76d5b070526ec21c4898528040450547acf32888b0f615a4353.gz
 create mode 100644 docs/work_history/repo/review_feedback/pr8053-evidence/_objects/5b7ee37134e7b0779b3c162e112527e7f85df5aca6cc4c7eafaf53be77e873f2.gz
 create mode 100644 docs/work_history/repo/review_feedback/pr8053-evidence/_objects/5c04f5e988b199fe1804a893eb9a219a2ef3dbe4675d77a4bac9b8e60a007db7.gz
 create mode 100644 docs/work_history/repo/review_feedback/pr8053-evidence/_objects/5c7792b402a031c5de082338fc7110f6c652973fcbb214c2de8e0f52881f8d3c.gz
 create mode 100644 docs/work_history/repo/review_feedback/pr8053-evidence/_objects/5caade684d08d93fd77b030d7e2256a34fa788bef8326844eb281311f1750f3b.gz
 create mode 100644 docs/work_history/repo/review_feedback/pr8053-evidence/_objects/5da24680e0d868a9bcbf33cc7f0b94f92c145c883e15afdbf49f81295125e055.gz
 create mode 100644 docs/work_history/repo/review_feedback/pr8053-evidence/_objects/5de42789cb2b204a2944336daa16379e8ee885955e1d46e71cfd1e045fbe1059.gz
 create mode 100644 docs/work_history/repo/review_feedback/pr8053-evidence/_objects/5fbfbaa276857705bb0ce10d8062790b63c1ba6e48d613516df5795c3e895482.gz
 create mode 100644 docs/work_history/repo/review_feedback/pr8053-evidence/_objects/605e33631c8896712befb534dfd622818395f70a4508fec3b2010862a86f0aeb.gz
 create mode 100644 docs/work_history/repo/review_feedback/pr8053-evidence/_objects/610729dac8d16ebbe6748c88c4996c8e3e187b13d0dc7cdcacf367755c1daba0.gz
 create mode 100644 docs/work_history/repo/review_feedback/pr8053-evidence/_objects/61e5de5bb1aff5b3ab3d1c9c863b5af057d1d4684bf1b2c50ad83d6b4a0506d5.gz
 create mode 100644 docs/work_history/repo/review_feedback/pr8053-evidence/_objects/623346312048f24b76eb3a197f41a17c61e92739cdc52f77afcd95cefbac7357.gz
 create mode 100644 docs/work_history/repo/review_feedback/pr8053-evidence/_objects/623edc31ab8a83a346557d8c5523077cffafccaf7001d1d572b13e8e2a50d888.gz
 create mode 100644 docs/work_history/repo/review_feedback/pr8053-evidence/_objects/67d215bc2b8b63148bd6021f5ab973c8618d14466bb2f06a25d226793d510478.gz
 create mode 100644 docs/work_history/repo/review_feedback/pr8053-evidence/_objects/68807fc69b054a9348218314ce7b309e3bb351b03a2a07b5667762f8db7dae3c.gz
 create mode 100644 docs/work_history/repo/review_feedback/pr8053-evidence/_objects/69628bf327c7c06a02495d7da0fb6080678d923d2c4b1cd97229a593560e6941.gz
 create mode 100644 docs/work_history/repo/review_feedback/pr8053-evidence/_objects/71ef26bd8bd03d5ba221b7d4aea5fcc81c0db1e445755dc6ebfd4f4ee6b3991b.gz
 create mode 100644 docs/work_history/repo/review_feedback/pr8053-evidence/_objects/763cd2057c9f097b2ae03c4c1e3e25894340a6bb2dc85ef62b200642bb339960.gz
 create mode 100644 docs/work_history/repo/review_feedback/pr8053-evidence/_objects/7652fe211bfa439f68c42676d1acd85c90a86cb81090d178743408ddf98efdd1.gz
 create mode 100644 docs/work_history/repo/review_feedback/pr8053-evidence/_objects/77429373c665cb6a6cc51c4613167f25845014c41e44c75dfc2e0074d3a3709f.gz
 create mode 100644 docs/work_history/repo/review_feedback/pr8053-evidence/_objects/77a212215849c3c33300ac4bb8a97c2f6ed7e9c45a59088d7c814b285ae710cb.gz
 create mode 100644 docs/work_history/repo/review_feedback/pr8053-evidence/_objects/78c57a12f3ae85e77afc72951b372fc8281bb3a1dd390760b214cf2c492751d6.gz
 create mode 100644 docs/work_history/repo/review_feedback/pr8053-evidence/_objects/7a1541264d3af589b03e8f1335d5441370acdf965ad926ce8483f7fe9c17cf8a.gz
 create mode 100644 docs/work_history/repo/review_feedback/pr8053-evidence/_objects/7b07463dd29953fb6cbe0db937b763de05193ccf6460ff73a78bc47849c58a98.gz
 create mode 100644 docs/work_history/repo/review_feedback/pr8053-evidence/_objects/7b495f6370953a56697431051b3c83ec5ee862702e09c737b9d6e6aa2febf396.gz
 create mode 100644 docs/work_history/repo/review_feedback/pr8053-evidence/_objects/7d1393144177a173afbb9936f0ac8fd84d575a30699c185b677ac88e05357e7e.gz
 create mode 100644 docs/work_history/repo/review_feedback/pr8053-evidence/_objects/7edbcc75272b3cdb0f90a0565a6d46b93c10b4f4e9ff54fdd2c5f1f377a03cbc.gz
 create mode 100644 docs/work_history/repo/review_feedback/pr8053-evidence/_objects/7f1477b8022131f0165a4177c5ec9ccd3306c2e5e77946155415369b0a1249af.gz
 create mode 100644 docs/work_history/repo/review_feedback/pr8053-evidence/_objects/7f92f09abc5463f1bdad45623e9d564f7e4d2d58280a7f035af61074a907443a.gz
 create mode 100644 docs/work_history/repo/review_feedback/pr8053-evidence/_objects/820f39d061ff3a9e7afe7a962669f3d81859aaadf774779c7804e64217b155f5.gz
 create mode 100644 docs/work_history/repo/review_feedback/pr8053-evidence/_objects/828c0136a2a778b219da2f9755a297692ac3ec3c73367ffb630222f7a4259b11.gz
 create mode 100644 docs/work_history/repo/review_feedback/pr8053-evidence/_objects/833dd2e65405acb083d9273a53b2c7e860413bdf117cf6f94947281823ed31c1.gz
 create mode 100644 docs/work_history/repo/review_feedback/pr8053-evidence/_objects/847ad59acfe46d0bb99f23598816c813879dc2de2f79f6b10ef6f542fd2e3ce0.gz
 create mode 100644 docs/work_history/repo/review_feedback/pr8053-evidence/_objects/8585f9b3f610523c2826cfcf93b7b3765e74b950bdc3933a9a6c881dff2d90f5.gz
 create mode 100644 docs/work_history/repo/review_feedback/pr8053-evidence/_objects/8751ebc8668ddb5642d0ceeb15632dd28dcc37b41fdadfc6d2e71ea34f4feb7a.gz
 create mode 100644 docs/work_history/repo/review_feedback/pr8053-evidence/_objects/877827b589b91b8ecaafee482481fc346f24c3dd6514d32bd1d0558612c4f72a.gz
 create mode 100644 docs/work_history/repo/review_feedback/pr8053-evidence/_objects/881d1e4bdaa73cb899960de3f75c0335eaca3f23627c964bb0537ec3babfd343.gz
 create mode 100644 docs/work_history/repo/review_feedback/pr8053-evidence/_objects/89defccac1e672b7198c0c7b91489c8509b8a9c8916ad82c9f4133abf1e4f243.gz
 create mode 100644 docs/work_history/repo/review_feedback/pr8053-evidence/_objects/8d4d4216c29f3a0a37c477a157b0640da81b0f6e26ebafc5260aec088f2b9154.gz
 create mode 100644 docs/work_history/repo/review_feedback/pr8053-evidence/_objects/8dc1a65ea6c6c89db883b7191c382928dbbf0501994657cde8d9e83e0711255d.gz
 create mode 100644 docs/work_history/repo/review_feedback/pr8053-evidence/_objects/9041b491b4d3cd46db44a8d1264af3cb828803d6acf18447b9da78b6809e600f.gz
 create mode 100644 docs/work_history/repo/review_feedback/pr8053-evidence/_objects/92482461ff32b5e25aa81ea4f9fb6c331632b4483148fb1e60c70b413c6577f6.gz
 create mode 100644 docs/work_history/repo/review_feedback/pr8053-evidence/_objects/93130a5b54e7e849cc6476ea46f75c50998ea980c7e936398a1b4eaa3c0d1ae7.gz
 create mode 100644 docs/work_history/repo/review_feedback/pr8053-evidence/_objects/9348c50517ab0430f93b9fe5b5c16e7f7fa744bf70676088daa3cb88a11d7706.gz
 create mode 100644 docs/work_history/repo/review_feedback/pr8053-evidence/_objects/9834b7fc40f92b06f4fe03dc7c0f98e70d38d667e2c11b2d869c7390042f2d60.gz
 create mode 100644 docs/work_history/repo/review_feedback/pr8053-evidence/_objects/983fde5492387976f9888bb2aafbbdcb56a0ad8528d50e22de901d3486039489.gz
 create mode 100644 docs/work_history/repo/review_feedback/pr8053-evidence/_objects/98b35015b4440507cdabe6a38d9fad762a594f48023286b0f20f52b5e9b1145f.gz
 create mode 100644 docs/work_history/repo/review_feedback/pr8053-evidence/_objects/9ab7b809a73d74370f3da8ecafa9426c4a18454e13984f6613f92b2858e6b3dd.gz
 create mode 100644 docs/work_history/repo/review_feedback/pr8053-evidence/_objects/9c61f791d3f97b25fac6aee4afaeef1badb54e1e50f6d0997c2f093f5fd1464f.gz
 create mode 100644 docs/work_history/repo/review_feedback/pr8053-evidence/_objects/9d6c9eca05058cbbd8caaa57645b4945f5b501ec6b02b94cca194e2973e18a85.gz
 create mode 100644 docs/work_history/repo/review_feedback/pr8053-evidence/_objects/9e02382c877a5053f7f8c618d91f02c4c248ed73c6a43b75318315f4c1faa286.gz
 create mode 100644 docs/work_history/repo/review_feedback/pr8053-evidence/_objects/a018a2c06c4e8a3c00612bcb0a29654c0e4f9bc54102c230a8012e5d97666351.gz
 create mode 100644 docs/work_history/repo/review_feedback/pr8053-evidence/_objects/a01a7c92c04d9f44c662e9e5012609eb5687185cebb5023d39dbe2e5619f58ff.gz
 create mode 100644 docs/work_history/repo/review_feedback/pr8053-evidence/_objects/a13be5825e598c20fc1eee2f086699b769ba49305ced5987103064667a9d660f.gz
 create mode 100644 docs/work_history/repo/review_feedback/pr8053-evidence/_objects/a19d7981b6c09ea02326c2dee2370ba863e7db0f2c0dc30daa275b2e2051e9a7.gz
 create mode 100644 docs/work_history/repo/review_feedback/pr8053-evidence/_objects/a1b077a16cb0afbc64c1b26e12e1440f605c21ef6d07285ad9ea01267ce11608.gz
 create mode 100644 docs/work_history/repo/review_feedback/pr8053-evidence/_objects/a26ee11117195dcf460c06e57f4e24646f1059ab3fcc4bae8243dce4298c3338.gz
 create mode 100644 docs/work_history/repo/review_feedback/pr8053-evidence/_objects/a3487809ab4a951c6d274eb880d95236f06a3a71c67345d0595963d82076b2bd.gz
 create mode 100644 docs/work_history/repo/review_feedback/pr8053-evidence/_objects/a5697787d68f0517295bafa314a340a1efa430e16ad58fd7bfb4320b5eace055.gz
 create mode 100644 docs/work_history/repo/review_feedback/pr8053-evidence/_objects/a6711d6ef115e566dbdc3b264146fb37779ef2a7f2363edebf35bade1a5ce657.gz
 create mode 100644 docs/work_history/repo/review_feedback/pr8053-evidence/_objects/a752718fc1e720fb1eaf9675fa26212334fcd8718d9c0507ef2d32aea58d4d26.gz
 create mode 100644 docs/work_history/repo/review_feedback/pr8053-evidence/_objects/a76c9fd669550aa97db823ab5c084eb021d844b7472db8f12fe11f0260bc70dd.gz
 create mode 100644 docs/work_history/repo/review_feedback/pr8053-evidence/_objects/a8a47444874edf5232044445a87006bb4b54755993459aa05f9afabaac82004a.gz
 create mode 100644 docs/work_history/repo/review_feedback/pr8053-evidence/_objects/a9cb06f0481bbea18a60fc09f429f6cbc99e6cb6d6cb6e7ba8c2347af46acfe2.gz
 create mode 100644 docs/work_history/repo/review_feedback/pr8053-evidence/_objects/a9ec4a8d239caefbf2883bf89e65fb54092d0cd035a4fadcec480defdb49037b.gz
 create mode 100644 docs/work_history/repo/review_feedback/pr8053-evidence/_objects/aa8e7f3ad28673df7f9d7e20e0bc7b445a29af72d59afc4f74105ac2673a4c03.gz
 create mode 100644 docs/work_history/repo/review_feedback/pr8053-evidence/_objects/ab39dbdb2c9aaf76f3493046d9ef9dcb7ceb1a785358fea89aecea8cdb4f30d8.gz
 create mode 100644 docs/work_history/repo/review_feedback/pr8053-evidence/_objects/abddb0633af5c53bb61ec172b14708bdd32e052e969279effe2a29b1ffb37edb.gz
 create mode 100644 docs/work_history/repo/review_feedback/pr8053-evidence/_objects/ac0e5cb296d085fee2872067ee6a9ab47479139553ae2db61e358509495a0204.gz
 create mode 100644 docs/work_history/repo/review_feedback/pr8053-evidence/_objects/acf341b6122003348d8ffb9480b84196626705d93cea8a4f0f78c6e386338210.gz
 create mode 100644 docs/work_history/repo/review_feedback/pr8053-evidence/_objects/b1e6558a6e4864d228b54e0f4e9f73b44a6974ed549d17d41636568db50d025b.gz
 create mode 100644 docs/work_history/repo/review_feedback/pr8053-evidence/_objects/b273585c942df840a39980983b18fded2be551d8bf5f72c979e38cb8c8b185cd.gz
 create mode 100644 docs/work_history/repo/review_feedback/pr8053-evidence/_objects/b385ea980db38d162139f149e362f4577a050c953452b3399e0ee2446bf86967.gz
 create mode 100644 docs/work_history/repo/review_feedback/pr8053-evidence/_objects/b3878162bc21247300ba57368025dd6b666600cec610b30b2a7c5a8b3bb76dbb.gz
 create mode 100644 docs/work_history/repo/review_feedback/pr8053-evidence/_objects/b3bc5ee9518d59286a036868c520a9d6e158bb21d7145a9295c8573ae0c6b845.gz
 create mode 100644 docs/work_history/repo/review_feedback/pr8053-evidence/_objects/b4c9134bbd0abe4c47c65d69af6f3793b4382cd6280f4b5238cd6ec4e3173efa.gz
 create mode 100644 docs/work_history/repo/review_feedback/pr8053-evidence/_objects/b4cb84f80c4d362e7089c64ab7c4cff73c8f0983f1814863226feffda5f84c05.gz
 create mode 100644 docs/work_history/repo/review_feedback/pr8053-evidence/_objects/b5a5c746425c78fce0853863befe1dac4943ef5540aed509ac63aaa7d998e42b.gz
 create mode 100644 docs/work_history/repo/review_feedback/pr8053-evidence/_objects/b6ffede1b176156bc4c792cc77ad5a86d9ee884d67314f6c3150a1b3724d9cb6.gz
 create mode 100644 docs/work_history/repo/review_feedback/pr8053-evidence/_objects/b840fda894f8235c1f3b507eae57d8ee48fc0339e13df9eb3a1216c2cd8f1f85.gz
 create mode 100644 docs/work_history/repo/review_feedback/pr8053-evidence/_objects/b8edd4ab01200f93ed675b6752ad63356d1db789847c2dc95a05187c9a0f1ab8.gz
 create mode 100644 docs/work_history/repo/review_feedback/pr8053-evidence/_objects/b9027d3ac67af7885d81707e5765121b844371b1bc5c9a8ee6ffd80640fb7965.gz
 create mode 100644 docs/work_history/repo/review_feedback/pr8053-evidence/_objects/b907534b90b72604920612d8d274c151b9c7fc267946e15f7efeac06e27438c7.gz
 create mode 100644 docs/work_history/repo/review_feedback/pr8053-evidence/_objects/b9b26e0087055e4083d7f788b88cde9d4cf371aecc70675ceece8369d012efce.gz
 create mode 100644 docs/work_history/repo/review_feedback/pr8053-evidence/_objects/b9c81acdadf6ccb43de74361a08defe1c819e9512424824f29272868b0f5c977.gz
 create mode 100644 docs/work_history/repo/review_feedback/pr8053-evidence/_objects/b9fe12624c74653473479ee75ff637a6ad9b2331236a2f38c2d190abb2ca0631.gz
 create mode 100644 docs/work_history/repo/review_feedback/pr8053-evidence/_objects/bb76f6b3052115e3eec204299c2ba2a663ed99e4e1519fbc2c500aeccbb824c1.gz
 create mode 100644 docs/work_history/repo/review_feedback/pr8053-evidence/_objects/bb8b7588f2401e8967c0622f3b54a752d1fb8cbaaf712a9fa6a1cae0b296472d.gz
 create mode 100644 docs/work_history/repo/review_feedback/pr8053-evidence/_objects/bc2074c5468abb664db57ec60cd3c10fb2dde76e66a1620cf369500be75cf4c4.gz
 create mode 100644 docs/work_history/repo/review_feedback/pr8053-evidence/_objects/bcc87f5b65de7608b656967ae72185f23fed1ec54648070f90c4b052e38c2559.gz
 create mode 100644 docs/work_history/repo/review_feedback/pr8053-evidence/_objects/bfbb486d22c4ba0e83a37560345b21a449950371c93eb644edac94e7291a5321.gz
 create mode 100644 docs/work_history/repo/review_feedback/pr8053-evidence/_objects/c206a7717dd2a62d990605c76bf91e31777d4910c5e44c4ed713f1e0f8b892d7.gz
 create mode 100644 docs/work_history/repo/review_feedback/pr8053-evidence/_objects/c7d16f4fc3921aa55f2ebde07cae5c23354da21435b49be0a97fa54098a87e89.gz
 create mode 100644 docs/work_history/repo/review_feedback/pr8053-evidence/_objects/c7ee175a8cf2b3ba87e8c807aad3eb6d99c09ff954027595252674b235df08f6.gz
 create mode 100644 docs/work_history/repo/review_feedback/pr8053-evidence/_objects/c85bfa579162ed2f97ead8db02729e329d4b51a450b5aab1d3eb6de16328858a.gz
 create mode 100644 docs/work_history/repo/review_feedback/pr8053-evidence/_objects/ce4c81105b2c256b615ad499010d88c93f712095227794eefbcf5460fd0ec275.gz
 create mode 100644 docs/work_history/repo/review_feedback/pr8053-evidence/_objects/ce76b446a63b85f10ed608bd7ec0c8eb3437e8439c983bd9877debe2f231351e.gz
 create mode 100644 docs/work_history/repo/review_feedback/pr8053-evidence/_objects/d02ec3ad1d9f1ccd73d71823b8a57116ff0932fbbd2a2a7b830fff12c4ae4942.gz
 create mode 100644 docs/work_history/repo/review_feedback/pr8053-evidence/_objects/d09d2fc2a8a4a1b48e90e265a733cf18d8ee873459228f9b364e3a68620ab7ae.gz
 create mode 100644 docs/work_history/repo/review_feedback/pr8053-evidence/_objects/d36a620f4b37bc37af2eab9b3d74f875dd4edab196191877c12f2fab12e3b5b8.gz
 create mode 100644 docs/work_history/repo/review_feedback/pr8053-evidence/_objects/d38aa1a43650ae23aa581dbcbc4b5bb7107073db81f818b327a887e0f9f269c1.gz
 create mode 100644 docs/work_history/repo/review_feedback/pr8053-evidence/_objects/d55029a4f31cc29d77bdb71a2d39efee79b789a3f648258074ad18e42ccdb6e3.gz
 create mode 100644 docs/work_history/repo/review_feedback/pr8053-evidence/_objects/d77f98aef55aad5ff20abc30507a09d019afba9c2b0e3c93382ff83f9cbf7c63.gz
 create mode 100644 docs/work_history/repo/review_feedback/pr8053-evidence/_objects/d98c3589f29422f2503900deb6cec00a7df00517a06e797e12ed95b9e1e7a693.gz
 create mode 100644 docs/work_history/repo/review_feedback/pr8053-evidence/_objects/e15a549df6b7cd3bbb587cbd49dea508e4c46b27c0e4690d8dd1a8a030aceb89.gz
 create mode 100644 docs/work_history/repo/review_feedback/pr8053-evidence/_objects/e322c49157c890922faf6ee38ab7557f3d12fb2f111bdce829a0f4bf3b8fc403.gz
 create mode 100644 docs/work_history/repo/review_feedback/pr8053-evidence/_objects/e3b0c44298fc1c149afbf4c8996fb92427ae41e4649b934ca495991b7852b855.gz
 create mode 100644 docs/work_history/repo/review_feedback/pr8053-evidence/_objects/e6bee57fd840b675418274d28ec0b106b4e8176e96032e3da2976812ae8c58f2.gz
 create mode 100644 docs/work_history/repo/review_feedback/pr8053-evidence/_objects/e8a47d5752643f2120f892e0c79a6dd1d1d35256ae28eb323da2256d0ebd534d.gz
 create mode 100644 docs/work_history/repo/review_feedback/pr8053-evidence/_objects/e98233fc270a1ea7dea83bf2ac4f52034528aad3bc376242247b0aefa1491218.gz
 create mode 100644 docs/work_history/repo/review_feedback/pr8053-evidence/_objects/ea2ee9de58725fb7a0acb82aa0a76d52e1eb5bae509d7c57d42daec0fc9938b6.gz
 create mode 100644 docs/work_history/repo/review_feedback/pr8053-evidence/_objects/ea3815bb1a15693b3245c40be161b5c40840c8bdd4da5de5b3d0b8332fda12e0.gz
 create mode 100644 docs/work_history/repo/review_feedback/pr8053-evidence/_objects/eb5f16b541948037776d3d5ae721874cf5c67fea710fd930f9df794e3b2cbfb2.gz
 create mode 100644 docs/work_history/repo/review_feedback/pr8053-evidence/_objects/eba507f3e64cf814791b8b01bdce834a6203bcc233abefe675da104af6d0c3de.gz
 create mode 100644 docs/work_history/repo/review_feedback/pr8053-evidence/_objects/ebe80abe37ab27c0110cb7fb969ed424b6ac8ed7bcd08be73751759d8cc940c5.gz
 create mode 100644 docs/work_history/repo/review_feedback/pr8053-evidence/_objects/ecaa2d5a80b3760244a290e58223c03df7cb62608a8f9dd384d3745a7c4ca6e8.gz
 create mode 100644 docs/work_history/repo/review_feedback/pr8053-evidence/_objects/edd11008c4ca20f29d30fe01ec59a4bad2ed418b35cb50cc22778ee60b754825.gz
 create mode 100644 docs/work_history/repo/review_feedback/pr8053-evidence/_objects/ef62e96fb473f7c9e3f61f511edf33c84f4fd03f8274f79696abd446b876a90d.gz
 create mode 100644 docs/work_history/repo/review_feedback/pr8053-evidence/_objects/f0d2e29ba50689582a364a81b40635684404b4979f16fe8235d5bbd28810efa6.gz
 create mode 100644 docs/work_history/repo/review_feedback/pr8053-evidence/_objects/f2a9ca752e7dbe3ca3397e90bec92fddf1a95f4247ce35e862ab8071fd72775e.gz
 create mode 100644 docs/work_history/repo/review_feedback/pr8053-evidence/_objects/f3f08f7685b355cab726bd8cf9220973ef89fc1976a816a637b8e865d1377c18.gz
 create mode 100644 docs/work_history/repo/review_feedback/pr8053-evidence/_objects/f603e953fa8dba8fa7322feb8ca4b8f079edf8c629a6b7e7efc5cef949b60bcd.gz
 create mode 100644 docs/work_history/repo/review_feedback/pr8053-evidence/_objects/fa839a5b18342334315e9a0d7d5fa2c715a0f7fe55a1824443dd661d8bd22714.gz
 create mode 100644 docs/work_history/repo/review_feedback/pr8053-evidence/_objects/fb1e0484fb7024a699155996adfc85047d0447dece8d2ea83b27130ec0bc1e46.gz
 create mode 100644 docs/work_history/repo/review_feedback/pr8053-evidence/_objects/fb92980c3952f2b46479d6bff76d1bb9a3664e610c9b7b18fed9ebe690af1072.gz
 create mode 100644 docs/work_history/repo/review_feedback/pr8053-evidence/_objects/fccf8ffc09a55b757ce3894345436520e54aa53b571242b446bfd24becea3ea3.gz
 create mode 100644 docs/work_history/repo/review_feedback/pr8053-evidence/_objects/fcf9f0df5c594f7067d3b545da4167d6ff12a0a94f126ea39ce79ab60b59c833.gz
 create mode 100644 docs/work_history/repo/review_feedback/pr8053-evidence/_objects/fdb146e9eaf19515aaeceb059c6d84154a11fd126077b43d00354de855f304d5.gz
 create mode 100644 docs/work_history/repo/review_feedback/pr8053-evidence/_objects/fe6cb88f6d298d8bacea858269a70f7230be500f1bc40d2a2084be5d82de9c4e.gz
 create mode 100644 docs/work_history/repo/review_feedback/pr8053-evidence/_objects/ff88a25e2b9498d8d6156f5b7d0d4bb499f405a2d3e7998ca6d1b8af2d2d4889.gz
 create mode 100644 docs/work_history/repo/review_feedback/pr8053-evidence/archive-manifest.json
 create mode 100644 docs/work_history/repo/review_feedback/pr8053-evidence/kept/pr8053-HANDOFF-9ef67db77ea9ef6f.md
 create mode 100644 docs/work_history/repo/review_feedback/pr8053-evidence/kept/pr8053-ROOT_CANONICAL_REVIEW-857933c7e06ad6ff.md
 create mode 100644 docs/work_history/repo/review_feedback/pr8053-evidence/kept/pr8053-TRACE_GATE-f67515f6cce5b41d.md
 create mode 100644 docs/work_history/repo/review_feedback/pr8058-evidence/README.md
 create mode 100644 docs/work_history/repo/review_feedback/pr8058-evidence/_objects/0bc1c8bd76e344210f3c88992eaa3369111ccca9a0422741be210d7a8674f991.gz
 create mode 100644 docs/work_history/repo/review_feedback/pr8058-evidence/_objects/0c2d1c72c7108ff1b9f65dd15b51f7d00e624275a271cd0efa9517e6473781bf.gz
 create mode 100644 docs/work_history/repo/review_feedback/pr8058-evidence/_objects/1085e0ac7288428d50d3a2b9505b6b8615784149b46ca414067e7bd36acde536.gz
 create mode 100644 docs/work_history/repo/review_feedback/pr8058-evidence/_objects/1418df386b05f43bcd966007925f8829375b0018f359d3bd103c113170c53caf.gz
 create mode 100644 docs/work_history/repo/review_feedback/pr8058-evidence/_objects/1c6010fe2c232e467927f379ef2ab83651d4e48574c5717fc6fe7bf3f35e6f65.gz
 create mode 100644 docs/work_history/repo/review_feedback/pr8058-evidence/_objects/23540ac5da1ea1126be02efc21d50429a148bf4fad505e759e0780031debf2da.gz
 create mode 100644 docs/work_history/repo/review_feedback/pr8058-evidence/_objects/24f2eb50961784f25dc755e4b714d7821a37c72267495a6b05c476d87837f7d4.gz
 create mode 100644 docs/work_history/repo/review_feedback/pr8058-evidence/_objects/27e122fffae649b878010f4ed1768247be01fdc998d838dcf6752a9b9e2ab4ad.gz
 create mode 100644 docs/work_history/repo/review_feedback/pr8058-evidence/_objects/2af7284cfe4861426869c42360bbff1bbf571696fd3c12df0ea2f616a18842f5.gz
 create mode 100644 docs/work_history/repo/review_feedback/pr8058-evidence/_objects/2cf6d453cac8dc5936e8c8f8c46288bbf0d73160b0f048963ff34dc66f236b59.gz
 create mode 100644 docs/work_history/repo/review_feedback/pr8058-evidence/_objects/2ecf13913395da551748fca9465f68ec4db8b18065d5b023485bcebe82c53026.gz
 create mode 100644 docs/work_history/repo/review_feedback/pr8058-evidence/_objects/2f64cc5a606a64838e4bba5a1789d217f703a159defb24519a85c8d18e7a14ed.gz
 create mode 100644 docs/work_history/repo/review_feedback/pr8058-evidence/_objects/321fa99dbf23e9fe97351e19e55380fbabd1797a94bf7a3df0527a545c31224f.gz
 create mode 100644 docs/work_history/repo/review_feedback/pr8058-evidence/_objects/3290f552cfc74c229fd12c0dba5b75ead78abacc7c4aec3492e9e1a04868380d.gz
 create mode 100644 docs/work_history/repo/review_feedback/pr8058-evidence/_objects/399620ef517db3019b07059c886b1caa10e4fb26f10852fb627e51a08e22035d.gz
 create mode 100644 docs/work_history/repo/review_feedback/pr8058-evidence/_objects/3a3c57bd07c6bfce6e0069cc190fbc7537f9e26306a57218ffda84e8ed47f592.gz
 create mode 100644 docs/work_history/repo/review_feedback/pr8058-evidence/_objects/3a8c83ef65ebadb6463251fbe3427928335e56ff643330c2840c36e105222da0.gz
 create mode 100644 docs/work_history/repo/review_feedback/pr8058-evidence/_objects/3db6e04f261c1efeb5dee92a0efc140619832b1ad906a5c389b9f8be92cdbe95.gz
 create mode 100644 docs/work_history/repo/review_feedback/pr8058-evidence/_objects/3f33831956d8c6a03db5410280a0f3e819ed77d3574006144879dc9b5cd5c267.gz
 create mode 100644 docs/work_history/repo/review_feedback/pr8058-evidence/_objects/410b2f916a59b4d4a777f89f181b17ca7a4c3a092fd5bb25ea20c17812a226ca.gz
 create mode 100644 docs/work_history/repo/review_feedback/pr8058-evidence/_objects/469eab7d2056c8091e7d1687cbd05fc527588f6c6cf410b9dafe471829f65988.gz
 create mode 100644 docs/work_history/repo/review_feedback/pr8058-evidence/_objects/46b202e9cce7534770d4949d4c9e6243d562802a120fc0dc9d17c5afbb4e0bde.gz
 create mode 100644 docs/work_history/repo/review_feedback/pr8058-evidence/_objects/4acc4c11a5e7f4b371061398a2d17fea86a946f3dc221dfd8f3eef447fa5f5a4.gz
 create mode 100644 docs/work_history/repo/review_feedback/pr8058-evidence/_objects/4ebe4ee1d1a17b8be927f781117dd46b007e0230b9d2ae98d3569ae89d36c71f.gz
 create mode 100644 docs/work_history/repo/review_feedback/pr8058-evidence/_objects/559397046b6d13b1183ebbd7397bcfcf0d46b44e264c501943408d1b291899cf.gz
 create mode 100644 docs/work_history/repo/review_feedback/pr8058-evidence/_objects/595b7997f5fcbec443c20df44f3525e590a76be206dc7382eeda0d80eb7ffd4b.gz
 create mode 100644 docs/work_history/repo/review_feedback/pr8058-evidence/_objects/5e53247f48a0d7b294161203d5ba59cb2a6db2e362da984b864ac5cc6b76957f.gz
 create mode 100644 docs/work_history/repo/review_feedback/pr8058-evidence/_objects/6024c5b82be981361a1ce6353117a49b6e3de5744663833a9dd7e418d5d79bbd.gz
 create mode 100644 docs/work_history/repo/review_feedback/pr8058-evidence/_objects/6a825b9e97d898d3535f14e550c4d444ed436d3bc8f8507e2f3bbfd3e520633d.gz
 create mode 100644 docs/work_history/repo/review_feedback/pr8058-evidence/_objects/6c553550b41e2d67a73a5adc2f5caa3e8b211ac04cde8122217b2795a8637f86.gz
 create mode 100644 docs/work_history/repo/review_feedback/pr8058-evidence/_objects/71dc8a1f39c08033f13d54d4ed6a793fe4d986a5e42d3203f9366af5cbda9dbd.gz
 create mode 100644 docs/work_history/repo/review_feedback/pr8058-evidence/_objects/7362463c9218b706436a921bf3c47eae3b4af28940cd29bd3fefc0671d7f41d5.gz
 create mode 100644 docs/work_history/repo/review_feedback/pr8058-evidence/_objects/762edba40b12debba441a7925a3bbf2fb3a72ec7cc5eab2905eee42df24c353a.gz
 create mode 100644 docs/work_history/repo/review_feedback/pr8058-evidence/_objects/7bf19c73dd37c21dcd7f481b30da4ae3e547f8b414eedcfa924c42251a351fdd.gz
 create mode 100644 docs/work_history/repo/review_feedback/pr8058-evidence/_objects/872aff3cc58351afc300c37fee88e6ca4e50b4c0f46d8848c4add99d5fbf071d.gz
 create mode 100644 docs/work_history/repo/review_feedback/pr8058-evidence/_objects/8d04a8cfb2e3b7601385e5c983c4c2bb0e19a6147dbc39ab23f6789e2f992fa5.gz
 create mode 100644 docs/work_history/repo/review_feedback/pr8058-evidence/_objects/9220390bff31e67d7e0d336e04c9b0a4a63694487966fdc2658943b1919621a8.gz
 create mode 100644 docs/work_history/repo/review_feedback/pr8058-evidence/_objects/94f481afd2a99a12e1ad82359c81a7f4227927b89392cf5a145e0fe92c2c2a6c.gz
 create mode 100644 docs/work_history/repo/review_feedback/pr8058-evidence/_objects/96856e55c7147e35a045128fb17f05a5168124b490af8f10430d264f134dfec3.gz
 create mode 100644 docs/work_history/repo/review_feedback/pr8058-evidence/_objects/98e68d18df9f9e422d99f86bbd49751b0cc1e761071e38f80562a0afea3dd9c5.gz
 create mode 100644 docs/work_history/repo/review_feedback/pr8058-evidence/_objects/9abd2f91eb94da7a0a64bcf7167d1519fd93f1ed28854ec289608820301df9bd.gz
 create mode 100644 docs/work_history/repo/review_feedback/pr8058-evidence/_objects/a054c8d5f32685ee2be6644ce9b0f008c9efced342d2555a06f098f0e525baa4.gz
 create mode 100644 docs/work_history/repo/review_feedback/pr8058-evidence/_objects/a67569329946fb530b345e3f9ee6625a6a753c9e056d022cc3974123559c31c6.gz
 create mode 100644 docs/work_history/repo/review_feedback/pr8058-evidence/_objects/a8f05a94646c0b5ef97bda9706c2140c94a6ab433498d7b9769b9a1a7b801182.gz
 create mode 100644 docs/work_history/repo/review_feedback/pr8058-evidence/_objects/a99682a3cdb87428c74fb17faf41fdfdc3e907d2caa2af623b15d2bfbf15461a.gz
 create mode 100644 docs/work_history/repo/review_feedback/pr8058-evidence/_objects/aa6c1fc489b17da14d1386b06677fac978a2a0a2a92550e7460cdfd9be7953dd.gz
 create mode 100644 docs/work_history/repo/review_feedback/pr8058-evidence/_objects/b5302c51df803f73de64215eab3cb80cf94503a143309da725759b13f745d143.gz
 create mode 100644 docs/work_history/repo/review_feedback/pr8058-evidence/_objects/bdd6b439cb1695ea680227c1da08ca40d65741726dfe4de475652deae54c23de.gz
 create mode 100644 docs/work_history/repo/review_feedback/pr8058-evidence/_objects/c0dcc2ce74b1e6c3d3aff26ea5bb40d66a72ab296cb83153177b99a7a5bb2107.gz
 create mode 100644 docs/work_history/repo/review_feedback/pr8058-evidence/_objects/c38290af49c7c7eb33bf667433df4264bfeb5121011129c5c76124c1f32cb261.gz
 create mode 100644 docs/work_history/repo/review_feedback/pr8058-evidence/_objects/c6d60c505fcf9a9082e4aa4ae70d4ee3ebd2baaa0d4d5e6a94c6ed980d7acb0a.gz
 create mode 100644 docs/work_history/repo/review_feedback/pr8058-evidence/_objects/c7cb8bbade8b05d481b1054520edf55539a284d54f8f6e52d67d6c94a294f899.gz
 create mode 100644 docs/work_history/repo/review_feedback/pr8058-evidence/_objects/c7df8406fcfa3d851209459f7ab3a8e08b7d211802f55d7c955899b2c1418108.gz
 create mode 100644 docs/work_history/repo/review_feedback/pr8058-evidence/_objects/cc5efb894a06e9cab7c1a6ae232c10fb795d6b98673373675a5d8ce91f011432.gz
 create mode 100644 docs/work_history/repo/review_feedback/pr8058-evidence/_objects/cd6e1c5cb24fb0c085f01d12ce92ddf1d3eedc7509fe0e6b5052a7afbd4cc503.gz
 create mode 100644 docs/work_history/repo/review_feedback/pr8058-evidence/_objects/d1313da8d64af3a58100d36cadc5d4c1923940c56ec7d19e2d86a8a0485893f2.gz
 create mode 100644 docs/work_history/repo/review_feedback/pr8058-evidence/_objects/d16324b7abf4c4f430c3bbca8782d03b7a56a1a0de3558d789bd084cd8185d43.gz
 create mode 100644 docs/work_history/repo/review_feedback/pr8058-evidence/_objects/d62a43514ada2d08638c43e6b454fb7d3419ad70515684af54756e6f28830e82.gz
 create mode 100644 docs/work_history/repo/review_feedback/pr8058-evidence/_objects/dda56cf454a836181b8cbfcf79fcb265f75e3b3779a876ec1416dfccaa53a086.gz
 create mode 100644 docs/work_history/repo/review_feedback/pr8058-evidence/_objects/de3b4ca67713ad5008ffcb6ba6ba09670b409a924de5233e0f26a5e148b579fa.gz
 create mode 100644 docs/work_history/repo/review_feedback/pr8058-evidence/_objects/df5737000ddedd11879ec75f60c1d60f7b6bc18361480d752cc2878c12e6639b.gz
 create mode 100644 docs/work_history/repo/review_feedback/pr8058-evidence/_objects/e3b0c44298fc1c149afbf4c8996fb92427ae41e4649b934ca495991b7852b855.gz
 create mode 100644 docs/work_history/repo/review_feedback/pr8058-evidence/_objects/e77bcea76fcd504f8bd6b12298595aecfeb949f6cb0c4750c908e37ab6c88342.gz
 create mode 100644 docs/work_history/repo/review_feedback/pr8058-evidence/_objects/e7fb6ccea0680e4090f0b5ce7fff52a818287c15e6778d6ad3f87c5f8ac02e5c.gz
 create mode 100644 docs/work_history/repo/review_feedback/pr8058-evidence/_objects/e817030bf93d8260277f5b1cebe24f124cce8dd9e5d1110738d11e8e646a883b.gz
 create mode 100644 docs/work_history/repo/review_feedback/pr8058-evidence/_objects/e90aaf1e555682a7a9177a9165037508e28f6de9dfbef53688fca923b5455a80.gz
 create mode 100644 docs/work_history/repo/review_feedback/pr8058-evidence/_objects/e945ca2fabe2b6f1da1fb1a41ad7371a8e528b8c6112b3a9d746399d4df55c8c.gz
 create mode 100644 docs/work_history/repo/review_feedback/pr8058-evidence/_objects/ee1a86dc065da209149e3bf1277945a38c34e012a5c15ffb1064b6f3f5fe93bc.gz
 create mode 100644 docs/work_history/repo/review_feedback/pr8058-evidence/_objects/eec62180b205bd5549f26072521359dc85d3ef9144e2d856104654194e20afea.gz
 create mode 100644 docs/work_history/repo/review_feedback/pr8058-evidence/_objects/f27201104a4ad71ad607b564f2b988d33a5bc4f7a50e1ece07e4ce549f53027c.gz
 create mode 100644 docs/work_history/repo/review_feedback/pr8058-evidence/_objects/f6a3786c8f67354b1b7c9edd3bdcdcbac87d5048a93a6f99e0d6bb9b4445dbbb.gz
 create mode 100644 docs/work_history/repo/review_feedback/pr8058-evidence/_objects/f81c4c95dd38e5b799dc204cb79a9c39f6616fa88e70a4e614edd94bae1eeb5e.gz
 create mode 100644 docs/work_history/repo/review_feedback/pr8058-evidence/_objects/fa0d649669c962e5e3fdc7d20e79d53c64acbb20c23630869f1184e8ebb654d7.gz
 create mode 100644 docs/work_history/repo/review_feedback/pr8058-evidence/_objects/fffd168e3000a76830644d9598702ebc598d24ec43ea2d68829125379d55afad.gz
 create mode 100644 docs/work_history/repo/review_feedback/pr8058-evidence/archive-manifest.json
 create mode 100644 docs/work_history/repo/review_feedback/pr8058-evidence/kept/pr8058-HANDOFF-9ef67db77ea9ef6f.md
 create mode 100644 docs/work_history/repo/review_feedback/pr8058-evidence/kept/pr8058-INPUTS-746fd36863573c71.json
 create mode 100644 docs/work_history/repo/review_feedback/pr8058-evidence/kept/pr8058-RESULT-8a461aeeaa3aae41.json
 create mode 100644 docs/work_history/repo/review_feedback/pr8058-evidence/kept/pr8058-SOLVE_VECTORS-8740fc5cfce5142d.json
 create mode 100644 docs/work_history/repo/review_feedback/pr8058-evidence/kept/pr8058-TRACE_GATE-f67515f6cce5b41d.md
 create mode 100644 logs/runner-cache/native_third_order_star_vertex_2026_09_08.txt
 create mode 100644 logs/runner-cache/native_weak_electric_spectator_gap_2026_09_08.txt
 create mode 100644 logs/runner-cache/native_zero_penalty_l4_delayed_splitting_2026_09_08.txt
 create mode 100644 outputs/native_weak_electric_spectator_gap_2026_09_08.json
 create mode 100644 outputs/native_weak_electric_spectator_gap_2026_09_08_inputs/FRAME_RESULT.json
 create mode 100644 outputs/native_weak_electric_spectator_gap_2026_09_08_inputs/INPUT_HASHES.json
 create mode 100644 outputs/native_weak_electric_spectator_gap_2026_09_08_inputs/PREFIXES.json
 create mode 100644 outputs/native_weak_electric_spectator_gap_2026_09_08_inputs/bridge_0.json
 create mode 100644 outputs/native_weak_electric_spectator_gap_2026_09_08_inputs/bridge_0.npz
 create mode 100644 outputs/native_weak_electric_spectator_gap_2026_09_08_inputs/bridge_12.json
 create mode 100644 outputs/native_weak_electric_spectator_gap_2026_09_08_inputs/bridge_12.npz
 create mode 100644 outputs/native_weak_electric_spectator_gap_2026_09_08_inputs/bridge_3.json
 create mode 100644 outputs/native_weak_electric_spectator_gap_2026_09_08_inputs/bridge_3.npz
 create mode 100644 outputs/native_weak_electric_spectator_gap_2026_09_08_inputs/bridge_36.json
 create mode 100644 outputs/native_weak_electric_spectator_gap_2026_09_08_inputs/bridge_36.npz
 create mode 100644 outputs/native_weak_electric_spectator_gap_2026_09_08_inputs/bridge_9.json
 create mode 100644 outputs/native_weak_electric_spectator_gap_2026_09_08_inputs/bridge_9.npz
 create mode 100644 outputs/native_weak_electric_spectator_gap_2026_09_08_inputs/bridge_96.json
 create mode 100644 outputs/native_weak_electric_spectator_gap_2026_09_08_inputs/bridge_96.npz
 create mode 100644 outputs/native_zero_penalty_l4_delayed_splitting_2026_09_08.json
 create mode 100644 scripts/native_third_order_star_vertex_2026_09_08.json
 create mode 100644 scripts/native_third_order_star_vertex_2026_09_08.py
 create mode 100644 scripts/native_third_order_star_vertex_replay_2026_09_08.py
 create mode 100644 scripts/native_third_order_star_vertex_two_mode_2026_09_08.py
 create mode 100644 scripts/native_weak_electric_candidate_decoder_2026_09_08.py
 create mode 100644 scripts/native_weak_electric_magnetic_symmetry_2026_09_08.py
 create mode 100644 scripts/native_weak_electric_rational_core_2026_09_08.py
 create mode 100644 scripts/native_weak_electric_rational_replay_2026_09_08.py
 create mode 100644 scripts/native_weak_electric_spectator_gap_2026_09_08.py
 create mode 100644 scripts/native_zero_penalty_electric_exact_2026_09_08.py
 create mode 100644 scripts/native_zero_penalty_isolation_exact_2026_09_08.py
 create mode 100644 scripts/native_zero_penalty_l4_delayed_splitting_2026_09_08.py
 create mode 100644 scripts/native_zero_penalty_spectator_exact_2026_09_08.py
FROZEN 645749caae2ecb1b9be3ccf5a1772865819a64c0 sources 392 inputs 408 notes 3
