[detached HEAD 22966596fb] Integrate reviewed native zero-penalty endpoint and exact provenance
 Date: Tue Sep 15 09:39:23 2026 -0400
 Committer: Jon Bridger Apps <jonBridger@Jonathons-Mac-mini.local>
Your name and email address were configured automatically based
on your username and hostname. Please check that they are accurate.
You can suppress this message by setting them explicitly:

    git config --global user.name "Your Name"
    git config --global user.email you@example.com

After doing this, you may fix the identity used for this commit with:

    git commit --amend --reset-author

 71 files changed, 1730 insertions(+)
 create mode 100644 docs/NATIVE_ZERO_PENALTY_ENDPOINT_NOTE_2026-09-08.md
 create mode 100644 docs/work_history/repo/review_feedback/pr8049-native-zero-penalty-evidence/AUTHOR_VERIFICATION_DRIVER.py
 create mode 100644 docs/work_history/repo/review_feedback/pr8049-native-zero-penalty-evidence/GRAPH.stderr
 create mode 100644 docs/work_history/repo/review_feedback/pr8049-native-zero-penalty-evidence/GRAPH.stdout
 create mode 100644 docs/work_history/repo/review_feedback/pr8049-native-zero-penalty-evidence/GRAPH_DELTA.json
 create mode 100644 docs/work_history/repo/review_feedback/pr8049-native-zero-penalty-evidence/ISOLATED.stderr
 create mode 100644 docs/work_history/repo/review_feedback/pr8049-native-zero-penalty-evidence/ISOLATED.stdout
 create mode 100644 docs/work_history/repo/review_feedback/pr8049-native-zero-penalty-evidence/ISOLATED_CLOSURE.json
 create mode 100644 docs/work_history/repo/review_feedback/pr8049-native-zero-penalty-evidence/LIVE.stdout
 create mode 100644 docs/work_history/repo/review_feedback/pr8049-native-zero-penalty-evidence/MANIFEST.stderr
 create mode 100644 docs/work_history/repo/review_feedback/pr8049-native-zero-penalty-evidence/MANIFEST.stdout
 create mode 100644 docs/work_history/repo/review_feedback/pr8049-native-zero-penalty-evidence/MUTATIONS.json
 create mode 100644 docs/work_history/repo/review_feedback/pr8049-native-zero-penalty-evidence/ORIGINAL_HASHES.json
 create mode 100644 docs/work_history/repo/review_feedback/pr8049-native-zero-penalty-evidence/PORT_RECEIPT.json
 create mode 100644 docs/work_history/repo/review_feedback/pr8049-native-zero-penalty-evidence/README.md
 create mode 100644 docs/work_history/repo/review_feedback/pr8049-native-zero-penalty-evidence/SOURCE_FREEZE.json
 create mode 100644 docs/work_history/repo/review_feedback/pr8049-native-zero-penalty-evidence/STATE.yaml
 create mode 100644 docs/work_history/repo/review_feedback/pr8049-native-zero-penalty-evidence/WRAPPER_CONTROLS.json
 create mode 100644 docs/work_history/repo/review_feedback/pr8049-native-zero-penalty-evidence/independent-canonical-review/READ_HASHES.json
 create mode 100644 docs/work_history/repo/review_feedback/pr8049-native-zero-penalty-evidence/independent-canonical-review/RESULT.json
 create mode 100644 docs/work_history/repo/review_feedback/pr8049-native-zero-penalty-evidence/independent-canonical-review/check_port.py
 create mode 100644 docs/work_history/repo/review_feedback/pr8049-native-zero-penalty-evidence/independent-canonical-review/pr8049-independent-canonical-review-REVIEW.md
 create mode 100644 docs/work_history/repo/review_feedback/pr8049-native-zero-penalty-evidence/odd_Gauss_domain.stderr
 create mode 100644 docs/work_history/repo/review_feedback/pr8049-native-zero-penalty-evidence/odd_Gauss_domain.stdout
 create mode 100644 docs/work_history/repo/review_feedback/pr8049-native-zero-penalty-evidence/originals/native-zero-penalty-endpoint-cold-review/READ_HASHES.json
 create mode 100644 docs/work_history/repo/review_feedback/pr8049-native-zero-penalty-evidence/originals/native-zero-penalty-endpoint-cold-review/RESULT.json
 create mode 100644 docs/work_history/repo/review_feedback/pr8049-native-zero-penalty-evidence/originals/native-zero-penalty-endpoint-cold-review/check.py
 create mode 100644 docs/work_history/repo/review_feedback/pr8049-native-zero-penalty-evidence/originals/native-zero-penalty-endpoint-cold-review/pr8049-originals-native-zero-penalty-endpoint-cold-review-REVIEW.md
 create mode 100644 docs/work_history/repo/review_feedback/pr8049-native-zero-penalty-evidence/originals/native-zero-penalty-endpoint/HASHES.json
 create mode 100644 docs/work_history/repo/review_feedback/pr8049-native-zero-penalty-evidence/originals/native-zero-penalty-endpoint/RESULT.json
 create mode 100644 docs/work_history/repo/review_feedback/pr8049-native-zero-penalty-evidence/originals/native-zero-penalty-endpoint/SOURCE_BINDING.json
 create mode 100644 docs/work_history/repo/review_feedback/pr8049-native-zero-penalty-evidence/originals/native-zero-penalty-endpoint/check.py
 create mode 100644 docs/work_history/repo/review_feedback/pr8049-native-zero-penalty-evidence/originals/native-zero-penalty-endpoint/pr8049-originals-native-zero-penalty-endpoint-DERIVATION.md
 create mode 100644 docs/work_history/repo/review_feedback/pr8049-native-zero-penalty-evidence/originals/native-zero-penalty-endpoint/pr8049-originals-native-zero-penalty-endpoint-PREREGISTRATION.md
 create mode 100644 docs/work_history/repo/review_feedback/pr8049-native-zero-penalty-evidence/originals/native-zero-penalty-stdlib-controls/HASHES.json
 create mode 100644 docs/work_history/repo/review_feedback/pr8049-native-zero-penalty-evidence/originals/native-zero-penalty-stdlib-controls/MUTATIONS.json
 create mode 100644 docs/work_history/repo/review_feedback/pr8049-native-zero-penalty-evidence/originals/native-zero-penalty-stdlib-controls/RESULT.json
 create mode 100644 docs/work_history/repo/review_feedback/pr8049-native-zero-penalty-evidence/originals/native-zero-penalty-stdlib-controls/check.py
 create mode 100644 docs/work_history/repo/review_feedback/pr8049-native-zero-penalty-evidence/originals/native-zero-penalty-stdlib-controls/mutant_odd_Gauss_domain.py
 create mode 100644 docs/work_history/repo/review_feedback/pr8049-native-zero-penalty-evidence/originals/native-zero-penalty-stdlib-controls/mutant_wrong_K_factor.py
 create mode 100644 docs/work_history/repo/review_feedback/pr8049-native-zero-penalty-evidence/originals/native-zero-penalty-stdlib-controls/mutant_wrong_spectator_count.py
 create mode 100644 docs/work_history/repo/review_feedback/pr8049-native-zero-penalty-evidence/originals/native-zero-penalty-stdlib-controls/odd_Gauss_domain.stderr
 create mode 100644 docs/work_history/repo/review_feedback/pr8049-native-zero-penalty-evidence/originals/native-zero-penalty-stdlib-controls/odd_Gauss_domain.stdout
 create mode 100644 docs/work_history/repo/review_feedback/pr8049-native-zero-penalty-evidence/originals/native-zero-penalty-stdlib-controls/pr8049-originals-native-zero-penalty-stdlib-controls-PREREGISTRATION.md
 create mode 100644 docs/work_history/repo/review_feedback/pr8049-native-zero-penalty-evidence/originals/native-zero-penalty-stdlib-controls/pr8049-originals-native-zero-penalty-stdlib-controls-REPORT.md
 create mode 100644 docs/work_history/repo/review_feedback/pr8049-native-zero-penalty-evidence/originals/native-zero-penalty-stdlib-controls/wrong_K_factor.stderr
 create mode 100644 docs/work_history/repo/review_feedback/pr8049-native-zero-penalty-evidence/originals/native-zero-penalty-stdlib-controls/wrong_K_factor.stdout
 create mode 100644 docs/work_history/repo/review_feedback/pr8049-native-zero-penalty-evidence/originals/native-zero-penalty-stdlib-controls/wrong_spectator_count.stderr
 create mode 100644 docs/work_history/repo/review_feedback/pr8049-native-zero-penalty-evidence/originals/native-zero-penalty-stdlib-controls/wrong_spectator_count.stdout
 create mode 100644 docs/work_history/repo/review_feedback/pr8049-native-zero-penalty-evidence/pr8049-ARTIFACT_PLAN.md
 create mode 100644 docs/work_history/repo/review_feedback/pr8049-native-zero-penalty-evidence/pr8049-ASSUMPTIONS_AND_IMPORTS.md
 create mode 100644 docs/work_history/repo/review_feedback/pr8049-native-zero-penalty-evidence/pr8049-CLAIM_STATUS_CERTIFICATE.md
 create mode 100644 docs/work_history/repo/review_feedback/pr8049-native-zero-penalty-evidence/pr8049-CONTROL_CONTRACT.md
 create mode 100644 docs/work_history/repo/review_feedback/pr8049-native-zero-penalty-evidence/pr8049-GOAL.md
 create mode 100644 docs/work_history/repo/review_feedback/pr8049-native-zero-penalty-evidence/pr8049-HANDOFF.md
 create mode 100644 docs/work_history/repo/review_feedback/pr8049-native-zero-penalty-evidence/pr8049-LITERATURE_BRIDGES.md
 create mode 100644 docs/work_history/repo/review_feedback/pr8049-native-zero-penalty-evidence/pr8049-NO_GO_LEDGER.md
 create mode 100644 docs/work_history/repo/review_feedback/pr8049-native-zero-penalty-evidence/pr8049-OPPORTUNITY_QUEUE.md
 create mode 100644 docs/work_history/repo/review_feedback/pr8049-native-zero-penalty-evidence/pr8049-PR_BACKLOG.md
 create mode 100644 docs/work_history/repo/review_feedback/pr8049-native-zero-penalty-evidence/pr8049-REVIEW_HISTORY.md
 create mode 100644 docs/work_history/repo/review_feedback/pr8049-native-zero-penalty-evidence/pr8049-ROOT_CANONICAL_REVIEW.md
 create mode 100644 docs/work_history/repo/review_feedback/pr8049-native-zero-penalty-evidence/pr8049-ROUTE_PORTFOLIO.md
 create mode 100644 docs/work_history/repo/review_feedback/pr8049-native-zero-penalty-evidence/pr8049-TRACE_GATE.md
 create mode 100644 docs/work_history/repo/review_feedback/pr8049-native-zero-penalty-evidence/wrong_K_factor.stderr
 create mode 100644 docs/work_history/repo/review_feedback/pr8049-native-zero-penalty-evidence/wrong_K_factor.stdout
 create mode 100644 docs/work_history/repo/review_feedback/pr8049-native-zero-penalty-evidence/wrong_spectator_count.stderr
 create mode 100644 docs/work_history/repo/review_feedback/pr8049-native-zero-penalty-evidence/wrong_spectator_count.stdout
 create mode 100644 logs/runner-cache/native_zero_penalty_endpoint_2026_09_08.txt
 create mode 100644 outputs/native_zero_penalty_endpoint_2026_09_08.json
 create mode 100644 scripts/native_zero_penalty_endpoint_2026_09_08.py
 create mode 100644 scripts/native_zero_penalty_endpoint_exact_2026_09_08.py
[detached HEAD a10c2d780d] Integrate reviewed native virtual-pair ring mechanism and preserved evidence
 Date: Tue Sep 15 09:40:58 2026 -0400
 Committer: Jon Bridger Apps <jonBridger@Jonathons-Mac-mini.local>
Your name and email address were configured automatically based
on your username and hostname. Please check that they are accurate.
You can suppress this message by setting them explicitly:

    git config --global user.name "Your Name"
    git config --global user.email you@example.com

After doing this, you may fix the identity used for this commit with:

    git commit --amend --reset-author

 273 files changed, 3183412 insertions(+)
 create mode 100644 docs/NATIVE_VIRTUAL_PAIR_RING_MECHANISM_NOTE_2026-09-08.md
 create mode 100644 docs/work_history/repo/review_feedback/pr8044-native-ring-evidence/AUTHOR_VERIFICATION_DRIVER.py
 create mode 100644 docs/work_history/repo/review_feedback/pr8044-native-ring-evidence/GRAPH_BUILD.stderr
 create mode 100644 docs/work_history/repo/review_feedback/pr8044-native-ring-evidence/GRAPH_BUILD.stdout
 create mode 100644 docs/work_history/repo/review_feedback/pr8044-native-ring-evidence/GRAPH_DELTA.json
 create mode 100644 docs/work_history/repo/review_feedback/pr8044-native-ring-evidence/GRAPH_MANIFEST.stderr
 create mode 100644 docs/work_history/repo/review_feedback/pr8044-native-ring-evidence/GRAPH_MANIFEST.stdout
 create mode 100644 docs/work_history/repo/review_feedback/pr8044-native-ring-evidence/ISOLATED.stderr
 create mode 100644 docs/work_history/repo/review_feedback/pr8044-native-ring-evidence/ISOLATED.stdout
 create mode 100644 docs/work_history/repo/review_feedback/pr8044-native-ring-evidence/ISOLATED_CLOSURE.json
 create mode 100644 docs/work_history/repo/review_feedback/pr8044-native-ring-evidence/LIVE.stderr
 create mode 100644 docs/work_history/repo/review_feedback/pr8044-native-ring-evidence/LIVE.stdout
 create mode 100644 docs/work_history/repo/review_feedback/pr8044-native-ring-evidence/MUTATIONS.json
 create mode 100644 docs/work_history/repo/review_feedback/pr8044-native-ring-evidence/PORT_INPUTS.json
 create mode 100644 docs/work_history/repo/review_feedback/pr8044-native-ring-evidence/PORT_RECEIPT.json
 create mode 100644 docs/work_history/repo/review_feedback/pr8044-native-ring-evidence/README.md
 create mode 100644 docs/work_history/repo/review_feedback/pr8044-native-ring-evidence/SOURCE_FREEZE.json
 create mode 100644 docs/work_history/repo/review_feedback/pr8044-native-ring-evidence/STATE.yaml
 create mode 100644 docs/work_history/repo/review_feedback/pr8044-native-ring-evidence/WRAPPER_CONTROLS.json
 create mode 100644 docs/work_history/repo/review_feedback/pr8044-native-ring-evidence/independent-canonical-review/READ_HASHES.json
 create mode 100644 docs/work_history/repo/review_feedback/pr8044-native-ring-evidence/independent-canonical-review/pr8044-independent-canonical-review-GRAPH_CONFIRMATION.md
 create mode 100644 docs/work_history/repo/review_feedback/pr8044-native-ring-evidence/independent-canonical-review/pr8044-independent-canonical-review-REVIEW.md
 create mode 100644 docs/work_history/repo/review_feedback/pr8044-native-ring-evidence/inputs/FOUR_ICE_BACKGROUNDS.json
 create mode 100644 docs/work_history/repo/review_feedback/pr8044-native-ring-evidence/mutations/full_missing_feedback.stderr
 create mode 100644 docs/work_history/repo/review_feedback/pr8044-native-ring-evidence/mutations/full_missing_feedback.stdout
 create mode 100644 docs/work_history/repo/review_feedback/pr8044-native-ring-evidence/mutations/full_missing_phase.stderr
 create mode 100644 docs/work_history/repo/review_feedback/pr8044-native-ring-evidence/mutations/full_missing_phase.stdout
 create mode 100644 docs/work_history/repo/review_feedback/pr8044-native-ring-evidence/mutations/full_to_hard_support.stderr
 create mode 100644 docs/work_history/repo/review_feedback/pr8044-native-ring-evidence/mutations/full_to_hard_support.stdout
 create mode 100644 docs/work_history/repo/review_feedback/pr8044-native-ring-evidence/mutations/missing_folded_cross.stderr
 create mode 100644 docs/work_history/repo/review_feedback/pr8044-native-ring-evidence/mutations/missing_folded_cross.stdout
 create mode 100644 docs/work_history/repo/review_feedback/pr8044-native-ring-evidence/mutations/missing_sixth_feedback.stderr
 create mode 100644 docs/work_history/repo/review_feedback/pr8044-native-ring-evidence/mutations/missing_sixth_feedback.stdout
 create mode 100644 docs/work_history/repo/review_feedback/pr8044-native-ring-evidence/mutations/missing_sixth_phase.stderr
 create mode 100644 docs/work_history/repo/review_feedback/pr8044-native-ring-evidence/mutations/missing_sixth_phase.stdout
 create mode 100644 docs/work_history/repo/review_feedback/pr8044-native-ring-evidence/mutations/mutant_full_missing_feedback.py
 create mode 100644 docs/work_history/repo/review_feedback/pr8044-native-ring-evidence/mutations/mutant_full_missing_phase.py
 create mode 100644 docs/work_history/repo/review_feedback/pr8044-native-ring-evidence/mutations/mutant_full_to_hard_support.py
 create mode 100644 docs/work_history/repo/review_feedback/pr8044-native-ring-evidence/mutations/mutant_missing_folded_cross.py
 create mode 100644 docs/work_history/repo/review_feedback/pr8044-native-ring-evidence/mutations/mutant_missing_sixth_feedback.py
 create mode 100644 docs/work_history/repo/review_feedback/pr8044-native-ring-evidence/mutations/mutant_missing_sixth_phase.py
 create mode 100644 docs/work_history/repo/review_feedback/pr8044-native-ring-evidence/mutations/mutant_native_to_bare_X.py
 create mode 100644 docs/work_history/repo/review_feedback/pr8044-native-ring-evidence/mutations/mutant_relaxed_sixth_support.py
 create mode 100644 docs/work_history/repo/review_feedback/pr8044-native-ring-evidence/mutations/mutant_wrong_D4_denominator.py
 create mode 100644 docs/work_history/repo/review_feedback/pr8044-native-ring-evidence/mutations/mutant_wrong_remainder_tail.py
 create mode 100644 docs/work_history/repo/review_feedback/pr8044-native-ring-evidence/mutations/native_to_bare_X.stderr
 create mode 100644 docs/work_history/repo/review_feedback/pr8044-native-ring-evidence/mutations/native_to_bare_X.stdout
 create mode 100644 docs/work_history/repo/review_feedback/pr8044-native-ring-evidence/mutations/relaxed_sixth_support.stderr
 create mode 100644 docs/work_history/repo/review_feedback/pr8044-native-ring-evidence/mutations/relaxed_sixth_support.stdout
 create mode 100644 docs/work_history/repo/review_feedback/pr8044-native-ring-evidence/mutations/wrong_D4_denominator.stderr
 create mode 100644 docs/work_history/repo/review_feedback/pr8044-native-ring-evidence/mutations/wrong_D4_denominator.stdout
 create mode 100644 docs/work_history/repo/review_feedback/pr8044-native-ring-evidence/mutations/wrong_remainder_tail.stderr
 create mode 100644 docs/work_history/repo/review_feedback/pr8044-native-ring-evidence/mutations/wrong_remainder_tail.stdout
 create mode 100644 docs/work_history/repo/review_feedback/pr8044-native-ring-evidence/originals/native-soft-charge-penalty-cold-proof/HARD_REFERENCE.py
 create mode 100644 docs/work_history/repo/review_feedback/pr8044-native-ring-evidence/originals/native-soft-charge-penalty-cold-proof/HASHES.json
 create mode 100644 docs/work_history/repo/review_feedback/pr8044-native-ring-evidence/originals/native-soft-charge-penalty-cold-proof/RESULT.json
 create mode 100644 docs/work_history/repo/review_feedback/pr8044-native-ring-evidence/originals/native-soft-charge-penalty-cold-proof/STDOUT.txt
 create mode 100644 docs/work_history/repo/review_feedback/pr8044-native-ring-evidence/originals/native-soft-charge-penalty-cold-proof/SUPPLEMENT.json
 create mode 100644 docs/work_history/repo/review_feedback/pr8044-native-ring-evidence/originals/native-soft-charge-penalty-cold-proof/check.py
 create mode 100644 docs/work_history/repo/review_feedback/pr8044-native-ring-evidence/originals/native-soft-charge-penalty-cold-proof/pr8044-originals-native-soft-charge-penalty-cold-proof-DERIVATION.md
 create mode 100644 docs/work_history/repo/review_feedback/pr8044-native-ring-evidence/originals/native-soft-charge-penalty-cold-proof/pr8044-originals-native-soft-charge-penalty-cold-proof-PREREGISTRATION.md
 create mode 100644 docs/work_history/repo/review_feedback/pr8044-native-ring-evidence/originals/native-soft-charge-penalty-cold-proof/pr8044-originals-native-soft-charge-penalty-cold-proof-ROOT_COMPARISON.md
 create mode 100644 docs/work_history/repo/review_feedback/pr8044-native-ring-evidence/originals/native-soft-charge-penalty-root/FOURTH_SOURCE_HARD.py
 create mode 100644 docs/work_history/repo/review_feedback/pr8044-native-ring-evidence/originals/native-soft-charge-penalty-root/FULL_FOURTH_RESULT.json
 create mode 100644 docs/work_history/repo/review_feedback/pr8044-native-ring-evidence/originals/native-soft-charge-penalty-root/HASHES.json
 create mode 100644 docs/work_history/repo/review_feedback/pr8044-native-ring-evidence/originals/native-soft-charge-penalty-root/RESULT.json
 create mode 100644 docs/work_history/repo/review_feedback/pr8044-native-ring-evidence/originals/native-soft-charge-penalty-root/SOURCE_ORIGINAL_HARD_HELPER.py
 create mode 100644 docs/work_history/repo/review_feedback/pr8044-native-ring-evidence/originals/native-soft-charge-penalty-root/check.py
 create mode 100644 docs/work_history/repo/review_feedback/pr8044-native-ring-evidence/originals/native-soft-charge-penalty-root/full_fourth_check.py
 create mode 100644 docs/work_history/repo/review_feedback/pr8044-native-ring-evidence/originals/native-soft-charge-penalty-root/pr8044-originals-native-soft-charge-penalty-root-DERIVATION.md
 create mode 100644 docs/work_history/repo/review_feedback/pr8044-native-ring-evidence/originals/native-soft-charge-penalty-root/pr8044-originals-native-soft-charge-penalty-root-PREREGISTRATION.md
 create mode 100644 docs/work_history/repo/review_feedback/pr8044-native-ring-evidence/originals/native-soft-charge-penalty-root/pr8044-originals-native-soft-charge-penalty-root-PROVENANCE.md
 create mode 100644 docs/work_history/repo/review_feedback/pr8044-native-ring-evidence/originals/native-virtual-pair-induced-ring-cold-proof/HASHES.json
 create mode 100644 docs/work_history/repo/review_feedback/pr8044-native-ring-evidence/originals/native-virtual-pair-induced-ring-cold-proof/RESULT.json
 create mode 100644 docs/work_history/repo/review_feedback/pr8044-native-ring-evidence/originals/native-virtual-pair-induced-ring-cold-proof/check.py
 create mode 100644 docs/work_history/repo/review_feedback/pr8044-native-ring-evidence/originals/native-virtual-pair-induced-ring-cold-proof/pr8044-originals-native-virtual-pair-induced-ring-cold-proof-AUTHOR_REVIEW.md
 create mode 100644 docs/work_history/repo/review_feedback/pr8044-native-ring-evidence/originals/native-virtual-pair-induced-ring-cold-proof/pr8044-originals-native-virtual-pair-induced-ring-cold-proof-DERIVATION.md
 create mode 100644 docs/work_history/repo/review_feedback/pr8044-native-ring-evidence/originals/native-virtual-pair-induced-ring-cold-proof/pr8044-originals-native-virtual-pair-induced-ring-cold-proof-PREREGISTRATION.md
 create mode 100644 docs/work_history/repo/review_feedback/pr8044-native-ring-evidence/originals/native-virtual-pair-induced-ring/HASHES.json
 create mode 100644 docs/work_history/repo/review_feedback/pr8044-native-ring-evidence/originals/native-virtual-pair-induced-ring/MUTANT_bare_X_substituted_for_native.py
 create mode 100644 docs/work_history/repo/review_feedback/pr8044-native-ring-evidence/originals/native-virtual-pair-induced-ring/MUTANT_omitted_folded_cross_term.py
 create mode 100644 docs/work_history/repo/review_feedback/pr8044-native-ring-evidence/originals/native-virtual-pair-induced-ring/MUTANT_wrong_four_charge_denominator.py
 create mode 100644 docs/work_history/repo/review_feedback/pr8044-native-ring-evidence/originals/native-virtual-pair-induced-ring/MUTATIONS.json
 create mode 100644 docs/work_history/repo/review_feedback/pr8044-native-ring-evidence/originals/native-virtual-pair-induced-ring/RESULT.json
 create mode 100644 docs/work_history/repo/review_feedback/pr8044-native-ring-evidence/originals/native-virtual-pair-induced-ring/STDERR.txt
 create mode 100644 docs/work_history/repo/review_feedback/pr8044-native-ring-evidence/originals/native-virtual-pair-induced-ring/bare_X_substituted_for_native.stderr
 create mode 100644 docs/work_history/repo/review_feedback/pr8044-native-ring-evidence/originals/native-virtual-pair-induced-ring/bare_X_substituted_for_native.stdout
 create mode 100644 docs/work_history/repo/review_feedback/pr8044-native-ring-evidence/originals/native-virtual-pair-induced-ring/check.py
 create mode 100644 docs/work_history/repo/review_feedback/pr8044-native-ring-evidence/originals/native-virtual-pair-induced-ring/omitted_folded_cross_term.stderr
 create mode 100644 docs/work_history/repo/review_feedback/pr8044-native-ring-evidence/originals/native-virtual-pair-induced-ring/omitted_folded_cross_term.stdout
 create mode 100644 docs/work_history/repo/review_feedback/pr8044-native-ring-evidence/originals/native-virtual-pair-induced-ring/pr8044-originals-native-virtual-pair-induced-ring-DERIVATION.md
 create mode 100644 docs/work_history/repo/review_feedback/pr8044-native-ring-evidence/originals/native-virtual-pair-induced-ring/pr8044-originals-native-virtual-pair-induced-ring-INDEPENDENT_PROOF_COMPARISON.md
 create mode 100644 docs/work_history/repo/review_feedback/pr8044-native-ring-evidence/originals/native-virtual-pair-induced-ring/pr8044-originals-native-virtual-pair-induced-ring-PREREGISTRATION.md
 create mode 100644 docs/work_history/repo/review_feedback/pr8044-native-ring-evidence/originals/native-virtual-pair-induced-ring/wrong_four_charge_denominator.stderr
 create mode 100644 docs/work_history/repo/review_feedback/pr8044-native-ring-evidence/originals/native-virtual-pair-induced-ring/wrong_four_charge_denominator.stdout
 create mode 100644 docs/work_history/repo/review_feedback/pr8044-native-ring-evidence/originals/native-virtual-pair-sixth-cold-proof/HASHES.json
 create mode 100644 docs/work_history/repo/review_feedback/pr8044-native-ring-evidence/originals/native-virtual-pair-sixth-cold-proof/PAIR_AND_COUNT_RESULT.json
 create mode 100644 docs/work_history/repo/review_feedback/pr8044-native-ring-evidence/originals/native-virtual-pair-sixth-cold-proof/RESULT.json
 create mode 100644 docs/work_history/repo/review_feedback/pr8044-native-ring-evidence/originals/native-virtual-pair-sixth-cold-proof/STDOUT.txt
 create mode 100644 docs/work_history/repo/review_feedback/pr8044-native-ring-evidence/originals/native-virtual-pair-sixth-cold-proof/check.py
 create mode 100644 docs/work_history/repo/review_feedback/pr8044-native-ring-evidence/originals/native-virtual-pair-sixth-cold-proof/pr8044-originals-native-virtual-pair-sixth-cold-proof-AUTHOR_COMPARISON.md
 create mode 100644 docs/work_history/repo/review_feedback/pr8044-native-ring-evidence/originals/native-virtual-pair-sixth-cold-proof/pr8044-originals-native-virtual-pair-sixth-cold-proof-DERIVATION.md
 create mode 100644 docs/work_history/repo/review_feedback/pr8044-native-ring-evidence/originals/native-virtual-pair-sixth-cold-proof/pr8044-originals-native-virtual-pair-sixth-cold-proof-PREREGISTRATION.md
 create mode 100644 docs/work_history/repo/review_feedback/pr8044-native-ring-evidence/originals/native-virtual-pair-sixth-diagonal/FULL_RESULT.json
 create mode 100644 docs/work_history/repo/review_feedback/pr8044-native-ring-evidence/originals/native-virtual-pair-sixth-diagonal/HASHES.json
 create mode 100644 docs/work_history/repo/review_feedback/pr8044-native-ring-evidence/originals/native-virtual-pair-sixth-diagonal/MUTANT_omitted_energy_feedback.py
 create mode 100644 docs/work_history/repo/review_feedback/pr8044-native-ring-evidence/originals/native-virtual-pair-sixth-diagonal/MUTANT_relaxed_low_projection.py
 create mode 100644 docs/work_history/repo/review_feedback/pr8044-native-ring-evidence/originals/native-virtual-pair-sixth-diagonal/MUTANT_removed_native_phase.py
 create mode 100644 docs/work_history/repo/review_feedback/pr8044-native-ring-evidence/originals/native-virtual-pair-sixth-diagonal/MUTATIONS.json
 create mode 100644 docs/work_history/repo/review_feedback/pr8044-native-ring-evidence/originals/native-virtual-pair-sixth-diagonal/RESULT.json
 create mode 100644 docs/work_history/repo/review_feedback/pr8044-native-ring-evidence/originals/native-virtual-pair-sixth-diagonal/check.py
 create mode 100644 docs/work_history/repo/review_feedback/pr8044-native-ring-evidence/originals/native-virtual-pair-sixth-diagonal/full_background_check.py
 create mode 100644 docs/work_history/repo/review_feedback/pr8044-native-ring-evidence/originals/native-virtual-pair-sixth-diagonal/omitted_energy_feedback.stderr
 create mode 100644 docs/work_history/repo/review_feedback/pr8044-native-ring-evidence/originals/native-virtual-pair-sixth-diagonal/omitted_energy_feedback.stdout
 create mode 100644 docs/work_history/repo/review_feedback/pr8044-native-ring-evidence/originals/native-virtual-pair-sixth-diagonal/pr8044-originals-native-virtual-pair-sixth-diagonal-DERIVATION.md
 create mode 100644 docs/work_history/repo/review_feedback/pr8044-native-ring-evidence/originals/native-virtual-pair-sixth-diagonal/pr8044-originals-native-virtual-pair-sixth-diagonal-PREREGISTRATION.md
 create mode 100644 docs/work_history/repo/review_feedback/pr8044-native-ring-evidence/originals/native-virtual-pair-sixth-diagonal/relaxed_low_projection.stderr
 create mode 100644 docs/work_history/repo/review_feedback/pr8044-native-ring-evidence/originals/native-virtual-pair-sixth-diagonal/relaxed_low_projection.stdout
 create mode 100644 docs/work_history/repo/review_feedback/pr8044-native-ring-evidence/originals/native-virtual-pair-sixth-diagonal/removed_native_phase.stderr
 create mode 100644 docs/work_history/repo/review_feedback/pr8044-native-ring-evidence/originals/native-virtual-pair-sixth-diagonal/removed_native_phase.stdout
 create mode 100644 docs/work_history/repo/review_feedback/pr8044-native-ring-evidence/originals/native-virtual-ring-primary-literature/SOURCE_RECEIPTS.json
 create mode 100644 docs/work_history/repo/review_feedback/pr8044-native-ring-evidence/originals/native-virtual-ring-primary-literature/pr8044-originals-native-virtual-ring-primary-literature-COMPARISON.md
 create mode 100644 docs/work_history/repo/review_feedback/pr8044-native-ring-evidence/originals/native-virtual-ring-remainder-cold-review/CONTROL.json
 create mode 100644 docs/work_history/repo/review_feedback/pr8044-native-ring-evidence/originals/native-virtual-ring-remainder-cold-review/HASHES.json
 create mode 100644 docs/work_history/repo/review_feedback/pr8044-native-ring-evidence/originals/native-virtual-ring-remainder-cold-review/pr8044-originals-native-virtual-ring-remainder-cold-review-REVIEW.md
 create mode 100644 docs/work_history/repo/review_feedback/pr8044-native-ring-evidence/originals/native-virtual-ring-remainder-root/EXACT_CONSTANT.json
 create mode 100644 docs/work_history/repo/review_feedback/pr8044-native-ring-evidence/originals/native-virtual-ring-remainder-root/HASHES.json
 create mode 100644 docs/work_history/repo/review_feedback/pr8044-native-ring-evidence/originals/native-virtual-ring-remainder-root/SPECTRAL_CONTROL.json
 create mode 100644 docs/work_history/repo/review_feedback/pr8044-native-ring-evidence/originals/native-virtual-ring-remainder-root/pr8044-originals-native-virtual-ring-remainder-root-DERIVATION.md
 create mode 100644 docs/work_history/repo/review_feedback/pr8044-native-ring-evidence/originals/native-virtual-ring-remainder-root/pr8044-originals-native-virtual-ring-remainder-root-PREREGISTRATION.md
 create mode 100644 docs/work_history/repo/review_feedback/pr8044-native-ring-evidence/originals/native-virtual-ring-remainder-root/pr8044-originals-native-virtual-ring-remainder-root-SPECTRAL_CONTROL_REPAIR.md
 create mode 100644 docs/work_history/repo/review_feedback/pr8044-native-ring-evidence/originals/native-virtual-ring-remainder-root/spectral_control.py
 create mode 100644 docs/work_history/repo/review_feedback/pr8044-native-ring-evidence/originals/native-virtual-ring-remainder-root/spectral_control_BEFORE_JSON_INT_FIX.py
 create mode 100644 docs/work_history/repo/review_feedback/pr8044-native-ring-evidence/pr8044-ARTIFACT_PLAN.md
 create mode 100644 docs/work_history/repo/review_feedback/pr8044-native-ring-evidence/pr8044-ASSUMPTIONS_AND_IMPORTS.md
 create mode 100644 docs/work_history/repo/review_feedback/pr8044-native-ring-evidence/pr8044-CLAIM_STATUS_CERTIFICATE.md
 create mode 100644 docs/work_history/repo/review_feedback/pr8044-native-ring-evidence/pr8044-FULL_GLOBAL_PROSPECTIVE_CONTRACT.md
 create mode 100644 docs/work_history/repo/review_feedback/pr8044-native-ring-evidence/pr8044-GOAL.md
 create mode 100644 docs/work_history/repo/review_feedback/pr8044-native-ring-evidence/pr8044-HANDOFF.md
 create mode 100644 docs/work_history/repo/review_feedback/pr8044-native-ring-evidence/pr8044-LITERATURE_BRIDGES.md
 create mode 100644 docs/work_history/repo/review_feedback/pr8044-native-ring-evidence/pr8044-NO_GO_LEDGER.md
 create mode 100644 docs/work_history/repo/review_feedback/pr8044-native-ring-evidence/pr8044-OPPORTUNITY_QUEUE.md
 create mode 100644 docs/work_history/repo/review_feedback/pr8044-native-ring-evidence/pr8044-PR_BACKLOG.md
 create mode 100644 docs/work_history/repo/review_feedback/pr8044-native-ring-evidence/pr8044-REVIEW_HISTORY.md
 create mode 100644 docs/work_history/repo/review_feedback/pr8044-native-ring-evidence/pr8044-ROOT_CANONICAL_REVIEW.md
 create mode 100644 docs/work_history/repo/review_feedback/pr8044-native-ring-evidence/pr8044-ROUTE_PORTFOLIO.md
 create mode 100644 docs/work_history/repo/review_feedback/pr8044-native-ring-evidence/pr8044-SCALAR_CONTROL_CONTRACT.md
 create mode 100644 docs/work_history/repo/review_feedback/pr8044-native-ring-evidence/pr8044-TRACE_GATE.md
 create mode 100644 docs/work_history/repo/review_feedback/pr8044-native-ring-evidence/pre-soft-extension/docs/pr8044-pre-soft-extension-docs-NATIVE_VIRTUAL_PAIR_RING_MECHANISM_NOTE_2026-09-08.md.gz
 create mode 100644 docs/work_history/repo/review_feedback/pr8044-native-ring-evidence/pre-soft-extension/outputs/native_virtual_pair_ring_mechanism_2026_09_08.json
 create mode 100644 docs/work_history/repo/review_feedback/pr8044-native-ring-evidence/pre-soft-extension/packet/AUTHOR_VERIFICATION_DRIVER.py
 create mode 100644 docs/work_history/repo/review_feedback/pr8044-native-ring-evidence/pre-soft-extension/packet/ISOLATED.stderr
 create mode 100644 docs/work_history/repo/review_feedback/pr8044-native-ring-evidence/pre-soft-extension/packet/ISOLATED.stdout
 create mode 100644 docs/work_history/repo/review_feedback/pr8044-native-ring-evidence/pre-soft-extension/packet/ISOLATED_CLOSURE.json
 create mode 100644 docs/work_history/repo/review_feedback/pr8044-native-ring-evidence/pre-soft-extension/packet/LIVE.stderr
 create mode 100644 docs/work_history/repo/review_feedback/pr8044-native-ring-evidence/pre-soft-extension/packet/LIVE.stdout
 create mode 100644 docs/work_history/repo/review_feedback/pr8044-native-ring-evidence/pre-soft-extension/packet/MUTATIONS.json
 create mode 100644 docs/work_history/repo/review_feedback/pr8044-native-ring-evidence/pre-soft-extension/packet/PORT_INPUTS.json
 create mode 100644 docs/work_history/repo/review_feedback/pr8044-native-ring-evidence/pre-soft-extension/packet/PORT_RECEIPT.json
 create mode 100644 docs/work_history/repo/review_feedback/pr8044-native-ring-evidence/pre-soft-extension/packet/SOURCE_FREEZE.json
 create mode 100644 docs/work_history/repo/review_feedback/pr8044-native-ring-evidence/pre-soft-extension/packet/STATE.yaml
 create mode 100644 docs/work_history/repo/review_feedback/pr8044-native-ring-evidence/pre-soft-extension/packet/WRAPPER_CONTROLS.json
 create mode 100644 docs/work_history/repo/review_feedback/pr8044-native-ring-evidence/pre-soft-extension/packet/inputs/FOUR_ICE_BACKGROUNDS.json
 create mode 100644 docs/work_history/repo/review_feedback/pr8044-native-ring-evidence/pre-soft-extension/packet/mutations/missing_folded_cross.stderr
 create mode 100644 docs/work_history/repo/review_feedback/pr8044-native-ring-evidence/pre-soft-extension/packet/mutations/missing_folded_cross.stdout
 create mode 100644 docs/work_history/repo/review_feedback/pr8044-native-ring-evidence/pre-soft-extension/packet/mutations/missing_sixth_feedback.stderr
 create mode 100644 docs/work_history/repo/review_feedback/pr8044-native-ring-evidence/pre-soft-extension/packet/mutations/missing_sixth_feedback.stdout
 create mode 100644 docs/work_history/repo/review_feedback/pr8044-native-ring-evidence/pre-soft-extension/packet/mutations/missing_sixth_phase.stderr
 create mode 100644 docs/work_history/repo/review_feedback/pr8044-native-ring-evidence/pre-soft-extension/packet/mutations/missing_sixth_phase.stdout
 create mode 100644 docs/work_history/repo/review_feedback/pr8044-native-ring-evidence/pre-soft-extension/packet/mutations/mutant_missing_folded_cross.py
 create mode 100644 docs/work_history/repo/review_feedback/pr8044-native-ring-evidence/pre-soft-extension/packet/mutations/mutant_missing_sixth_feedback.py
 create mode 100644 docs/work_history/repo/review_feedback/pr8044-native-ring-evidence/pre-soft-extension/packet/mutations/mutant_missing_sixth_phase.py
 create mode 100644 docs/work_history/repo/review_feedback/pr8044-native-ring-evidence/pre-soft-extension/packet/mutations/mutant_native_to_bare_X.py
 create mode 100644 docs/work_history/repo/review_feedback/pr8044-native-ring-evidence/pre-soft-extension/packet/mutations/mutant_relaxed_sixth_support.py
 create mode 100644 docs/work_history/repo/review_feedback/pr8044-native-ring-evidence/pre-soft-extension/packet/mutations/mutant_wrong_D4_denominator.py
 create mode 100644 docs/work_history/repo/review_feedback/pr8044-native-ring-evidence/pre-soft-extension/packet/mutations/mutant_wrong_remainder_tail.py
 create mode 100644 docs/work_history/repo/review_feedback/pr8044-native-ring-evidence/pre-soft-extension/packet/mutations/native_to_bare_X.stderr
 create mode 100644 docs/work_history/repo/review_feedback/pr8044-native-ring-evidence/pre-soft-extension/packet/mutations/native_to_bare_X.stdout
 create mode 100644 docs/work_history/repo/review_feedback/pr8044-native-ring-evidence/pre-soft-extension/packet/mutations/relaxed_sixth_support.stderr
 create mode 100644 docs/work_history/repo/review_feedback/pr8044-native-ring-evidence/pre-soft-extension/packet/mutations/relaxed_sixth_support.stdout
 create mode 100644 docs/work_history/repo/review_feedback/pr8044-native-ring-evidence/pre-soft-extension/packet/mutations/wrong_D4_denominator.stderr
 create mode 100644 docs/work_history/repo/review_feedback/pr8044-native-ring-evidence/pre-soft-extension/packet/mutations/wrong_D4_denominator.stdout
 create mode 100644 docs/work_history/repo/review_feedback/pr8044-native-ring-evidence/pre-soft-extension/packet/mutations/wrong_remainder_tail.stderr
 create mode 100644 docs/work_history/repo/review_feedback/pr8044-native-ring-evidence/pre-soft-extension/packet/mutations/wrong_remainder_tail.stdout
 create mode 100644 docs/work_history/repo/review_feedback/pr8044-native-ring-evidence/pre-soft-extension/packet/originals/native-virtual-pair-induced-ring-cold-proof/HASHES.json
 create mode 100644 docs/work_history/repo/review_feedback/pr8044-native-ring-evidence/pre-soft-extension/packet/originals/native-virtual-pair-induced-ring-cold-proof/RESULT.json
 create mode 100644 docs/work_history/repo/review_feedback/pr8044-native-ring-evidence/pre-soft-extension/packet/originals/native-virtual-pair-induced-ring-cold-proof/check.py
 create mode 100644 docs/work_history/repo/review_feedback/pr8044-native-ring-evidence/pre-soft-extension/packet/originals/native-virtual-pair-induced-ring-cold-proof/pr8044-pre-soft-extension-packet-originals-native-virtual-pair-induced-ring-cold-proof-AUTHOR_REVIEW.md
 create mode 100644 docs/work_history/repo/review_feedback/pr8044-native-ring-evidence/pre-soft-extension/packet/originals/native-virtual-pair-induced-ring-cold-proof/pr8044-pre-soft-extension-packet-originals-native-virtual-pair-induced-ring-cold-proof-DERIVATION.md
 create mode 100644 docs/work_history/repo/review_feedback/pr8044-native-ring-evidence/pre-soft-extension/packet/originals/native-virtual-pair-induced-ring-cold-proof/pr8044-pre-soft-extension-packet-originals-native-virtual-pair-induced-ring-cold-proof-PREREGISTRATION.md
 create mode 100644 docs/work_history/repo/review_feedback/pr8044-native-ring-evidence/pre-soft-extension/packet/originals/native-virtual-pair-induced-ring/HASHES.json
 create mode 100644 docs/work_history/repo/review_feedback/pr8044-native-ring-evidence/pre-soft-extension/packet/originals/native-virtual-pair-induced-ring/MUTANT_bare_X_substituted_for_native.py
 create mode 100644 docs/work_history/repo/review_feedback/pr8044-native-ring-evidence/pre-soft-extension/packet/originals/native-virtual-pair-induced-ring/MUTANT_omitted_folded_cross_term.py
 create mode 100644 docs/work_history/repo/review_feedback/pr8044-native-ring-evidence/pre-soft-extension/packet/originals/native-virtual-pair-induced-ring/MUTANT_wrong_four_charge_denominator.py
 create mode 100644 docs/work_history/repo/review_feedback/pr8044-native-ring-evidence/pre-soft-extension/packet/originals/native-virtual-pair-induced-ring/MUTATIONS.json
 create mode 100644 docs/work_history/repo/review_feedback/pr8044-native-ring-evidence/pre-soft-extension/packet/originals/native-virtual-pair-induced-ring/RESULT.json
 create mode 100644 docs/work_history/repo/review_feedback/pr8044-native-ring-evidence/pre-soft-extension/packet/originals/native-virtual-pair-induced-ring/STDERR.txt
 create mode 100644 docs/work_history/repo/review_feedback/pr8044-native-ring-evidence/pre-soft-extension/packet/originals/native-virtual-pair-induced-ring/bare_X_substituted_for_native.stderr
 create mode 100644 docs/work_history/repo/review_feedback/pr8044-native-ring-evidence/pre-soft-extension/packet/originals/native-virtual-pair-induced-ring/bare_X_substituted_for_native.stdout
 create mode 100644 docs/work_history/repo/review_feedback/pr8044-native-ring-evidence/pre-soft-extension/packet/originals/native-virtual-pair-induced-ring/check.py
 create mode 100644 docs/work_history/repo/review_feedback/pr8044-native-ring-evidence/pre-soft-extension/packet/originals/native-virtual-pair-induced-ring/omitted_folded_cross_term.stderr
 create mode 100644 docs/work_history/repo/review_feedback/pr8044-native-ring-evidence/pre-soft-extension/packet/originals/native-virtual-pair-induced-ring/omitted_folded_cross_term.stdout
 create mode 100644 docs/work_history/repo/review_feedback/pr8044-native-ring-evidence/pre-soft-extension/packet/originals/native-virtual-pair-induced-ring/pr8044-pre-soft-extension-packet-originals-native-virtual-pair-induced-ring-DERIVATION.md
 create mode 100644 docs/work_history/repo/review_feedback/pr8044-native-ring-evidence/pre-soft-extension/packet/originals/native-virtual-pair-induced-ring/pr8044-pre-soft-extension-packet-originals-native-virtual-pair-induced-ring-INDEPENDENT_PROOF_COMPARISON.md
 create mode 100644 docs/work_history/repo/review_feedback/pr8044-native-ring-evidence/pre-soft-extension/packet/originals/native-virtual-pair-induced-ring/pr8044-pre-soft-extension-packet-originals-native-virtual-pair-induced-ring-PREREGISTRATION.md
 create mode 100644 docs/work_history/repo/review_feedback/pr8044-native-ring-evidence/pre-soft-extension/packet/originals/native-virtual-pair-induced-ring/wrong_four_charge_denominator.stderr
 create mode 100644 docs/work_history/repo/review_feedback/pr8044-native-ring-evidence/pre-soft-extension/packet/originals/native-virtual-pair-induced-ring/wrong_four_charge_denominator.stdout
 create mode 100644 docs/work_history/repo/review_feedback/pr8044-native-ring-evidence/pre-soft-extension/packet/originals/native-virtual-pair-sixth-cold-proof/HASHES.json
 create mode 100644 docs/work_history/repo/review_feedback/pr8044-native-ring-evidence/pre-soft-extension/packet/originals/native-virtual-pair-sixth-cold-proof/PAIR_AND_COUNT_RESULT.json
 create mode 100644 docs/work_history/repo/review_feedback/pr8044-native-ring-evidence/pre-soft-extension/packet/originals/native-virtual-pair-sixth-cold-proof/RESULT.json
 create mode 100644 docs/work_history/repo/review_feedback/pr8044-native-ring-evidence/pre-soft-extension/packet/originals/native-virtual-pair-sixth-cold-proof/STDOUT.txt
 create mode 100644 docs/work_history/repo/review_feedback/pr8044-native-ring-evidence/pre-soft-extension/packet/originals/native-virtual-pair-sixth-cold-proof/check.py
 create mode 100644 docs/work_history/repo/review_feedback/pr8044-native-ring-evidence/pre-soft-extension/packet/originals/native-virtual-pair-sixth-cold-proof/pr8044-pre-soft-extension-packet-originals-native-virtual-pair-sixth-cold-proof-AUTHOR_COMPARISON.md
 create mode 100644 docs/work_history/repo/review_feedback/pr8044-native-ring-evidence/pre-soft-extension/packet/originals/native-virtual-pair-sixth-cold-proof/pr8044-pre-soft-extension-packet-originals-native-virtual-pair-sixth-cold-proof-DERIVATION.md
 create mode 100644 docs/work_history/repo/review_feedback/pr8044-native-ring-evidence/pre-soft-extension/packet/originals/native-virtual-pair-sixth-cold-proof/pr8044-pre-soft-extension-packet-originals-native-virtual-pair-sixth-cold-proof-PREREGISTRATION.md
 create mode 100644 docs/work_history/repo/review_feedback/pr8044-native-ring-evidence/pre-soft-extension/packet/originals/native-virtual-pair-sixth-diagonal/FULL_RESULT.json
 create mode 100644 docs/work_history/repo/review_feedback/pr8044-native-ring-evidence/pre-soft-extension/packet/originals/native-virtual-pair-sixth-diagonal/HASHES.json
 create mode 100644 docs/work_history/repo/review_feedback/pr8044-native-ring-evidence/pre-soft-extension/packet/originals/native-virtual-pair-sixth-diagonal/MUTANT_omitted_energy_feedback.py
 create mode 100644 docs/work_history/repo/review_feedback/pr8044-native-ring-evidence/pre-soft-extension/packet/originals/native-virtual-pair-sixth-diagonal/MUTANT_relaxed_low_projection.py
 create mode 100644 docs/work_history/repo/review_feedback/pr8044-native-ring-evidence/pre-soft-extension/packet/originals/native-virtual-pair-sixth-diagonal/MUTANT_removed_native_phase.py
 create mode 100644 docs/work_history/repo/review_feedback/pr8044-native-ring-evidence/pre-soft-extension/packet/originals/native-virtual-pair-sixth-diagonal/MUTATIONS.json
 create mode 100644 docs/work_history/repo/review_feedback/pr8044-native-ring-evidence/pre-soft-extension/packet/originals/native-virtual-pair-sixth-diagonal/RESULT.json
 create mode 100644 docs/work_history/repo/review_feedback/pr8044-native-ring-evidence/pre-soft-extension/packet/originals/native-virtual-pair-sixth-diagonal/check.py
 create mode 100644 docs/work_history/repo/review_feedback/pr8044-native-ring-evidence/pre-soft-extension/packet/originals/native-virtual-pair-sixth-diagonal/full_background_check.py
 create mode 100644 docs/work_history/repo/review_feedback/pr8044-native-ring-evidence/pre-soft-extension/packet/originals/native-virtual-pair-sixth-diagonal/omitted_energy_feedback.stderr
 create mode 100644 docs/work_history/repo/review_feedback/pr8044-native-ring-evidence/pre-soft-extension/packet/originals/native-virtual-pair-sixth-diagonal/omitted_energy_feedback.stdout
 create mode 100644 docs/work_history/repo/review_feedback/pr8044-native-ring-evidence/pre-soft-extension/packet/originals/native-virtual-pair-sixth-diagonal/pr8044-pre-soft-extension-packet-originals-native-virtual-pair-sixth-diagonal-DERIVATION.md
 create mode 100644 docs/work_history/repo/review_feedback/pr8044-native-ring-evidence/pre-soft-extension/packet/originals/native-virtual-pair-sixth-diagonal/pr8044-pre-soft-extension-packet-originals-native-virtual-pair-sixth-diagonal-PREREGISTRATION.md
 create mode 100644 docs/work_history/repo/review_feedback/pr8044-native-ring-evidence/pre-soft-extension/packet/originals/native-virtual-pair-sixth-diagonal/relaxed_low_projection.stderr
 create mode 100644 docs/work_history/repo/review_feedback/pr8044-native-ring-evidence/pre-soft-extension/packet/originals/native-virtual-pair-sixth-diagonal/relaxed_low_projection.stdout
 create mode 100644 docs/work_history/repo/review_feedback/pr8044-native-ring-evidence/pre-soft-extension/packet/originals/native-virtual-pair-sixth-diagonal/removed_native_phase.stderr
 create mode 100644 docs/work_history/repo/review_feedback/pr8044-native-ring-evidence/pre-soft-extension/packet/originals/native-virtual-pair-sixth-diagonal/removed_native_phase.stdout
 create mode 100644 docs/work_history/repo/review_feedback/pr8044-native-ring-evidence/pre-soft-extension/packet/originals/native-virtual-ring-primary-literature/SOURCE_RECEIPTS.json
 create mode 100644 docs/work_history/repo/review_feedback/pr8044-native-ring-evidence/pre-soft-extension/packet/originals/native-virtual-ring-primary-literature/pr8044-pre-soft-extension-packet-originals-native-virtual-ring-primary-literature-COMPARISON.md
 create mode 100644 docs/work_history/repo/review_feedback/pr8044-native-ring-evidence/pre-soft-extension/packet/originals/native-virtual-ring-remainder-cold-review/CONTROL.json
 create mode 100644 docs/work_history/repo/review_feedback/pr8044-native-ring-evidence/pre-soft-extension/packet/originals/native-virtual-ring-remainder-cold-review/HASHES.json
 create mode 100644 docs/work_history/repo/review_feedback/pr8044-native-ring-evidence/pre-soft-extension/packet/originals/native-virtual-ring-remainder-cold-review/pr8044-pre-soft-extension-packet-originals-native-virtual-ring-remainder-cold-review-REVIEW.md
 create mode 100644 docs/work_history/repo/review_feedback/pr8044-native-ring-evidence/pre-soft-extension/packet/originals/native-virtual-ring-remainder-root/EXACT_CONSTANT.json
 create mode 100644 docs/work_history/repo/review_feedback/pr8044-native-ring-evidence/pre-soft-extension/packet/originals/native-virtual-ring-remainder-root/HASHES.json
 create mode 100644 docs/work_history/repo/review_feedback/pr8044-native-ring-evidence/pre-soft-extension/packet/originals/native-virtual-ring-remainder-root/SPECTRAL_CONTROL.json
 create mode 100644 docs/work_history/repo/review_feedback/pr8044-native-ring-evidence/pre-soft-extension/packet/originals/native-virtual-ring-remainder-root/pr8044-pre-soft-extension-packet-originals-native-virtual-ring-remainder-root-DERIVATION.md
 create mode 100644 docs/work_history/repo/review_feedback/pr8044-native-ring-evidence/pre-soft-extension/packet/originals/native-virtual-ring-remainder-root/pr8044-pre-soft-extension-packet-originals-native-virtual-ring-remainder-root-PREREGISTRATION.md
 create mode 100644 docs/work_history/repo/review_feedback/pr8044-native-ring-evidence/pre-soft-extension/packet/originals/native-virtual-ring-remainder-root/pr8044-pre-soft-extension-packet-originals-native-virtual-ring-remainder-root-SPECTRAL_CONTROL_REPAIR.md
 create mode 100644 docs/work_history/repo/review_feedback/pr8044-native-ring-evidence/pre-soft-extension/packet/originals/native-virtual-ring-remainder-root/spectral_control.py
 create mode 100644 docs/work_history/repo/review_feedback/pr8044-native-ring-evidence/pre-soft-extension/packet/originals/native-virtual-ring-remainder-root/spectral_control_BEFORE_JSON_INT_FIX.py
 create mode 100644 docs/work_history/repo/review_feedback/pr8044-native-ring-evidence/pre-soft-extension/packet/pr8044-pre-soft-extension-packet-ARTIFACT_PLAN.md
 create mode 100644 docs/work_history/repo/review_feedback/pr8044-native-ring-evidence/pre-soft-extension/packet/pr8044-pre-soft-extension-packet-ASSUMPTIONS_AND_IMPORTS.md
 create mode 100644 docs/work_history/repo/review_feedback/pr8044-native-ring-evidence/pre-soft-extension/packet/pr8044-pre-soft-extension-packet-CLAIM_STATUS_CERTIFICATE.md
 create mode 100644 docs/work_history/repo/review_feedback/pr8044-native-ring-evidence/pre-soft-extension/packet/pr8044-pre-soft-extension-packet-GOAL.md
 create mode 100644 docs/work_history/repo/review_feedback/pr8044-native-ring-evidence/pre-soft-extension/packet/pr8044-pre-soft-extension-packet-HANDOFF.md
 create mode 100644 docs/work_history/repo/review_feedback/pr8044-native-ring-evidence/pre-soft-extension/packet/pr8044-pre-soft-extension-packet-LITERATURE_BRIDGES.md
 create mode 100644 docs/work_history/repo/review_feedback/pr8044-native-ring-evidence/pre-soft-extension/packet/pr8044-pre-soft-extension-packet-NO_GO_LEDGER.md
 create mode 100644 docs/work_history/repo/review_feedback/pr8044-native-ring-evidence/pre-soft-extension/packet/pr8044-pre-soft-extension-packet-OPPORTUNITY_QUEUE.md
 create mode 100644 docs/work_history/repo/review_feedback/pr8044-native-ring-evidence/pre-soft-extension/packet/pr8044-pre-soft-extension-packet-PR_BACKLOG.md
 create mode 100644 docs/work_history/repo/review_feedback/pr8044-native-ring-evidence/pre-soft-extension/packet/pr8044-pre-soft-extension-packet-REVIEW_HISTORY.md
 create mode 100644 docs/work_history/repo/review_feedback/pr8044-native-ring-evidence/pre-soft-extension/packet/pr8044-pre-soft-extension-packet-ROUTE_PORTFOLIO.md
 create mode 100644 docs/work_history/repo/review_feedback/pr8044-native-ring-evidence/pre-soft-extension/packet/pr8044-pre-soft-extension-packet-SCALAR_CONTROL_CONTRACT.md
 create mode 100644 docs/work_history/repo/review_feedback/pr8044-native-ring-evidence/pre-soft-extension/packet/pr8044-pre-soft-extension-packet-TRACE_GATE.md
 create mode 100644 docs/work_history/repo/review_feedback/pr8044-native-ring-evidence/pre-soft-extension/scripts/native_virtual_pair_fourth_2026_09_08.py
 create mode 100644 docs/work_history/repo/review_feedback/pr8044-native-ring-evidence/pre-soft-extension/scripts/native_virtual_pair_remainder_2026_09_08.py
 create mode 100644 docs/work_history/repo/review_feedback/pr8044-native-ring-evidence/pre-soft-extension/scripts/native_virtual_pair_ring_mechanism_2026_09_08.py
 create mode 100644 docs/work_history/repo/review_feedback/pr8044-native-ring-evidence/pre-soft-extension/scripts/native_virtual_pair_sixth_global_2026_09_08.py
 create mode 100644 docs/work_history/repo/review_feedback/pr8044-native-ring-evidence/pre-soft-extension/scripts/native_virtual_pair_sixth_local_2026_09_08.py
 create mode 100644 logs/runner-cache/native_virtual_pair_ring_mechanism_2026_09_08.txt
 create mode 100644 outputs/native_virtual_pair_ring_mechanism_2026_09_08.json
 create mode 100644 scripts/native_virtual_pair_fourth_2026_09_08.py
 create mode 100644 scripts/native_virtual_pair_full_fourth_2026_09_08.py
 create mode 100644 scripts/native_virtual_pair_full_sixth_global_2026_09_08.py
 create mode 100644 scripts/native_virtual_pair_full_sixth_local_2026_09_08.py
 create mode 100644 scripts/native_virtual_pair_remainder_2026_09_08.py
 create mode 100644 scripts/native_virtual_pair_ring_mechanism_2026_09_08.py
 create mode 100644 scripts/native_virtual_pair_sixth_global_2026_09_08.py
 create mode 100644 scripts/native_virtual_pair_sixth_local_2026_09_08.py
[detached HEAD 5ed6205371] Integrate reviewed native charged Record histories and exact evidence
 Date: Tue Sep 15 09:43:26 2026 -0400
 Committer: Jon Bridger Apps <jonBridger@Jonathons-Mac-mini.local>
Your name and email address were configured automatically based
on your username and hostname. Please check that they are accurate.
You can suppress this message by setting them explicitly:

    git config --global user.name "Your Name"
    git config --global user.email you@example.com

After doing this, you may fix the identity used for this commit with:

    git commit --amend --reset-author

 86 files changed, 3686 insertions(+)
 create mode 100644 docs/NATIVE_CHARGED_RECORD_HISTORIES_NOTE_2026-09-09.md
 create mode 100644 docs/work_history/repo/review_feedback/pr8065-charged-history-evidence/FINAL_ROOT_REVIEW/ACCEPTANCE.json
 create mode 100644 docs/work_history/repo/review_feedback/pr8065-charged-history-evidence/FINAL_ROOT_REVIEW/DELIVERY_FREEZE.json
 create mode 100644 docs/work_history/repo/review_feedback/pr8065-charged-history-evidence/FINAL_ROOT_REVIEW/GRAPH.json
 create mode 100644 docs/work_history/repo/review_feedback/pr8065-charged-history-evidence/FINAL_ROOT_REVIEW/ISOLATED.stderr
 create mode 100644 docs/work_history/repo/review_feedback/pr8065-charged-history-evidence/FINAL_ROOT_REVIEW/ISOLATED.stdout
 create mode 100644 docs/work_history/repo/review_feedback/pr8065-charged-history-evidence/FINAL_ROOT_REVIEW/pr8065-FINAL_ROOT_REVIEW-PACKAGING_NOTE.md
 create mode 100644 docs/work_history/repo/review_feedback/pr8065-charged-history-evidence/FINAL_ROOT_REVIEW/pr8065-FINAL_ROOT_REVIEW-REVIEW.md
 create mode 100644 docs/work_history/repo/review_feedback/pr8065-charged-history-evidence/ORIGINAL/FREEZE.json
 create mode 100644 docs/work_history/repo/review_feedback/pr8065-charged-history-evidence/ORIGINAL/RESULT.json
 create mode 100644 docs/work_history/repo/review_feedback/pr8065-charged-history-evidence/ORIGINAL/SECOND_RESULT.json
 create mode 100644 docs/work_history/repo/review_feedback/pr8065-charged-history-evidence/ORIGINAL/SOURCES.json
 create mode 100644 docs/work_history/repo/review_feedback/pr8065-charged-history-evidence/ORIGINAL/check.py
 create mode 100644 docs/work_history/repo/review_feedback/pr8065-charged-history-evidence/ORIGINAL/pr8065-ORIGINAL-DERIVATION.md
 create mode 100644 docs/work_history/repo/review_feedback/pr8065-charged-history-evidence/ORIGINAL/pr8065-ORIGINAL-DERIVATION_BEFORE_REFINEMENT_QUALIFIER.md
 create mode 100644 docs/work_history/repo/review_feedback/pr8065-charged-history-evidence/ORIGINAL/pr8065-ORIGINAL-FIRST_TARGET.md
 create mode 100644 docs/work_history/repo/review_feedback/pr8065-charged-history-evidence/ORIGINAL/pr8065-ORIGINAL-REFINEMENT_CORRECTION.md
 create mode 100644 docs/work_history/repo/review_feedback/pr8065-charged-history-evidence/ORIGINAL/pr8065-ORIGINAL-STATUS.md
 create mode 100644 docs/work_history/repo/review_feedback/pr8065-charged-history-evidence/ORIGINAL/second_check.py
 create mode 100644 docs/work_history/repo/review_feedback/pr8065-charged-history-evidence/ORIGINAL_CANONICAL_OUTPUT.json
 create mode 100644 docs/work_history/repo/review_feedback/pr8065-charged-history-evidence/PORT_RECORDS/CLARIFICATION_RECEIPT.json
 create mode 100644 docs/work_history/repo/review_feedback/pr8065-charged-history-evidence/PORT_RECORDS/CLARIFIED.stderr
 create mode 100644 docs/work_history/repo/review_feedback/pr8065-charged-history-evidence/PORT_RECORDS/CONTROL_RECEIPT.json
 create mode 100644 docs/work_history/repo/review_feedback/pr8065-charged-history-evidence/PORT_RECORDS/ISOLATED.stderr
 create mode 100644 docs/work_history/repo/review_feedback/pr8065-charged-history-evidence/PORT_RECORDS/ISOLATED.stdout
 create mode 100644 docs/work_history/repo/review_feedback/pr8065-charged-history-evidence/PORT_RECORDS/SOURCE_FREEZE.json
 create mode 100644 docs/work_history/repo/review_feedback/pr8065-charged-history-evidence/PORT_RECORDS/bare_number.py
 create mode 100644 docs/work_history/repo/review_feedback/pr8065-charged-history-evidence/PORT_RECORDS/bare_number.stderr
 create mode 100644 docs/work_history/repo/review_feedback/pr8065-charged-history-evidence/PORT_RECORDS/commute_adjacent.py
 create mode 100644 docs/work_history/repo/review_feedback/pr8065-charged-history-evidence/PORT_RECORDS/commute_adjacent.stderr
 create mode 100644 docs/work_history/repo/review_feedback/pr8065-charged-history-evidence/PORT_RECORDS/isolated/docs/pr8065-PORT_RECORDS-isolated-docs-NATIVE_CHARGED_RECORD_HISTORIES_NOTE_2026-09-09.md
 create mode 100644 docs/work_history/repo/review_feedback/pr8065-charged-history-evidence/PORT_RECORDS/isolated/docs/pr8065-PORT_RECORDS-isolated-docs-NATIVE_DYNAMICAL_CYCLE_FERMION_Z2_DICTIONARY_NOTE_2026-09-08.md
 create mode 100644 docs/work_history/repo/review_feedback/pr8065-charged-history-evidence/PORT_RECORDS/isolated/docs/pr8065-PORT_RECORDS-isolated-docs-NATIVE_EDGE_RECORD_MATTER_INSTRUMENT_AND_ENERGY_LEDGER_BOUNDED_THEOREM_NOTE_2026-09-05.md
 create mode 100644 docs/work_history/repo/review_feedback/pr8065-charged-history-evidence/PORT_RECORDS/isolated/scripts/native_charged_record_histories_2026_09_09.py
 create mode 100644 docs/work_history/repo/review_feedback/pr8065-charged-history-evidence/PORT_RECORDS/isolated/scripts/native_charged_record_history_car_2026_09_09.py
 create mode 100644 docs/work_history/repo/review_feedback/pr8065-charged-history-evidence/PORT_RECORDS/isolated/scripts/native_charged_record_history_controls_2026_09_09.py
 create mode 100644 docs/work_history/repo/review_feedback/pr8065-charged-history-evidence/PORT_RECORDS/omit_dressing.py
 create mode 100644 docs/work_history/repo/review_feedback/pr8065-charged-history-evidence/PORT_RECORDS/omit_dressing.stderr
 create mode 100644 docs/work_history/repo/review_feedback/pr8065-charged-history-evidence/README.md
 create mode 100644 docs/work_history/repo/review_feedback/pr8065-charged-history-evidence/STATE.yaml
 create mode 100644 docs/work_history/repo/review_feedback/pr8065-charged-history-evidence/history/BEFORE_CLARIFICATION_6b7ddd/PORT_RECORDS/CONTROL_RECEIPT.json
 create mode 100644 docs/work_history/repo/review_feedback/pr8065-charged-history-evidence/history/BEFORE_CLARIFICATION_6b7ddd/PORT_RECORDS/ISOLATED.stderr
 create mode 100644 docs/work_history/repo/review_feedback/pr8065-charged-history-evidence/history/BEFORE_CLARIFICATION_6b7ddd/PORT_RECORDS/ISOLATED.stdout
 create mode 100644 docs/work_history/repo/review_feedback/pr8065-charged-history-evidence/history/BEFORE_CLARIFICATION_6b7ddd/PORT_RECORDS/SOURCE_FREEZE.json
 create mode 100644 docs/work_history/repo/review_feedback/pr8065-charged-history-evidence/history/BEFORE_CLARIFICATION_6b7ddd/PORT_RECORDS/bare_number.py
 create mode 100644 docs/work_history/repo/review_feedback/pr8065-charged-history-evidence/history/BEFORE_CLARIFICATION_6b7ddd/PORT_RECORDS/bare_number.stderr
 create mode 100644 docs/work_history/repo/review_feedback/pr8065-charged-history-evidence/history/BEFORE_CLARIFICATION_6b7ddd/PORT_RECORDS/commute_adjacent.py
 create mode 100644 docs/work_history/repo/review_feedback/pr8065-charged-history-evidence/history/BEFORE_CLARIFICATION_6b7ddd/PORT_RECORDS/commute_adjacent.stderr
 create mode 100644 docs/work_history/repo/review_feedback/pr8065-charged-history-evidence/history/BEFORE_CLARIFICATION_6b7ddd/PORT_RECORDS/isolated/docs/pr8065-history-BEFORE_CLARIFICATION_6b7ddd-PORT_RECORDS-isolated-docs-NATIVE_CHARGED_RECORD_HISTORIES_NOTE_2026-09-09.md
 create mode 100644 docs/work_history/repo/review_feedback/pr8065-charged-history-evidence/history/BEFORE_CLARIFICATION_6b7ddd/PORT_RECORDS/isolated/docs/pr8065-history-BEFORE_CLARIFICATION_6b7ddd-PORT_RECORDS-isolated-docs-NATIVE_DYNAMICAL_CYCLE_FERMION_Z2_DICTIONARY_NOTE_2026-09-08.md
 create mode 100644 docs/work_history/repo/review_feedback/pr8065-charged-history-evidence/history/BEFORE_CLARIFICATION_6b7ddd/PORT_RECORDS/isolated/docs/pr8065-history-BEFORE_CLARIFICATION_6b7ddd-PORT_RECORDS-isolated-docs-NATIVE_EDGE_RECORD_MATTER_INSTRUMENT_AND_ENERGY_LEDGER_BOUNDED_THEOREM_NOTE_2026-09-05.md
 create mode 100644 docs/work_history/repo/review_feedback/pr8065-charged-history-evidence/history/BEFORE_CLARIFICATION_6b7ddd/PORT_RECORDS/isolated/scripts/native_charged_record_histories_2026_09_09.py
 create mode 100644 docs/work_history/repo/review_feedback/pr8065-charged-history-evidence/history/BEFORE_CLARIFICATION_6b7ddd/PORT_RECORDS/isolated/scripts/native_charged_record_history_car_2026_09_09.py
 create mode 100644 docs/work_history/repo/review_feedback/pr8065-charged-history-evidence/history/BEFORE_CLARIFICATION_6b7ddd/PORT_RECORDS/isolated/scripts/native_charged_record_history_controls_2026_09_09.py
 create mode 100644 docs/work_history/repo/review_feedback/pr8065-charged-history-evidence/history/BEFORE_CLARIFICATION_6b7ddd/PORT_RECORDS/omit_dressing.py
 create mode 100644 docs/work_history/repo/review_feedback/pr8065-charged-history-evidence/history/BEFORE_CLARIFICATION_6b7ddd/PORT_RECORDS/omit_dressing.stderr
 create mode 100644 docs/work_history/repo/review_feedback/pr8065-charged-history-evidence/history/BEFORE_CLARIFICATION_6b7ddd/native_charged_record_histories_2026_09_09.json
 create mode 100644 docs/work_history/repo/review_feedback/pr8065-charged-history-evidence/history/BEFORE_CLARIFICATION_6b7ddd/pr8065-history-BEFORE_CLARIFICATION_6b7ddd-ARTIFACT_PLAN.md
 create mode 100644 docs/work_history/repo/review_feedback/pr8065-charged-history-evidence/history/BEFORE_CLARIFICATION_6b7ddd/pr8065-history-BEFORE_CLARIFICATION_6b7ddd-ASSUMPTIONS_AND_IMPORTS.md
 create mode 100644 docs/work_history/repo/review_feedback/pr8065-charged-history-evidence/history/BEFORE_CLARIFICATION_6b7ddd/pr8065-history-BEFORE_CLARIFICATION_6b7ddd-CLAIM_STATUS_CERTIFICATE.md
 create mode 100644 docs/work_history/repo/review_feedback/pr8065-charged-history-evidence/history/BEFORE_CLARIFICATION_6b7ddd/pr8065-history-BEFORE_CLARIFICATION_6b7ddd-GOAL.md
 create mode 100644 docs/work_history/repo/review_feedback/pr8065-charged-history-evidence/history/BEFORE_CLARIFICATION_6b7ddd/pr8065-history-BEFORE_CLARIFICATION_6b7ddd-HANDOFF.md
 create mode 100644 docs/work_history/repo/review_feedback/pr8065-charged-history-evidence/history/BEFORE_CLARIFICATION_6b7ddd/pr8065-history-BEFORE_CLARIFICATION_6b7ddd-LITERATURE_BRIDGES.md
 create mode 100644 docs/work_history/repo/review_feedback/pr8065-charged-history-evidence/history/BEFORE_CLARIFICATION_6b7ddd/pr8065-history-BEFORE_CLARIFICATION_6b7ddd-NATIVE_CHARGED_RECORD_HISTORIES_NOTE_2026-09-09.md
 create mode 100644 docs/work_history/repo/review_feedback/pr8065-charged-history-evidence/history/BEFORE_CLARIFICATION_6b7ddd/pr8065-history-BEFORE_CLARIFICATION_6b7ddd-NO_GO_LEDGER.md
 create mode 100644 docs/work_history/repo/review_feedback/pr8065-charged-history-evidence/history/BEFORE_CLARIFICATION_6b7ddd/pr8065-history-BEFORE_CLARIFICATION_6b7ddd-OPPORTUNITY_QUEUE.md
 create mode 100644 docs/work_history/repo/review_feedback/pr8065-charged-history-evidence/history/BEFORE_CLARIFICATION_6b7ddd/pr8065-history-BEFORE_CLARIFICATION_6b7ddd-PR_BACKLOG.md
 create mode 100644 docs/work_history/repo/review_feedback/pr8065-charged-history-evidence/history/BEFORE_CLARIFICATION_6b7ddd/pr8065-history-BEFORE_CLARIFICATION_6b7ddd-REVIEW_HISTORY.md
 create mode 100644 docs/work_history/repo/review_feedback/pr8065-charged-history-evidence/history/BEFORE_CLARIFICATION_6b7ddd/pr8065-history-BEFORE_CLARIFICATION_6b7ddd-ROUTE_PORTFOLIO.md
 create mode 100644 docs/work_history/repo/review_feedback/pr8065-charged-history-evidence/history/BEFORE_CLARIFICATION_6b7ddd/pr8065-history-BEFORE_CLARIFICATION_6b7ddd-TRACE_GATE.md
 create mode 100644 docs/work_history/repo/review_feedback/pr8065-charged-history-evidence/pr8065-ARTIFACT_PLAN.md
 create mode 100644 docs/work_history/repo/review_feedback/pr8065-charged-history-evidence/pr8065-ASSUMPTIONS_AND_IMPORTS.md
 create mode 100644 docs/work_history/repo/review_feedback/pr8065-charged-history-evidence/pr8065-CLAIM_STATUS_CERTIFICATE.md
 create mode 100644 docs/work_history/repo/review_feedback/pr8065-charged-history-evidence/pr8065-GOAL.md
 create mode 100644 docs/work_history/repo/review_feedback/pr8065-charged-history-evidence/pr8065-HANDOFF.md
 create mode 100644 docs/work_history/repo/review_feedback/pr8065-charged-history-evidence/pr8065-LITERATURE_BRIDGES.md
 create mode 100644 docs/work_history/repo/review_feedback/pr8065-charged-history-evidence/pr8065-NO_GO_LEDGER.md
 create mode 100644 docs/work_history/repo/review_feedback/pr8065-charged-history-evidence/pr8065-OPPORTUNITY_QUEUE.md
 create mode 100644 docs/work_history/repo/review_feedback/pr8065-charged-history-evidence/pr8065-PR_BACKLOG.md
 create mode 100644 docs/work_history/repo/review_feedback/pr8065-charged-history-evidence/pr8065-REVIEW_HISTORY.md
 create mode 100644 docs/work_history/repo/review_feedback/pr8065-charged-history-evidence/pr8065-ROUTE_PORTFOLIO.md
 create mode 100644 docs/work_history/repo/review_feedback/pr8065-charged-history-evidence/pr8065-TRACE_GATE.md
 create mode 100644 logs/runner-cache/native_charged_record_histories_2026_09_09.txt
 create mode 100644 scripts/native_charged_record_histories_2026_09_09.py
 create mode 100644 scripts/native_charged_record_history_car_2026_09_09.py
 create mode 100644 scripts/native_charged_record_history_controls_2026_09_09.py
FROZEN 5ed6205371317683450a6ba5d2d13f8b3b117f3f sources 430 inputs 442 notes 3
