gauge_wilson_finite_pw_static_source_energy_upper_bound_bounded_theorem_note_2026-09-07 bounded_theorem unaudited ['scripts/gauge_wilson_finite_pw_actual_r1_charged_energy_check_2026_09_07.py']
docs/audit/data/citation_graph_manifest.json | 160 ++++++++++++++++++++++++++-
 1 file changed, 158 insertions(+), 2 deletions(-)
[detached HEAD a1777fd8af] Acknowledge reviewed source topology for train91
 Committer: Jon Bridger Apps <jonBridger@Jonathons-Mac-mini.local>
Your name and email address were configured automatically based
on your username and hostname. Please check that they are accurate.
You can suppress this message by setting them explicitly:

    git config --global user.name "Your Name"
    git config --global user.email you@example.com

After doing this, you may fix the identity used for this commit with:

    git commit --amend --reset-author

 1 file changed, 158 insertions(+), 2 deletions(-)
From https://github.com/jonathonreilly/cl3-lattice-framework
 * branch                  main       -> FETCH_HEAD
remote: This repository moved. Please use the new location:        
remote:   https://github.com/jonathonreilly/qubit-lattice-axiom-framework.git        
remote: Bypassed rule violations for refs/heads/main:        
remote: 
remote: - Changes must be made through a pull request.        
remote: 
To https://github.com/jonathonreilly/cl3-lattice-framework.git
   eadad252fe..a1777fd8af  HEAD -> main
From https://github.com/jonathonreilly/cl3-lattice-framework
 * branch                  main       -> FETCH_HEAD
LANDED a1777fd8af3c62caeef8431b8791fa69ababc1ea
