sphere_static_finite_volume_gaussian_covariance_fixed_axis_response_and_projected_mode_sum_bounded_theorem_note_2026-09-16 bounded_theorem unaudited []
docs/audit/data/citation_graph_manifest.json | 12 ++++++++++--
 1 file changed, 10 insertions(+), 2 deletions(-)
[detached HEAD e46c78efd9] Acknowledge reviewed source topology for train87a
 Committer: Jon Bridger Apps <jonBridger@Jonathons-Mac-mini.local>
Your name and email address were configured automatically based
on your username and hostname. Please check that they are accurate.
You can suppress this message by setting them explicitly:

    git config --global user.name "Your Name"
    git config --global user.email you@example.com

After doing this, you may fix the identity used for this commit with:

    git commit --amend --reset-author

 1 file changed, 10 insertions(+), 2 deletions(-)
From https://github.com/jonathonreilly/cl3-lattice-framework
 * branch                  main       -> FETCH_HEAD
remote: This repository moved. Please use the new location:        
remote:   https://github.com/jonathonreilly/qubit-lattice-axiom-framework.git        
remote: Bypassed rule violations for refs/heads/main:        
remote: 
remote: - Changes must be made through a pull request.        
remote: 
To https://github.com/jonathonreilly/cl3-lattice-framework.git
   3dca18ddd0..e46c78efd9  HEAD -> main
From https://github.com/jonathonreilly/cl3-lattice-framework
 * branch                  main       -> FETCH_HEAD
LANDED e46c78efd91d00c8a96ea4f11ea8bc5a8e3ed0e6
