[detached HEAD 78e88598bc] Make review-loop receipts, historical storage and checkout reuse efficient
 Date: Tue Sep 15 10:12:58 2026 -0400
 Committer: Jon Bridger Apps <jonBridger@Jonathons-Mac-mini.local>
Your name and email address were configured automatically based
on your username and hostname. Please check that they are accurate.
You can suppress this message by setting them explicitly:

    git config --global user.name "Your Name"
    git config --global user.email you@example.com

After doing this, you may fix the identity used for this commit with:

    git commit --amend --reset-author

 11 files changed, 1352 insertions(+), 2 deletions(-)
 create mode 100644 docs/ai_methodology/skills/review-loop/references/OPERATIONS.md
 create mode 100644 docs/ai_methodology/skills/review-loop/references/UNIT_RECEIPT.md
 create mode 100644 docs/ai_methodology/skills/review-loop/scripts/review_receipt.py
 create mode 100644 docs/ai_methodology/skills/review-loop/scripts/review_workspace.py
 create mode 100644 docs/audit/scripts/tests/test_review_receipt.py
 create mode 100644 docs/audit/scripts/tests/test_review_workspace.py
[detached HEAD fcf5ba066c] Reuse parser results within each complete review preflight
 Date: Tue Sep 15 10:20:52 2026 -0400
 Committer: Jon Bridger Apps <jonBridger@Jonathons-Mac-mini.local>
Your name and email address were configured automatically based
on your username and hostname. Please check that they are accurate.
You can suppress this message by setting them explicitly:

    git config --global user.name "Your Name"
    git config --global user.email you@example.com

After doing this, you may fix the identity used for this commit with:

    git commit --amend --reset-author

 3 files changed, 261 insertions(+), 89 deletions(-)
FROZEN fcf5ba066c60820e322256e313a33390b168b9fd sources 11 inputs 18 notes 0
