[detached HEAD 987909416f] Clarify proof ownership and early receipt metadata checks
 Date: Tue Sep 15 17:34:48 2026 -0400
 Committer: Jon Bridger Apps <jonBridger@Jonathons-Mac-mini.local>
Your name and email address were configured automatically based
on your username and hostname. Please check that they are accurate.
You can suppress this message by setting them explicitly:

    git config --global user.name "Your Name"
    git config --global user.email you@example.com

After doing this, you may fix the identity used for this commit with:

    git commit --amend --reset-author

 1 file changed, 25 insertions(+), 1 deletion(-)
[detached HEAD 60a49f7532] Batch exact staged-byte checks in review receipts
 Date: Tue Sep 15 18:02:02 2026 -0400
 Committer: Jon Bridger Apps <jonBridger@Jonathons-Mac-mini.local>
Your name and email address were configured automatically based
on your username and hostname. Please check that they are accurate.
You can suppress this message by setting them explicitly:

    git config --global user.name "Your Name"
    git config --global user.email you@example.com

After doing this, you may fix the identity used for this commit with:

    git commit --amend --reset-author

 2 files changed, 92 insertions(+), 3 deletions(-)
 create mode 100644 docs/audit/scripts/tests/test_review_receipt_index.py
[detached HEAD befc52f74a] Document bounded exact Git blob verification for review operations
 Date: Tue Sep 15 18:30:54 2026 -0400
 Committer: Jon Bridger Apps <jonBridger@Jonathons-Mac-mini.local>
Your name and email address were configured automatically based
on your username and hostname. Please check that they are accurate.
You can suppress this message by setting them explicitly:

    git config --global user.name "Your Name"
    git config --global user.email you@example.com

After doing this, you may fix the identity used for this commit with:

    git commit --amend --reset-author

 1 file changed, 13 insertions(+)
[detached HEAD b6e9ea5b3e] Preserve independently reviewed source unit PR8077
 Date: Tue Sep 22 13:58:52 2026 -0400
 Committer: Jon Bridger Apps <jonBridger@Jonathons-Mac-mini.local>
Your name and email address were configured automatically based
on your username and hostname. Please check that they are accurate.
You can suppress this message by setting them explicitly:

    git config --global user.name "Your Name"
    git config --global user.email you@example.com

After doing this, you may fix the identity used for this commit with:

    git commit --amend --reset-author

 529 files changed, 10971 insertions(+)
 create mode 100644 docs/NATIVE_GLOBAL_PROJECTOR_CERTIFICATE_NOTE_2026-09-10.md
 create mode 100644 docs/work_history/repo/review_feedback/pr8077-evidence/README.md
 create mode 100644 docs/work_history/repo/review_feedback/pr8077-evidence/archive-manifest.json
 create mode 100644 docs/work_history/repo/review_feedback/pr8077-evidence/kept/pr8077-ACTIVATION_REVIEW-86f505c728a48253.md
 create mode 100644 docs/work_history/repo/review_feedback/pr8077-evidence/kept/pr8077-ACTIVATION_REVIEW-cb4d66cbad2eac94.md
 create mode 100644 docs/work_history/repo/review_feedback/pr8077-evidence/kept/pr8077-ARTIFACT_PLAN-5a8a2b441ec1dded.md
 create mode 100644 docs/work_history/repo/review_feedback/pr8077-evidence/kept/pr8077-ASSUMPTIONS_AND_IMPORTS-04947ad72d106df1.md
 create mode 100644 docs/work_history/repo/review_feedback/pr8077-evidence/kept/pr8077-AUTHOR_MUTANTS-4c11f8afb8302274.json
 create mode 100644 docs/work_history/repo/review_feedback/pr8077-evidence/kept/pr8077-A_ONLY_REVIEW-4a2ba4925dd50891.md
 create mode 100644 docs/work_history/repo/review_feedback/pr8077-evidence/kept/pr8077-CHECKPOINT78_REMOTE_VERIFICATION-9ff6c27c3072fc0d.json
 create mode 100644 docs/work_history/repo/review_feedback/pr8077-evidence/kept/pr8077-CHECKPOINT79_REMOTE_VERIFICATION-01a3c547180bc9f5.json
 create mode 100644 docs/work_history/repo/review_feedback/pr8077-evidence/kept/pr8077-CLAIM_STATUS_CERTIFICATE-4a3d4f79e164376b.md
 create mode 100644 docs/work_history/repo/review_feedback/pr8077-evidence/kept/pr8077-COMPACT-69b5af166a49c855.json
 create mode 100644 docs/work_history/repo/review_feedback/pr8077-evidence/kept/pr8077-CONTROLS-20f2e6ffca932449.json
 create mode 100644 docs/work_history/repo/review_feedback/pr8077-evidence/kept/pr8077-CONTROLS-3a369818bf696627.json
 create mode 100644 docs/work_history/repo/review_feedback/pr8077-evidence/kept/pr8077-CONTROLS-675d89c7fa1b3b43.json
 create mode 100644 docs/work_history/repo/review_feedback/pr8077-evidence/kept/pr8077-CONTROLS-8a602f9ca83fbf6a.json
 create mode 100644 docs/work_history/repo/review_feedback/pr8077-evidence/kept/pr8077-CONTROLS-a7b73b9da82d8f92.json
 create mode 100644 docs/work_history/repo/review_feedback/pr8077-evidence/kept/pr8077-CONTROLS-b2d246b3036c06a9.json
 create mode 100644 docs/work_history/repo/review_feedback/pr8077-evidence/kept/pr8077-CONTROLS-b3d6dc9a7e68a6db.json
 create mode 100644 docs/work_history/repo/review_feedback/pr8077-evidence/kept/pr8077-CONTROLS-f23a3edec4cd4b55.json
 create mode 100644 docs/work_history/repo/review_feedback/pr8077-evidence/kept/pr8077-DELIVERY_CHECKS-d2c56bbdc5ae09fb.json
 create mode 100644 docs/work_history/repo/review_feedback/pr8077-evidence/kept/pr8077-DELIVERY_REVIEW-a70a576883bc78bc.md
 create mode 100644 docs/work_history/repo/review_feedback/pr8077-evidence/kept/pr8077-DELTA_CONTROLS-baaf1a12cb9b6b6c.json
 create mode 100644 docs/work_history/repo/review_feedback/pr8077-evidence/kept/pr8077-DERIVATION-0c6763218d7734e0.md
 create mode 100644 docs/work_history/repo/review_feedback/pr8077-evidence/kept/pr8077-DERIVATION-159d5c30808e1081.md
 create mode 100644 docs/work_history/repo/review_feedback/pr8077-evidence/kept/pr8077-DERIVATION-33ba8583384f11ed.md
 create mode 100644 docs/work_history/repo/review_feedback/pr8077-evidence/kept/pr8077-DERIVATION-62709e00b4615a48.md
 create mode 100644 docs/work_history/repo/review_feedback/pr8077-evidence/kept/pr8077-DERIVATION-8c91a53ccd862d1b.md
 create mode 100644 docs/work_history/repo/review_feedback/pr8077-evidence/kept/pr8077-EXTERNAL-28658239fc4a9e58.stderr
 create mode 100644 docs/work_history/repo/review_feedback/pr8077-evidence/kept/pr8077-EXTERNAL-c393aebba515e2dd.stderr
 create mode 100644 docs/work_history/repo/review_feedback/pr8077-evidence/kept/pr8077-FIRST_FIXTURE_FAILURE-7a9c7136600efbe0.md
 create mode 100644 docs/work_history/repo/review_feedback/pr8077-evidence/kept/pr8077-GEOMETRY_CONTROLS-11d09c2c34f27cae.json
 create mode 100644 docs/work_history/repo/review_feedback/pr8077-evidence/kept/pr8077-GOAL-525566f7a8b7cb8d.md
 create mode 100644 docs/work_history/repo/review_feedback/pr8077-evidence/kept/pr8077-GRAPH_NODE-54f4b6d36fe75849.json
 create mode 100644 docs/work_history/repo/review_feedback/pr8077-evidence/kept/pr8077-HANDOFF-9ef67db77ea9ef6f.md
 create mode 100644 docs/work_history/repo/review_feedback/pr8077-evidence/kept/pr8077-IMPORT_PROVENANCE-99dd1c01ed11f753.json
 create mode 100644 docs/work_history/repo/review_feedback/pr8077-evidence/kept/pr8077-INITIAL_COMPACT_FAILURE-b64c27ced389297c.md
 create mode 100644 docs/work_history/repo/review_feedback/pr8077-evidence/kept/pr8077-INITIAL_REVIEW-3acd7afef4b788fc.md
 create mode 100644 docs/work_history/repo/review_feedback/pr8077-evidence/kept/pr8077-LITERATURE_BRIDGES-ae1d413e72d87337.md
 create mode 100644 docs/work_history/repo/review_feedback/pr8077-evidence/kept/pr8077-NO_GO_LEDGER-47d6880ce44b1ce7.md
 create mode 100644 docs/work_history/repo/review_feedback/pr8077-evidence/kept/pr8077-OPPORTUNITY_QUEUE-ccb74c0b7866140d.md
 create mode 100644 docs/work_history/repo/review_feedback/pr8077-evidence/kept/pr8077-PARENT_CONTROLS-720586042d469c07.json
 create mode 100644 docs/work_history/repo/review_feedback/pr8077-evidence/kept/pr8077-PARENT_SOURCE_REVIEW-841d62bd2592c3a9.md
 create mode 100644 docs/work_history/repo/review_feedback/pr8077-evidence/kept/pr8077-PINS-363bb5009bd537d5.json
 create mode 100644 docs/work_history/repo/review_feedback/pr8077-evidence/kept/pr8077-PR_BACKLOG-b978f18b90eeb9e7.md
 create mode 100644 docs/work_history/repo/review_feedback/pr8077-evidence/kept/pr8077-RECEIPT-182cde36864ad325.json
 create mode 100644 docs/work_history/repo/review_feedback/pr8077-evidence/kept/pr8077-RECEIPT-99c6c43db906ae94.json
 create mode 100644 docs/work_history/repo/review_feedback/pr8077-evidence/kept/pr8077-REMOTE_RECOVERY_MAP-6549434afacfda1c.json
 create mode 100644 docs/work_history/repo/review_feedback/pr8077-evidence/kept/pr8077-RESULT-92051ee6ddc51705.json
 create mode 100644 docs/work_history/repo/review_feedback/pr8077-evidence/kept/pr8077-REVIEW-281ca1a78a5f44f6.md
 create mode 100644 docs/work_history/repo/review_feedback/pr8077-evidence/kept/pr8077-REVIEW-7bc21b85e4219998.md
 create mode 100644 docs/work_history/repo/review_feedback/pr8077-evidence/kept/pr8077-REVIEW-9eb580b6eb41f705.md
 create mode 100644 docs/work_history/repo/review_feedback/pr8077-evidence/kept/pr8077-REVIEW-a050bc114cdca307.md
 create mode 100644 docs/work_history/repo/review_feedback/pr8077-evidence/kept/pr8077-REVIEW-ced60f66502ab4dd.md
 create mode 100644 docs/work_history/repo/review_feedback/pr8077-evidence/kept/pr8077-REVIEW-f61e60d9fc9a4fdd.md
 create mode 100644 docs/work_history/repo/review_feedback/pr8077-evidence/kept/pr8077-REVIEW_HISTORY-3f4cb79c836849bf.md
 create mode 100644 docs/work_history/repo/review_feedback/pr8077-evidence/kept/pr8077-ROOT_ACCEPTANCE-38e6755ff215833c.json
 create mode 100644 docs/work_history/repo/review_feedback/pr8077-evidence/kept/pr8077-ROOT_ACCEPTANCE-824f1f3c619ae907.json
 create mode 100644 docs/work_history/repo/review_feedback/pr8077-evidence/kept/pr8077-ROOT_CONTROLS-e3e5e264249496aa.json
 create mode 100644 docs/work_history/repo/review_feedback/pr8077-evidence/kept/pr8077-ROOT_REVIEW-ab0d47185b27fc31.md
 create mode 100644 docs/work_history/repo/review_feedback/pr8077-evidence/kept/pr8077-ROUTE_PORTFOLIO-026cc4e1e794b8fa.md
 create mode 100644 docs/work_history/repo/review_feedback/pr8077-evidence/kept/pr8077-RUNTIME_WEIGHT_REVIEW-5109a1710d018446.md
 create mode 100644 docs/work_history/repo/review_feedback/pr8077-evidence/kept/pr8077-SCHEMA_ACCEPTANCE-3560d08426427db8.json
 create mode 100644 docs/work_history/repo/review_feedback/pr8077-evidence/kept/pr8077-SCHEMA_ACCEPTANCE-9c4103de8557b9dd.json
 create mode 100644 docs/work_history/repo/review_feedback/pr8077-evidence/kept/pr8077-SERIALIZATION_DELTA-a105c34b391275d5.md
 create mode 100644 docs/work_history/repo/review_feedback/pr8077-evidence/kept/pr8077-SOURCE_FREEZE-a1812fa3f1e28a8f.json
 create mode 100644 docs/work_history/repo/review_feedback/pr8077-evidence/kept/pr8077-STATE-3b9688acc891237e.yaml
 create mode 100644 docs/work_history/repo/review_feedback/pr8077-evidence/kept/pr8077-STATUS-6c33a39439907887.md
 create mode 100644 docs/work_history/repo/review_feedback/pr8077-evidence/kept/pr8077-TRACE_GATE-f67515f6cce5b41d.md
 create mode 100644 docs/work_history/repo/review_feedback/pr8077-evidence/kept/pr8077-WEIGHT_CONTROLS-8df0535bfd94a299.json
 create mode 100644 docs/work_history/repo/review_feedback/pr8077-evidence/kept/pr8077-WORKER_COMPLETE-4b5f0349d8b47606.json
 create mode 100644 docs/work_history/repo/review_feedback/pr8077-evidence/kept/pr8077-citation-build-1eb283eb8be98dce.stdout
 create mode 100644 docs/work_history/repo/review_feedback/pr8077-evidence/kept/pr8077-citation-build-64231b4595364bb8.stderr
 create mode 100644 docs/work_history/repo/review_feedback/pr8077-evidence/kept/pr8077-citation-manifest-e2ff6fe7b0b3314a.stderr
 create mode 100644 docs/work_history/repo/review_feedback/pr8077-evidence/kept/pr8077-citation-manifest-f307520c9a415ef2.stdout
 create mode 100644 docs/work_history/repo/review_feedback/pr8077-evidence/kept/pr8077-vocab-816a7bd74ca2db6b.stdout
 create mode 100644 docs/work_history/repo/review_feedback/pr8077-forensic-evidence/README.md
 create mode 100644 docs/work_history/repo/review_feedback/pr8077-forensic-evidence/_objects/005d8ece997ff426b8620cd1312dff5d76929e1fb1659c5b4eaa6f1d63b506fc.gz
 create mode 100644 docs/work_history/repo/review_feedback/pr8077-forensic-evidence/_objects/00b3aaa52f8069446d04e0130c5aba02a7433a98c61b7f3a158d4858a6a29ff9.gz
 create mode 100644 docs/work_history/repo/review_feedback/pr8077-forensic-evidence/_objects/01b30dd08a9df365596d176e09cdb6ffc9b1b4e34e8b8e9cf8d2704589be90bb.gz
 create mode 100644 docs/work_history/repo/review_feedback/pr8077-forensic-evidence/_objects/01f1cf33d61404204be50f13c397617a645c7a24e8c262bd30ece5ae7a233c68.gz
 create mode 100644 docs/work_history/repo/review_feedback/pr8077-forensic-evidence/_objects/01fe9f8a4904c0eef2792f6c04c0900ac19eb88fd136aeb62376641308378035.gz
 create mode 100644 docs/work_history/repo/review_feedback/pr8077-forensic-evidence/_objects/02655fd49cf881ffa560f6ba161ab3141f406161fff38e904ecbd0ff71cd36c0.gz
 create mode 100644 docs/work_history/repo/review_feedback/pr8077-forensic-evidence/_objects/0296986d2b37e63d48eaf3064541b98d779b8ee4307608c58d391e2884ec1a6d.gz
 create mode 100644 docs/work_history/repo/review_feedback/pr8077-forensic-evidence/_objects/030634fdd84900a933aba064ab17b2b89c0a7e9258e5462eeadf516c69211cd7.gz
 create mode 100644 docs/work_history/repo/review_feedback/pr8077-forensic-evidence/_objects/040d1ddca2b4c8603621e2ff359a5a815f48bb76f241b005fb5d968bc1371a60.gz
 create mode 100644 docs/work_history/repo/review_feedback/pr8077-forensic-evidence/_objects/04aff1399f76ac56d69a413c35a13e2c525a08c8c4835f04b28fe8b1173c55d0.gz
 create mode 100644 docs/work_history/repo/review_feedback/pr8077-forensic-evidence/_objects/04eb53116638a85a9cc2c58f5e25fb1f7855f028a55b547568051ca9e9abc947.gz
 create mode 100644 docs/work_history/repo/review_feedback/pr8077-forensic-evidence/_objects/0533dc49b5597e9a52242db21bea42520f41bcf609f23f96e3fb8606cef9e8d3.gz
 create mode 100644 docs/work_history/repo/review_feedback/pr8077-forensic-evidence/_objects/0598aa44573e8058f0bf472800e82a3db48bc9c037276d5bd1a82a9e8dd73418.gz
 create mode 100644 docs/work_history/repo/review_feedback/pr8077-forensic-evidence/_objects/05e68e51691f8a7a1c899821937db393680df1512ef5b393107e4d3c5f988656.gz
 create mode 100644 docs/work_history/repo/review_feedback/pr8077-forensic-evidence/_objects/06685d949ae2694fdf9f5fe41e006e9f0578d4afa3e32e214c1a3ba18a7be978.gz
 create mode 100644 docs/work_history/repo/review_feedback/pr8077-forensic-evidence/_objects/06ef857a7c8f82d72e82060c0c151f91cf20979e6d4c948333a52cc693b1ec5a.gz
 create mode 100644 docs/work_history/repo/review_feedback/pr8077-forensic-evidence/_objects/073e9127ac80154489eb5625a6b818b7410cb647ded3c03e313584727bf44b78.gz
 create mode 100644 docs/work_history/repo/review_feedback/pr8077-forensic-evidence/_objects/08e20ae8b614179266009c660bd858265947d6812fe19e83c353c9bcbb7f978e.gz
 create mode 100644 docs/work_history/repo/review_feedback/pr8077-forensic-evidence/_objects/0926830fa7b1e5330fa337406b26361c921bb2db932e22a11b2465225cbc84ac.gz
 create mode 100644 docs/work_history/repo/review_feedback/pr8077-forensic-evidence/_objects/09cd900d8e26b2706235a2aa73ac093f124ae2b5e00a13dc6b88ea89879b6509.gz
 create mode 100644 docs/work_history/repo/review_feedback/pr8077-forensic-evidence/_objects/0ceee15e8277756344effca114390c000cedb3b110fb15aa4ed0d1a2f4f27882.gz
 create mode 100644 docs/work_history/repo/review_feedback/pr8077-forensic-evidence/_objects/0e40254549ca1f6dc01b54ef5d3da67e06f4353130310a852d39fc2147790cd4.gz
 create mode 100644 docs/work_history/repo/review_feedback/pr8077-forensic-evidence/_objects/0e68cbff8dbe4db7938d3279223db009824131787196e31a9b26bf8a03bdc57a.gz
 create mode 100644 docs/work_history/repo/review_feedback/pr8077-forensic-evidence/_objects/0ea0c2a01a838bbeacd768c554e99595cc838bb68d62052ced599b95ec33bdc5.gz
 create mode 100644 docs/work_history/repo/review_feedback/pr8077-forensic-evidence/_objects/0efc907e1fbb28eca8d667ea7a13c9353a85a26aa0665296821336b7244caa60.gz
 create mode 100644 docs/work_history/repo/review_feedback/pr8077-forensic-evidence/_objects/0f10d1963cd2bd5c52261429010bc99b2be3047795618238737fa888c9c234ed.gz
 create mode 100644 docs/work_history/repo/review_feedback/pr8077-forensic-evidence/_objects/0f8df875737752349efb42ce5e61f197b9627b023f537216be32501940057a50.gz
 create mode 100644 docs/work_history/repo/review_feedback/pr8077-forensic-evidence/_objects/0f973258e936ffc23de7d1849713e0f17dd46a24dd2b828f0eda024cea90c062.gz
 create mode 100644 docs/work_history/repo/review_feedback/pr8077-forensic-evidence/_objects/0fa36fe23777abbf549b09b566811f0ace432f4eec70f9c20859ec9ab7849b8c.gz
 create mode 100644 docs/work_history/repo/review_feedback/pr8077-forensic-evidence/_objects/1017de929a45527c3a24bf42d3dd94f2c16e89c4c12f96e07b238c68b806473b.gz
 create mode 100644 docs/work_history/repo/review_feedback/pr8077-forensic-evidence/_objects/108b9e56980f9ce4da0290d6a9e2a222bb640b2f14bcb385e9d494ed9c9dd680.gz
 create mode 100644 docs/work_history/repo/review_feedback/pr8077-forensic-evidence/_objects/10e7b1de122f882780e3619a2d9aca774841ab054c48dcf7f37de51a39fb9695.gz
 create mode 100644 docs/work_history/repo/review_feedback/pr8077-forensic-evidence/_objects/112562259517a77f78c1958f05534123aa2a7013517b04ef21d287e56bbbf26d.gz
 create mode 100644 docs/work_history/repo/review_feedback/pr8077-forensic-evidence/_objects/118a994ce0604b884ee03486a553f6a0cebf9f19b8052e89cf3a787356c0d654.gz
 create mode 100644 docs/work_history/repo/review_feedback/pr8077-forensic-evidence/_objects/128e0535fcfef41f7b3e0be34a9436a662bde52040f5171e2cd0cb6d63f54dd6.gz
 create mode 100644 docs/work_history/repo/review_feedback/pr8077-forensic-evidence/_objects/1351a67c57fb955738697315b88b4f868d749afba0740d0ff35be7aac7fa2993.gz
 create mode 100644 docs/work_history/repo/review_feedback/pr8077-forensic-evidence/_objects/13bd04355f3a1d16a9dc3b691bd80c6af407aefdde537edc069e72e13c32d572.gz
 create mode 100644 docs/work_history/repo/review_feedback/pr8077-forensic-evidence/_objects/13bef6f9a5a4309fb6b0d8ca11e098ccd40ef74ecd53ad13dcf9bd159844f34f.gz
 create mode 100644 docs/work_history/repo/review_feedback/pr8077-forensic-evidence/_objects/154e4dabf535262ec040cd2185757b68ac2a945fac7116c4fb9f9399ccc8ac0d.gz
 create mode 100644 docs/work_history/repo/review_feedback/pr8077-forensic-evidence/_objects/1553a67956ad32b8670a3e10e832e7e2c4a1bc1af273108776370057225937ab.gz
 create mode 100644 docs/work_history/repo/review_feedback/pr8077-forensic-evidence/_objects/15cd1f484c5ac04db430d69bd7d6660c95b4927b80a62fbb7bdc7ce17b8a1290.gz
 create mode 100644 docs/work_history/repo/review_feedback/pr8077-forensic-evidence/_objects/1626b7887b3d4821e571b95bf212b89ea852c39ce2d3c27ca17c56a7fd369fee.gz
 create mode 100644 docs/work_history/repo/review_feedback/pr8077-forensic-evidence/_objects/165b5b85217ae104f42fc986eb157ef922b7a59af30749292dacc1825c808fb8.gz
 create mode 100644 docs/work_history/repo/review_feedback/pr8077-forensic-evidence/_objects/169992cf5fe78033c775e32550e9d3d16572fac1e50e627d940f48e02c076618.gz
 create mode 100644 docs/work_history/repo/review_feedback/pr8077-forensic-evidence/_objects/16cec75d91d3a31a39f3b544b26fe0364965506b5578202d69debde1270b9119.gz
 create mode 100644 docs/work_history/repo/review_feedback/pr8077-forensic-evidence/_objects/193e572e43fc4d7ce0192b598ca0667c449fbb75a62f9c06595782fd102f9bb7.gz
 create mode 100644 docs/work_history/repo/review_feedback/pr8077-forensic-evidence/_objects/19d9b930f3421173fbb9d41fcd429e70799da17887e940ed1365f8f67dd6f46f.gz
 create mode 100644 docs/work_history/repo/review_feedback/pr8077-forensic-evidence/_objects/1a1bd9e524c9ab73eb435262c2cefd2b873a631960db49376852b5bb606b2d32.gz
 create mode 100644 docs/work_history/repo/review_feedback/pr8077-forensic-evidence/_objects/1a44f83ba4f1f5fde1b23e9258fdbe028d9bb31ec8c8091a729b4e587512bdd1.gz
 create mode 100644 docs/work_history/repo/review_feedback/pr8077-forensic-evidence/_objects/1af9a226b2143cb038911cb02745b33c198950d0955aeb15a99f09c851302922.gz
 create mode 100644 docs/work_history/repo/review_feedback/pr8077-forensic-evidence/_objects/1b5a5cf2cf711006392e8d049c1d49ade03c22bab66210b455840eb06550aea7.gz
 create mode 100644 docs/work_history/repo/review_feedback/pr8077-forensic-evidence/_objects/1b8333ff4f9b16524bffb3005ec8e56bfe19428361af4e9c166fe1b10c3feff4.gz
 create mode 100644 docs/work_history/repo/review_feedback/pr8077-forensic-evidence/_objects/1b926b1b3a64bc669b99d7c26ffd9f63a47f706e93b550b7c1d1a93da613c8d0.gz
 create mode 100644 docs/work_history/repo/review_feedback/pr8077-forensic-evidence/_objects/1c49b564a24108fa7e1f81f479da3982da3b1bad31003c2d10ce60bdea4ec3d8.gz
 create mode 100644 docs/work_history/repo/review_feedback/pr8077-forensic-evidence/_objects/1c84f2d988f46fcf00d47100108100a80b31579bb7b8d6f5d92b337461e99e58.gz
 create mode 100644 docs/work_history/repo/review_feedback/pr8077-forensic-evidence/_objects/1d020bcc975b732aaa1841ecd5080ca77e419ed1656d13c31587cf9c57f20d84.gz
 create mode 100644 docs/work_history/repo/review_feedback/pr8077-forensic-evidence/_objects/1d5c98c7fc96d5d6ce4022db19d03cb0484ec37fac52e170800235abc3180f24.gz
 create mode 100644 docs/work_history/repo/review_feedback/pr8077-forensic-evidence/_objects/1dbda8e3c12de4f7eebcf678b4f03c31dcde21201c596ff8fa3546f96e757ea7.gz
 create mode 100644 docs/work_history/repo/review_feedback/pr8077-forensic-evidence/_objects/1ded9b4f1c5da56fc36f3227c6fac7a5289b688fbfe22bcf18e489267ca085c6.gz
 create mode 100644 docs/work_history/repo/review_feedback/pr8077-forensic-evidence/_objects/1fe63b6774115f859832594d9c3e63856756e52d5f14c572a63349649e7af022.gz
 create mode 100644 docs/work_history/repo/review_feedback/pr8077-forensic-evidence/_objects/20c13ba19efa4f1e03d9342ecf7124be1961fb1fa73ce8e05207bd1eeb008795.gz
 create mode 100644 docs/work_history/repo/review_feedback/pr8077-forensic-evidence/_objects/21730ec88dc4ddea0349b58085c36383fc5bf4959093ee6ace88f4c70cf0c159.gz
 create mode 100644 docs/work_history/repo/review_feedback/pr8077-forensic-evidence/_objects/22591b335baa8e3eee69f7946be67f1cfb5eea6f88421bc76380fa7161227ae1.gz
 create mode 100644 docs/work_history/repo/review_feedback/pr8077-forensic-evidence/_objects/2262a96ffb7c44cdf51dac158049adad6b4a4fbaba94f5dae2a31e85bdfd2de8.gz
 create mode 100644 docs/work_history/repo/review_feedback/pr8077-forensic-evidence/_objects/22cb2624e30543b08ea7843d59ba20cbbd0287738a24ac94603be3a6e240456c.gz
 create mode 100644 docs/work_history/repo/review_feedback/pr8077-forensic-evidence/_objects/24926586a7fe99954cf2584a893ac1aaff990bf8aa55a3fa74729093be596623.gz
 create mode 100644 docs/work_history/repo/review_feedback/pr8077-forensic-evidence/_objects/255f07b902dc2ad312d949a7a74f123a782c561cc18ecd59e3f20e75551f96b0.gz
 create mode 100644 docs/work_history/repo/review_feedback/pr8077-forensic-evidence/_objects/263319b61d8aa071716a38da6f992acc6bf211d4c56f8a4fef4a2a5c6eec2140.gz
 create mode 100644 docs/work_history/repo/review_feedback/pr8077-forensic-evidence/_objects/269b547ddd3b837f7994fcd91888218518765add0e91bc53c7a3d70f84f95a35.gz
 create mode 100644 docs/work_history/repo/review_feedback/pr8077-forensic-evidence/_objects/26e99c64bee148285a234920b49144f2806ce008d5e25fe559cb825f25276be2.gz
 create mode 100644 docs/work_history/repo/review_feedback/pr8077-forensic-evidence/_objects/26efbe9bc7af44b660b90546aa0d8934f114983739256ccae48e51dec390c395.gz
 create mode 100644 docs/work_history/repo/review_feedback/pr8077-forensic-evidence/_objects/279ca54a19eb6a7e7d756c927e356b9cfdf327bd0617b2c13112ed1581539f77.gz
 create mode 100644 docs/work_history/repo/review_feedback/pr8077-forensic-evidence/_objects/27b0a446e99b396d8ccaedf82c59edc4cfbd65fb49494a3d66f23d74dbcb7c2d.gz
 create mode 100644 docs/work_history/repo/review_feedback/pr8077-forensic-evidence/_objects/28b3ff6c74df945cb9df74897b7e74aee52c3961bb51542e58a6c28334a15eb0.gz
 create mode 100644 docs/work_history/repo/review_feedback/pr8077-forensic-evidence/_objects/29e6cf34b5589ceaad5058509119f43e098f934e6610e23c3fc33651bda54690.gz
 create mode 100644 docs/work_history/repo/review_feedback/pr8077-forensic-evidence/_objects/2af3922ea2aa730e896ee66ca1b384d91df19ae0b1f08654c621d38a8c2589be.gz
 create mode 100644 docs/work_history/repo/review_feedback/pr8077-forensic-evidence/_objects/2b1d724d39a54a3bff79cb936d869ded06075e1e43e66e779a89bd955ad49540.gz
 create mode 100644 docs/work_history/repo/review_feedback/pr8077-forensic-evidence/_objects/2cf9ff8c8c685372d9ef1d17cb414a79b24f91563ddc0655be4233bf4558eae9.gz
 create mode 100644 docs/work_history/repo/review_feedback/pr8077-forensic-evidence/_objects/2d260aa294aab1a468fd2eb38a333d46e62f353c268101af2fbb328ec74edc7e.gz
 create mode 100644 docs/work_history/repo/review_feedback/pr8077-forensic-evidence/_objects/2d539ad1071654dacb89c4ac14619e12d42ae872947f91078c44114582e6261f.gz
 create mode 100644 docs/work_history/repo/review_feedback/pr8077-forensic-evidence/_objects/2e0f501e78a2ce88731970b560cddc935630adae9db52cd0475055314ff6a47b.gz
 create mode 100644 docs/work_history/repo/review_feedback/pr8077-forensic-evidence/_objects/2e1c280d09aa79487fc8f5e90a69318a8282d65a9f0c94c2665598ade2e65913.gz
 create mode 100644 docs/work_history/repo/review_feedback/pr8077-forensic-evidence/_objects/2f76b88d7e7ca70031d672d281b0823dd34933f93e18ecc6fd2ec6cba303490f.gz
 create mode 100644 docs/work_history/repo/review_feedback/pr8077-forensic-evidence/_objects/2fd7de84bb9a3f023de47fcf0001ddeadcbbabc7688b64744340e21ded711473.gz
 create mode 100644 docs/work_history/repo/review_feedback/pr8077-forensic-evidence/_objects/3023a9eebde9544a81531c28f3eb9ec2a765ab6c713d1810ef610ab5d9b72133.gz
 create mode 100644 docs/work_history/repo/review_feedback/pr8077-forensic-evidence/_objects/3069a1babd234129a5f692ad39cae4694c82ff4783b997b6df66568035596278.gz
 create mode 100644 docs/work_history/repo/review_feedback/pr8077-forensic-evidence/_objects/308fc2a2360bb64703c49564fa2b89ee26beb911d0bd21868f8a90274ce6b8ae.gz
 create mode 100644 docs/work_history/repo/review_feedback/pr8077-forensic-evidence/_objects/3191f606544cea56bd9053add8412449b37f51568f4051207f263859ba0bce47.gz
 create mode 100644 docs/work_history/repo/review_feedback/pr8077-forensic-evidence/_objects/31c38f047e6a2d1251325b188bd842c231a49deef463dae242fc2e8b00c9eafb.gz
 create mode 100644 docs/work_history/repo/review_feedback/pr8077-forensic-evidence/_objects/31ffab4a9a683b69a151be56e68f0b87277271f0b3a3ff72cf89a7665e7f60f1.gz
 create mode 100644 docs/work_history/repo/review_feedback/pr8077-forensic-evidence/_objects/32069567e35df9e1777b747926376b66c7f278f1507c2bb086a6fa6a99fcfb60.gz
 create mode 100644 docs/work_history/repo/review_feedback/pr8077-forensic-evidence/_objects/323e390821ab3d9a3a7d3f05e5c4bdcf32e5499de8fcc97241e69a9350f1ecf4.gz
 create mode 100644 docs/work_history/repo/review_feedback/pr8077-forensic-evidence/_objects/32bffd01eb9244dbe2b15b8fd3c7225d7cf1c0d7b552f7dd593e5911172620d0.gz
 create mode 100644 docs/work_history/repo/review_feedback/pr8077-forensic-evidence/_objects/3318ae503757d350db5e43499cf4ee10bd49371ae8f6b5420241ce395384c11d.gz
 create mode 100644 docs/work_history/repo/review_feedback/pr8077-forensic-evidence/_objects/3344921e88964040b85daf7b7b89215014d705053c1397fa48d94b89fd8f8afa.gz
 create mode 100644 docs/work_history/repo/review_feedback/pr8077-forensic-evidence/_objects/336395b832dfa4ab632eaeb0123fa57fa6e99281c89a27fb911d2d1e7d2fb5b0.gz
 create mode 100644 docs/work_history/repo/review_feedback/pr8077-forensic-evidence/_objects/33735ebb03e9ff5a38ed6e4795a9cd02d969c363609afec48c2b7a0945b71d2a.gz
 create mode 100644 docs/work_history/repo/review_feedback/pr8077-forensic-evidence/_objects/33aa9bc031e93fa3ca79c466bd855b2b188da92d22a4fc66a7971294c62c40c7.gz
 create mode 100644 docs/work_history/repo/review_feedback/pr8077-forensic-evidence/_objects/33f167e38b3f94f5315b84d8e8a2e1b1c67b8ae725510dda13aad2ad37f4c7da.gz
 create mode 100644 docs/work_history/repo/review_feedback/pr8077-forensic-evidence/_objects/341b61210cde5962cefed7bfbf7798b53f412732ff824f64ae8a412a866a4f06.gz
 create mode 100644 docs/work_history/repo/review_feedback/pr8077-forensic-evidence/_objects/347920decff63e0b53ddc24e5bfe1c913bd851b4eeac90ea19f3683dc8f458ba.gz
 create mode 100644 docs/work_history/repo/review_feedback/pr8077-forensic-evidence/_objects/34fd17ea1a2f8bc4183aa020f1a8419ea18a8d69768f7f2c41ab3263eb6edeb0.gz
 create mode 100644 docs/work_history/repo/review_feedback/pr8077-forensic-evidence/_objects/355b51d81887c8dc6f1e24b79a50b4187e20303eba9c95c82b89fc3fafa137d7.gz
 create mode 100644 docs/work_history/repo/review_feedback/pr8077-forensic-evidence/_objects/359d7c9c610d5b235ebca0b0faf278bf93c819f15cc3328eca4c368794723f8d.gz
 create mode 100644 docs/work_history/repo/review_feedback/pr8077-forensic-evidence/_objects/36385b569c4a2ece132ba54cfa9f2194ac80f85ea07fde2ef43112aef632358c.gz
 create mode 100644 docs/work_history/repo/review_feedback/pr8077-forensic-evidence/_objects/37ceddc64dc23792068d8d1773418fcf68de75dc29dfb5867d74b477980cbd9f.gz
 create mode 100644 docs/work_history/repo/review_feedback/pr8077-forensic-evidence/_objects/399204df97565a05a2ccc61017edb46e2294b7f539529c3a68b89e8fe7f2e2fa.gz
 create mode 100644 docs/work_history/repo/review_feedback/pr8077-forensic-evidence/_objects/3a846c279ea2961bc532619cc3acf9082c5571a263258960deee58fa79188f41.gz
 create mode 100644 docs/work_history/repo/review_feedback/pr8077-forensic-evidence/_objects/3b46fe161885bb7fa47040db3d0f8cd0bc05d8e925130d5622c6fcbf9e55cb8a.gz
 create mode 100644 docs/work_history/repo/review_feedback/pr8077-forensic-evidence/_objects/3c1575f4a86422399404798025326c217dbd82aed5add5c97f95f268544587e5.gz
 create mode 100644 docs/work_history/repo/review_feedback/pr8077-forensic-evidence/_objects/3e3ec5a7b3350f3f87b218dae5f4b9f1be4b1efb0e28c6a7a48e7554a7d6a8fc.gz
 create mode 100644 docs/work_history/repo/review_feedback/pr8077-forensic-evidence/_objects/3f540e8c9d3bfe536520941ed447d5f3cb87e8498ad60bcb521c6eff12ffa17b.gz
 create mode 100644 docs/work_history/repo/review_feedback/pr8077-forensic-evidence/_objects/3f64d592b12107e033d34c1b79a039d5ee81d1e157146d043880acca200b56da.gz
 create mode 100644 docs/work_history/repo/review_feedback/pr8077-forensic-evidence/_objects/3f907cc80bf2aad2bfe52f1dd151161081517eeaa150c185b5ffc78fcc8d1cbe.gz
 create mode 100644 docs/work_history/repo/review_feedback/pr8077-forensic-evidence/_objects/40af569da8301a600b1b1d2bd2f117458091fcd395c679e3db611f46314105f3.gz
 create mode 100644 docs/work_history/repo/review_feedback/pr8077-forensic-evidence/_objects/4188da84e95ba07f4acd093ab67f359780ac950294f48720150aa549976e3b3f.gz
 create mode 100644 docs/work_history/repo/review_feedback/pr8077-forensic-evidence/_objects/42d2c530684b884fb705582aafa8f261a5a55971a592264f238a31ba7308ccf4.gz
 create mode 100644 docs/work_history/repo/review_feedback/pr8077-forensic-evidence/_objects/42f07bc974062652afff1b341cc8d9ec42a51f9fe3f0a301ce25b06e78e10eb4.gz
 create mode 100644 docs/work_history/repo/review_feedback/pr8077-forensic-evidence/_objects/43798bb9693f619c65a46784ffb7b493acbb127511405311da6e9786e1744b36.gz
 create mode 100644 docs/work_history/repo/review_feedback/pr8077-forensic-evidence/_objects/43e62bec2a3ea107fd4ddd2e06214cf9ba1c33759537a0ba4e0e6ec22c287d92.gz
 create mode 100644 docs/work_history/repo/review_feedback/pr8077-forensic-evidence/_objects/43f9cb24e7c2886879b03f8e2ce27b03dd2bd0ae28fb05bd75138de276e7ece5.gz
 create mode 100644 docs/work_history/repo/review_feedback/pr8077-forensic-evidence/_objects/44081b9e9c17f749f2df000c46d18032fd6a0d364dd8ac4fc22fd7399f92bc56.gz
 create mode 100644 docs/work_history/repo/review_feedback/pr8077-forensic-evidence/_objects/44617f0aca8970cde5d42620a557f0b86334bc0b928350b7c1ed9bd5d548fde0.gz
 create mode 100644 docs/work_history/repo/review_feedback/pr8077-forensic-evidence/_objects/4524acd1a95f41dbcd2fd350c052f5d78ad7c64809a0c7c55eb390044f92e738.gz
 create mode 100644 docs/work_history/repo/review_feedback/pr8077-forensic-evidence/_objects/45320bd39720d62317eb6aed9b1930c67aabd52ff42fc3cfd86e28121b5257d1.gz
 create mode 100644 docs/work_history/repo/review_feedback/pr8077-forensic-evidence/_objects/45c978006123406ab05704f8e7507dab3594cdc78acea0e77cc0c1e0cc2c2566.gz
 create mode 100644 docs/work_history/repo/review_feedback/pr8077-forensic-evidence/_objects/488ebe738a76efa6dd583e5d0b68cc2dd29b742c322565d5adac8ea58d92db86.gz
 create mode 100644 docs/work_history/repo/review_feedback/pr8077-forensic-evidence/_objects/49309c8304142b13f3b60e1342c3832065e3b0fb3e2fa605df539701fd92ce8b.gz
 create mode 100644 docs/work_history/repo/review_feedback/pr8077-forensic-evidence/_objects/49b9814b94cbb712f0c426bec521944d055ec1ed16ae4b1aba039442922cfcdd.gz
 create mode 100644 docs/work_history/repo/review_feedback/pr8077-forensic-evidence/_objects/49bcd8f92000370c230fe007512081e8732f8004aff8d7687cf2bdd1f6d660a8.gz
 create mode 100644 docs/work_history/repo/review_feedback/pr8077-forensic-evidence/_objects/4a7af57b9802fe4a8e5d0caf850652ab3a963a9c101d8cb12375459c52737738.gz
 create mode 100644 docs/work_history/repo/review_feedback/pr8077-forensic-evidence/_objects/4a8d58ed91fd53b7d385db2c54186953c26398aa9661e168c32223d9e2580bb8.gz
 create mode 100644 docs/work_history/repo/review_feedback/pr8077-forensic-evidence/_objects/4d9b762d9ddb9ca8f8cd460a518c7033704d396884ca0186f1ca6e5afa9f1785.gz
 create mode 100644 docs/work_history/repo/review_feedback/pr8077-forensic-evidence/_objects/4ddd4b55341a226fa179e710feeb8feb7cbbaedd23ac518e5c3e21f8c4f3c12f.gz
 create mode 100644 docs/work_history/repo/review_feedback/pr8077-forensic-evidence/_objects/4ee3a09731d72ae457ba220453d2d1195e4f60ce1b079b28b0324e0d049c220b.gz
 create mode 100644 docs/work_history/repo/review_feedback/pr8077-forensic-evidence/_objects/4fa8f49a520ead6c553c22a888a884cd19bec693ce34caee10194786e4c1ee1b.gz
 create mode 100644 docs/work_history/repo/review_feedback/pr8077-forensic-evidence/_objects/4ff2550dcd9afb40428125ca6c3daca26ad7af1e676c9b5e08446bda4f9085af.gz
 create mode 100644 docs/work_history/repo/review_feedback/pr8077-forensic-evidence/_objects/50bacb0cef0bde80f15632dc99ede0de546203199df8caa523b62f3ac337755d.gz
 create mode 100644 docs/work_history/repo/review_feedback/pr8077-forensic-evidence/_objects/50d70ea21897c05d0ca356f6b4c7300c182a4d481337bf5719972b906869991d.gz
 create mode 100644 docs/work_history/repo/review_feedback/pr8077-forensic-evidence/_objects/51b1cd453ab02b8e5318b47c61b0f188395ca754fa4202e6f7ab9c3080e13722.gz
 create mode 100644 docs/work_history/repo/review_feedback/pr8077-forensic-evidence/_objects/52472c37a0da92abd549c42fb976aa3faa29eb5d5cb596fac1c81c889a799f3e.gz
 create mode 100644 docs/work_history/repo/review_feedback/pr8077-forensic-evidence/_objects/52625d6e459e7d44ebbbafcbacc5057138697520a3a13190146b406f8a411490.gz
 create mode 100644 docs/work_history/repo/review_feedback/pr8077-forensic-evidence/_objects/529c7e344a3f48617b0b1e75eef60b52e9d54848503892d0f6f205c30d4593c1.gz
 create mode 100644 docs/work_history/repo/review_feedback/pr8077-forensic-evidence/_objects/530013ea2e9c3f78c88b92cb8647cc8cfc6a9a28c49013b2ebc493768a7dd39c.gz
 create mode 100644 docs/work_history/repo/review_feedback/pr8077-forensic-evidence/_objects/55026e68739651205c6bdd2c51ab1a2ae36d14b36a464190851dacba8aaeb0a2.gz
 create mode 100644 docs/work_history/repo/review_feedback/pr8077-forensic-evidence/_objects/551a98f5886c077cb21fa5d83ec1a6fc6d4e8b75b6f8278e98078b21469c5427.gz
 create mode 100644 docs/work_history/repo/review_feedback/pr8077-forensic-evidence/_objects/5599cf63ce433a66924cde18927327c4e00af06b452cd9c4ea570668d030ee08.gz
 create mode 100644 docs/work_history/repo/review_feedback/pr8077-forensic-evidence/_objects/56952a517d21d8adc05774221b32700485dd6c007b6b442fe6cd1547d251a45d.gz
 create mode 100644 docs/work_history/repo/review_feedback/pr8077-forensic-evidence/_objects/57def7e08fd4a9a2825fb231bf000c4c1803ea43a5bedb0853359eee6ebba7fa.gz
 create mode 100644 docs/work_history/repo/review_feedback/pr8077-forensic-evidence/_objects/59458e7f5d7e331899f9f834dad35e9fa3e2926b2da4bd4cdf44822b1107cf32.gz
 create mode 100644 docs/work_history/repo/review_feedback/pr8077-forensic-evidence/_objects/5948dfc0b7bc0399aec14a8c3008bbd3d42e197a5abcf108afc22b5617764d7d.gz
 create mode 100644 docs/work_history/repo/review_feedback/pr8077-forensic-evidence/_objects/5a303bd9589c85a55aed08133713531d7c69ca47aeba706732d06b760d1f1f34.gz
 create mode 100644 docs/work_history/repo/review_feedback/pr8077-forensic-evidence/_objects/5a6783128a586dd8f00d559624bba18429bd8d5d03c232322167a5cb107fad9d.gz
 create mode 100644 docs/work_history/repo/review_feedback/pr8077-forensic-evidence/_objects/5a750b8ef01ec190fc1d3aeea52a2eb15566896eb287105df3eacfae32ad3f7b.gz
 create mode 100644 docs/work_history/repo/review_feedback/pr8077-forensic-evidence/_objects/5afd9ca475018b16249bfa5d5c5d92b4be7de135e2de4c5455ff673cd4485200.gz
 create mode 100644 docs/work_history/repo/review_feedback/pr8077-forensic-evidence/_objects/5b56be71a5054e118d1c8b0b9185cf0648e3c30f2159c3dd72bc9db2284ecbbf.gz
 create mode 100644 docs/work_history/repo/review_feedback/pr8077-forensic-evidence/_objects/5b8c14bd9674b8d1b44318a01dde32e1fec08e71193929e1672441a613eee9b3.gz
 create mode 100644 docs/work_history/repo/review_feedback/pr8077-forensic-evidence/_objects/5cf6377bbfd5fc216869b0f281d4c23036daca3c0fc4fed8a5882fdd40a07c71.gz
 create mode 100644 docs/work_history/repo/review_feedback/pr8077-forensic-evidence/_objects/5e9b6e01394ad5a3a7694192b07f4332bff4aab788e42106b69d4d5df091f869.gz
 create mode 100644 docs/work_history/repo/review_feedback/pr8077-forensic-evidence/_objects/5eac25f7ea5300ea56618048575f3bba5fe57d71e48cd20c853f01d310809a78.gz
 create mode 100644 docs/work_history/repo/review_feedback/pr8077-forensic-evidence/_objects/5ee32fd40171aff5f7e36396fe1449ec55fba66108b891efb4bc2ede51d4137c.gz
 create mode 100644 docs/work_history/repo/review_feedback/pr8077-forensic-evidence/_objects/5f2d3a747dfffdbf998c8ca843bfad1c98283d5474e5c0b5a5b11b2b11764a5f.gz
 create mode 100644 docs/work_history/repo/review_feedback/pr8077-forensic-evidence/_objects/5f55dca16fd75772d0ad09dee8ba02c5debfacba6d661d41eb9f78c66facce99.gz
 create mode 100644 docs/work_history/repo/review_feedback/pr8077-forensic-evidence/_objects/5f8139404ac5e9d3b999e459b4a6c85a665f49b19d5cff9f58165af75a5521b9.gz
 create mode 100644 docs/work_history/repo/review_feedback/pr8077-forensic-evidence/_objects/5f9188c3b546c5af644bd9c190f79519b2d15dc1464b0c54093b66966b7ffdc7.gz
 create mode 100644 docs/work_history/repo/review_feedback/pr8077-forensic-evidence/_objects/5feef523694b3772a28240cc7f59cc0a2f41650a2c9172e6b2e5975595a69c1d.gz
 create mode 100644 docs/work_history/repo/review_feedback/pr8077-forensic-evidence/_objects/60f92f717f7030620a3c8489f563ca54b62f25c925720c44bf7f6242e49becc0.gz
 create mode 100644 docs/work_history/repo/review_feedback/pr8077-forensic-evidence/_objects/61bb61353ec8e73c663b0af663a94e72ad47bfcf2d9f196afa852c47d9d6f035.gz
 create mode 100644 docs/work_history/repo/review_feedback/pr8077-forensic-evidence/_objects/6234f81988664e90ce1148257e93d0539971aee43c42c4291cea81b7a2d187d4.gz
 create mode 100644 docs/work_history/repo/review_feedback/pr8077-forensic-evidence/_objects/625d02b5d2f3e589ede09ef01e4df3ccf9add0466d9ba9e4503bd4eb27136694.gz
 create mode 100644 docs/work_history/repo/review_feedback/pr8077-forensic-evidence/_objects/63dc34a0b725acbc140695a399ee0df6b667355150f0bb5bb93ad1a5f823e028.gz
 create mode 100644 docs/work_history/repo/review_feedback/pr8077-forensic-evidence/_objects/63df1c9cb9407084a42d344e3ea63b7798f2cf7ce0fc90b6f4200fdca5cc99e9.gz
 create mode 100644 docs/work_history/repo/review_feedback/pr8077-forensic-evidence/_objects/63f3cb79b21c2eaa9e41f684d353ae95f7af3b68b39c55a8a8114869a17b14e4.gz
 create mode 100644 docs/work_history/repo/review_feedback/pr8077-forensic-evidence/_objects/64856e98b667d75e40345ff936599bcb79218d5130b14ad4aa6c9a55b38a26fc.gz
 create mode 100644 docs/work_history/repo/review_feedback/pr8077-forensic-evidence/_objects/64a10dab6101c74947686a516ba572b7e409d8b8c9705bb4a1ece3b9b1294feb.gz
 create mode 100644 docs/work_history/repo/review_feedback/pr8077-forensic-evidence/_objects/64da447ddfc80d0829a583785f03423beed61da82eb1bac8f93d1ef428ae6fa2.gz
 create mode 100644 docs/work_history/repo/review_feedback/pr8077-forensic-evidence/_objects/64fcb99442dbaa90cd624a36c819857011a82c92f041882f56d44dda2739ba7e.gz
 create mode 100644 docs/work_history/repo/review_feedback/pr8077-forensic-evidence/_objects/6517ef8359ec6754fc1f2d3e0e38bc0f87546286a87af73c0940c69434f3e42e.gz
 create mode 100644 docs/work_history/repo/review_feedback/pr8077-forensic-evidence/_objects/68a5d8b25c48199a4e98d0dbf7670b83c6614b2604b8de2fc5cecb2fbdb094eb.gz
 create mode 100644 docs/work_history/repo/review_feedback/pr8077-forensic-evidence/_objects/695584ae22718d2541c36063441b1d1da793e40f7a776aa61c2d735eff59366c.gz
 create mode 100644 docs/work_history/repo/review_feedback/pr8077-forensic-evidence/_objects/69c053dff585004510445d400689d57b80291a2b4b95c4ea121f1c946ea4780b.gz
 create mode 100644 docs/work_history/repo/review_feedback/pr8077-forensic-evidence/_objects/6b466683a675d4b8e0060fb8071eb1fd4e0acd007887d0bc156c0d9fd13ddc0b.gz
 create mode 100644 docs/work_history/repo/review_feedback/pr8077-forensic-evidence/_objects/6ba34ba13cdc6ee089f91a312cfb68ccdf424fc96c3f770e640789161270e5f2.gz
 create mode 100644 docs/work_history/repo/review_feedback/pr8077-forensic-evidence/_objects/6bb2ef76909125cbd5afd5090c8725c648f59ddb06c0371199151133a167abc9.gz
 create mode 100644 docs/work_history/repo/review_feedback/pr8077-forensic-evidence/_objects/6bf4294460939f704220f60cc3421cced679a0dc338d16e2de6b388f93565e0b.gz
 create mode 100644 docs/work_history/repo/review_feedback/pr8077-forensic-evidence/_objects/6c393f21fd51e8418284b86cc5bf22960d4bd98a4b724a494ff9a942c3d1cc44.gz
 create mode 100644 docs/work_history/repo/review_feedback/pr8077-forensic-evidence/_objects/6c9be83081b2f34615bf21cd0b86dbe02be11f578fd1f0587aedfb23815b7c11.gz
 create mode 100644 docs/work_history/repo/review_feedback/pr8077-forensic-evidence/_objects/6d58429ce17fad3456ab0fc5910cf4f9b6a2eabd80351317db03bbac2f03ab5f.gz
 create mode 100644 docs/work_history/repo/review_feedback/pr8077-forensic-evidence/_objects/6e07719ea61c46ae7f9e2baecd670b842a3eb579afb59b935fee0fbfb11e4d4a.gz
 create mode 100644 docs/work_history/repo/review_feedback/pr8077-forensic-evidence/_objects/6e2e4225549683aeead44ed965369a4a1d1bd3847cccc7dfe1baa820aadcbc1f.gz
 create mode 100644 docs/work_history/repo/review_feedback/pr8077-forensic-evidence/_objects/6f0ffee5700531225763beeaf32173ed025feb111de3fea2f1b5bafafa8cc223.gz
 create mode 100644 docs/work_history/repo/review_feedback/pr8077-forensic-evidence/_objects/6f1d38a0b83e48b664f760ae4f275abca8864c168079d72d038a8f41b20c6405.gz
 create mode 100644 docs/work_history/repo/review_feedback/pr8077-forensic-evidence/_objects/6f37e6015fb303467eb0a9cb77381f38366584c917b3bbd19c229f4d080af768.gz
 create mode 100644 docs/work_history/repo/review_feedback/pr8077-forensic-evidence/_objects/6f57df5a186e3409abe0cc4189c38524b00c097a211ed01a04bd6b3ee3c14eee.gz
 create mode 100644 docs/work_history/repo/review_feedback/pr8077-forensic-evidence/_objects/6f7701d648aa63cc2544823f3eb53ad937f43a56773b6bf2ced7338686e7450b.gz
 create mode 100644 docs/work_history/repo/review_feedback/pr8077-forensic-evidence/_objects/6fc0bdf4da316c5587cd1ffb30eec9f76a875c563df9a2665dbc261d5d6c92cf.gz
 create mode 100644 docs/work_history/repo/review_feedback/pr8077-forensic-evidence/_objects/70982b2f6ab1d9a07f75bc8594d28992d98b6b31e74baaed27124c3a32eb980e.gz
 create mode 100644 docs/work_history/repo/review_feedback/pr8077-forensic-evidence/_objects/70b5e69fd57cf0bd2efa47324f3f7fe0cf9270dcd0f3fdaacbf809ac6e3932e3.gz
 create mode 100644 docs/work_history/repo/review_feedback/pr8077-forensic-evidence/_objects/70c3a0d9ae3ec0512a681051da15c0c54e5e5f8a65d442737e4fbca927238b69.gz
 create mode 100644 docs/work_history/repo/review_feedback/pr8077-forensic-evidence/_objects/711bca674b21d08a43d82c91d6c32842b3525bf9a8c82552bd8c5eb1c2b5a58d.gz
 create mode 100644 docs/work_history/repo/review_feedback/pr8077-forensic-evidence/_objects/71276d521bea6f4e5e70ffdb6b6d1476163109b1dda8f17c1733eec7441bcc7c.gz
 create mode 100644 docs/work_history/repo/review_feedback/pr8077-forensic-evidence/_objects/71aabfb2325c002742d3146087119861d99037fb6a2353fb461fe0a921819903.gz
 create mode 100644 docs/work_history/repo/review_feedback/pr8077-forensic-evidence/_objects/720a88a1748b745ad2c60e97a38a3a1ded7f7f0861e79142c233aafb6f880a4f.gz
 create mode 100644 docs/work_history/repo/review_feedback/pr8077-forensic-evidence/_objects/73036cc318c682e7c13ef38ccb7b399be443d6d7f9b668fd07b2df4d7533b3b6.gz
 create mode 100644 docs/work_history/repo/review_feedback/pr8077-forensic-evidence/_objects/733667f5e0cf02e3158c960c4ce555d27445d1232e356d1f87f9bd458a648920.gz
 create mode 100644 docs/work_history/repo/review_feedback/pr8077-forensic-evidence/_objects/733aa8a6fbdd1f0b7708c8f81eb79c1979596d3f2d464b8749460ee450d19bcc.gz
 create mode 100644 docs/work_history/repo/review_feedback/pr8077-forensic-evidence/_objects/756b33f1cfae0bcf909c0d14158e6a83ab9420a8279c91e2215c3be831d5d4fb.gz
 create mode 100644 docs/work_history/repo/review_feedback/pr8077-forensic-evidence/_objects/75fa20e4df2f261e551ff2fe2f4c5da812b1d0f5e2423c419f43ed9cb21cbdfe.gz
 create mode 100644 docs/work_history/repo/review_feedback/pr8077-forensic-evidence/_objects/76bee604861d3200a6d03b3db5717aef62a04e9fe111fcfc90b0c7547fa084e5.gz
 create mode 100644 docs/work_history/repo/review_feedback/pr8077-forensic-evidence/_objects/76c9fb43e1be66de9fa6982343588bb6ce6995914caa6ff99cd5851842da400c.gz
 create mode 100644 docs/work_history/repo/review_feedback/pr8077-forensic-evidence/_objects/7842c0299322d2cbfedeba5da14ce8ba44db5cff81301e81448f2ac1a9d11a6d.gz
 create mode 100644 docs/work_history/repo/review_feedback/pr8077-forensic-evidence/_objects/7881eb559bb0f10a5541eb614c9d97cf3fc4017c58214d2699acdcadf908d2aa.gz
 create mode 100644 docs/work_history/repo/review_feedback/pr8077-forensic-evidence/_objects/78c5d0e52148a66d13b410416d5d5097fa2c3f0c990aac0fcc341a8710bad4a1.gz
 create mode 100644 docs/work_history/repo/review_feedback/pr8077-forensic-evidence/_objects/78e30f5eb3a708c11c359cf03b4019237228a6ae614a535911ec1539eb0644cf.gz
 create mode 100644 docs/work_history/repo/review_feedback/pr8077-forensic-evidence/_objects/7ca4e5d445566f2b027595685ccc683d1a419c2c368708e7b49518857ca73d50.gz
 create mode 100644 docs/work_history/repo/review_feedback/pr8077-forensic-evidence/_objects/7cea5bd00ba9198b8ed77e1b1c7826b31f0a53c7e7c3411552d3a2cf31fc5798.gz
 create mode 100644 docs/work_history/repo/review_feedback/pr8077-forensic-evidence/_objects/7d99d5f3eb1d3c53c54b29af15af77fd41a159d2561befcb1e1f6b5a13db8c4d.gz
 create mode 100644 docs/work_history/repo/review_feedback/pr8077-forensic-evidence/_objects/7e36c61696267c376ab9ce06e73001aae9ec689755a9d64b7cd1bf854e934e98.gz
 create mode 100644 docs/work_history/repo/review_feedback/pr8077-forensic-evidence/_objects/7f557db5eeb078943faf98bce3800723584abe7435a6e162f95ed34c6b18995c.gz
 create mode 100644 docs/work_history/repo/review_feedback/pr8077-forensic-evidence/_objects/8017b2a4676aebde6fbd28aa6ca165917c3ece9c8281c2fe7605400c9402d97c.gz
 create mode 100644 docs/work_history/repo/review_feedback/pr8077-forensic-evidence/_objects/807e224a151003543f4e04b57caf8105e09c903f1b440064d24606be9d94fc7f.gz
 create mode 100644 docs/work_history/repo/review_feedback/pr8077-forensic-evidence/_objects/811ecbefb477fd23cb15f1da2894d1a1af5042775560fe199837599d5ee9ec17.gz
 create mode 100644 docs/work_history/repo/review_feedback/pr8077-forensic-evidence/_objects/81a9d8f76a5057beba2d8bb427b6ec594ea557a0f937acf5855cfb6d1dcf25c1.gz
 create mode 100644 docs/work_history/repo/review_feedback/pr8077-forensic-evidence/_objects/81fada3ccf537c8d483a4bf89c4872eeda421b08acb2c8f2c960d818f3b1e794.gz
 create mode 100644 docs/work_history/repo/review_feedback/pr8077-forensic-evidence/_objects/8217a11577958841f6c8d7bbb857992bc7a5520634c454d7903497eeb69651cd.gz
 create mode 100644 docs/work_history/repo/review_feedback/pr8077-forensic-evidence/_objects/824af73fa159a4e354858f0cde085b7a59d3c8a85276f52bfdb5759caa414e9f.gz
 create mode 100644 docs/work_history/repo/review_feedback/pr8077-forensic-evidence/_objects/827806fd617a00eb433081c7727ab86e5378548ab0c605ba82005218644ec6a3.gz
 create mode 100644 docs/work_history/repo/review_feedback/pr8077-forensic-evidence/_objects/82c576549c433eaa3b61a606a71128790cd11f5ef83c9ac62527b80c21e5a80f.gz
 create mode 100644 docs/work_history/repo/review_feedback/pr8077-forensic-evidence/_objects/8348046c7f459a253ebb39cb24b9cc4ec2ff07be852cea173269f399ddcf3bfb.gz
 create mode 100644 docs/work_history/repo/review_feedback/pr8077-forensic-evidence/_objects/83b912dbe68abcf30d836af216efd11c0ed7edceab6b9651626c37d1663f11b1.gz
 create mode 100644 docs/work_history/repo/review_feedback/pr8077-forensic-evidence/_objects/84f0b5be77b7a169ba1a3ba4d13c18c05c63234424dd639b4476682efd863303.gz
 create mode 100644 docs/work_history/repo/review_feedback/pr8077-forensic-evidence/_objects/8580047d12495a49370d0d341e34f8795dd722bb239389d8e4e56f8b593596ad.gz
 create mode 100644 docs/work_history/repo/review_feedback/pr8077-forensic-evidence/_objects/85b052730fece9c78332ca62b5604070820bbb9553432ea8ce6f89a2d1908708.gz
 create mode 100644 docs/work_history/repo/review_feedback/pr8077-forensic-evidence/_objects/86a1de8669dba4cab8e6ecccfc7c3919fe40391c7aade43a7aa1a612e9717041.gz
 create mode 100644 docs/work_history/repo/review_feedback/pr8077-forensic-evidence/_objects/86f74841b59a0649ee23da4de7a1d604ae7f5c575cc41507e427af13983a3ab2.gz
 create mode 100644 docs/work_history/repo/review_feedback/pr8077-forensic-evidence/_objects/878d15c70ad436e1c5486ee08d7bd7ac29588aed47d0d6ff540b9e844f01e121.gz
 create mode 100644 docs/work_history/repo/review_feedback/pr8077-forensic-evidence/_objects/88fd180ed60fe460bb213c3aa3db501691b1b0e238e577f611f2049c9be156a4.gz
 create mode 100644 docs/work_history/repo/review_feedback/pr8077-forensic-evidence/_objects/89448bf5c1d25e221eba8d7803e1df7d8cf09138dcb4ba1459f60c1c87e7f742.gz
 create mode 100644 docs/work_history/repo/review_feedback/pr8077-forensic-evidence/_objects/89540834de5fd4264389147cfe20b09f0b78c8bcdbcc0fc3c2951413c285a28a.gz
 create mode 100644 docs/work_history/repo/review_feedback/pr8077-forensic-evidence/_objects/89ef89874234b09191aa2ea9f517f38d2701c699642c42f5afa4a29d795c721f.gz
 create mode 100644 docs/work_history/repo/review_feedback/pr8077-forensic-evidence/_objects/8a5d8610624b07275eba3aa2c5876e3b0f6445e41e681d681747591260014665.gz
 create mode 100644 docs/work_history/repo/review_feedback/pr8077-forensic-evidence/_objects/8a7df6f7ffeb0cc8f1d91dd3b62c13bd5f5793e4fa46f210e3f3b255c46db5be.gz
 create mode 100644 docs/work_history/repo/review_feedback/pr8077-forensic-evidence/_objects/8b9a6d0b48f901819f89d85254dc7fe30fe810ae24ee28bcc466d61cd203f754.gz
 create mode 100644 docs/work_history/repo/review_feedback/pr8077-forensic-evidence/_objects/8bc0063baa4de96028e5c17597478733702e0b9f49442c3a19a04485596a9af8.gz
 create mode 100644 docs/work_history/repo/review_feedback/pr8077-forensic-evidence/_objects/8c2df1aaf88f5ab8344e6ca858cbad1342df7dcf54c07c1a2502ac9d8459469d.gz
 create mode 100644 docs/work_history/repo/review_feedback/pr8077-forensic-evidence/_objects/8d34086dfa84800a055c05b57b470724e47816c395c3825eb18391625e56acf9.gz
 create mode 100644 docs/work_history/repo/review_feedback/pr8077-forensic-evidence/_objects/8de9a73187a30adee3d06ad0e3cad031e9d8640362744b1a4ac8e39d00093c37.gz
 create mode 100644 docs/work_history/repo/review_feedback/pr8077-forensic-evidence/_objects/8e926041cae066d559006cd1784fc71e2968972dd93d3d0948b9c2b651745c18.gz
 create mode 100644 docs/work_history/repo/review_feedback/pr8077-forensic-evidence/_objects/8f51a26a9deab39a2e581a527cef7e8b152ba75a96f31833ded4b1bb1c252aeb.gz
 create mode 100644 docs/work_history/repo/review_feedback/pr8077-forensic-evidence/_objects/8fb3622110bca4e8530503d9acbd13d6fb07d4ffefc2b2c322cfe354bbc788fd.gz
 create mode 100644 docs/work_history/repo/review_feedback/pr8077-forensic-evidence/_objects/90267f43c01f595d119b6f7d9db639ee9ab3ecd964eb15f1d26614630b989d92.gz
 create mode 100644 docs/work_history/repo/review_feedback/pr8077-forensic-evidence/_objects/9163e5e2bc66060910c095c4ee65d08a72a1c06834af8069c061ca28317d57eb.gz
 create mode 100644 docs/work_history/repo/review_feedback/pr8077-forensic-evidence/_objects/921ddb7dd4d0892978cea9baf8571e73f4dbff2969a865bd59bf0e1a8444843c.gz
 create mode 100644 docs/work_history/repo/review_feedback/pr8077-forensic-evidence/_objects/933cf70309d3a2a95844499f83af6e3f6f59cdb17bfa288b7821832dd70a66ee.gz
 create mode 100644 docs/work_history/repo/review_feedback/pr8077-forensic-evidence/_objects/93ae6abfa7a9f816f190fb8318b402bb1815a9925300cd8abcac04e1e543079b.gz
 create mode 100644 docs/work_history/repo/review_feedback/pr8077-forensic-evidence/_objects/93d157d144aa492e235540d9c0392c701e34e77e5a6d7f791df7157e942701db.gz
 create mode 100644 docs/work_history/repo/review_feedback/pr8077-forensic-evidence/_objects/94ba67b37f50c5235bf30ff3f06bbe6b00f77cd7e3671f332b7d70307c7e8bee.gz
 create mode 100644 docs/work_history/repo/review_feedback/pr8077-forensic-evidence/_objects/96325e8bc529215c235f877eb3aacb878eb324b39a7f73f948d8f133837557eb.gz
 create mode 100644 docs/work_history/repo/review_feedback/pr8077-forensic-evidence/_objects/963794d01fe0ae1aa481784e3b37c8e49d5ba2fd7d9bfb6441025e230fbce94c.gz
 create mode 100644 docs/work_history/repo/review_feedback/pr8077-forensic-evidence/_objects/969d8f1a2eb850d88a8f9808ec6df7eae97c312614ad5ea3da447357cce6ba87.gz
 create mode 100644 docs/work_history/repo/review_feedback/pr8077-forensic-evidence/_objects/9747ad164873a71f96c39f12d82df66c42fb7b027ce0bca3aa05ab7be78e65fa.gz
 create mode 100644 docs/work_history/repo/review_feedback/pr8077-forensic-evidence/_objects/97e7a4a40f59fb79f55265c17687c858b3372ac104b323cf1c40f6956642ad8f.gz
 create mode 100644 docs/work_history/repo/review_feedback/pr8077-forensic-evidence/_objects/993ddb00288bdd2336d4d1d443be79283f9fc47a0af5b2dbfbbbf8db82aca054.gz
 create mode 100644 docs/work_history/repo/review_feedback/pr8077-forensic-evidence/_objects/99fc6851ba9c9dd12a100a9720c3dbcc4baf61965638d8a22aaf810717d0a69e.gz
 create mode 100644 docs/work_history/repo/review_feedback/pr8077-forensic-evidence/_objects/99fde501d64a173a430d55d4c98413cad011a70c3df7ef3a307a154553742310.gz
 create mode 100644 docs/work_history/repo/review_feedback/pr8077-forensic-evidence/_objects/9a1f10e9a4c96264625d0423137318a7b66b2fbde051cdd4a78a946546f12bf1.gz
 create mode 100644 docs/work_history/repo/review_feedback/pr8077-forensic-evidence/_objects/9aa990f97b95adc5785ca1f46272941f5ea249c02562447037212514e919b110.gz
 create mode 100644 docs/work_history/repo/review_feedback/pr8077-forensic-evidence/_objects/9c31521d8644dc41cdcc4ff5ac7a1a2ce6117e9f51d18f0303ebccbd12bb517b.gz
 create mode 100644 docs/work_history/repo/review_feedback/pr8077-forensic-evidence/_objects/9c4f000d5f02ebd4bdd3df61f6d84bf1dcc53c01c5880bac62c555c34d0090a6.gz
 create mode 100644 docs/work_history/repo/review_feedback/pr8077-forensic-evidence/_objects/9c70deb30dc0a177eebd95d68e06faec159422b46eb1b6287cc4e39e060daccc.gz
 create mode 100644 docs/work_history/repo/review_feedback/pr8077-forensic-evidence/_objects/9d4c68b1340a3804678644b581149c1c4f539c2f1c32e626dd72b7c4e6506427.gz
 create mode 100644 docs/work_history/repo/review_feedback/pr8077-forensic-evidence/_objects/9d5783e94824e07bd1f40a8b03013e8fa0aabe417c3e66dfe2f31edb57f95288.gz
 create mode 100644 docs/work_history/repo/review_feedback/pr8077-forensic-evidence/_objects/9d63a9418c6d3c981629ecc78bba6d3260c2f71b6613316d40423c32e32616e2.gz
 create mode 100644 docs/work_history/repo/review_feedback/pr8077-forensic-evidence/_objects/9e8ad2311d0bc741badc4abaaec20f1ac73f51dd9cfc73e8c6301b038fedf3d2.gz
 create mode 100644 docs/work_history/repo/review_feedback/pr8077-forensic-evidence/_objects/9e8d99e64d7e3390734b0e161147bcf8321327d7677a697252e1c52c5d568cee.gz
 create mode 100644 docs/work_history/repo/review_feedback/pr8077-forensic-evidence/_objects/9f0d49ea7b5ae5cf4c45f533cec7be7a24bdd66b1855b3a072bdf3672371d8ad.gz
 create mode 100644 docs/work_history/repo/review_feedback/pr8077-forensic-evidence/_objects/9f57ca2c28ed02e9c701d8e2671f5c693addccf58937f328155307e1f6f64a08.gz
 create mode 100644 docs/work_history/repo/review_feedback/pr8077-forensic-evidence/_objects/a0ae2064e859bf53ba50034e3befba88c81e47c114194ff564efe1567f398ed2.gz
 create mode 100644 docs/work_history/repo/review_feedback/pr8077-forensic-evidence/_objects/a126a293057b28400b417266e2b825405a9bfca0156b4a960094ac749ee56ca0.gz
 create mode 100644 docs/work_history/repo/review_feedback/pr8077-forensic-evidence/_objects/a3b67d681380d2bac6b9510ace9791ffd1a229cccc8543af938b7191829a32a4.gz
 create mode 100644 docs/work_history/repo/review_feedback/pr8077-forensic-evidence/_objects/a41734e0e91c882587e74a6d237efd4f35cf5d92a33a09f1b30569cfcb1c24dc.gz
 create mode 100644 docs/work_history/repo/review_feedback/pr8077-forensic-evidence/_objects/a490a74c707368ecf00f4d5fa45e7d7e7e1852fbf7f132086b12d7d6b10761d5.gz
 create mode 100644 docs/work_history/repo/review_feedback/pr8077-forensic-evidence/_objects/a4f6ee80e6c119815b46981e3c4cddf9c9ac0115aa79ebac945b2943bd446749.gz
 create mode 100644 docs/work_history/repo/review_feedback/pr8077-forensic-evidence/_objects/a51b16e5988b19dce5767534faca03adc4b712ee1b0b8b64bfc3a2594b4fbf46.gz
 create mode 100644 docs/work_history/repo/review_feedback/pr8077-forensic-evidence/_objects/a643392fb689155f892733998b8d0a6c6b76906a10a566c5bb690f43ef153f9e.gz
 create mode 100644 docs/work_history/repo/review_feedback/pr8077-forensic-evidence/_objects/a695652c8813f3f4f9d107df02a5879d755ba833efe5241b2138f7b4cf8850c3.gz
 create mode 100644 docs/work_history/repo/review_feedback/pr8077-forensic-evidence/_objects/a71a50d29871c037057b3e0a307d96529cb8bb592cc652116cef75b34341b197.gz
 create mode 100644 docs/work_history/repo/review_feedback/pr8077-forensic-evidence/_objects/a732d5423452296fd8520db6258d0db7a6e9e841ebebc81cd194b0ef2bc294a8.gz
 create mode 100644 docs/work_history/repo/review_feedback/pr8077-forensic-evidence/_objects/a797d054354977fc179c72d19feeadb7cbb368351f6ba021a144ffc36bfe57b5.gz
 create mode 100644 docs/work_history/repo/review_feedback/pr8077-forensic-evidence/_objects/a85ebef07b4d299903e41776c705c6b0d55c7323a9975e468c0b968b6ed9cde3.gz
 create mode 100644 docs/work_history/repo/review_feedback/pr8077-forensic-evidence/_objects/a989b41279a721bfc127349399180c7f85af7bc565e4544afebded32fb9f99a1.gz
 create mode 100644 docs/work_history/repo/review_feedback/pr8077-forensic-evidence/_objects/a9a764cb9fd770cd5752229b1b43f077490405cd0997b9293ca942629e0fa5f2.gz
 create mode 100644 docs/work_history/repo/review_feedback/pr8077-forensic-evidence/_objects/a9f75c3e43fd1af806074dd2d5932289aa725a33df7311516dce2475460dab0c.gz
 create mode 100644 docs/work_history/repo/review_feedback/pr8077-forensic-evidence/_objects/aa63ed51de389364586609d52fc91ea3146f95254291fc9c57fb4d72d8be356b.gz
 create mode 100644 docs/work_history/repo/review_feedback/pr8077-forensic-evidence/_objects/abb18bfcfa5e4d6563cd019387f45fb87596851be3dba5ca9be5964cc1d57422.gz
 create mode 100644 docs/work_history/repo/review_feedback/pr8077-forensic-evidence/_objects/ac807e6fc75686f96282a8ba46cca1b712dad3b3e11e7aa343087e9a64efb63d.gz
 create mode 100644 docs/work_history/repo/review_feedback/pr8077-forensic-evidence/_objects/ae71ca6d0475c9bff5f8407d1ecbce19c1c1426e07f7401ab154c10088000176.gz
 create mode 100644 docs/work_history/repo/review_feedback/pr8077-forensic-evidence/_objects/aeca7bc500e6c11966ac6da3b4a2f3325fe914a53ebd926dab8456522ff0ba6b.gz
 create mode 100644 docs/work_history/repo/review_feedback/pr8077-forensic-evidence/_objects/af60a7cac0aee8041ee96f3b93762291794bc3143bf609d0373947ba8003a439.gz
 create mode 100644 docs/work_history/repo/review_feedback/pr8077-forensic-evidence/_objects/b0aa9a4d13e075b2f7059fed19fb377209c3fec57ba9ebe2a352aa4d8884d4d8.gz
 create mode 100644 docs/work_history/repo/review_feedback/pr8077-forensic-evidence/_objects/b0b514e9a1f92ee480d50a302db1ce0295c7340966048835550edb64ac3b3036.gz
 create mode 100644 docs/work_history/repo/review_feedback/pr8077-forensic-evidence/_objects/b2cf85781d87cbae1aa6e5cdaade14a0b4062314c2ef4edf340fc6962e9eade3.gz
 create mode 100644 docs/work_history/repo/review_feedback/pr8077-forensic-evidence/_objects/b2f47015ca910c5ddb6860588ed1941495022741a359f8dc0b7c05cc46a1a556.gz
 create mode 100644 docs/work_history/repo/review_feedback/pr8077-forensic-evidence/_objects/b345319eea354854cd43cd2137ae62e08cf9c91e88dc8b906d072e169dda0bdd.gz
 create mode 100644 docs/work_history/repo/review_feedback/pr8077-forensic-evidence/_objects/b51bc1241bf2c2529d6d1f40286339c1e432db4921245cef94f11168e6a41071.gz
 create mode 100644 docs/work_history/repo/review_feedback/pr8077-forensic-evidence/_objects/b5a9b3a9a22c358c2b22f07d5f93fc375ef1c702812f1aa923408318a02f7e70.gz
 create mode 100644 docs/work_history/repo/review_feedback/pr8077-forensic-evidence/_objects/b5dcaef8f035793dbd3ef1033f71452faea405890deac82fcfec22483216881e.gz
 create mode 100644 docs/work_history/repo/review_feedback/pr8077-forensic-evidence/_objects/b669ae06b17d1e626a2f74333b5c9e2ad6def9a31936cf33c3de003c53979b84.gz
 create mode 100644 docs/work_history/repo/review_feedback/pr8077-forensic-evidence/_objects/b67003ef97530490ebbd248ea243dab853e9a050a97051e717c9e4126814e06f.gz
 create mode 100644 docs/work_history/repo/review_feedback/pr8077-forensic-evidence/_objects/b6d24329dd906965750ebe606fba30ad50c6ea2d4f307f4f4fa4fce851594c5b.gz
 create mode 100644 docs/work_history/repo/review_feedback/pr8077-forensic-evidence/_objects/b70edba35fab7b91fab926fd48525726a335bb374c64f0a1c580c8f1e6e9632e.gz
 create mode 100644 docs/work_history/repo/review_feedback/pr8077-forensic-evidence/_objects/b7115dca600b5afb915979bb0b738dea521bae088829da8071a45b00a0967997.gz
 create mode 100644 docs/work_history/repo/review_feedback/pr8077-forensic-evidence/_objects/b7315c605f0981f59b4203f29bba542ccccbbf680271e664267407dfd43cf3eb.gz
 create mode 100644 docs/work_history/repo/review_feedback/pr8077-forensic-evidence/_objects/b751ed8472b65bb35b5107505707c8b699028c0491180875d663ba55143ad9e6.gz
 create mode 100644 docs/work_history/repo/review_feedback/pr8077-forensic-evidence/_objects/b841c69869c317079eb7166000dc52ec3f969dadb624b141b89f463061580aca.gz
 create mode 100644 docs/work_history/repo/review_feedback/pr8077-forensic-evidence/_objects/b8cbb301f14550e1a81abd1ac11a58982b0dc1bcbdf32060f26d5cc350168039.gz
 create mode 100644 docs/work_history/repo/review_feedback/pr8077-forensic-evidence/_objects/b8cf020122e64761a1729f9993c9e8f5525519b38d027af314d798ffc4412f34.gz
 create mode 100644 docs/work_history/repo/review_feedback/pr8077-forensic-evidence/_objects/b937103bfb38ba7e7f8c691009a7ca9a1abcdf9a5cfa00083ec790833f21d420.gz
 create mode 100644 docs/work_history/repo/review_feedback/pr8077-forensic-evidence/_objects/b93fdcf335eca4e3c5de5cfecc9ea0a6372e77bcd396f910239e8e1f49ba60aa.gz
 create mode 100644 docs/work_history/repo/review_feedback/pr8077-forensic-evidence/_objects/baf4f05b105a015e937069527ca53f799cb698f97c724d9a3e71cb85c853670b.gz
 create mode 100644 docs/work_history/repo/review_feedback/pr8077-forensic-evidence/_objects/bb028df3bc66c4e52374c411f526f789fa858af3931b33cacf4de632a75209be.gz
 create mode 100644 docs/work_history/repo/review_feedback/pr8077-forensic-evidence/_objects/bb243e6a3d68d574875c31dcaa512e329fae3701d29ccc8f596621b5a5031d00.gz
 create mode 100644 docs/work_history/repo/review_feedback/pr8077-forensic-evidence/_objects/bbd42ab01d86c50b8a3eb0d7564cd083b6d1352f87d00f890bb75674b73c3845.gz
 create mode 100644 docs/work_history/repo/review_feedback/pr8077-forensic-evidence/_objects/bbf3b30c48e31d73fa12e1adfce511af830d3c9af0e89336454a8fc1fb62cb5b.gz
 create mode 100644 docs/work_history/repo/review_feedback/pr8077-forensic-evidence/_objects/bc3cdb785cc10b198d528d60fc0cdb689c02889de778b46e752f6026e6f6ff5d.gz
 create mode 100644 docs/work_history/repo/review_feedback/pr8077-forensic-evidence/_objects/bc9de6d030d9efef7d0659af6df7897c9c156da81c752a1ff4cb55d875899883.gz
 create mode 100644 docs/work_history/repo/review_feedback/pr8077-forensic-evidence/_objects/bcc5ba60025af0be23551e931a8e9104d69bdc50f1dd69f12d8678b1400eb92e.gz
 create mode 100644 docs/work_history/repo/review_feedback/pr8077-forensic-evidence/_objects/be0eb3b2bdb9f79073823c9982b067a4ba5bf576975ef279c6d90159c2e40aeb.gz
 create mode 100644 docs/work_history/repo/review_feedback/pr8077-forensic-evidence/_objects/be4387ac71929699783610a611a25907bcea505aef35f9953225d0341bdf2b5d.gz
 create mode 100644 docs/work_history/repo/review_feedback/pr8077-forensic-evidence/_objects/be6546fb67fe188ff9e4b1b3194fda73b459b0a6adc3b71c4a4b8ca3abb910ef.gz
 create mode 100644 docs/work_history/repo/review_feedback/pr8077-forensic-evidence/_objects/bebeac3898a35cd0bbf6d781f1916bb41fe6f9d8a929e0e78622367ccdf57c1c.gz
 create mode 100644 docs/work_history/repo/review_feedback/pr8077-forensic-evidence/_objects/bfcadf4320c2bc67c3c11fb2ffae7d9792e0dede34838247f7509f97e404b9c6.gz
 create mode 100644 docs/work_history/repo/review_feedback/pr8077-forensic-evidence/_objects/c0a6f578912b641670f26522bdbd4b7eb4ea5457f1280ab8e0e5f038de337274.gz
 create mode 100644 docs/work_history/repo/review_feedback/pr8077-forensic-evidence/_objects/c1331260dd613a4ef07f26f2b8773b3908030f915db08da7b178c2db768c2ac4.gz
 create mode 100644 docs/work_history/repo/review_feedback/pr8077-forensic-evidence/_objects/c1c74389b4ad0da2032675a611cab54c943efbf9a81ea5b0f8960aaa5c41e54c.gz
 create mode 100644 docs/work_history/repo/review_feedback/pr8077-forensic-evidence/_objects/c1f52f979b3c991a520a05d09cba0e92a092e8f4f3a261e69936ed854c55102e.gz
 create mode 100644 docs/work_history/repo/review_feedback/pr8077-forensic-evidence/_objects/c27453632feedc699028454e145f5d7b9a112032d8017a69465e9cd40a87a95c.gz
 create mode 100644 docs/work_history/repo/review_feedback/pr8077-forensic-evidence/_objects/c2802769a5bf44e322feb885e7ebc277558398fae1caa5b8642cce3416c4c7e3.gz
 create mode 100644 docs/work_history/repo/review_feedback/pr8077-forensic-evidence/_objects/c2877a39b2dd209738ed0e4187ab58d789de5cee37d6cfb6ca4628b3c77dfd66.gz
 create mode 100644 docs/work_history/repo/review_feedback/pr8077-forensic-evidence/_objects/c32a6417d51b2921ae6360bdf053e62560d61b015e5bdc58ef5f2eae58925962.gz
 create mode 100644 docs/work_history/repo/review_feedback/pr8077-forensic-evidence/_objects/c370c28da14a8a500e0582b4aaf1d275eb3c0357b14f7fb2013fd785c9d1242f.gz
 create mode 100644 docs/work_history/repo/review_feedback/pr8077-forensic-evidence/_objects/c3a73fee270f8adc418aa1c29d4179cb5f13f0b9a78503e02c052412ffae711c.gz
 create mode 100644 docs/work_history/repo/review_feedback/pr8077-forensic-evidence/_objects/c3ac0becb4f80e3639417cee930e183b69c334ddfec15eeb4ba48d154cbbfdf2.gz
 create mode 100644 docs/work_history/repo/review_feedback/pr8077-forensic-evidence/_objects/c3eb0119f503ea22fa9777438c7a5baf08989cc64b24218593ba65ec80b81e3d.gz
 create mode 100644 docs/work_history/repo/review_feedback/pr8077-forensic-evidence/_objects/c3ec3f81c9a25598efc94fa4a94ced90a454658e2ac4b7e98519cd55a7d8fb27.gz
 create mode 100644 docs/work_history/repo/review_feedback/pr8077-forensic-evidence/_objects/c48b09297aaa86781b78d7659432309ea903e8bceedab6cd058847be664d2d8a.gz
 create mode 100644 docs/work_history/repo/review_feedback/pr8077-forensic-evidence/_objects/c4bf038fb79732fb89a64f221226e4e59e2986109e9556dcd744dfa330e40e04.gz
 create mode 100644 docs/work_history/repo/review_feedback/pr8077-forensic-evidence/_objects/c796e1f8427713977e4e340f7cf2f1f66c90a36b391c7f3507600601d0d11c4c.gz
 create mode 100644 docs/work_history/repo/review_feedback/pr8077-forensic-evidence/_objects/c7a576b7256646b04ce55cb46d4b0f630a07e5d4839a0536e8df9799a8fefaa4.gz
 create mode 100644 docs/work_history/repo/review_feedback/pr8077-forensic-evidence/_objects/cb6a7a942227553039237c352fcbd8030b68dff3787bcc01b202b78b231dd6d5.gz
 create mode 100644 docs/work_history/repo/review_feedback/pr8077-forensic-evidence/_objects/cc54508eb3440ace7be0bae1a977c1a95dcc93e1ff45231007ef83f95b8093ea.gz
 create mode 100644 docs/work_history/repo/review_feedback/pr8077-forensic-evidence/_objects/cd28117f3a5d3853caef2f3e0dcb6eee0b7dcf9a7ffc514dd31e7b4998866433.gz
 create mode 100644 docs/work_history/repo/review_feedback/pr8077-forensic-evidence/_objects/cdbc2e53c14305158fa3a46f1aa6d5f78e24bf33bbad4bf0766318c55f510f7a.gz
 create mode 100644 docs/work_history/repo/review_feedback/pr8077-forensic-evidence/_objects/ce34a1d6c7309d1fc4ef9bec7debd567f59cf3ee4380d39a7be9cd79199cffbb.gz
 create mode 100644 docs/work_history/repo/review_feedback/pr8077-forensic-evidence/_objects/ce4df84d9be6dad9e9f7eaf37787be05d1d94ac67ccbca0e75081637d057116a.gz
 create mode 100644 docs/work_history/repo/review_feedback/pr8077-forensic-evidence/_objects/ceaa3d219db62f5c03f2105cc9999423d9ff003ab907efad007035a153c759c1.gz
 create mode 100644 docs/work_history/repo/review_feedback/pr8077-forensic-evidence/_objects/cf506515c8099396c997af393b0a574867d10732769110bc03b009b57c5838d4.gz
 create mode 100644 docs/work_history/repo/review_feedback/pr8077-forensic-evidence/_objects/cf92bc99c6ca7acaad509fb6e93d2be85552036c2ad4afd0346372c04f802ab2.gz
 create mode 100644 docs/work_history/repo/review_feedback/pr8077-forensic-evidence/_objects/d032beee3aaee0a9c4309277fc5f9973155bfff30f3e996d04bc2d1b321997d0.gz
 create mode 100644 docs/work_history/repo/review_feedback/pr8077-forensic-evidence/_objects/d1337cceafa63741bf2a5dce0ecf4b09911c7fa13013a68977c1d3ab51b1cc99.gz
 create mode 100644 docs/work_history/repo/review_feedback/pr8077-forensic-evidence/_objects/d27ed957e27f7a50404b32fa05a58a100e494766ce99ead9aad42f2676be77d0.gz
 create mode 100644 docs/work_history/repo/review_feedback/pr8077-forensic-evidence/_objects/d296699d14b2faf09c2eeb3a8d4b13565980a14ef0b14456d8fee19d1cc0730a.gz
 create mode 100644 docs/work_history/repo/review_feedback/pr8077-forensic-evidence/_objects/d3189ae6074449fb4b67614f2c534fa538916c9fa8eb335ffe79bbe188c352d7.gz
 create mode 100644 docs/work_history/repo/review_feedback/pr8077-forensic-evidence/_objects/d373f541a8142d364a5847e1e3a295c49b11b641124550c4991eda6a0b2d0d5a.gz
 create mode 100644 docs/work_history/repo/review_feedback/pr8077-forensic-evidence/_objects/d37a679e5d3304b332bb94cc08f5baf64d4e62585543ad25f54643c93a6216a6.gz
 create mode 100644 docs/work_history/repo/review_feedback/pr8077-forensic-evidence/_objects/d57ca77fea16e3ee44f92cfc238e423b0b0e2f2ba54ff361193809778414f924.gz
 create mode 100644 docs/work_history/repo/review_feedback/pr8077-forensic-evidence/_objects/d5f0e5f0e477e8d58b81602ea12cb1ac0ff416e521ff096e1ceb15c6d4125f3e.gz
 create mode 100644 docs/work_history/repo/review_feedback/pr8077-forensic-evidence/_objects/d652d58edee49dfbf6f175ab3e5422c10845c59917b82a1881fe6e7bd140b6fd.gz
 create mode 100644 docs/work_history/repo/review_feedback/pr8077-forensic-evidence/_objects/d6ef378a22bd1f9f6ed8e2e38b27bff52cb6124e34c686a7de529c6898944448.gz
 create mode 100644 docs/work_history/repo/review_feedback/pr8077-forensic-evidence/_objects/d81d99fec956382575f0cead8a68e1f19f25d7bd945e81db93ce43a4f56dcf39.gz
 create mode 100644 docs/work_history/repo/review_feedback/pr8077-forensic-evidence/_objects/d86b211f788b3f17a053d6b23a792e5d84d0e483e29a546a094f0619fa682261.gz
 create mode 100644 docs/work_history/repo/review_feedback/pr8077-forensic-evidence/_objects/d99d6631fda6bac3fb0a381bebed2b04cf5073d4ace14efce0b76d4808ee31fd.gz
 create mode 100644 docs/work_history/repo/review_feedback/pr8077-forensic-evidence/_objects/d9cf32a11a9064de0251fbbb68dabb1d2e4f9131589275855e29714c9880b3ec.gz
 create mode 100644 docs/work_history/repo/review_feedback/pr8077-forensic-evidence/_objects/da90aea353a453369a0200e432707883391c49324f4d65f50bc8a5466f946a4f.gz
 create mode 100644 docs/work_history/repo/review_feedback/pr8077-forensic-evidence/_objects/dad7bcc8d79880e41a8f6ed9770cd2c0b550a951eb4f3948aa7479d8432d285a.gz
 create mode 100644 docs/work_history/repo/review_feedback/pr8077-forensic-evidence/_objects/db82094fcbf6d951b96e4cb6c6d48752103ac3a9dd619fd7b4aad9b5d06f1f58.gz
 create mode 100644 docs/work_history/repo/review_feedback/pr8077-forensic-evidence/_objects/dbb2f17added4ff4dcb671ddffc9cf266e334839de6c7e91f84746d198466738.gz
 create mode 100644 docs/work_history/repo/review_feedback/pr8077-forensic-evidence/_objects/dcd75a3d9fd863ac96d9366d0cb5e2595d0c680f5f166b535b08855ee9c36e27.gz
 create mode 100644 docs/work_history/repo/review_feedback/pr8077-forensic-evidence/_objects/dcff7feb764e667e028de6f51d72c59d167e9f9fed7dd690121b663f2260bb59.gz
 create mode 100644 docs/work_history/repo/review_feedback/pr8077-forensic-evidence/_objects/dd1b649ffcb43f36a41d2f43e19c948c366fcca824f6919417d346645b67a715.gz
 create mode 100644 docs/work_history/repo/review_feedback/pr8077-forensic-evidence/_objects/dd3975dde71e1ca0979d603d4773e8d0d7d13973a89691373313505316d34c06.gz
 create mode 100644 docs/work_history/repo/review_feedback/pr8077-forensic-evidence/_objects/dd69ab4046c452af8cf00ffcfdf3621a59e5bf84f2a6313b17bf8e6e145401b6.gz
 create mode 100644 docs/work_history/repo/review_feedback/pr8077-forensic-evidence/_objects/de0feebdb8937b52820b1dff2ad1f50261ac1cb32d3d7f632a8bf977ad276f6d.gz
 create mode 100644 docs/work_history/repo/review_feedback/pr8077-forensic-evidence/_objects/dea38ac345bf9fbebbe968a5037fa26b42923896f6df14cf26ac8e0f929a9370.gz
 create mode 100644 docs/work_history/repo/review_feedback/pr8077-forensic-evidence/_objects/df119e153f6c1ba08ee7bd00b86796ce7f831cb8b015679eae7877d225483afb.gz
 create mode 100644 docs/work_history/repo/review_feedback/pr8077-forensic-evidence/_objects/e06cd6dc141548802a48973943627824272ffb8ce8913b497990582f10da1bcf.gz
 create mode 100644 docs/work_history/repo/review_feedback/pr8077-forensic-evidence/_objects/e1d1798a27353302020814cca24fd3bcf4e31ad7101c51db4c68e0e324bb249a.gz
 create mode 100644 docs/work_history/repo/review_feedback/pr8077-forensic-evidence/_objects/e2238ad79bc356603a5eb6cc3b82df33aac5ed3bec971c833c6799ee0d68323b.gz
 create mode 100644 docs/work_history/repo/review_feedback/pr8077-forensic-evidence/_objects/e3ac4b4f00371aa6f61106133ba7e8dc5f0fb20d8d19d22b27325a9f8d3a09d3.gz
 create mode 100644 docs/work_history/repo/review_feedback/pr8077-forensic-evidence/_objects/e3b0683d6523ac63b3e2a3b96523de44066883fb6feb15713e71d6c960da2539.gz
 create mode 100644 docs/work_history/repo/review_feedback/pr8077-forensic-evidence/_objects/e428d17db25cf132ceeead48fab85b724d64eaa5ff7d2f076088552f74af8456.gz
 create mode 100644 docs/work_history/repo/review_feedback/pr8077-forensic-evidence/_objects/e437e7f617b57700abff9b8a215b747096b21a818a1b78f83e8db6dcebc3b063.gz
 create mode 100644 docs/work_history/repo/review_feedback/pr8077-forensic-evidence/_objects/e43d452a78722ca64cc2e0e0cf2b919384ee87997bf86944f122007479536c66.gz
 create mode 100644 docs/work_history/repo/review_feedback/pr8077-forensic-evidence/_objects/e462c1b5d418edea1e4d9410bb469a1fc94cff0c0e91e689b44bd399a98268c1.gz
 create mode 100644 docs/work_history/repo/review_feedback/pr8077-forensic-evidence/_objects/e4b11f8eed847630e673d98aee002ef40297c57892b5b3721b850ff8e5f42b5f.gz
 create mode 100644 docs/work_history/repo/review_feedback/pr8077-forensic-evidence/_objects/e4c8b45bb511104ef7998e3631bc32ef1e8ebcdb41b84398508b12757e3fd51e.gz
 create mode 100644 docs/work_history/repo/review_feedback/pr8077-forensic-evidence/_objects/e51466b12855bef24b46ca6a1a0000604b6e00bc91ce0555a44581571dc7bd5f.gz
 create mode 100644 docs/work_history/repo/review_feedback/pr8077-forensic-evidence/_objects/e57473cacf03344c023a7afbc1898fae01ff287473685465b0dcfd636060df9f.gz
 create mode 100644 docs/work_history/repo/review_feedback/pr8077-forensic-evidence/_objects/e7a890a0f09eff941d5e712a2dedd99fafd10fca9851014e7f9d7320fcda86d7.gz
 create mode 100644 docs/work_history/repo/review_feedback/pr8077-forensic-evidence/_objects/e9ed94c0f1eac2a10c3e52d6cb8f9c63180a77a6b7948dcea09a330e7ac83619.gz
 create mode 100644 docs/work_history/repo/review_feedback/pr8077-forensic-evidence/_objects/ea3e6ffb9bb5760297192ec4ed834816345023abbe10c7d5ac1d801118cd40da.gz
 create mode 100644 docs/work_history/repo/review_feedback/pr8077-forensic-evidence/_objects/eb16c7beaadcdac0ccc7e9a883a84b91ff1d0b8a5ddf268b1eb4a73ee9c06368.gz
 create mode 100644 docs/work_history/repo/review_feedback/pr8077-forensic-evidence/_objects/eb917e883dae7d169c376c6fc52eef177653b66f696188e1f7c2f7b12006ab27.gz
 create mode 100644 docs/work_history/repo/review_feedback/pr8077-forensic-evidence/_objects/eba105048217618bb7839eb7bd6b9c1686f3633c77048b5985b1ee5f882bde88.gz
 create mode 100644 docs/work_history/repo/review_feedback/pr8077-forensic-evidence/_objects/ebb0fa627379d1043e83dbccd1761d11681345b629e2629a4ad62d97744ea261.gz
 create mode 100644 docs/work_history/repo/review_feedback/pr8077-forensic-evidence/_objects/ec7f3e2e51ba459d20cbc176a3dfe1837733a668261584180874f28aa9a1f859.gz
 create mode 100644 docs/work_history/repo/review_feedback/pr8077-forensic-evidence/_objects/ecce53dac4bfab091bb8a9789e1b5d6985edd3aead089a13042ae93749776336.gz
 create mode 100644 docs/work_history/repo/review_feedback/pr8077-forensic-evidence/_objects/eceaa290937eb558cbabc3a40b96f40aaa4657ee5a683a19cd9de9812518516c.gz
 create mode 100644 docs/work_history/repo/review_feedback/pr8077-forensic-evidence/_objects/ed4d1e55285f0e3d95a7fe655790d3c313f0356e23a516b0bc99bcdfdddb0137.gz
 create mode 100644 docs/work_history/repo/review_feedback/pr8077-forensic-evidence/_objects/ed6e86a5bdfa391759acb7804859bf9276ecbcfdf62b9402173c2be68d41f23f.gz
 create mode 100644 docs/work_history/repo/review_feedback/pr8077-forensic-evidence/_objects/ed9215bb4c4b56c3b899719d71558a04d433c97a24fb39e300889f251b095ab9.gz
 create mode 100644 docs/work_history/repo/review_feedback/pr8077-forensic-evidence/_objects/eddfd60e30b82f1f407ad72e37c6d482a1142d44cd5fe70e9ea3b5c969a522b1.gz
 create mode 100644 docs/work_history/repo/review_feedback/pr8077-forensic-evidence/_objects/ee5a8ccac147c64f2f6cd9b0f366a6af27b4feb7450967016f449858408dfda2.gz
 create mode 100644 docs/work_history/repo/review_feedback/pr8077-forensic-evidence/_objects/eebdb5b94be32e6edb2a5a5d223e04cc5dbab204df9b97fd0b4dce073b06fdb6.gz
 create mode 100644 docs/work_history/repo/review_feedback/pr8077-forensic-evidence/_objects/eed04d795e022813292286f9a1787e6cc974246b891c3899597bb143d035bc78.gz
 create mode 100644 docs/work_history/repo/review_feedback/pr8077-forensic-evidence/_objects/ef32cfe196b6072c6e3e0b4022d1c323150c88d5b8ad0d43eebb9e0e445e3d5a.gz
 create mode 100644 docs/work_history/repo/review_feedback/pr8077-forensic-evidence/_objects/ef375427f73425a728780fb72f479a88398d73c0dbf099f932ff834dc42c5245.gz
 create mode 100644 docs/work_history/repo/review_feedback/pr8077-forensic-evidence/_objects/f0419040aa66c25687f09aa2f0cd7877bba36ca642dc995170474818d73ee06d.gz
 create mode 100644 docs/work_history/repo/review_feedback/pr8077-forensic-evidence/_objects/f1539e51a8e1d9606663d4ea0f707bb8af581d692a6c0984419db68995cd9562.gz
 create mode 100644 docs/work_history/repo/review_feedback/pr8077-forensic-evidence/_objects/f36e11748625ceaf1af923b55aca7b29f49545e0a6acee5f5ba1cffd8b55f334.gz
 create mode 100644 docs/work_history/repo/review_feedback/pr8077-forensic-evidence/_objects/f4575bbe0b8d3c2fe4f38ef63748a9b4efd6454ed89b8c95c8c6e630b328bb64.gz
 create mode 100644 docs/work_history/repo/review_feedback/pr8077-forensic-evidence/_objects/f4be94517420141490f76a11ce23caf5b7b9df14ebf87cb7095f79368d202f29.gz
 create mode 100644 docs/work_history/repo/review_feedback/pr8077-forensic-evidence/_objects/f5189f147726aa49bb7eb5ea6ff0d48b60cd3e0432815e5c4e5d982c8706baa4.gz
 create mode 100644 docs/work_history/repo/review_feedback/pr8077-forensic-evidence/_objects/f58c2ed959b30dc57d016b168df88a9760015d82a55c2b9c8242b52eede0c29a.gz
 create mode 100644 docs/work_history/repo/review_feedback/pr8077-forensic-evidence/_objects/f5cef2133d9b2e9e8267b1f4ebe253c3a1c89b61df3982e3fb65c9f6c312755b.gz
 create mode 100644 docs/work_history/repo/review_feedback/pr8077-forensic-evidence/_objects/f67e273eb3a6b3f1c1a482f99fa1132b2a5c51a95f3a30b4b68e6dfbfb7db8b6.gz
 create mode 100644 docs/work_history/repo/review_feedback/pr8077-forensic-evidence/_objects/f700df5180585b07edeccbef2807d7f9059388f69aebe0fe8f7915d2da1c1063.gz
 create mode 100644 docs/work_history/repo/review_feedback/pr8077-forensic-evidence/_objects/f73b52143cc9f0ca8b8a4befb9ff04e92232cb34939ca514464e305181f5790a.gz
 create mode 100644 docs/work_history/repo/review_feedback/pr8077-forensic-evidence/_objects/f749436a351fdc9ef9334e6360440e8684c9247c12db96bd017624743864b3f3.gz
 create mode 100644 docs/work_history/repo/review_feedback/pr8077-forensic-evidence/_objects/f8a61e556a7c38121669ff85480ce4b7deb21966e4d6500d2cb4bceaf1f98e0d.gz
 create mode 100644 docs/work_history/repo/review_feedback/pr8077-forensic-evidence/_objects/f8d504e254e599bdefd4f7e50ca0b40ce78f425eb338e8bd89e16b03ea78b03d.gz
 create mode 100644 docs/work_history/repo/review_feedback/pr8077-forensic-evidence/_objects/f8eb3d53e7266afc8d27362e385add0f2e6e5322522d2e8da949e2a815193f23.gz
 create mode 100644 docs/work_history/repo/review_feedback/pr8077-forensic-evidence/_objects/f971d4ab51929ea0ab6730ff0fdf4345e90ae0cef5e05da538f6f2669759db94.gz
 create mode 100644 docs/work_history/repo/review_feedback/pr8077-forensic-evidence/_objects/fa23a567a04a993ecca0e317c8ef1ffb8a234d8e91ca2a5f1319a2117a9cf6ab.gz
 create mode 100644 docs/work_history/repo/review_feedback/pr8077-forensic-evidence/_objects/fb90bceb3544a25bcb2eac51e9b1feaaac498236f084442291dc42668568d94f.gz
 create mode 100644 docs/work_history/repo/review_feedback/pr8077-forensic-evidence/_objects/fcb76e87212e0e6f8fbd6e58f0cae8402ec13a4206fd365d94a5b11b02b62348.gz
 create mode 100644 docs/work_history/repo/review_feedback/pr8077-forensic-evidence/_objects/fcc959f1d84b8ea34ea853431eba0b93336cfc1c5d087416758f3c2ed9b63d28.gz
 create mode 100644 docs/work_history/repo/review_feedback/pr8077-forensic-evidence/_objects/fd3421d5d4dc57522daa8eba49ad35e9914e865159825142a9c2265e6ee91853.gz
 create mode 100644 docs/work_history/repo/review_feedback/pr8077-forensic-evidence/_objects/fd6c3fe49394386d8dcffad03875b2c8697ecbbadeececa1c10ccbc2ad29fbb9.gz
 create mode 100644 docs/work_history/repo/review_feedback/pr8077-forensic-evidence/_objects/fdcaaa4f2bd15996e05b12860250403b1dd4446fa904fe7b17ff08fdca28079f.gz
 create mode 100644 docs/work_history/repo/review_feedback/pr8077-forensic-evidence/_objects/fded66be959ca78f2cf13dbb2eb5501c876b54376ff8d047dd93b33ad29c85b3.gz
 create mode 100644 docs/work_history/repo/review_feedback/pr8077-forensic-evidence/_objects/fea0ebf56d9cf89412b02c523edcf8e741ddc3aace48f255d2007d8b4ff23a7a.gz
 create mode 100644 docs/work_history/repo/review_feedback/pr8077-forensic-evidence/_objects/ff0ddef76ac9e2c27dccdf2eb6feceb0777cffe849da3f6cf701b1ba2d8d5efc.gz
 create mode 100644 docs/work_history/repo/review_feedback/pr8077-forensic-evidence/_objects/ff638887e6b729d76db818d3d7089edc2898fd600e104bde89342a4bd4c20b84.gz
 create mode 100644 docs/work_history/repo/review_feedback/pr8077-forensic-evidence/_objects/ff974772e721b36833559a81a2e2b29291c3493fad8af8ba2be27c4092e191d5.gz
 create mode 100644 docs/work_history/repo/review_feedback/pr8077-forensic-evidence/_objects/ff984467a2eb091f47d5f1d44a378e81fa920ec40e4aacf00634f54dfb0515a8.gz
 create mode 100644 docs/work_history/repo/review_feedback/pr8077-forensic-evidence/recovery-manifest.json
 create mode 100644 logs/runner-cache/native_global_projector_certificate_2026_09_10.txt
 create mode 100644 outputs/native_global_projector_certificate_2026_09_10.json
 create mode 100644 outputs/native_global_projector_certificate_2026_09_10_inputs/PATH_MAP.json
 create mode 100644 scripts/native_global_projector_certificate_2026_09_10.py
[detached HEAD fbabb46417] Preserve independently reviewed source unit PR8078
 Date: Tue Sep 22 13:54:16 2026 -0400
 Committer: Jon Bridger Apps <jonBridger@Jonathons-Mac-mini.local>
Your name and email address were configured automatically based
on your username and hostname. Please check that they are accurate.
You can suppress this message by setting them explicitly:

    git config --global user.name "Your Name"
    git config --global user.email you@example.com

After doing this, you may fix the identity used for this commit with:

    git commit --amend --reset-author

 64 files changed, 1424 insertions(+)
 create mode 100644 docs/NATIVE_WARD_DIRECT_OVERLAP_NOTE_2026-09-10.md
 create mode 100644 docs/work_history/repo/review_feedback/pr8078-evidence/README.md
 create mode 100644 docs/work_history/repo/review_feedback/pr8078-evidence/_objects/09417e6f55adf2071c8a4836c1c1fec0e05a1edcf2b3c76c3ca25345bfdd19a0.gz
 create mode 100644 docs/work_history/repo/review_feedback/pr8078-evidence/_objects/0ceee15e8277756344effca114390c000cedb3b110fb15aa4ed0d1a2f4f27882.gz
 create mode 100644 docs/work_history/repo/review_feedback/pr8078-evidence/_objects/18e067cc41ddab09f72de37316972525cdcc12d6a864cd5a406b9c3b0b43f33a.gz
 create mode 100644 docs/work_history/repo/review_feedback/pr8078-evidence/_objects/1c09412a24f7ee337d394617ea51ae4f326439a248e5b943fbe55526aaa1d7b8.gz
 create mode 100644 docs/work_history/repo/review_feedback/pr8078-evidence/_objects/257712bc430db2a6f80676e751bf171d269aded55c5dd49d94930b2b2fa4a330.gz
 create mode 100644 docs/work_history/repo/review_feedback/pr8078-evidence/_objects/26d6acee9925919feda0259b9bfe0742ec5260ab8f8e68e11dd179d1402197bf.gz
 create mode 100644 docs/work_history/repo/review_feedback/pr8078-evidence/_objects/34d1773f562bcfb2267cd8d9d014726ddea67bffdf1454b4836e3df8eb6131c0.gz
 create mode 100644 docs/work_history/repo/review_feedback/pr8078-evidence/_objects/36eaddcfd26dd856e3a7208dc05f61fccf8e521d7501bf8c9339c7faec592556.gz
 create mode 100644 docs/work_history/repo/review_feedback/pr8078-evidence/_objects/3b6551d1a66d9855c527c69f27dc5b70b09eb5b378066b9ccd8dc5f56add11e8.gz
 create mode 100644 docs/work_history/repo/review_feedback/pr8078-evidence/_objects/49096623ff8ca90a9e2c78618a0119353b5b80307462c238e292d517112c88b3.gz
 create mode 100644 docs/work_history/repo/review_feedback/pr8078-evidence/_objects/4a5dc24caa48f59a9dcd64da489d1c6858d3cc0a930adc6b0453e7ebc40510ef.gz
 create mode 100644 docs/work_history/repo/review_feedback/pr8078-evidence/_objects/4b19e4a5d64984f095200c451d286ff585b3d3c0b01a5169f9dad630a664e35a.gz
 create mode 100644 docs/work_history/repo/review_feedback/pr8078-evidence/_objects/4f64d5831ad1d6a6bb7c5b87b590ce6b6989e534c2e2e3167a4a24e2cbe54621.gz
 create mode 100644 docs/work_history/repo/review_feedback/pr8078-evidence/_objects/564e62366bd2d8c392c3340ea33fabf9e417a3288b0e3f108fd2078f6ae87e03.gz
 create mode 100644 docs/work_history/repo/review_feedback/pr8078-evidence/_objects/5a0e7c22fb3420f7122576df181e54835cc18b6b27fe0a5b25c1495cf51a9b03.gz
 create mode 100644 docs/work_history/repo/review_feedback/pr8078-evidence/_objects/5f4fd38c62cd8f48a5cc566c7564e3b34ea6191a50d96d93ac0b916832ad362f.gz
 create mode 100644 docs/work_history/repo/review_feedback/pr8078-evidence/_objects/65f9812c86a429576078834d4c71079e1667501a02c1db86ed82ce1f36b5bd7d.gz
 create mode 100644 docs/work_history/repo/review_feedback/pr8078-evidence/_objects/6d661ed665bca2dee06dab7f977d7fc6b6ec39deaf265e74c9bb48c37387ecab.gz
 create mode 100644 docs/work_history/repo/review_feedback/pr8078-evidence/_objects/75d6a064729cbe1ea9a971d687e7466e8dab9e9f47e126d84fc0de439e755971.gz
 create mode 100644 docs/work_history/repo/review_feedback/pr8078-evidence/_objects/7b2da1a6ee01716db3d23db24fbcdcec709540285605eb1951f8700945013847.gz
 create mode 100644 docs/work_history/repo/review_feedback/pr8078-evidence/_objects/7ba8a13f8355d7a3b5ca3f6226c13cf406d5f8d30a2e4b119f584a66f9384638.gz
 create mode 100644 docs/work_history/repo/review_feedback/pr8078-evidence/_objects/7fe93b6d189ae4746f861c8d0fa2bfbe3d2a9afe7398a111b6c4b86bddc736dc.gz
 create mode 100644 docs/work_history/repo/review_feedback/pr8078-evidence/_objects/834766ee64a2c8965acf9c489cbc2c68c3dd212d4a3e19921087bea35e7cd9ea.gz
 create mode 100644 docs/work_history/repo/review_feedback/pr8078-evidence/_objects/840c95232f9c17b4b187a7d2b0047f345e1cef5f6aafb985121fcf7b6c4da9b0.gz
 create mode 100644 docs/work_history/repo/review_feedback/pr8078-evidence/_objects/86c870931b55d530a030f91e9fe07610b11260f1dc4d3304e0404954d45b264c.gz
 create mode 100644 docs/work_history/repo/review_feedback/pr8078-evidence/_objects/95b400eebac4e6a19019cbb438c10896c646b6ce5caee3490e98ee4c26010b60.gz
 create mode 100644 docs/work_history/repo/review_feedback/pr8078-evidence/_objects/9d69b1af278bb6a4950564b3605f1d058fc8e8e8a0036e80efac783b983a389f.gz
 create mode 100644 docs/work_history/repo/review_feedback/pr8078-evidence/_objects/a6246fe30a3f1b3e881cccfbbc6b580ce2fd58fd646bc8db84fcc91025c380d9.gz
 create mode 100644 docs/work_history/repo/review_feedback/pr8078-evidence/_objects/aa5bcf9013c39ec61f53be0c348fcf031fa886fc20072c4b13f878b82671d127.gz
 create mode 100644 docs/work_history/repo/review_feedback/pr8078-evidence/_objects/bd9130c8770042ef7cf17a966411f87f0ed64d10096ee32529c79080d86eae5d.gz
 create mode 100644 docs/work_history/repo/review_feedback/pr8078-evidence/_objects/c47a7c16040b4eab69b35d6183dd7e3bf84f960f0faf65aefbdcbd85865da289.gz
 create mode 100644 docs/work_history/repo/review_feedback/pr8078-evidence/_objects/c6effbfeadc7fb7d05565335619e7b8c2ffcb2e40784cfc836f4aa2c320a60f8.gz
 create mode 100644 docs/work_history/repo/review_feedback/pr8078-evidence/_objects/c9463c9ccdd6f4adb29b0b28d4bc62df3685876789e2d9dbafe3a27c1e4e487e.gz
 create mode 100644 docs/work_history/repo/review_feedback/pr8078-evidence/_objects/cd1abf9764d221ff6e69846f44a3d548ada92e3a617289298290a6a8abfc5235.gz
 create mode 100644 docs/work_history/repo/review_feedback/pr8078-evidence/_objects/d9145e85d147b2b13bae236b892cc548d0de769f378939ee91993e5e5b8471d1.gz
 create mode 100644 docs/work_history/repo/review_feedback/pr8078-evidence/_objects/db03b35921f5e87e18acb7982339e569c773ad4e5903cc5375eeda491dfd3d85.gz
 create mode 100644 docs/work_history/repo/review_feedback/pr8078-evidence/_objects/e3b0c44298fc1c149afbf4c8996fb92427ae41e4649b934ca495991b7852b855.gz
 create mode 100644 docs/work_history/repo/review_feedback/pr8078-evidence/_objects/ee1465fa80e31fb534facb552bbfc16dd8d1c2f4a0fd0c006592148dd8f5fedc.gz
 create mode 100644 docs/work_history/repo/review_feedback/pr8078-evidence/_objects/f0036658c448b3feaafae282f8448ec64ac3b7227bc589fb24bee6d9986acc82.gz
 create mode 100644 docs/work_history/repo/review_feedback/pr8078-evidence/_objects/fa3f5fd128685917513c3acc647c8bb1d0116af59fca32faf598f157a6048dc6.gz
 create mode 100644 docs/work_history/repo/review_feedback/pr8078-evidence/archive-manifest.json
 create mode 100644 docs/work_history/repo/review_feedback/pr8078-evidence/kept/pr8078-HANDOFF-9ef67db77ea9ef6f.md
 create mode 100644 docs/work_history/repo/review_feedback/pr8078-evidence/kept/pr8078-REVIEW_HISTORY-3f4cb79c836849bf.md
 create mode 100644 logs/runner-cache/native_ward_direct_overlap_2026_09_10.txt
 create mode 100644 outputs/native_ward_direct_overlap_2026_09_10_inputs/CANONICAL_IMPORTS.json
 create mode 100644 outputs/native_ward_direct_overlap_2026_09_10_inputs/IMPORT_PROVENANCE.json
 create mode 100644 outputs/native_ward_direct_overlap_2026_09_10_inputs/imports/EXACT_THIRD_MOMENT.md
 create mode 100644 outputs/native_ward_direct_overlap_2026_09_10_inputs/imports/INDEPENDENT_REVIEW.md
 create mode 100644 outputs/native_ward_direct_overlap_2026_09_10_inputs/imports/INDEPENDENT_WARD_CONTROLS.json
 create mode 100644 outputs/native_ward_direct_overlap_2026_09_10_inputs/imports/PREMISE_0_CORRECTED_WARD_IDENTITY.md
 create mode 100644 outputs/native_ward_direct_overlap_2026_09_10_inputs/imports/PREMISE_1_NATIVE_WARD_ROUTE.md
 create mode 100644 outputs/native_ward_direct_overlap_2026_09_10_inputs/imports/PREMISE_2_SOFT_LIMIT_AND_LAPLACE.md
 create mode 100644 outputs/native_ward_direct_overlap_2026_09_10_inputs/imports/PREMISE_3_PAIR_ORBITS.md
 create mode 100644 outputs/native_ward_direct_overlap_2026_09_10_inputs/imports/PREMISE_4_DERIVATION.md
 create mode 100644 outputs/native_ward_direct_overlap_2026_09_10_inputs/imports/PREMISE_5_DERIVATION.md
 create mode 100644 outputs/native_ward_direct_overlap_2026_09_10_inputs/imports/PREMISE_6_SCALING_BRIDGE.md
 create mode 100644 outputs/native_ward_direct_overlap_2026_09_10_inputs/imports/RESEARCH_CONTROLS.json
 create mode 100644 outputs/native_ward_direct_overlap_2026_09_10_inputs/imports/RESEARCH_CONTROLS.py
 create mode 100644 outputs/native_ward_direct_overlap_2026_09_10_inputs/imports/RESEARCH_DERIVATION.md
 create mode 100644 outputs/native_ward_direct_overlap_2026_09_10_inputs/imports/RESEARCH_FREEZE.json
 create mode 100644 outputs/native_ward_direct_overlap_2026_09_10_inputs/imports/THIRD_MOMENT_INDEPENDENT_REVIEW.md
 create mode 100644 scripts/native_ward_direct_overlap_2026_09_10.py
FROZEN fbabb464172489c458385781fcea7507d28754fc sources 597 inputs 627 notes 2
