six_axis_two_level_domination_extended_explanation_tree_and_four_rational_certificates_bounded_theorem_note_2026-09-16 bounded_theorem unaudited []
docs/audit/data/citation_graph_manifest.json | 56 +++++++++++++++++++++++++++-
 1 file changed, 54 insertions(+), 2 deletions(-)
[detached HEAD 1bb8b7befb] Acknowledge reviewed source topology for train88
 Committer: Jon Bridger Apps <jonBridger@Jonathons-Mac-mini.local>
Your name and email address were configured automatically based
on your username and hostname. Please check that they are accurate.
You can suppress this message by setting them explicitly:

    git config --global user.name "Your Name"
    git config --global user.email you@example.com

After doing this, you may fix the identity used for this commit with:

    git commit --amend --reset-author

 1 file changed, 54 insertions(+), 2 deletions(-)
From https://github.com/jonathonreilly/cl3-lattice-framework
 * branch                  main       -> FETCH_HEAD
remote: This repository moved. Please use the new location:        
remote:   https://github.com/jonathonreilly/qubit-lattice-axiom-framework.git        
remote: Bypassed rule violations for refs/heads/main:        
remote: 
remote: - Changes must be made through a pull request.        
remote: 
To https://github.com/jonathonreilly/cl3-lattice-framework.git
   e46c78efd9..1bb8b7befb  HEAD -> main
From https://github.com/jonathonreilly/cl3-lattice-framework
 * branch                  main       -> FETCH_HEAD
LANDED 1bb8b7befb857852acaed93bcf2bb1e47925b013
