[detached HEAD d8d92d8cf0] Preserve independently reviewed source unit PR8023
 Date: Tue Sep 22 17:18:12 2026 -0400
 Committer: Jon Bridger Apps <jonBridger@Jonathons-Mac-mini.local>
Your name and email address were configured automatically based
on your username and hostname. Please check that they are accurate.
You can suppress this message by setting them explicitly:

    git config --global user.name "Your Name"
    git config --global user.email you@example.com

After doing this, you may fix the identity used for this commit with:

    git commit --amend --reset-author

 392 files changed, 3695 insertions(+)
 create mode 100644 docs/GAUGE_WILSON_COMPACT_CUBE_FINITE_QUBIT_CUTOFF_BOUNDED_THEOREM_NOTE_2026-09-07.md
 create mode 100644 docs/GAUGE_WILSON_COMPACT_CUBE_GALERKIN_SPECTRAL_ENCLOSURES_BOUNDED_THEOREM_NOTE_2026-09-07.md
 create mode 100644 docs/work_history/review_loop/pr8023/README.md
 create mode 100644 docs/work_history/review_loop/pr8023/objects/000864e0d0b9dfa41f2910125dba0035814e6087f2638789c98c8351c7b74bb9.gz
 create mode 100644 docs/work_history/review_loop/pr8023/objects/002cfcef29b3a496b98041d1b97128328c6ddcb009145ecf12e6f31a823ef065.gz
 create mode 100644 docs/work_history/review_loop/pr8023/objects/0156b10ea9a750ee3256a8b0abfe0d1bcaa60edee450b919926d53b48223f056.gz
 create mode 100644 docs/work_history/review_loop/pr8023/objects/0172353ae7c52fbd736f7343606484aa06392e736c679f7e4120e9575ac24aa9.gz
 create mode 100644 docs/work_history/review_loop/pr8023/objects/03431572cc4771b6245a6e94dd45c03ac2e88a71a31a54202249c9a32558c530.gz
 create mode 100644 docs/work_history/review_loop/pr8023/objects/035b9eb20a5a817b1f6a055fd3aeb7abde6009e579dd24cdce99ea316f7a4be3.gz
 create mode 100644 docs/work_history/review_loop/pr8023/objects/041d68cd1e612e42619c61e90006ca6da7fb5421a247aefb733e8899600cc8c3.gz
 create mode 100644 docs/work_history/review_loop/pr8023/objects/041fd9a93d254b8672c29af81bd8c2a239f7c5bd0a710cff153ebf45d9b96e64.gz
 create mode 100644 docs/work_history/review_loop/pr8023/objects/043f68fb21cffa6e8a6e6deba94f1ecd4de2473ad2ff5fe18b019cac37830341.gz
 create mode 100644 docs/work_history/review_loop/pr8023/objects/052b78b9e79275971dbc7a2d3101907fdaae705cbf9b1c42d30dbefe234c9a28.gz
 create mode 100644 docs/work_history/review_loop/pr8023/objects/057b146bd50738cb43bf4836349166fe442443c46aac6086d3c1c5c9a91dbe3b.gz
 create mode 100644 docs/work_history/review_loop/pr8023/objects/0712451d4aa51e3b1c6426a544cc6ad8e5f53af1b6360db2c5238a17815e3f06.gz
 create mode 100644 docs/work_history/review_loop/pr8023/objects/08521593a0fe5eddc2f83ec8fb194b2b770256b7b56f03ae72bb0623c44b83d5.gz
 create mode 100644 docs/work_history/review_loop/pr8023/objects/08d6c15a47d0d4e1bb8ea2e76e9cda6f6fe3df490dc03e93203527bcce726850.gz
 create mode 100644 docs/work_history/review_loop/pr8023/objects/090af478585900de365442d2aae98313638fc549dbaeaf8aa001e3de3c5809e1.gz
 create mode 100644 docs/work_history/review_loop/pr8023/objects/095c3f80c6a78e304972f3e1dfb1f56469d83fd7edc3054b70f00bb7ae979ced.gz
 create mode 100644 docs/work_history/review_loop/pr8023/objects/0996f13438ec678294a2831dc6bf1460640300f755fb4fc32596e54c7ddc68a2.gz
 create mode 100644 docs/work_history/review_loop/pr8023/objects/09dafdfec4a9690825d4bc655be5facbd1401b273e5f1979404812f2ef0a837e.gz
 create mode 100644 docs/work_history/review_loop/pr8023/objects/0a3fd8b67e52d5e4402757394cc6f0962177c4423318fdcc0f7989a449c35f91.gz
 create mode 100644 docs/work_history/review_loop/pr8023/objects/0b45e7de9fe21dbedc9d509fe5066e5659ab99351b1a67a16c7cb95cff7c21ad.gz
 create mode 100644 docs/work_history/review_loop/pr8023/objects/0b8992089b32f85c07924c2a5c9812c9fbd20801cc61df5cc88e72fc08200d27.gz
 create mode 100644 docs/work_history/review_loop/pr8023/objects/0bb57e30c145e0b80edf76fae8e1495ef2edea0224934b62ad7769455b1c3d46.gz
 create mode 100644 docs/work_history/review_loop/pr8023/objects/0be4f6f1debfe9e40d9ca97c1a51a500cc08b1c4516de8fb8f31be83642181ef.gz
 create mode 100644 docs/work_history/review_loop/pr8023/objects/0d17cc6973e2b01098356231e0ac66503803fcbac01b1c9bb3807e5f41c36ef3.gz
 create mode 100644 docs/work_history/review_loop/pr8023/objects/0d6adc28f01b43df5fde8dd1a549dff493793bd18d92f702633d5ffcc7527ea4.gz
 create mode 100644 docs/work_history/review_loop/pr8023/objects/0deb37233098d51c358dd393ff98df3f85ee700a1f56c3eae560691abae1d56d.gz
 create mode 100644 docs/work_history/review_loop/pr8023/objects/0ec557a92833b7382fdda2983a98d24eff3d739e2f7d2d9a2e1cb4b2b6abb2bf.gz
 create mode 100644 docs/work_history/review_loop/pr8023/objects/0ee4e15cd4bc39c24b2626b3028c049f354bfc344f857c1e5088b719be4a4c2c.gz
 create mode 100644 docs/work_history/review_loop/pr8023/objects/0f6eee47998668312039392aee50923a45b16050f4ded98b758ea7dabeae419b.gz
 create mode 100644 docs/work_history/review_loop/pr8023/objects/0f9978d9087e8625867df7652dba37fca0c7d6b7cc1d5308e4cac0ce2323818c.gz
 create mode 100644 docs/work_history/review_loop/pr8023/objects/10f6faa1da9e354cd6b43cc5091b38edd1204c6186ff7054520baa6bd080f356.gz
 create mode 100644 docs/work_history/review_loop/pr8023/objects/116a95673e37bcf01db98a7bf4759fb7a1cabf1acd7554a1b8b1f10a54f4172d.gz
 create mode 100644 docs/work_history/review_loop/pr8023/objects/1224bbebdd0e5051203eb53b45e12a839aa37d8f1c638a29970033f47dc5c602.gz
 create mode 100644 docs/work_history/review_loop/pr8023/objects/139e33d45da1e0d76884359426d111890ba82a9b8ea6835e541b5292f87b18a1.gz
 create mode 100644 docs/work_history/review_loop/pr8023/objects/141578b24933c6f0724fc350292ba5a0843e6d609e1ab80652a19dbb884552fd.gz
 create mode 100644 docs/work_history/review_loop/pr8023/objects/1474ecf7a934d172ff849376fe7efa5fcc4062a95059f45535424132466290dd.gz
 create mode 100644 docs/work_history/review_loop/pr8023/objects/156bc21ceb404e60e930670db902b644b00a3d7ef718dcc865836caa3264ec66.gz
 create mode 100644 docs/work_history/review_loop/pr8023/objects/159a7fce75ee4df506cd209f37910056df7a3f0c4e82b548df0504d491bdc971.gz
 create mode 100644 docs/work_history/review_loop/pr8023/objects/15b90006219b72543dc110f08d75bfa279a6a431744407637bbe524c6c8155ef.gz
 create mode 100644 docs/work_history/review_loop/pr8023/objects/166d0e736a5b5ee7a231f7cd911e2383569e4f94dc33a44f701d93a237c1bf1c.gz
 create mode 100644 docs/work_history/review_loop/pr8023/objects/16cce502ec44fbe571125543c0a1d9df1040929572100ca673a4eb299c7f6441.gz
 create mode 100644 docs/work_history/review_loop/pr8023/objects/173f9de0bbf8394b5916152fa09d970ebf758493f51f909ce401a74670216ae4.gz
 create mode 100644 docs/work_history/review_loop/pr8023/objects/17f476f3053174670008988b93782fc5f29108d36008f1572c83406451ac2b40.gz
 create mode 100644 docs/work_history/review_loop/pr8023/objects/183cdf528d47e6da13ae6c63199791a3a451b92f2689449f72af9eadc809875b.gz
 create mode 100644 docs/work_history/review_loop/pr8023/objects/18a64c587c2d3f65a6d69f15a1a6bdee524950524c686ff6f0306df21cabda1b.gz
 create mode 100644 docs/work_history/review_loop/pr8023/objects/1ac815950dba988ab7d0fb11177541d5bbe4cb0e590f79367c2e679fe274976f.gz
 create mode 100644 docs/work_history/review_loop/pr8023/objects/1b30848e94a459df7396b19189d78b1136cb8df5e7c539b3c285c1818b630122.gz
 create mode 100644 docs/work_history/review_loop/pr8023/objects/1c75b295aeaeae6ec8bc566ad55a6d2319c018b80a9daef3ba80b380644d2a86.gz
 create mode 100644 docs/work_history/review_loop/pr8023/objects/1c7acd1f055a161c6db05280c56c1a87647682bc7b176f9e632844845f419a1f.gz
 create mode 100644 docs/work_history/review_loop/pr8023/objects/1c7b8a7b3eed31c2e862fd9f6431bc5fbf53d1995c7e2552dcdaee96ad81e27f.gz
 create mode 100644 docs/work_history/review_loop/pr8023/objects/1c87800d26ab46820c56cc506954102f4a99b8fb0e63c0f62922c435ef149c93.gz
 create mode 100644 docs/work_history/review_loop/pr8023/objects/1dc6ca2b37b71e4bafcfef05fa120fc7e957ebf94e322f986ecf4019d70e9942.gz
 create mode 100644 docs/work_history/review_loop/pr8023/objects/1e9c53d0aaf08179b45ce51e12204df6e8187e343d306fe087e9b5df27711dea.gz
 create mode 100644 docs/work_history/review_loop/pr8023/objects/1ecbbd4ba53413824025fe77544d0f062e38fd2b3626c873fffda6419b15b022.gz
 create mode 100644 docs/work_history/review_loop/pr8023/objects/20477d106c7bf7621182a6c1d7817eb3dee5974c650dca341437cf5920a343ea.gz
 create mode 100644 docs/work_history/review_loop/pr8023/objects/205244fe6b1565d0afe637128965f9b2fbda799e837808f0efb65fbea8d6532f.gz
 create mode 100644 docs/work_history/review_loop/pr8023/objects/20f6a437ced4d5f34b50075f7630a87eaee2d3fb7d3e2a2aa26a9194afb4a18f.gz
 create mode 100644 docs/work_history/review_loop/pr8023/objects/215363d8cb2068f441d0b902b7b3cf2c747ba6ce4d7c7f55103940b2c6301455.gz
 create mode 100644 docs/work_history/review_loop/pr8023/objects/2154f8ea13a1c3d54122a7720050a5770ef8dd5f7bdfbc2c6ac30016831f6ce5.gz
 create mode 100644 docs/work_history/review_loop/pr8023/objects/222399df7872a42ab6ece240b64a1e2e34b4634457f1ad345d675b1c024e6c96.gz
 create mode 100644 docs/work_history/review_loop/pr8023/objects/22b0e10fb71603773eb58e98c671e3238ce45ab778d96471e0dacb3628228b4f.gz
 create mode 100644 docs/work_history/review_loop/pr8023/objects/23e5c109e4c9864b31bbf4f7a3d9f29a4f597ebc630ab409549d721557a57197.gz
 create mode 100644 docs/work_history/review_loop/pr8023/objects/23fa853c4404a6de6214c5c126c363846b21b84f3e716007d513447f3a9d07a9.gz
 create mode 100644 docs/work_history/review_loop/pr8023/objects/244a6beae0be897e3ab89ee85d476b63866feea90e15ced4c088bf1e52f226ed.gz
 create mode 100644 docs/work_history/review_loop/pr8023/objects/24ff8255f9828d5203720cb478c7acd334764a2e565192e4fd378fde3a5da583.gz
 create mode 100644 docs/work_history/review_loop/pr8023/objects/259aa55d1b21ad9f9237ddb55f5874dfd09babd960b9620da5c7c3dd4e37dd6b.gz
 create mode 100644 docs/work_history/review_loop/pr8023/objects/25b27f7da1d55710bd4b320e76688ccd34de476d30f0f7784b6d5f16428cfdf7.gz
 create mode 100644 docs/work_history/review_loop/pr8023/objects/25d7fb8924106efc383b60291048339e9ea0ad9e46dbe36022d5195160ea1979.gz
 create mode 100644 docs/work_history/review_loop/pr8023/objects/25f09ffc3fa01b87e79a0bf24142db075d6edaaa66be9f8821d9587ad08438b9.gz
 create mode 100644 docs/work_history/review_loop/pr8023/objects/272e555c83a786e63a6e0b41915ceef12809b5d50b148ad07fbbe270f28c586c.gz
 create mode 100644 docs/work_history/review_loop/pr8023/objects/2751c1f39a05c400dc7f54490d3bee3d883c7f1d3251010f59a99b49951a4745.gz
 create mode 100644 docs/work_history/review_loop/pr8023/objects/291a64eb3d109d78408cb6955cc9ac0e23ed80fbf80f4caae6335e369d8625d8.gz
 create mode 100644 docs/work_history/review_loop/pr8023/objects/2921b93205e8ddde0cfaadd07c7e9ebd2a3b46e2879a9a3582327f5f6de38b92.gz
 create mode 100644 docs/work_history/review_loop/pr8023/objects/2984f2e9a4beff97083b47c55c2265eb6b67918103c830b32baefacb600de5a2.gz
 create mode 100644 docs/work_history/review_loop/pr8023/objects/2b0a00d1242c51e4e6d963a04c701c2e938ec277cc65ea4f869eddc4c6e911a9.gz
 create mode 100644 docs/work_history/review_loop/pr8023/objects/2b1c7e75eb2bb61a6d892a477a5dd960a2bca751a04684b45e17c1cc65589919.gz
 create mode 100644 docs/work_history/review_loop/pr8023/objects/2cc0303619c6ec96abe3f4912d66cfdb48811ec80f8b9b1eafa5b2eefd687009.gz
 create mode 100644 docs/work_history/review_loop/pr8023/objects/2e0ab6d9eeb24835ef52021fed16d96932920f8ec83529d9ed8d7772795895d8.gz
 create mode 100644 docs/work_history/review_loop/pr8023/objects/2e1f008bd25cf4d1fe7b375cc68a6d7d9802a7fd95b69ca8fb1941dfbc2ccd50.gz
 create mode 100644 docs/work_history/review_loop/pr8023/objects/2e9edbb914cfadfe59ad6ef89df53cd97d7942115a55b3bbbb3f7e51256c4f51.gz
 create mode 100644 docs/work_history/review_loop/pr8023/objects/2f298eb7b6b329872fdbc5e1da9910aa65ca8cf9a99a260aa4647802f226c518.gz
 create mode 100644 docs/work_history/review_loop/pr8023/objects/2f5ed8d9fdb357780b5988764d4fd138b0102db1af742f2d9e83287b7bc0298b.gz
 create mode 100644 docs/work_history/review_loop/pr8023/objects/2f7cd2b934115957fe203687ae73976ffac70e50235376dca962054199807ef0.gz
 create mode 100644 docs/work_history/review_loop/pr8023/objects/2fb1eac5c85bdc4770cc1f4fdbedfe9f0b48ff46cc2f2adcbce650fc0c903128.gz
 create mode 100644 docs/work_history/review_loop/pr8023/objects/303006b2e4fa611ccb177f3686c705f58f9d5a5472bf0d7fe4b41962edccc297.gz
 create mode 100644 docs/work_history/review_loop/pr8023/objects/30ad1f040ed555bee5af4a45ad4c2c70f8b145b3bca300946b44817c6a7c5528.gz
 create mode 100644 docs/work_history/review_loop/pr8023/objects/310d0921d14116db726b04372fdec0aeefcea8044142529b1de7703da140fbaf.gz
 create mode 100644 docs/work_history/review_loop/pr8023/objects/3371d57029fd258df9b475f2285aa5ab45009875d02b1cd90238e4d23affdd69.gz
 create mode 100644 docs/work_history/review_loop/pr8023/objects/34ecd33cda27dca8c5b1d64e2774a6564c061dc0de6d1b4a9f98505cce46d6db.gz
 create mode 100644 docs/work_history/review_loop/pr8023/objects/34f0560b2e7572f6fbab2835959ab41e4d65f7a5886ef2d9002e0b95a4c7e729.gz
 create mode 100644 docs/work_history/review_loop/pr8023/objects/35319ed6dafdfb411e9796857ade4f5033f26de31beee719339cdd289bc4a406.gz
 create mode 100644 docs/work_history/review_loop/pr8023/objects/35f61f2bf7080c3a6f40137429787c40f6bc7ccb8c76b9bdd5b5e7e2dc290230.gz
 create mode 100644 docs/work_history/review_loop/pr8023/objects/37cf7689e5d0a8c3eae1caa5e69df7fb28bf349f6acd4dff589e09913528b40d.gz
 create mode 100644 docs/work_history/review_loop/pr8023/objects/37d0f1cb86e7e77282603d220409d514e3eef7e2a538fb5b928db7d77283e1b9.gz
 create mode 100644 docs/work_history/review_loop/pr8023/objects/386f298d7e546c0c421bd46d379cf5001b6020fe0e672a0ad1f324acf5cf64db.gz
 create mode 100644 docs/work_history/review_loop/pr8023/objects/39192010404f59390888b44de8de1d0a4544849df348a3406ee65600b89fae60.gz
 create mode 100644 docs/work_history/review_loop/pr8023/objects/39e5f1ff610b787488cdb60e1f7281fe629c0ddd5fde954d713b4b0d1fd54893.gz
 create mode 100644 docs/work_history/review_loop/pr8023/objects/39ebf5b54b209ec086123c54105857110739c8c939bdf234e65dc4efe1af399f.gz
 create mode 100644 docs/work_history/review_loop/pr8023/objects/3a4796a116d7b5c6c4a6a1f4be75a45d54b21e88e40ad3182af98ce1822a23ed.gz
 create mode 100644 docs/work_history/review_loop/pr8023/objects/3aa955f21e4e73cfe90ccd669ebc9d93f2c4ca5db05d50f68c61ab84f70684ba.gz
 create mode 100644 docs/work_history/review_loop/pr8023/objects/3b634d3de2ad6fb8a23d1c9436922e410837a9d377a27ce524f957b895d2eab9.gz
 create mode 100644 docs/work_history/review_loop/pr8023/objects/3b84108b0668f20aaf1fb58a45a565c2bcde1efff19807e977fb24c9114d26c8.gz
 create mode 100644 docs/work_history/review_loop/pr8023/objects/3d6a914cb0d2e32b8b4e71b0ee40a4dd19d79417884efb5fee66bd9dd056e565.gz
 create mode 100644 docs/work_history/review_loop/pr8023/objects/3df2d3e77afe46c188700d41cf6bf515f38b828ffa19564bd2c8843e073398b5.gz
 create mode 100644 docs/work_history/review_loop/pr8023/objects/3e4dab1154f6f2cad38b14f3fdc8b03ee9e243dbf24f718c1d3d2dafddaecdce.gz
 create mode 100644 docs/work_history/review_loop/pr8023/objects/3e6dc75ff20eb2afb0b0e5017feb9801e2f1f24055c9bd15070c1fea040496cd.gz
 create mode 100644 docs/work_history/review_loop/pr8023/objects/400e9254df8d3f539638e930dd0102b56825420d87d31905fb7f378548990f60.gz
 create mode 100644 docs/work_history/review_loop/pr8023/objects/409a609823aba76b15bcdf10f80a33ff5ed4f0defcd8e4c160a827a964f4ac0f.gz
 create mode 100644 docs/work_history/review_loop/pr8023/objects/409b2e888afb9ea9ec60c42e85c6e2b9e92a7a000f5b776f5d558a394431f2bc.gz
 create mode 100644 docs/work_history/review_loop/pr8023/objects/40e95363adf88eb3b38c42aba6ee53e5270a60b8ece3d73c772d4a67cca95ed8.gz
 create mode 100644 docs/work_history/review_loop/pr8023/objects/4188cf3f4c85ca72c2ec96c16ab3d8bfcf6496ddeb182d13d517d063b73d3b8d.gz
 create mode 100644 docs/work_history/review_loop/pr8023/objects/42477e34a4de72ae7b83054dea1e27fb50801303d112402a3455c9367077f788.gz
 create mode 100644 docs/work_history/review_loop/pr8023/objects/42984690cabf406df56040377b3b0b358535661ddbc23d7f98922d840aa7d226.gz
 create mode 100644 docs/work_history/review_loop/pr8023/objects/4300d1db743c326c5275bd163724df4f9d01378c558bb1e577694a1ededfc87f.gz
 create mode 100644 docs/work_history/review_loop/pr8023/objects/43e085309f88ec4d73973c3699509ef813a654e42091e211102262245decceb2.gz
 create mode 100644 docs/work_history/review_loop/pr8023/objects/44b6fa0c5f7f3fa3d3e8cf389fe9e53430cf2cdefd16b0a2c34b86a890ef3b0d.gz
 create mode 100644 docs/work_history/review_loop/pr8023/objects/44cfaba8d8b23af5ff32d3f94dd5c2d57d68e27be8923f91b7ab8c931f7aa0e7.gz
 create mode 100644 docs/work_history/review_loop/pr8023/objects/44eab4c84f7ef00f78d729aaf26337b9043a69178322b2fc8350d080fb680f2f.gz
 create mode 100644 docs/work_history/review_loop/pr8023/objects/46f806f6d29c8d5d82dd8ff4f7f63291f014f1ed131f584563d3f4977cbd71a1.gz
 create mode 100644 docs/work_history/review_loop/pr8023/objects/4827292251de34b5693c57be320c19a67a5e1e2e63d829be58c40e688f665e58.gz
 create mode 100644 docs/work_history/review_loop/pr8023/objects/48e60679dd53667befd0cbeac21e31f939052932e1302474b4d18b972fd4e74a.gz
 create mode 100644 docs/work_history/review_loop/pr8023/objects/491716138722c1e7298192cf36dff58359a61b8c2f074c1f10e9d988655f78dd.gz
 create mode 100644 docs/work_history/review_loop/pr8023/objects/495791ac6cdb4fe5dd67140ae90a046ca5fb9c728b75aa8154f84653d5e74f67.gz
 create mode 100644 docs/work_history/review_loop/pr8023/objects/4a67692fac2dc57f72c15569292c9492f30a856c5e92348e318365413f3de791.gz
 create mode 100644 docs/work_history/review_loop/pr8023/objects/4a801f0c696d8767602d730eb167adc22332947be7976e919f14beb0e1d0283e.gz
 create mode 100644 docs/work_history/review_loop/pr8023/objects/4aaf71739d347f04d348943c86e05c33ade0930094659797004c1026f2db6dc2.gz
 create mode 100644 docs/work_history/review_loop/pr8023/objects/4c5f6d6eb0777d4780c72205ebaada2a7f6e82a8fbd8774039138d8704608f16.gz
 create mode 100644 docs/work_history/review_loop/pr8023/objects/4c732c31e1db49d4f00a6eb093fadf460cb71f8cbdbcb5cd4b0efacabc450de8.gz
 create mode 100644 docs/work_history/review_loop/pr8023/objects/4cc771e35764067c20c6523008bb86e110f67672f90c4cb9e780f77f68cede4e.gz
 create mode 100644 docs/work_history/review_loop/pr8023/objects/4d8f67531ca71ed27df9d852cf8b4a9903ac5e81e8f69d679af218762ae81b33.gz
 create mode 100644 docs/work_history/review_loop/pr8023/objects/4de32374a665002154823c80c58a4998592b524c3fe342b751bc80c6877674c8.gz
 create mode 100644 docs/work_history/review_loop/pr8023/objects/4ef3cdddf6334718496dc5c56e28a99e4396aae7d3b1c1929c11d6e6508bcb4f.gz
 create mode 100644 docs/work_history/review_loop/pr8023/objects/4f2cc1fb408beac40f9cfba36ef5f35bfb713797ad5c9f52fa3865e61172de7a.gz
 create mode 100644 docs/work_history/review_loop/pr8023/objects/50cb9075a206eb05e43a287dd1546c61e3e1d7b3bae17e20e6ca91693aa8991b.gz
 create mode 100644 docs/work_history/review_loop/pr8023/objects/50e8d6f9f0d5fa6396b4c54f6bee79ba3407abad610b266a5cf19ac9b71916db.gz
 create mode 100644 docs/work_history/review_loop/pr8023/objects/5115069e60b1fb1f853a87fbeb97959b27ecc6029afa9ca7c23e4a55f00188f0.gz
 create mode 100644 docs/work_history/review_loop/pr8023/objects/51c89b4b6cc07a84c98beed23271a0fd0d0c4542bd3d3d483423069ca13183d6.gz
 create mode 100644 docs/work_history/review_loop/pr8023/objects/520c83ea8f0e53d5610b48617eba394689c60815c7ef21ef4eabedfaa8340cb6.gz
 create mode 100644 docs/work_history/review_loop/pr8023/objects/522c34d7eabe30994a2aec83ce6b002d0079897d15e6392d0549e3c736ff8bdf.gz
 create mode 100644 docs/work_history/review_loop/pr8023/objects/52bc617f52bd639011ae9367a45afa52d319c505ca13cd8b02cfebc8cf6cd481.gz
 create mode 100644 docs/work_history/review_loop/pr8023/objects/5337887de4602f2b552a0b35ec0c2f4c3e5af6509edd3db4f81f454a4701f946.gz
 create mode 100644 docs/work_history/review_loop/pr8023/objects/53db1eac0d8be224b1ae9928aaae4b9dbf7f6382bd4b96d90fcb413a29d9478d.gz
 create mode 100644 docs/work_history/review_loop/pr8023/objects/541ec391d4a51b2a6996a5f9b9db2677eb40332f5db9df47b29574a2cc78df58.gz
 create mode 100644 docs/work_history/review_loop/pr8023/objects/54997d5073ec37d2536bee211cbe6b5285ac93740c0596681074c02cd97f88d6.gz
 create mode 100644 docs/work_history/review_loop/pr8023/objects/55096a752b9f5aea416f0df9021c3a5cc33a1067e74705539b84a81cb4043a33.gz
 create mode 100644 docs/work_history/review_loop/pr8023/objects/553535d57eb3934bab893d323d32ada03e67fbf642dce7fa22953f397e20eba8.gz
 create mode 100644 docs/work_history/review_loop/pr8023/objects/56e2b761ec86940b73e540db924332ae22336b2db467fbf699de781eaabedb25.gz
 create mode 100644 docs/work_history/review_loop/pr8023/objects/57731be2ce8c2a9badbd0b27c440c2d7fa31424046e42dc9e7114e7732b2355c.gz
 create mode 100644 docs/work_history/review_loop/pr8023/objects/581620b597f60a571839e51ccac9413cac54e7b481d23d5a737ea20a94f7dc1f.gz
 create mode 100644 docs/work_history/review_loop/pr8023/objects/594325503116f5d8dd7b7d1beaea7dac4d5b792e6a644342900b5c6fa5ffd3c5.gz
 create mode 100644 docs/work_history/review_loop/pr8023/objects/5aa666e5e594aef7bc8e843f57a4d6a8a06dc917b43f531f56147bcfe50510e8.gz
 create mode 100644 docs/work_history/review_loop/pr8023/objects/5b2222eb00b5cb1ef25a01d15c63efb9a9c22ee3944cc556b4e53a837279e744.gz
 create mode 100644 docs/work_history/review_loop/pr8023/objects/5b651e81fcb6b6e129c554c26303841745b0bdec27db8e3e45342dfb06d39644.gz
 create mode 100644 docs/work_history/review_loop/pr8023/objects/5c11966784bbf76848c02a41faa666b61b475e8e9bbadd48a6d4cd2e5d86af60.gz
 create mode 100644 docs/work_history/review_loop/pr8023/objects/5dc04907d64e78425969c17ec13b9f3e4a0d729eb2ddeb71b5a50f83033d2ca8.gz
 create mode 100644 docs/work_history/review_loop/pr8023/objects/5e98d5a0e254604c6818a0f3422684fbdd9c64a18395afc748a7fe52cc026411.gz
 create mode 100644 docs/work_history/review_loop/pr8023/objects/5f097a6fceecb5fd87d0b5095fc412815b6d3a1cff18abb2f639f86819990f9e.gz
 create mode 100644 docs/work_history/review_loop/pr8023/objects/5fb4cb757b276dcb99b2c76f7f9ff754ef3dd2a97d25b98adffdaf79eae9d9a9.gz
 create mode 100644 docs/work_history/review_loop/pr8023/objects/6058464c1123745735e462fbc3b61dd7f786fde8aad4464d922aaf0e60cc1b68.gz
 create mode 100644 docs/work_history/review_loop/pr8023/objects/6106a45ec14c0676dd7047c13156b6e4eaf4a13674d4a5e2b9e4983538155e0b.gz
 create mode 100644 docs/work_history/review_loop/pr8023/objects/61d8afd47400acb0e3f8eb513e72cee065f17bb54db7159177a482746625b3c7.gz
 create mode 100644 docs/work_history/review_loop/pr8023/objects/625cfcbed129efbb650df0d919daa1ea94469fd298568ead45dab2946bbfc764.gz
 create mode 100644 docs/work_history/review_loop/pr8023/objects/626f683ebd640a3d2c303e00ba51038125408d36178ef691902667a9fda83f92.gz
 create mode 100644 docs/work_history/review_loop/pr8023/objects/62a75bfe54bfde90efa9483628ae081bdc347ca102d0112cf30ecdcba510a922.gz
 create mode 100644 docs/work_history/review_loop/pr8023/objects/62c4b51b86172c5ac910ad40404744a658a365946ccde80727c94018aab9f666.gz
 create mode 100644 docs/work_history/review_loop/pr8023/objects/6686a66b905786c5d9b0ef57a805791e97e6f09632dbd386e6a9e0af736c1fe6.gz
 create mode 100644 docs/work_history/review_loop/pr8023/objects/67e5f34e690ae8ea5be9c652ff786791a96e555e1653a50d66faa689e6703385.gz
 create mode 100644 docs/work_history/review_loop/pr8023/objects/6835262da0c3d9f6e8aa6c01699ccad8829761e3de421b721adf9fb608b8bb26.gz
 create mode 100644 docs/work_history/review_loop/pr8023/objects/684413811667e0a9bf75dbbb31d7a38d71da6eebb7a0262ec085f71578394f72.gz
 create mode 100644 docs/work_history/review_loop/pr8023/objects/6a711c4e57bcf62d593cede358a3724b1cc9236b5528eacbf17383923072d510.gz
 create mode 100644 docs/work_history/review_loop/pr8023/objects/6b1e392ead8d7ddd846de55c4c62b50b7b39f8070d0dff6d6f2de67fdbd857cd.gz
 create mode 100644 docs/work_history/review_loop/pr8023/objects/6c85eeb0b00011c13034aac3b9a12b351cc2b7221d15e07018cb8f2b3d540edf.gz
 create mode 100644 docs/work_history/review_loop/pr8023/objects/6de89250c1aef1d714bf3f919353dce9ae7445aa6726e992e12653e244c28fda.gz
 create mode 100644 docs/work_history/review_loop/pr8023/objects/6f2a7edda75799bcc4c1a051d4c7b0744f64dc9f27dd4eefc0e9a0251c75ba02.gz
 create mode 100644 docs/work_history/review_loop/pr8023/objects/70f5b62b6e6a4426b941bec5c7189d2731357e791d567c6ba63b68b19a065b85.gz
 create mode 100644 docs/work_history/review_loop/pr8023/objects/72954b00c9d8fec4219821e703cb13b52e03b8f073cb7843112445230d4858cb.gz
 create mode 100644 docs/work_history/review_loop/pr8023/objects/758404f884efefdecdaa4c04d56d3968be32312d4bf07a2f12c5beae7a8cb8e7.gz
 create mode 100644 docs/work_history/review_loop/pr8023/objects/75d6a064729cbe1ea9a971d687e7466e8dab9e9f47e126d84fc0de439e755971.gz
 create mode 100644 docs/work_history/review_loop/pr8023/objects/76201ebe6fa298c690284fd75ebbe4dee92c43f5a77840a170b4b35a5a90cee8.gz
 create mode 100644 docs/work_history/review_loop/pr8023/objects/76a1850dd92b6dd8b4221e7d1b574122f6631db9b9b03708503c5173f6ba6895.gz
 create mode 100644 docs/work_history/review_loop/pr8023/objects/76d331eff8036d9f5e0d394668d08d2fe92c4dc817d70a64b5bdc88c025b87c0.gz
 create mode 100644 docs/work_history/review_loop/pr8023/objects/7731d18e9711c7293d98bda75c1d10ac4261bf399c9f7bb07b056c4cbf01d2a9.gz
 create mode 100644 docs/work_history/review_loop/pr8023/objects/77c4fc0ac285f5c1216d79d71be435069dd2be3bb649083520ba3a95291170ee.gz
 create mode 100644 docs/work_history/review_loop/pr8023/objects/77e93850b0b6d5929f15ce4c600a3577126231aa4da37e62b2cd04f8405d2b52.gz
 create mode 100644 docs/work_history/review_loop/pr8023/objects/77eac1dcebfac00794bdce1a882540f0b6cc34ccd2d0b3e8964b926df81f05ef.gz
 create mode 100644 docs/work_history/review_loop/pr8023/objects/780317089b40243f20d491ed5555377a72cbef7eb31dd1b231297c716e3d5acd.gz
 create mode 100644 docs/work_history/review_loop/pr8023/objects/78c042552d7ca8dfd83aaf05a629ee6e99cdcaf41fdab9d3bc9942f2dbb2a5a3.gz
 create mode 100644 docs/work_history/review_loop/pr8023/objects/7adb30c2d0a34abe53824f3b00d3fbfe6922625397f1a21868af868811ad3f1b.gz
 create mode 100644 docs/work_history/review_loop/pr8023/objects/7bfe9f7b0198b37ae85f3982e70b632104d88423909ebb9ac3124f93f66ba20f.gz
 create mode 100644 docs/work_history/review_loop/pr8023/objects/7ca2854119dcd6504fff175d296aec3b1012abf123d483371948b3c14f2b2f0b.gz
 create mode 100644 docs/work_history/review_loop/pr8023/objects/7ca9225bcc150adc2738579d4f4117a75e9b0671fb5022d9563689ebe55e98a0.gz
 create mode 100644 docs/work_history/review_loop/pr8023/objects/7cc416cb28431351fcb9dfc2ca72d708b5b6315e2df76a38b43fb777226acbfa.gz
 create mode 100644 docs/work_history/review_loop/pr8023/objects/812a2c1cf0ff28adc98ae82bbf70f2872713c848465978d66d82f208f06e3512.gz
 create mode 100644 docs/work_history/review_loop/pr8023/objects/81f081a3bbcaac5a4b09b86342e40cf3029963cf39bdecd1fb3fba1d268dd486.gz
 create mode 100644 docs/work_history/review_loop/pr8023/objects/8273cf6c77d7349e021e48cf468530cf84393473e2582376444956a4cd792efb.gz
 create mode 100644 docs/work_history/review_loop/pr8023/objects/82c5f1bb6b018b76204d75cdfb09514549d65a5c15d4fe3fbfcb3d080d0b4727.gz
 create mode 100644 docs/work_history/review_loop/pr8023/objects/836fb03ab1d458cdf9bdd1181f93343ff440d707074bd71cb94bce41b651e394.gz
 create mode 100644 docs/work_history/review_loop/pr8023/objects/8376aa61896e6dbb6ccf19d1c32f471e5a5ac3d9dc721da34e1377b14c9a4142.gz
 create mode 100644 docs/work_history/review_loop/pr8023/objects/837d43c86963fcd64c9cfd6c78dc7a4a6004330661aa411285ef81dc487f5e75.gz
 create mode 100644 docs/work_history/review_loop/pr8023/objects/83f22a03157b1b12bfa88dd031f1360df08e344352f2ab87cf1454454b5a2b43.gz
 create mode 100644 docs/work_history/review_loop/pr8023/objects/845e3f0489cc4fdc819cecd30ac6fefe4b32127478a30b38b92bb84b1f898ad0.gz
 create mode 100644 docs/work_history/review_loop/pr8023/objects/858959ba3d05e237f426b03ab8b44427b25c6db7b3ae1582add2bab23bc41fc1.gz
 create mode 100644 docs/work_history/review_loop/pr8023/objects/858f1332d073799a2585c0d5dc473c50aa34b3fb17d9c889cde1f2ac8c45c3c6.gz
 create mode 100644 docs/work_history/review_loop/pr8023/objects/85d94c731663018f533b8ad125b253002cf1d178fe726e749eb98a7496b54f59.gz
 create mode 100644 docs/work_history/review_loop/pr8023/objects/86be606d8a1e3592e86707f22dc602ad74dbb9a953b82c301f7cb277cd8e7468.gz
 create mode 100644 docs/work_history/review_loop/pr8023/objects/86c525f46c92f66a2dac96a2b118bb33b703452053a4ade77fbb858fd439b821.gz
 create mode 100644 docs/work_history/review_loop/pr8023/objects/87ca2888cd7eb5a239953d155c588a7910b4442064b53b2d5ac6d85d7a6ea979.gz
 create mode 100644 docs/work_history/review_loop/pr8023/objects/8814bbde2ffd2df80e426afde134d4a1861be2aeb87b58c378f250b89affb2cb.gz
 create mode 100644 docs/work_history/review_loop/pr8023/objects/897ce76c72ac66afb73349509baaa4e58a08e92de8d202109fbcefabf25f6708.gz
 create mode 100644 docs/work_history/review_loop/pr8023/objects/89d7f85d2ab05c29baaa8f88e8f9d137711ba49b528b59de318bdacd57a973ef.gz
 create mode 100644 docs/work_history/review_loop/pr8023/objects/8a18a355372ef48ab129cafec3c05f3128780cb56159bc19bf91d4d113c8d2fa.gz
 create mode 100644 docs/work_history/review_loop/pr8023/objects/8b35869b62af0800231e6ffd48069365d7889164237de898e804c1bb523edd98.gz
 create mode 100644 docs/work_history/review_loop/pr8023/objects/8c4c263d7d3fa48e1e5efe9f4f7a251cb3e691cb1ee9c2971a571b45cead9e5c.gz
 create mode 100644 docs/work_history/review_loop/pr8023/objects/8c58b9e4c85b31fce67ea96d26e5c1b1d09456ca6ed3ac54ed8a8c204834f54b.gz
 create mode 100644 docs/work_history/review_loop/pr8023/objects/8c75f0896a2221cc21b6cfb3d2aed0412467199f96b8bd77983266863a1ab06b.gz
 create mode 100644 docs/work_history/review_loop/pr8023/objects/8cae58fd72a71d97bc783a1b84d0cec8af4f60998d9e5436d57e28542b3b9795.gz
 create mode 100644 docs/work_history/review_loop/pr8023/objects/8e467f91a3776ff45492380710495a8ad7cc8ed7677e85500adbf04821dea16b.gz
 create mode 100644 docs/work_history/review_loop/pr8023/objects/8e5f66a240bcf4548dc98f5314ac2935adb51baedfc16d3fb4298c192d9c6a0b.gz
 create mode 100644 docs/work_history/review_loop/pr8023/objects/8eef3a1c1f4c478c37efbd4e279720427a353fd8b7f57ba16c3e3088a9ee7150.gz
 create mode 100644 docs/work_history/review_loop/pr8023/objects/8f9f9b9d8115486c1d94e9b53a0f31133941cae83fabab50500d54c064db12a4.gz
 create mode 100644 docs/work_history/review_loop/pr8023/objects/8fe4e53c15b7141649ce184427542b7b9f39fb63f61261d6bcbd5db7e5e9753e.gz
 create mode 100644 docs/work_history/review_loop/pr8023/objects/90196f0866d42068ca5e0b867522063eb5b32dcb3814e231c6269b5f6fb04c0f.gz
 create mode 100644 docs/work_history/review_loop/pr8023/objects/913330a05156cbf8961c32493e6c5185f6dfdf8fc2390d38b7cb8327cc186ae9.gz
 create mode 100644 docs/work_history/review_loop/pr8023/objects/9147d2c964ec4343d49a5ffd850a2210370bd24a04a768eacb1a2fc64fa045f7.gz
 create mode 100644 docs/work_history/review_loop/pr8023/objects/92400fb1afafd5df7a9d0e08e69ec79affaad1c9faa3fae5a61a84b96a51808c.gz
 create mode 100644 docs/work_history/review_loop/pr8023/objects/9396fd241ded9880375b7052d6a7358d9573103c996b976856e60a1230499712.gz
 create mode 100644 docs/work_history/review_loop/pr8023/objects/945f77b9b041f55ed216533428b9842af068c5066cb7a2fb0c5ce93811a201a6.gz
 create mode 100644 docs/work_history/review_loop/pr8023/objects/94948c41c23b95bd14420c68c9f1f14526d13d469b6dc5e1c3ab079f1db7c3e8.gz
 create mode 100644 docs/work_history/review_loop/pr8023/objects/949e7151c52177418440634bb9960ecbc6a42d757a57c8abc28a0c19e02f5e21.gz
 create mode 100644 docs/work_history/review_loop/pr8023/objects/96a4c83bd2e5305fd598efb4b787b119525608edf9c459e5407feb069ae78dcf.gz
 create mode 100644 docs/work_history/review_loop/pr8023/objects/96eb1ddd5b0823ad5cce350876182f685003be1284db4c0e02699c73a1595640.gz
 create mode 100644 docs/work_history/review_loop/pr8023/objects/9750fb61bc3e21f82eec5664d32e5e65ce358fae9d836c051358c3f8d720c69f.gz
 create mode 100644 docs/work_history/review_loop/pr8023/objects/9798af076de374d1c2dc962467748f07e215f3eb4dfe120305101cf46cecc097.gz
 create mode 100644 docs/work_history/review_loop/pr8023/objects/98f3e7cc75c45388fe4c448286422200913ff076b056a869ec4d169552bc0923.gz
 create mode 100644 docs/work_history/review_loop/pr8023/objects/99eeedbfa95e4d7045e32f5e6f3e0bf1cf5ff8c128488aa1c6d73a09994eec62.gz
 create mode 100644 docs/work_history/review_loop/pr8023/objects/9a032fe453f58076478ed782076c3dcc7425b9b4385da84db0fae9289d03e587.gz
 create mode 100644 docs/work_history/review_loop/pr8023/objects/9be6c349a856a5866bd8a69786c5a14cf5238e1f2c2c07e6e1084640cae3e8d0.gz
 create mode 100644 docs/work_history/review_loop/pr8023/objects/9ca8850ea9adda3ff0eb31efa82bd9d595cbbfbc39f58b6ba923aa3214875bcc.gz
 create mode 100644 docs/work_history/review_loop/pr8023/objects/9cf2bdc678e9646187f7f0e7443ad73e22913a144a05e57670e095a0d57a0aec.gz
 create mode 100644 docs/work_history/review_loop/pr8023/objects/9dfacbc4e927cbd801cc1de4e138602995265412f46ab230e3f84a5254de1472.gz
 create mode 100644 docs/work_history/review_loop/pr8023/objects/9e10d5d45b3df028004094d26db438ec9358cdbe195a7f051ad09d907af1b670.gz
 create mode 100644 docs/work_history/review_loop/pr8023/objects/9faf8933af2ab58d0538201246affd63237d827d479d57f8d58762aad9bc228a.gz
 create mode 100644 docs/work_history/review_loop/pr8023/objects/a044cc86420444dded3da0d9a1757f0218a70f44bc158c3b735953337ff891e4.gz
 create mode 100644 docs/work_history/review_loop/pr8023/objects/a14f06537b9031fbb9152927271870249bb5b0c610110298cfda7df358191668.gz
 create mode 100644 docs/work_history/review_loop/pr8023/objects/a1503382a0c5524282512e6ab063993864aa4cef23d353f55b444c504bf4e9de.gz
 create mode 100644 docs/work_history/review_loop/pr8023/objects/a1c027516b567a1c283f1d4a1317a66f266140e2b359f3b817deeb451177b570.gz
 create mode 100644 docs/work_history/review_loop/pr8023/objects/a1c42ef8875ea8afbf1c2fcf3353211a8621b98dbfd2f37ea0b00a8d5aec7c51.gz
 create mode 100644 docs/work_history/review_loop/pr8023/objects/a250ed434dbef614624df03b24dc04f7f94f8997db5bccb9341efd27bc332663.gz
 create mode 100644 docs/work_history/review_loop/pr8023/objects/a25a0f756f61b780be5f9c5e44d2e5a6045cf1f5709628025463ab2cfb4288df.gz
 create mode 100644 docs/work_history/review_loop/pr8023/objects/a312f405ac8dc1f2e6c0866aaf7bc989851ca8de4dc2330aca7eda2c0c4a9a09.gz
 create mode 100644 docs/work_history/review_loop/pr8023/objects/a383e626cf9486013e5c3f49c12f9b009210611c52aa187abacdd4035a8d7e10.gz
 create mode 100644 docs/work_history/review_loop/pr8023/objects/a3dd1c6c58883c1fe3af3b4d521b277c6a4ed16087ef7d06739ce78919778c22.gz
 create mode 100644 docs/work_history/review_loop/pr8023/objects/a45f1717662862460eccc0b9feff03728ba684340eacaa66c71951ad5ed963b5.gz
 create mode 100644 docs/work_history/review_loop/pr8023/objects/a4663fe0c06d66023e5b4cae1d5cf3486deb06c456504cadef003043d7bb09e2.gz
 create mode 100644 docs/work_history/review_loop/pr8023/objects/a55f33855c64222a08c201b17dc25fe6a1af33731e5beb6457a9bce738cb3c79.gz
 create mode 100644 docs/work_history/review_loop/pr8023/objects/a6871c2cc4c6e25abc3d345318816a3188bedac40d4407314dbce8b7eec666cf.gz
 create mode 100644 docs/work_history/review_loop/pr8023/objects/a707125ff61ce6d4dff158f221d57fbdffa25a4c153f13c415bc493d75137e64.gz
 create mode 100644 docs/work_history/review_loop/pr8023/objects/a7d12dac252a25ad140cc61d48652848dbdd0ceac650d4d244138bde2f9feee7.gz
 create mode 100644 docs/work_history/review_loop/pr8023/objects/a86a6c2d36c2ba93895d3451f93efada66551274c01fe7331c884489ccb705db.gz
 create mode 100644 docs/work_history/review_loop/pr8023/objects/ab1a8052ba42e20f8672f660cf4d8b4401dcb96e246d65e9bf76029475167bdf.gz
 create mode 100644 docs/work_history/review_loop/pr8023/objects/ac03ca6232850f20f3b625844c32d5c1d52ad991b23d9b3e0b662343e8d0f72a.gz
 create mode 100644 docs/work_history/review_loop/pr8023/objects/accbe92cbf095c2aaf81b0217a7f8d91567e583afbc5589c137048cf2be8c65d.gz
 create mode 100644 docs/work_history/review_loop/pr8023/objects/ae8424659a8c7bd96b165aa0cc2657894c5b7d06b620a13311d5911b7e967ea2.gz
 create mode 100644 docs/work_history/review_loop/pr8023/objects/aecb0d938c8b3a0da7fd5c306edb092f1d2a705f758332274083d9f821679f0b.gz
 create mode 100644 docs/work_history/review_loop/pr8023/objects/b0114b1157d2adb214a299cd6aef4844e1c40745f0e736399a232640ad6ba66e.gz
 create mode 100644 docs/work_history/review_loop/pr8023/objects/b0319fe9186dca6d1ca33276b4bd620478eddf00a4c8763df96e97aad6e4a396.gz
 create mode 100644 docs/work_history/review_loop/pr8023/objects/b19102f4fdea68ad1800d13dac0bc576e98513972a77591c967d8ff9cda6aa64.gz
 create mode 100644 docs/work_history/review_loop/pr8023/objects/b414ff4b8c07fe07706f8b39b0d00269da676cd7a3382b9640d5f22619744a3a.gz
 create mode 100644 docs/work_history/review_loop/pr8023/objects/b41eaf399d60266c069680b2e991fbe01876f3d18f6639be472593a065fb2e0c.gz
 create mode 100644 docs/work_history/review_loop/pr8023/objects/b546476cf7e89f1d5e63b0f4167fbb146243a55d5753d99ae2f890d4e0b82ce7.gz
 create mode 100644 docs/work_history/review_loop/pr8023/objects/b58dbe53287c11b1557c55e561e09a6ab6bc6caf46be6353b96fd5c4a598cc57.gz
 create mode 100644 docs/work_history/review_loop/pr8023/objects/b68ee3f3dcbc9ca687ea2866be3bc3356b4d00cb069b32aaf6fa2137cc7ba233.gz
 create mode 100644 docs/work_history/review_loop/pr8023/objects/b9f6fcc6851ddc2c3f8aa45e32b78e4b1ccaf933bc4b5534cc8f1615c8fbfa29.gz
 create mode 100644 docs/work_history/review_loop/pr8023/objects/ba804b530f91f601013c6904674cf0620aec8fe8e7208f51ffd21d49f0e845c3.gz
 create mode 100644 docs/work_history/review_loop/pr8023/objects/bbacaa0adc3f467932e2b4c04395488509629d13f0132465fa7f01d06144dd48.gz
 create mode 100644 docs/work_history/review_loop/pr8023/objects/bbd7067e16b3ad7fe6ad595acdac981be831d4f0f4ace65516338eb3141a39a8.gz
 create mode 100644 docs/work_history/review_loop/pr8023/objects/bc04e17973492518bc298d1d8b24e81f521be5336870628249a5ad5f6399a205.gz
 create mode 100644 docs/work_history/review_loop/pr8023/objects/bd31011a3018b93c6f77481c3dd99149788442ac00e8f9e1de411a40b27fae25.gz
 create mode 100644 docs/work_history/review_loop/pr8023/objects/bdba907bdf830ac321a1aea21dd167e3ac97b3eeced6d4ba1d405cc670abad6e.gz
 create mode 100644 docs/work_history/review_loop/pr8023/objects/bdd32020dc731397b7bc2b0bcb6ad1b49d4dff0db1bd652b577ee68064044d9f.gz
 create mode 100644 docs/work_history/review_loop/pr8023/objects/be90cb67407dd6d95d10af0056b02b36213215e41ce86bd92c868f045946393b.gz
 create mode 100644 docs/work_history/review_loop/pr8023/objects/bf56c8b3a37b2483eb4535a0888f85c5ab766175caf887bc001e20b5598de382.gz
 create mode 100644 docs/work_history/review_loop/pr8023/objects/c0ae19ba5b9a4c32223432f86056853b379c5e7e557e44541a6d6984bdbb5dcf.gz
 create mode 100644 docs/work_history/review_loop/pr8023/objects/c1173bc225c2cc55555aad00408b7f48ba1b9c4bf3a77e10f7d11373ca4557cf.gz
 create mode 100644 docs/work_history/review_loop/pr8023/objects/c374e33c2e6875e817915af6db5f0ee9bd19c417ac46228f21cc702da81612a2.gz
 create mode 100644 docs/work_history/review_loop/pr8023/objects/c3906d264c1770adfd3ba32750ade57ac21478348d430523eaadab5792668a46.gz
 create mode 100644 docs/work_history/review_loop/pr8023/objects/c3a5922d621806805fe340ed513c1abc359c97a24e9d692c25379930c4cb5d52.gz
 create mode 100644 docs/work_history/review_loop/pr8023/objects/c3c74ce05f9f72a23a91fb8472a3397843bfccabc4b15abd735631dd49bd1ec2.gz
 create mode 100644 docs/work_history/review_loop/pr8023/objects/c4ba66af265f24ea4090186e278f2588a378d16fca3469f0cc2a24f96f076b00.gz
 create mode 100644 docs/work_history/review_loop/pr8023/objects/c51dc1bcefdc6a70b284bd33c38fdafb5870d84e5db00a732ead8c7fbf0cbed7.gz
 create mode 100644 docs/work_history/review_loop/pr8023/objects/c609838636bd282f46add07ec41774f762259afab2d5a14a9fd464a21634a738.gz
 create mode 100644 docs/work_history/review_loop/pr8023/objects/c62f2d06c2e520292ad0a05849e472d3ae7cfafc2589260da5e5d9d528c8936f.gz
 create mode 100644 docs/work_history/review_loop/pr8023/objects/c6f581ed360fc42871ff976558d389e7e422f1e6762e99840bf8d4e6b5aeb48d.gz
 create mode 100644 docs/work_history/review_loop/pr8023/objects/c71a0581892bea5accac33806ccfd05634938cf5ee6f69c730eb80cf0effbefc.gz
 create mode 100644 docs/work_history/review_loop/pr8023/objects/c7782d7cc46728a413ebb2729a85411bd8b1566714251c742ce7e9a9ddfc9cae.gz
 create mode 100644 docs/work_history/review_loop/pr8023/objects/c7d38b1c712cfa3776a34056d48d1f0c293f3208ca980a0ed22a4778c0830171.gz
 create mode 100644 docs/work_history/review_loop/pr8023/objects/c829958b37c4fe9cab83d25f43d5e16bf300489d4d468e20793a20d4d5c88513.gz
 create mode 100644 docs/work_history/review_loop/pr8023/objects/c8549bb246bb2096763a5536f4ee68c77543727f2e61f607b211a5eb8700e953.gz
 create mode 100644 docs/work_history/review_loop/pr8023/objects/c873c6151d3c2c1dfd1d9c37c3ac61736c4359fec72ee1981d40fda3ae3adfde.gz
 create mode 100644 docs/work_history/review_loop/pr8023/objects/c8957b0e0abdd179cabc045c56ec32b11effcfa7e55245dc9a5017004be325db.gz
 create mode 100644 docs/work_history/review_loop/pr8023/objects/c8a17404ec99d1dcfb3a4b70df928fba6f18402b8e89186778fce94b8f815bb7.gz
 create mode 100644 docs/work_history/review_loop/pr8023/objects/ca05196b9801acd7633d55a3ac09109bf7b08a9982c112f208c96c36cd107df6.gz
 create mode 100644 docs/work_history/review_loop/pr8023/objects/cb2fe759e0f0562f9215fa666533c29aaeeedea605f0538eb171a1586f825fb5.gz
 create mode 100644 docs/work_history/review_loop/pr8023/objects/cb3546a694baba794642eb87d695a27eb7c53af5e1885763757a81a81985b8b4.gz
 create mode 100644 docs/work_history/review_loop/pr8023/objects/cec9fd80d668383b5a0d1aa05eb18ef4b8311b9b09eae1d4f311a9e287b18a4c.gz
 create mode 100644 docs/work_history/review_loop/pr8023/objects/cf8c89037bfa15b660101f787af6173ac27ec1c9335b3714ae674c512d8b1b1e.gz
 create mode 100644 docs/work_history/review_loop/pr8023/objects/d0799efa672c506d0efff621f8a558f6849978588b22c4161027c6fd806523f5.gz
 create mode 100644 docs/work_history/review_loop/pr8023/objects/d0c804afe587fedae7e036915b4a95352ab5dade164e21501990b1e03c918aec.gz
 create mode 100644 docs/work_history/review_loop/pr8023/objects/d0e7fff66426470845ade0355bb4915753b7f508069a22c84af3b892242dfadc.gz
 create mode 100644 docs/work_history/review_loop/pr8023/objects/d150b30104aa22b8cc138eea429d5998a1660a074323ce2e2c4858ec346b9769.gz
 create mode 100644 docs/work_history/review_loop/pr8023/objects/d1b396e1544a1874040724b574a71d6091d94e1aa04a895110cf10c865a410dc.gz
 create mode 100644 docs/work_history/review_loop/pr8023/objects/d2c6c4666e1d7f98ce613927d9448767ccffff1e27a36dac64318df9f217e6b6.gz
 create mode 100644 docs/work_history/review_loop/pr8023/objects/d3a06481a930b1f7d24fe13a55f2d382039fab1ff8d9c35b5741497fcac38a42.gz
 create mode 100644 docs/work_history/review_loop/pr8023/objects/d48d9003551a03126de9f54c8af2326a5d9e0cddaea21d695f28922472341741.gz
 create mode 100644 docs/work_history/review_loop/pr8023/objects/d525323c8165c738c3895ad950bc5500897ab2d097ee479bb0e487288e37862b.gz
 create mode 100644 docs/work_history/review_loop/pr8023/objects/d561d424a646d21cb11f53a074d0f294c4b276032de34f58293c9b0055947bdc.gz
 create mode 100644 docs/work_history/review_loop/pr8023/objects/d6069e30e72679bcb8e0c5186b594bc626c4c937b26ebcb9735b2975a5a1bed2.gz
 create mode 100644 docs/work_history/review_loop/pr8023/objects/d63918f21302397451339c85efb406e467573c213ae3d6bfada646ea6005993d.gz
 create mode 100644 docs/work_history/review_loop/pr8023/objects/d71357579abb21bbc012eb50fb6850b692f0bf508ce46aa4b927a5d417c28783.gz
 create mode 100644 docs/work_history/review_loop/pr8023/objects/d71f6ee1dfee7281cef35dac060c83efd0651fd00e3a8e7118460acf4ca6799e.gz
 create mode 100644 docs/work_history/review_loop/pr8023/objects/d7dd5c343373e506c02e5176b3e33b843269d9d21ca941de4c07c082791cea36.gz
 create mode 100644 docs/work_history/review_loop/pr8023/objects/d97784142a1cffb43c7c05e7b646968bf0c002a46e8ad8f6a7df84ebcaefa0cf.gz
 create mode 100644 docs/work_history/review_loop/pr8023/objects/dacbbaf305bcac45e2a6e8de22f1cfc14568de4d130ddc127528ca285406d221.gz
 create mode 100644 docs/work_history/review_loop/pr8023/objects/db1073c7718af41515f3c982604a546cc336da29f68254bbc3b78c9f986852da.gz
 create mode 100644 docs/work_history/review_loop/pr8023/objects/db44229eee9c9becf3ad1a3f53d8da88e6f6c437937d153461ef85453b0f48b2.gz
 create mode 100644 docs/work_history/review_loop/pr8023/objects/db93522587969775a594c86f6a70ed4530b19c716ca675b43b3ba99e1ca6cef8.gz
 create mode 100644 docs/work_history/review_loop/pr8023/objects/dc8bbdbf39a8fab146aaaa2bc312195f1e85491c1c21cfe2c734726149459414.gz
 create mode 100644 docs/work_history/review_loop/pr8023/objects/dcd8abc83c618547896f02304c4b206e60b02169bb58599fdbb660208cdec321.gz
 create mode 100644 docs/work_history/review_loop/pr8023/objects/ddabde48fbe92e986fc0d45b60727030ed353a538b4fcc5bfb25926add9e2f13.gz
 create mode 100644 docs/work_history/review_loop/pr8023/objects/ddd7b6fe13ff40eb6f475e6c82c838f08785005b139947fb4976da4ddf284aac.gz
 create mode 100644 docs/work_history/review_loop/pr8023/objects/de64286ec1501b00bc2b0a68e8dfa26ced530083f021fa0651b11bc443071689.gz
 create mode 100644 docs/work_history/review_loop/pr8023/objects/de966bc38ad542f906ee867450d21ae1d7c45dbcdbdba940e239e17f1af6b6ee.gz
 create mode 100644 docs/work_history/review_loop/pr8023/objects/e17248e94a07630e01b8fecd8dd9e644056b699f47af408d6d7d6b5f765928b7.gz
 create mode 100644 docs/work_history/review_loop/pr8023/objects/e1ca1b1bd7dd4cf0647b32d191586954578de5566bf917526bea0d8d518bdaf9.gz
 create mode 100644 docs/work_history/review_loop/pr8023/objects/e1de1ffd4ecd53edea67dd8e72e3856758259a6012f75c975481a85f9081a2aa.gz
 create mode 100644 docs/work_history/review_loop/pr8023/objects/e1ea8f549b26e6ae22789457f6188225d1f52e996080f9bea9e4fe322c9e88c8.gz
 create mode 100644 docs/work_history/review_loop/pr8023/objects/e3fa5ca6c5a24bd934f0f816c0bdb545fa83a82a37d3dae7608cf6fda40ae822.gz
 create mode 100644 docs/work_history/review_loop/pr8023/objects/e42e8bd38e71c86ae485dbe50585b8c6a2940e349c848a4ed30bcfd47a114c70.gz
 create mode 100644 docs/work_history/review_loop/pr8023/objects/e7705dc8f91fca52495e640dc47fc5876b70678f29bac93db80ec8d5e5b3e337.gz
 create mode 100644 docs/work_history/review_loop/pr8023/objects/e7c36441ea283d48e15ae2cafc65aed1d902f9cfef5e26dd6a75d99ddbb91145.gz
 create mode 100644 docs/work_history/review_loop/pr8023/objects/e8705df551acb5a0c18441462c68fe742853624dbc3fb0cf2d5b070ea9fff59b.gz
 create mode 100644 docs/work_history/review_loop/pr8023/objects/e8d392935b307e9cf21661ced688a31a18c73d60b23ae260dcbec73a2384aacc.gz
 create mode 100644 docs/work_history/review_loop/pr8023/objects/e8f404a2569e9a230a0365596dba1831867c1994432d74db6b4c1ff49b476f83.gz
 create mode 100644 docs/work_history/review_loop/pr8023/objects/e9d5718810480d8cc3319865b3602e96f695cf5930fb2197c62f08a7f70aeeb7.gz
 create mode 100644 docs/work_history/review_loop/pr8023/objects/ea14e01aa46f135f41b7b796c1df81fe3a18b9458e8cf068a00b8345be259cb0.gz
 create mode 100644 docs/work_history/review_loop/pr8023/objects/eb53fb1e42dd4e3a09e11b4204e3668a4a179bf1db54ec175eb5e41303d8b272.gz
 create mode 100644 docs/work_history/review_loop/pr8023/objects/ecb5e49cfc610d09f797f253d6dac5c85be482b3114a76ab81e1fb5ba3a8c844.gz
 create mode 100644 docs/work_history/review_loop/pr8023/objects/eccdedca1f31f708aada92c81d4662d9aee25ffa7bb550807d82afe7eecd1e3d.gz
 create mode 100644 docs/work_history/review_loop/pr8023/objects/ed1634196e53335b28593bb910d8b8ece3ac2ea2a3f62ebf8c914156a759cdcc.gz
 create mode 100644 docs/work_history/review_loop/pr8023/objects/edccef978a598cc6d6bdb6a52c5914917a37d8af00bc873f25317bceb4a074a1.gz
 create mode 100644 docs/work_history/review_loop/pr8023/objects/edd7bc43003ee9a08ed063fa119312824a9366756517380d409bd0701b77d133.gz
 create mode 100644 docs/work_history/review_loop/pr8023/objects/ee0408773422398770ef2db9d7797604c68590ec192a1cb6a3292d57fabeab4d.gz
 create mode 100644 docs/work_history/review_loop/pr8023/objects/ee16b470c83e66ad0326fd7969f25019c1e5a3c82fec6df66150389f9ecb70b3.gz
 create mode 100644 docs/work_history/review_loop/pr8023/objects/ee47a4e7abe233045ecf9e0b933071ab85505b595cb5c9d69ea43db383ff39ec.gz
 create mode 100644 docs/work_history/review_loop/pr8023/objects/ee49d6a458d80ea4c6c4615b053d89e2cf0f9cce8f1c45cda0d928584bd2a8bd.gz
 create mode 100644 docs/work_history/review_loop/pr8023/objects/ee5e9b87f1b53a8e2a6671a28db1d5e392915a5b0200b70aba4553f0837a428f.gz
 create mode 100644 docs/work_history/review_loop/pr8023/objects/ee9d859c20e571fc5e1b805b93bf74e5ba2449183f821ae05142155e659414dd.gz
 create mode 100644 docs/work_history/review_loop/pr8023/objects/efd6dacd24cfefac9ffa64adc4d832371d6a62002f5502b073e5553b5aa6ad6f.gz
 create mode 100644 docs/work_history/review_loop/pr8023/objects/f034e5bde228a1bc270299a0705ff00949906bfd22ea2f07ba4e74c4654abdb8.gz
 create mode 100644 docs/work_history/review_loop/pr8023/objects/f0fe99b4c436952254b09769cbe0e987e24ed34857a20e4618c157afe7022352.gz
 create mode 100644 docs/work_history/review_loop/pr8023/objects/f11c583a7edb279b2c469ef5e5a0da20f38d18b1a43df67bf147b5d5466adda7.gz
 create mode 100644 docs/work_history/review_loop/pr8023/objects/f1c0c48eff5a5618fc2d4879e015ccb7041be58526bd49ed869027ccd6960576.gz
 create mode 100644 docs/work_history/review_loop/pr8023/objects/f2494b33d8cf012294af8ecd50c9d574839cfc8a23ee67a002151b6bb4e2c4cc.gz
 create mode 100644 docs/work_history/review_loop/pr8023/objects/f308a0b82dd65b572e2b2b52448021208cbb3ac1e9e20a9799c034e5e03491af.gz
 create mode 100644 docs/work_history/review_loop/pr8023/objects/f3653f75fc97ab7495145ab47d47f5905ca54a94771243d4a46229905d89325f.gz
 create mode 100644 docs/work_history/review_loop/pr8023/objects/f3a2a22c4f0284d98c751a37987282d5bb56416ff946faf501216cb6ac9da47f.gz
 create mode 100644 docs/work_history/review_loop/pr8023/objects/f4061e233cfbf262f79093c97098e99e872242b143ddf56c797aca57cba74f1c.gz
 create mode 100644 docs/work_history/review_loop/pr8023/objects/f40e213cc74cbc467812ba818c6f01e755b9d39a3be5692b6d162e780465fd28.gz
 create mode 100644 docs/work_history/review_loop/pr8023/objects/f4cad11e7adb665f47804a14278583f1e614a77681c254bcbf23be033b64cd39.gz
 create mode 100644 docs/work_history/review_loop/pr8023/objects/f4f54f9795280f8d3d799fbca71964d13ed224432c3cf183bcc0c5779731eb69.gz
 create mode 100644 docs/work_history/review_loop/pr8023/objects/f6dfdb6f8988f6656508383faca368577625a806b8489b3baca81572710f9c34.gz
 create mode 100644 docs/work_history/review_loop/pr8023/objects/f6ef5b0ea5a676c842272c577f27d8039d403f90a5117443298ec29a8bdfed25.gz
 create mode 100644 docs/work_history/review_loop/pr8023/objects/f823e96b58f9b7662696dfe496810786d5a06ae2abd825d6127e33188a9f0e1d.gz
 create mode 100644 docs/work_history/review_loop/pr8023/objects/f8b1e9210d8e87e3db4924add6dba561600a77aa604fb6c6c3af54c5b4c38b56.gz
 create mode 100644 docs/work_history/review_loop/pr8023/objects/f929322b76a6dfba57317135fef8e4b37a4112eb61098ded864da1fc456346c5.gz
 create mode 100644 docs/work_history/review_loop/pr8023/objects/f92afe3dad74b70b0b2406595a98208913a14d564ed4e481b5d2faaac077f835.gz
 create mode 100644 docs/work_history/review_loop/pr8023/objects/f9841e88e4eb84af436259b0d4b3d72cd1a76f56be811a4460ab9b5ac0b51a58.gz
 create mode 100644 docs/work_history/review_loop/pr8023/objects/fa74bb78510e060b54bb114a82d539a34339ee6d2281179d246cb5c3850de594.gz
 create mode 100644 docs/work_history/review_loop/pr8023/objects/fb1982df5c64bf74cf14df133f2712504ad4f7dad6a4405ccd33c07ad1697ff9.gz
 create mode 100644 docs/work_history/review_loop/pr8023/objects/fd32257bb223c0868d7baf5398e141040215f2f9965233aa4b8bc08bae128bc6.gz
 create mode 100644 docs/work_history/review_loop/pr8023/objects/fd63ace822b58ee12a8ab22dffcb987e96864736d6cdba021c43866f37e3a5d7.gz
 create mode 100644 docs/work_history/review_loop/pr8023/objects/ff2ce044dc0224f5958cc1e58b96bfd5ed232613e723730bebb5ace81cb561b1.gz
 create mode 100644 docs/work_history/review_loop/pr8023/objects/ffb8c37536c2dc4464d81da351fea30ae0ec506ccc0e9de3d65b2451796cda81.gz
 create mode 100644 docs/work_history/review_loop/pr8023/objects/ffc738bff418ce98419050757fd577afa19fda496adce9d67220c514a64a8189.gz
 create mode 100644 docs/work_history/review_loop/pr8023/original-manifest.json
 create mode 100644 logs/runner-cache/gauge_wilson_compact_cube_finite_qubit_cutoff_2026_09_07.txt
 create mode 100644 logs/runner-cache/gauge_wilson_compact_cube_galerkin_spectral_enclosures_2026_09_07.txt
 create mode 100644 scripts/gauge_wilson_compact_cube_finite_qubit_cutoff_2026_09_07.py
 create mode 100644 scripts/gauge_wilson_compact_cube_galerkin_spectral_enclosures_2026_09_07.py
FROZEN d8d92d8cf00f7ccbcd45537c6b23d66e7ee261b6 sources 392 inputs 405 notes 2
