native_certified_imaginary_time_note_2026-09-09 bounded_theorem unaudited ['scripts/native_certified_imaginary_time_2026_09_09_algebra.py']
native_pair_vacuum_chart_note_2026-09-09 bounded_theorem unaudited ['scripts/native_pair_vacuum_chart_controls_2026_09_09.py']
docs/audit/data/citation_graph_manifest.json | 44 ++++++++++++++++++++++++++--
 1 file changed, 42 insertions(+), 2 deletions(-)
[detached HEAD 82c1310acc] Acknowledge reviewed source topology for train48
 Committer: Jon Bridger Apps <jonBridger@Jonathons-Mac-mini.local>
Your name and email address were configured automatically based
on your username and hostname. Please check that they are accurate.
You can suppress this message by setting them explicitly:

    git config --global user.name "Your Name"
    git config --global user.email you@example.com

After doing this, you may fix the identity used for this commit with:

    git commit --amend --reset-author

 1 file changed, 42 insertions(+), 2 deletions(-)
From https://github.com/jonathonreilly/cl3-lattice-framework
 * branch                  main       -> FETCH_HEAD
remote: This repository moved. Please use the new location:        
remote:   https://github.com/jonathonreilly/qubit-lattice-axiom-framework.git        
remote: Bypassed rule violations for refs/heads/main:        
remote: 
remote: - Changes must be made through a pull request.        
remote: 
To https://github.com/jonathonreilly/cl3-lattice-framework.git
   be5e5e07f6..82c1310acc  HEAD -> main
From https://github.com/jonathonreilly/cl3-lattice-framework
 * branch                  main       -> FETCH_HEAD
LANDED 82c1310accbcfebcba95ff23c06049309c54cc0f
