gauge_wilson_weak_window_quantitative_bounds_and_haar_contact_fdd_bounded_theorem_note_2026-09-07 bounded_theorem unaudited ['scripts/gauge_wilson_haar_contact_fdd_controls_2026_09_07.py']
docs/audit/data/citation_graph_manifest.json | 12 ++++++++++--
 1 file changed, 10 insertions(+), 2 deletions(-)
[detached HEAD 631d6b36cd] Acknowledge reviewed source topology for train77
 Committer: Jon Bridger Apps <jonBridger@Jonathons-Mac-mini.local>
Your name and email address were configured automatically based
on your username and hostname. Please check that they are accurate.
You can suppress this message by setting them explicitly:

    git config --global user.name "Your Name"
    git config --global user.email you@example.com

After doing this, you may fix the identity used for this commit with:

    git commit --amend --reset-author

 1 file changed, 10 insertions(+), 2 deletions(-)
From https://github.com/jonathonreilly/cl3-lattice-framework
 * branch                  main       -> FETCH_HEAD
remote: This repository moved. Please use the new location:        
remote:   https://github.com/jonathonreilly/qubit-lattice-axiom-framework.git        
remote: Bypassed rule violations for refs/heads/main:        
remote: 
remote: - Changes must be made through a pull request.        
remote: 
To https://github.com/jonathonreilly/cl3-lattice-framework.git
   16574d8f02..631d6b36cd  HEAD -> main
From https://github.com/jonathonreilly/cl3-lattice-framework
 * branch                  main       -> FETCH_HEAD
LANDED 631d6b36cd1e9b860763ebcad36e40a2bbe7439c
