[detached HEAD 96e6b33ef1] Preserve independently reviewed source unit PR8159
 Date: Tue Sep 22 21:54:46 2026 -0400
 Committer: Jon Bridger Apps <jonBridger@Jonathons-Mac-mini.local>
Your name and email address were configured automatically based
on your username and hostname. Please check that they are accurate.
You can suppress this message by setting them explicitly:

    git config --global user.name "Your Name"
    git config --global user.email you@example.com

After doing this, you may fix the identity used for this commit with:

    git commit --amend --reset-author

 520 files changed, 46033 insertions(+)
 create mode 100644 docs/CHARGED_RING_SLOW_SPECTRUM_BOUNDED_THEOREM_NOTE_2026-09-15.md
 create mode 100644 docs/CUBIC_FOURIER_ENERGY_AND_GAUSSIAN_REGISTERS_BOUNDED_THEOREM_NOTE_2026-09-15.md
 create mode 100644 docs/CYCLIC_EQUILIBRIUM_AND_INTEGER_GAUSS_LIMIT_BOUNDED_THEOREM_NOTE_2026-09-15.md
 create mode 100644 docs/EXACT_GAUGE_WARD_RESPONSE_IDENTITIES_BOUNDED_THEOREM_NOTE_2026-09-15.md
 create mode 100644 docs/FINITE_GRAPH_CYCLIC_WEAK_COUPLING_LIMITS_BOUNDED_THEOREM_NOTE_2026-09-15.md
 create mode 100644 docs/FINITE_NATIVE_WINDING_CURVATURE_BOUNDED_THEOREM_NOTE_2026-09-15.md
 create mode 100644 docs/FIXED_BOX_SLOW_SPECTRUM_AND_HARMONIC_METRIC_BOUNDED_THEOREM_NOTE_2026-09-15.md
 create mode 100644 docs/FIXED_COUPLING_ROTOR_GROUND_CUTOFF_COMPACTNESS_BOUNDED_THEOREM_NOTE_2026-09-15.md
 create mode 100644 docs/FREE_WEYL_HOLONOMY_MINIMIZATION_BOUNDED_THEOREM_NOTE_2026-09-15.md
 create mode 100644 docs/HYBRID_GENERATORS_INTEGRATED_RATES_AND_CURVATURE_WITNESS_BOUNDED_THEOREM_NOTE_2026-09-15.md
 create mode 100644 docs/ITERATED_LOCAL_MAXWELL_MATTER_STATE_BOUNDED_THEOREM_NOTE_2026-09-15.md
 create mode 100644 docs/LOCAL_SOURCE_DIAGONAL_SPECTRAL_BOUNDS_BOUNDED_THEOREM_NOTE_2026-09-15.md
 create mode 100644 docs/NATIVE_CHARGE_MOTION_AND_SPECTRAL_WEIGHT_BOUNDS_BOUNDED_THEOREM_NOTE_2026-09-15.md
 create mode 100644 docs/NATIVE_MIXED_SIXTH_ORDER_COEFFICIENT_BOUNDED_THEOREM_NOTE_2026-09-15.md
 create mode 100644 docs/POLARIZED_WORD_CARRIER_AND_ESSENTIAL_THRESHOLD_BOUNDED_THEOREM_NOTE_2026-09-15.md
 create mode 100644 docs/POSITIVE_AUXILIARY_CURRENT_LAW_AND_REGULATOR_WITNESS_BOUNDED_THEOREM_NOTE_2026-09-15.md
 create mode 100644 docs/POSITIVE_ELECTRIC_GENERATOR_CONE_BOUNDS_BOUNDED_THEOREM_NOTE_2026-09-15.md
 create mode 100644 docs/REAL_OVERLAP_LOCAL_SOURCE_THRESHOLD_BOUNDED_THEOREM_NOTE_2026-09-15.md
 create mode 100644 docs/SIGNED_FOREST_FIXED_ORDER_REMAINDERS_AND_RESTRICTED_LOOP_SUMS_BOUNDED_THEOREM_NOTE_2026-09-15.md
 create mode 100644 docs/SUPPLIED_ALGEBRA_ACTION_AND_KERNEL_SUPPORT_BOUNDED_THEOREM_NOTE_2026-09-15.md
 create mode 100644 docs/SUPPLIED_MATCHED_FREE_CONE_BOUNDED_THEOREM_NOTE_2026-09-15.md
 create mode 100644 docs/SUPPLIED_QUARTET_LEADING_DECAY_BOUNDS_BOUNDED_THEOREM_NOTE_2026-09-15.md
 create mode 100644 docs/SUPPLIED_QUARTET_LINEAR_METRIC_FLOW_BOUNDED_THEOREM_NOTE_2026-09-15.md
 create mode 100644 docs/SUPPLIED_QUARTET_QUADRATIC_BACKREACTION_BOUNDED_THEOREM_NOTE_2026-09-15.md
 create mode 100644 docs/SUPPLIED_RECORD_LAWS_AND_COMMON_ORDER_KERNELS_BOUNDED_THEOREM_NOTE_2026-09-15.md
 create mode 100644 docs/work_history/review_loop/pr8159/README.md
 create mode 100644 docs/work_history/review_loop/pr8159/imports/BLOCK27_ALL_COMPONENT_MIXED_COEFFICIENT.md.gz
 create mode 100644 docs/work_history/review_loop/pr8159/imports/manifest.json
 create mode 100644 docs/work_history/review_loop/pr8159/manifest.json
 create mode 100644 docs/work_history/review_loop/pr8159/originals/001-APPROACH_REGISTRY.md.gz
 create mode 100644 docs/work_history/review_loop/pr8159/originals/002-GOAL.md.gz
 create mode 100644 docs/work_history/review_loop/pr8159/originals/003-HANDOFF.md.gz
 create mode 100644 docs/work_history/review_loop/pr8159/originals/004-NO_GO_LEDGER.md.gz
 create mode 100644 docs/work_history/review_loop/pr8159/originals/005-OPPORTUNITY_QUEUE.md.gz
 create mode 100644 docs/work_history/review_loop/pr8159/originals/006-READING_LEDGER.md.gz
 create mode 100644 docs/work_history/review_loop/pr8159/originals/007-README.md.gz
 create mode 100644 docs/work_history/review_loop/pr8159/originals/008-STATE.yaml.gz
 create mode 100644 docs/work_history/review_loop/pr8159/originals/009-TRACE_GATE.md.gz
 create mode 100644 docs/work_history/review_loop/pr8159/originals/010-block10_local_spectrum_check.json.gz
 create mode 100644 docs/work_history/review_loop/pr8159/originals/011-block10_local_spectrum_check.py.gz
 create mode 100644 docs/work_history/review_loop/pr8159/originals/012-block10_local_spectrum_check.txt.gz
 create mode 100644 docs/work_history/review_loop/pr8159/originals/013-block11_quartet_metric_check.json.gz
 create mode 100644 docs/work_history/review_loop/pr8159/originals/014-block11_quartet_metric_check.py.gz
 create mode 100644 docs/work_history/review_loop/pr8159/originals/015-block11_quartet_metric_check.txt.gz
 create mode 100644 docs/work_history/review_loop/pr8159/originals/016-block12_ground_cutoff_check.json.gz
 create mode 100644 docs/work_history/review_loop/pr8159/originals/017-block12_ground_cutoff_check.py.gz
 create mode 100644 docs/work_history/review_loop/pr8159/originals/018-block12_ground_cutoff_check.txt.gz
 create mode 100644 docs/work_history/review_loop/pr8159/originals/019-block13_quadratic_coframe_check.json.gz
 create mode 100644 docs/work_history/review_loop/pr8159/originals/020-block13_quadratic_coframe_check.py.gz
 create mode 100644 docs/work_history/review_loop/pr8159/originals/021-block13_quadratic_coframe_check.txt.gz
 create mode 100644 docs/work_history/review_loop/pr8159/originals/022-block14_decay_check.json.gz
 create mode 100644 docs/work_history/review_loop/pr8159/originals/023-block14_decay_check.py.gz
 create mode 100644 docs/work_history/review_loop/pr8159/originals/024-block14_decay_check.txt.gz
 create mode 100644 docs/work_history/review_loop/pr8159/originals/025-block15_mixed_history_check.json.gz
 create mode 100644 docs/work_history/review_loop/pr8159/originals/026-block15_mixed_history_check.py.gz
 create mode 100644 docs/work_history/review_loop/pr8159/originals/027-block15_mixed_history_check.txt.gz
 create mode 100644 docs/work_history/review_loop/pr8159/originals/028-block16_cyclic_equilibrium_check.json.gz
 create mode 100644 docs/work_history/review_loop/pr8159/originals/029-block16_cyclic_equilibrium_check.py.gz
 create mode 100644 docs/work_history/review_loop/pr8159/originals/030-block16_cyclic_equilibrium_check.stderr.gz
 create mode 100644 docs/work_history/review_loop/pr8159/originals/031-block16_cyclic_equilibrium_check.txt.gz
 create mode 100644 docs/work_history/review_loop/pr8159/originals/032-block17_cyclic_scaling_check.json.gz
 create mode 100644 docs/work_history/review_loop/pr8159/originals/033-block17_cyclic_scaling_check.py.gz
 create mode 100644 docs/work_history/review_loop/pr8159/originals/034-block17_cyclic_scaling_check.stderr.gz
 create mode 100644 docs/work_history/review_loop/pr8159/originals/035-block17_cyclic_scaling_check.txt.gz
 create mode 100644 docs/work_history/review_loop/pr8159/originals/036-block18_positive_generator_check.json.gz
 create mode 100644 docs/work_history/review_loop/pr8159/originals/037-block18_positive_generator_check.py.gz
 create mode 100644 docs/work_history/review_loop/pr8159/originals/038-block18_positive_generator_check.stderr.gz
 create mode 100644 docs/work_history/review_loop/pr8159/originals/039-block18_positive_generator_check.txt.gz
 create mode 100644 docs/work_history/review_loop/pr8159/originals/040-block19_charged_ring_check.json.gz
 create mode 100644 docs/work_history/review_loop/pr8159/originals/041-block19_charged_ring_check.py.gz
 create mode 100644 docs/work_history/review_loop/pr8159/originals/042-block19_charged_ring_check.stderr.gz
 create mode 100644 docs/work_history/review_loop/pr8159/originals/043-block19_charged_ring_check.txt.gz
 create mode 100644 docs/work_history/review_loop/pr8159/originals/044-block1_hybrid_curvature_check.json.gz
 create mode 100644 docs/work_history/review_loop/pr8159/originals/045-block1_hybrid_curvature_check.py.gz
 create mode 100644 docs/work_history/review_loop/pr8159/originals/046-block1_hybrid_generator_check.json.gz
 create mode 100644 docs/work_history/review_loop/pr8159/originals/047-block1_hybrid_generator_check.py.gz
 create mode 100644 docs/work_history/review_loop/pr8159/originals/048-block1_integrated_rate_check.json.gz
 create mode 100644 docs/work_history/review_loop/pr8159/originals/049-block1_integrated_rate_check.py.gz
 create mode 100644 docs/work_history/review_loop/pr8159/originals/050-block20_holonomy_check.json.gz
 create mode 100644 docs/work_history/review_loop/pr8159/originals/051-block20_holonomy_check.py.gz
 create mode 100644 docs/work_history/review_loop/pr8159/originals/052-block20_holonomy_check.stderr.gz
 create mode 100644 docs/work_history/review_loop/pr8159/originals/053-block20_holonomy_check.txt.gz
 create mode 100644 docs/work_history/review_loop/pr8159/originals/054-block21_slow_fast_check.json.gz
 create mode 100644 docs/work_history/review_loop/pr8159/originals/055-block21_slow_fast_check.py.gz
 create mode 100644 docs/work_history/review_loop/pr8159/originals/056-block21_slow_fast_check.stderr.gz
 create mode 100644 docs/work_history/review_loop/pr8159/originals/057-block21_slow_fast_check.txt.gz
 create mode 100644 docs/work_history/review_loop/pr8159/originals/058-block22_physical_probe_check.json.gz
 create mode 100644 docs/work_history/review_loop/pr8159/originals/059-block22_physical_probe_check.py.gz
 create mode 100644 docs/work_history/review_loop/pr8159/originals/060-block22_physical_probe_check.stderr.gz
 create mode 100644 docs/work_history/review_loop/pr8159/originals/061-block22_physical_probe_check.txt.gz
 create mode 100644 docs/work_history/review_loop/pr8159/originals/062-block23_matched_cone_check.json.gz
 create mode 100644 docs/work_history/review_loop/pr8159/originals/063-block23_matched_cone_check.py.gz
 create mode 100644 docs/work_history/review_loop/pr8159/originals/064-block23_matched_cone_check.stderr.gz
 create mode 100644 docs/work_history/review_loop/pr8159/originals/065-block23_matched_cone_check.txt.gz
 create mode 100644 docs/work_history/review_loop/pr8159/originals/066-block24_response_identity_check.json.gz
 create mode 100644 docs/work_history/review_loop/pr8159/originals/067-block24_response_identity_check.py.gz
 create mode 100644 docs/work_history/review_loop/pr8159/originals/068-block24_response_identity_check.stderr.gz
 create mode 100644 docs/work_history/review_loop/pr8159/originals/069-block24_response_identity_check.txt.gz
 create mode 100644 docs/work_history/review_loop/pr8159/originals/070-block25_visible_threshold_check.json.gz
 create mode 100644 docs/work_history/review_loop/pr8159/originals/071-block25_visible_threshold_check.py.gz
 create mode 100644 docs/work_history/review_loop/pr8159/originals/072-block25_visible_threshold_check.stderr.gz
 create mode 100644 docs/work_history/review_loop/pr8159/originals/073-block25_visible_threshold_check.txt.gz
 create mode 100644 docs/work_history/review_loop/pr8159/originals/074-block2_cofactor_cyclic_check.json.gz
 create mode 100644 docs/work_history/review_loop/pr8159/originals/075-block2_cofactor_cyclic_check.py.gz
 create mode 100644 docs/work_history/review_loop/pr8159/originals/076-block2_contact_register_check.json.gz
 create mode 100644 docs/work_history/review_loop/pr8159/originals/077-block2_contact_register_check.py.gz
 create mode 100644 docs/work_history/review_loop/pr8159/originals/078-block2_cut_completion_check.json.gz
 create mode 100644 docs/work_history/review_loop/pr8159/originals/079-block2_cut_completion_check.py.gz
 create mode 100644 docs/work_history/review_loop/pr8159/originals/080-block2_determinant_exclusion_check.json.gz
 create mode 100644 docs/work_history/review_loop/pr8159/originals/081-block2_determinant_exclusion_check.py.gz
 create mode 100644 docs/work_history/review_loop/pr8159/originals/082-block2_forest_interpolation_check.json.gz
 create mode 100644 docs/work_history/review_loop/pr8159/originals/083-block2_forest_interpolation_check.py.gz
 create mode 100644 docs/work_history/review_loop/pr8159/originals/084-block2_gaussian_cycle_check.json.gz
 create mode 100644 docs/work_history/review_loop/pr8159/originals/085-block2_gaussian_cycle_check.py.gz
 create mode 100644 docs/work_history/review_loop/pr8159/originals/086-block2_graph_source_check.json.gz
 create mode 100644 docs/work_history/review_loop/pr8159/originals/087-block2_graph_source_check.py.gz
 create mode 100644 docs/work_history/review_loop/pr8159/originals/088-block2_hard_core_cycle_check.json.gz
 create mode 100644 docs/work_history/review_loop/pr8159/originals/089-block2_hard_core_cycle_check.py.gz
 create mode 100644 docs/work_history/review_loop/pr8159/originals/090-block2_operator_source_check.json.gz
 create mode 100644 docs/work_history/review_loop/pr8159/originals/091-block2_operator_source_check.py.gz
 create mode 100644 docs/work_history/review_loop/pr8159/originals/092-block2_partition_exclusion_check.json.gz
 create mode 100644 docs/work_history/review_loop/pr8159/originals/093-block2_partition_exclusion_check.py.gz
 create mode 100644 docs/work_history/review_loop/pr8159/originals/094-block2_phase_energy_check.json.gz
 create mode 100644 docs/work_history/review_loop/pr8159/originals/095-block2_phase_energy_check.py.gz
 create mode 100644 docs/work_history/review_loop/pr8159/originals/096-block3_general_order_check.json.gz
 create mode 100644 docs/work_history/review_loop/pr8159/originals/097-block3_general_order_check.py.gz
 create mode 100644 docs/work_history/review_loop/pr8159/originals/098-block3_general_order_check.txt.gz
 create mode 100644 docs/work_history/review_loop/pr8159/originals/099-block3_record_pair_check.json.gz
 create mode 100644 docs/work_history/review_loop/pr8159/originals/100-block3_record_pair_check.py.gz
 create mode 100644 docs/work_history/review_loop/pr8159/originals/101-block3_record_pair_check.txt.gz
 create mode 100644 docs/work_history/review_loop/pr8159/originals/102-block4_fourier_gaussian_register_check.json.gz
 create mode 100644 docs/work_history/review_loop/pr8159/originals/103-block4_fourier_gaussian_register_check.py.gz
 create mode 100644 docs/work_history/review_loop/pr8159/originals/104-block4_fourier_gaussian_register_check.txt.gz
 create mode 100644 docs/work_history/review_loop/pr8159/originals/105-block4_tree_count_check.json.gz
 create mode 100644 docs/work_history/review_loop/pr8159/originals/106-block4_tree_count_check.py.gz
 create mode 100644 docs/work_history/review_loop/pr8159/originals/107-block5_algebra_naturality_check.json.gz
 create mode 100644 docs/work_history/review_loop/pr8159/originals/108-block5_algebra_naturality_check.py.gz
 create mode 100644 docs/work_history/review_loop/pr8159/originals/109-block5_algebra_naturality_check.txt.gz
 create mode 100644 docs/work_history/review_loop/pr8159/originals/110-block5_inverse_corner_support_check.json.gz
 create mode 100644 docs/work_history/review_loop/pr8159/originals/111-block5_inverse_corner_support_check.py.gz
 create mode 100644 docs/work_history/review_loop/pr8159/originals/112-block5_inverse_corner_support_check.txt.gz
 create mode 100644 docs/work_history/review_loop/pr8159/originals/113-block6_positive_auxiliary_check.json.gz
 create mode 100644 docs/work_history/review_loop/pr8159/originals/114-block6_positive_auxiliary_check.py.gz
 create mode 100644 docs/work_history/review_loop/pr8159/originals/115-block6_positive_auxiliary_check.txt.gz
 create mode 100644 docs/work_history/review_loop/pr8159/originals/116-block7_native_motion_check.json.gz
 create mode 100644 docs/work_history/review_loop/pr8159/originals/117-block7_native_motion_check.py.gz
 create mode 100644 docs/work_history/review_loop/pr8159/originals/118-block7_native_motion_check.txt.gz
 create mode 100644 docs/work_history/review_loop/pr8159/originals/119-block8_native_twist_check.json.gz
 create mode 100644 docs/work_history/review_loop/pr8159/originals/120-block8_native_twist_check.py.gz
 create mode 100644 docs/work_history/review_loop/pr8159/originals/121-block8_native_twist_check.txt.gz
 create mode 100644 docs/work_history/review_loop/pr8159/originals/122-block9_polarized_word_check.json.gz
 create mode 100644 docs/work_history/review_loop/pr8159/originals/123-block9_polarized_word_check.py.gz
 create mode 100644 docs/work_history/review_loop/pr8159/originals/124-block9_polarized_word_check.txt.gz
 create mode 100644 docs/work_history/review_loop/pr8159/originals/125-review_harmonic_metric_check.json.gz
 create mode 100644 docs/work_history/review_loop/pr8159/originals/126-review_harmonic_metric_check.py.gz
 create mode 100644 docs/work_history/review_loop/pr8159/originals/127-review_harmonic_metric_check.stderr.gz
 create mode 100644 docs/work_history/review_loop/pr8159/originals/128-review_harmonic_metric_check.txt.gz
 create mode 100644 docs/work_history/review_loop/pr8159/originals/129-BLOCK10_LOCAL_SOURCE_SPECTRA_AND_DARK_THRESHOLD.md.gz
 create mode 100644 docs/work_history/review_loop/pr8159/originals/130-BLOCK10_ROUTE_AND_NO_GO_REVIEW.md.gz
 create mode 100644 docs/work_history/review_loop/pr8159/originals/131-BLOCK11_QUARTET_METRIC_FLOW_AND_POLARIZATION.md.gz
 create mode 100644 docs/work_history/review_loop/pr8159/originals/132-BLOCK11_ROUTE_AND_NO_GO_REVIEW.md.gz
 create mode 100644 docs/work_history/review_loop/pr8159/originals/133-BLOCK12_GROUND_STATE_CUTOFF_COMPACTNESS.md.gz
 create mode 100644 docs/work_history/review_loop/pr8159/originals/134-BLOCK12_ROUTE_AND_NO_GO_REVIEW.md.gz
 create mode 100644 docs/work_history/review_loop/pr8159/originals/135-BLOCK13_QUARTET_QUADRATIC_BACKREACTION.md.gz
 create mode 100644 docs/work_history/review_loop/pr8159/originals/136-BLOCK13_ROUTE_AND_NO_GO_REVIEW.md.gz
 create mode 100644 docs/work_history/review_loop/pr8159/originals/137-BLOCK14_QUARTET_DECAY_AND_CONE_STABILITY.md.gz
 create mode 100644 docs/work_history/review_loop/pr8159/originals/138-BLOCK14_ROUTE_AND_NO_GO_REVIEW.md.gz
 create mode 100644 docs/work_history/review_loop/pr8159/originals/139-BLOCK15_MIXED_HISTORY_BOUNDEDNESS_AND_SIXTH_POLE.md.gz
 create mode 100644 docs/work_history/review_loop/pr8159/originals/140-BLOCK15_ROUTE_AND_NO_GO_REVIEW.md.gz
 create mode 100644 docs/work_history/review_loop/pr8159/originals/141-BLOCK16_CYCLIC_EQUILIBRIUM_AND_INTEGER_GAUSS_LIMIT.md.gz
 create mode 100644 docs/work_history/review_loop/pr8159/originals/142-BLOCK16_ROUTE_AND_NO_GO_REVIEW.md.gz
 create mode 100644 docs/work_history/review_loop/pr8159/originals/143-BLOCK17_CYCLIC_WEAK_COUPLING_SPECTRAL_LIMITS.md.gz
 create mode 100644 docs/work_history/review_loop/pr8159/originals/144-BLOCK17_ROUTE_AND_NO_GO_REVIEW.md.gz
 create mode 100644 docs/work_history/review_loop/pr8159/originals/145-BLOCK18_POSITIVE_ELECTRIC_GENERATOR_ACCURACY.md.gz
 create mode 100644 docs/work_history/review_loop/pr8159/originals/146-BLOCK18_ROUTE_AND_NO_GO_REVIEW.md.gz
 create mode 100644 docs/work_history/review_loop/pr8159/originals/147-BLOCK19_CHARGED_RING_SLOW_SPECTRUM.md.gz
 create mode 100644 docs/work_history/review_loop/pr8159/originals/148-BLOCK19_ROUTE_AND_NO_GO_REVIEW.md.gz
 create mode 100644 docs/work_history/review_loop/pr8159/originals/149-BLOCK1_BOUNDED_RATE_ALTERNATIVE.md.gz
 create mode 100644 docs/work_history/review_loop/pr8159/originals/150-BLOCK1_CURVATURE_TEST_DESIGN.md.gz
 create mode 100644 docs/work_history/review_loop/pr8159/originals/151-BLOCK1_INTEGRATED_IDENTITIES_AND_RATE_MOMENTS.md.gz
 create mode 100644 docs/work_history/review_loop/pr8159/originals/152-BLOCK1_POINTWISE_CURVATURE_WITNESS.md.gz
 create mode 100644 docs/work_history/review_loop/pr8159/originals/153-BLOCK1_POSITIVE_HYBRID_GENERATOR.md.gz
 create mode 100644 docs/work_history/review_loop/pr8159/originals/154-BLOCK20_ROUTE_AND_NO_GO_REVIEW.md.gz
 create mode 100644 docs/work_history/review_loop/pr8159/originals/155-BLOCK20_WEYL_HOLONOMY_CASIMIR_SELECTION.md.gz
 create mode 100644 docs/work_history/review_loop/pr8159/originals/156-BLOCK21_FIXED_BOX_SLOW_HOLONOMY_THEOREM.md.gz
 create mode 100644 docs/work_history/review_loop/pr8159/originals/157-BLOCK21_ROUTE_AND_NO_GO_REVIEW.md.gz
 create mode 100644 docs/work_history/review_loop/pr8159/originals/158-BLOCK22_ITERATED_PHYSICAL_MAXWELL_MATTER_STATE.md.gz
 create mode 100644 docs/work_history/review_loop/pr8159/originals/159-BLOCK22_ROUTE_AND_NO_GO_REVIEW.md.gz
 create mode 100644 docs/work_history/review_loop/pr8159/originals/160-BLOCK23_MATCHED_FREE_CONE_WITH_POSITIVE_WEIGHTS.md.gz
 create mode 100644 docs/work_history/review_loop/pr8159/originals/161-BLOCK23_ROUTE_AND_NO_GO_REVIEW.md.gz
 create mode 100644 docs/work_history/review_loop/pr8159/originals/162-BLOCK24_EXACT_RESPONSE_IDENTITIES_AND_PHASE_TEST.md.gz
 create mode 100644 docs/work_history/review_loop/pr8159/originals/163-BLOCK24_ROUTE_AND_NO_GO_REVIEW.md.gz
 create mode 100644 docs/work_history/review_loop/pr8159/originals/164-BLOCK25_ROUTE_AND_NO_GO_REVIEW.md.gz
 create mode 100644 docs/work_history/review_loop/pr8159/originals/165-BLOCK25_VISIBLE_THRESHOLD_ON_REAL_OVERLAP_MOMENTA.md.gz
 create mode 100644 docs/work_history/review_loop/pr8159/originals/166-BLOCK2_ASSUMPTIONS_AND_ROUTE_REFRAME.md.gz
 create mode 100644 docs/work_history/review_loop/pr8159/originals/167-BLOCK2_COFACTOR_CYCLIC_REALIZATIONS.md.gz
 create mode 100644 docs/work_history/review_loop/pr8159/originals/168-BLOCK2_COMPATIBLE_LOOP_QUADRATIC_LIMIT.md.gz
 create mode 100644 docs/work_history/review_loop/pr8159/originals/169-BLOCK2_CONTACT_REGISTER_SUM.md.gz
 create mode 100644 docs/work_history/review_loop/pr8159/originals/170-BLOCK2_DETERMINANT_EXCLUSION_AND_LOCAL_DERIVATIVES.md.gz
 create mode 100644 docs/work_history/review_loop/pr8159/originals/171-BLOCK2_FRONTIER_REASSESSMENT.md.gz
 create mode 100644 docs/work_history/review_loop/pr8159/originals/172-BLOCK2_GAUSSIAN_DRESSED_CYCLE_SOURCE_SUM.md.gz
 create mode 100644 docs/work_history/review_loop/pr8159/originals/173-BLOCK2_GRAPH_HOLDER_SOURCE_REMAINDER.md.gz
 create mode 100644 docs/work_history/review_loop/pr8159/originals/174-BLOCK2_HARD_CORE_GAUSSIAN_CYCLE_SOURCE_SUM.md.gz
 create mode 100644 docs/work_history/review_loop/pr8159/originals/175-BLOCK2_MACROSCOPIC_COMPONENT_SOURCE_BOUND.md.gz
 create mode 100644 docs/work_history/review_loop/pr8159/originals/176-BLOCK2_ORDER_GROWTH_AND_SUMMATION_OBLIGATION.md.gz
 create mode 100644 docs/work_history/review_loop/pr8159/originals/177-BLOCK2_PHASE_PRESERVING_FOREST_INTERPOLATION.md.gz
 create mode 100644 docs/work_history/review_loop/pr8159/originals/178-BLOCK2_RANDOM_PARTITION_EXCLUSION_INTERPOLATION.md.gz
 create mode 100644 docs/work_history/review_loop/pr8159/originals/179-BLOCK2_SIGNED_SINE_OPERATOR_AND_CYCLES.md.gz
 create mode 100644 docs/work_history/review_loop/pr8159/originals/180-BLOCK2_STABLE_CUT_COMPLETION_ALL_FIXED_ORDERS.md.gz
 create mode 100644 docs/work_history/review_loop/pr8159/originals/181-BLOCK2_TWO_ROOT_PHASE_ENERGY_BOUND.md.gz
 create mode 100644 docs/work_history/review_loop/pr8159/originals/182-BLOCK3_FULL_DOMAIN_RECORD_MODEL_PAIR.md.gz
 create mode 100644 docs/work_history/review_loop/pr8159/originals/183-BLOCK3_GENERAL_ALPHABET_ORDER_INDEPENDENCE.md.gz
 create mode 100644 docs/work_history/review_loop/pr8159/originals/184-BLOCK3_NO_GO_DISCIPLINE_CHECKLIST.md.gz
 create mode 100644 docs/work_history/review_loop/pr8159/originals/185-BLOCK4_FOURIER_ENERGY_AND_GAUSSIAN_REGISTERS.md.gz
 create mode 100644 docs/work_history/review_loop/pr8159/originals/186-BLOCK4_TREE_COUNT_AND_DECORATED_CYCLE_NORMALIZATION.md.gz
 create mode 100644 docs/work_history/review_loop/pr8159/originals/187-BLOCK5_CONTINUOUS_AND_BOREL_KERNEL_SUPPORT.md.gz
 create mode 100644 docs/work_history/review_loop/pr8159/originals/188-BLOCK5_FULL_ALGEBRA_NATURALITY_AND_CENTRAL_SUPPORT.md.gz
 create mode 100644 docs/work_history/review_loop/pr8159/originals/189-BLOCK5_RECORD_GENERATED_GAUSSIAN_KERNEL.md.gz
 create mode 100644 docs/work_history/review_loop/pr8159/originals/190-BLOCK5_SCOPE_AND_NO_GO_REVIEW.md.gz
 create mode 100644 docs/work_history/review_loop/pr8159/originals/191-BLOCK6_PLANAR_LOOP_AND_QUADRATIC_REGULATOR_TEST.md.gz
 create mode 100644 docs/work_history/review_loop/pr8159/originals/192-BLOCK6_POSITIVE_AUXILIARY_CURRENT_REPRESENTATION.md.gz
 create mode 100644 docs/work_history/review_loop/pr8159/originals/193-BLOCK6_ROUTE_AND_NO_GO_REVIEW.md.gz
 create mode 100644 docs/work_history/review_loop/pr8159/originals/194-BLOCK7_NATIVE_CHARGE_MOTION_AND_SPECTRAL_WEIGHT.md.gz
 create mode 100644 docs/work_history/review_loop/pr8159/originals/195-BLOCK8_NATIVE_TWISTS_AND_WINDING_CONDUCTANCE.md.gz
 create mode 100644 docs/work_history/review_loop/pr8159/originals/196-BLOCK8_ROUTE_AND_NO_GO_REVIEW.md.gz
 create mode 100644 docs/work_history/review_loop/pr8159/originals/197-BLOCK9_POLARIZED_CHARGED_SECTOR_AND_FLAT_THRESHOLD.md.gz
 create mode 100644 docs/work_history/review_loop/pr8159/originals/198-BLOCK9_ROUTE_AND_NO_GO_REVIEW.md.gz
 create mode 100644 docs/work_history/review_loop/pr8159/originals/199-REVIEW_PERIODIC_HARMONIC_METRIC.md.gz
 create mode 100644 docs/work_history/review_loop/pr8159/originals/200-BLOCK10_PERSONAL_REVIEW.json.gz
 create mode 100644 docs/work_history/review_loop/pr8159/originals/201-BLOCK11_PERSONAL_REVIEW.json.gz
 create mode 100644 docs/work_history/review_loop/pr8159/originals/202-BLOCK12_PERSONAL_REVIEW.json.gz
 create mode 100644 docs/work_history/review_loop/pr8159/originals/203-BLOCK13_PERSONAL_REVIEW.json.gz
 create mode 100644 docs/work_history/review_loop/pr8159/originals/204-BLOCK14_PERSONAL_REVIEW.json.gz
 create mode 100644 docs/work_history/review_loop/pr8159/originals/205-BLOCK14_VOCAB.json.gz
 create mode 100644 docs/work_history/review_loop/pr8159/originals/206-BLOCK15_PARENT_REVISIONS.json.gz
 create mode 100644 docs/work_history/review_loop/pr8159/originals/207-BLOCK15_PERSONAL_REVIEW.json.gz
 create mode 100644 docs/work_history/review_loop/pr8159/originals/208-BLOCK15_PREFLIGHT.json.gz
 create mode 100644 docs/work_history/review_loop/pr8159/originals/209-BLOCK15_VOCAB.json.gz
 create mode 100644 docs/work_history/review_loop/pr8159/originals/210-BLOCK16_PARENT_REVISIONS.json.gz
 create mode 100644 docs/work_history/review_loop/pr8159/originals/211-BLOCK16_PERSONAL_REVIEW.json.gz
 create mode 100644 docs/work_history/review_loop/pr8159/originals/212-BLOCK16_VOCAB.json.gz
 create mode 100644 docs/work_history/review_loop/pr8159/originals/213-BLOCK17_PARENT_REVISIONS.json.gz
 create mode 100644 docs/work_history/review_loop/pr8159/originals/214-BLOCK17_PERSONAL_REVIEW.json.gz
 create mode 100644 docs/work_history/review_loop/pr8159/originals/215-BLOCK17_PREFLIGHT.json.gz
 create mode 100644 docs/work_history/review_loop/pr8159/originals/216-BLOCK17_VOCAB.json.gz
 create mode 100644 docs/work_history/review_loop/pr8159/originals/217-BLOCK18_PERSONAL_REVIEW.json.gz
 create mode 100644 docs/work_history/review_loop/pr8159/originals/218-BLOCK18_PREFLIGHT.json.gz
 create mode 100644 docs/work_history/review_loop/pr8159/originals/219-BLOCK18_VOCAB.json.gz
 create mode 100644 docs/work_history/review_loop/pr8159/originals/220-BLOCK19_PARENT_REVISIONS.json.gz
 create mode 100644 docs/work_history/review_loop/pr8159/originals/221-BLOCK19_PERSONAL_REVIEW.json.gz
 create mode 100644 docs/work_history/review_loop/pr8159/originals/222-BLOCK19_PREFLIGHT.json.gz
 create mode 100644 docs/work_history/review_loop/pr8159/originals/223-BLOCK19_VOCAB.json.gz
 create mode 100644 docs/work_history/review_loop/pr8159/originals/224-BLOCK1_CHECKPOINT_SOURCE_HASHES.json.gz
 create mode 100644 docs/work_history/review_loop/pr8159/originals/225-BLOCK20_PARENT_REVISIONS.json.gz
 create mode 100644 docs/work_history/review_loop/pr8159/originals/226-BLOCK20_PERSONAL_REVIEW.json.gz
 create mode 100644 docs/work_history/review_loop/pr8159/originals/227-BLOCK20_PREFLIGHT.json.gz
 create mode 100644 docs/work_history/review_loop/pr8159/originals/228-BLOCK20_VOCAB.json.gz
 create mode 100644 docs/work_history/review_loop/pr8159/originals/229-BLOCK21_PERSONAL_REVIEW.json.gz
 create mode 100644 docs/work_history/review_loop/pr8159/originals/230-BLOCK21_PREFLIGHT.json.gz
 create mode 100644 docs/work_history/review_loop/pr8159/originals/231-BLOCK21_VOCAB.json.gz
 create mode 100644 docs/work_history/review_loop/pr8159/originals/232-BLOCK22_PERSONAL_REVIEW.json.gz
 create mode 100644 docs/work_history/review_loop/pr8159/originals/233-BLOCK22_PREFLIGHT.json.gz
 create mode 100644 docs/work_history/review_loop/pr8159/originals/234-BLOCK22_VOCAB.json.gz
 create mode 100644 docs/work_history/review_loop/pr8159/originals/235-BLOCK23_PERSONAL_REVIEW.json.gz
 create mode 100644 docs/work_history/review_loop/pr8159/originals/236-BLOCK23_PREFLIGHT.json.gz
 create mode 100644 docs/work_history/review_loop/pr8159/originals/237-BLOCK23_VOCAB.json.gz
 create mode 100644 docs/work_history/review_loop/pr8159/originals/238-BLOCK24_PERSONAL_REVIEW.json.gz
 create mode 100644 docs/work_history/review_loop/pr8159/originals/239-BLOCK24_PREFLIGHT.json.gz
 create mode 100644 docs/work_history/review_loop/pr8159/originals/240-BLOCK24_PREFLIGHT_SOURCE.md.gz
 create mode 100644 docs/work_history/review_loop/pr8159/originals/241-BLOCK24_VOCAB.json.gz
 create mode 100644 docs/work_history/review_loop/pr8159/originals/242-BLOCK25_PERSONAL_REVIEW.json.gz
 create mode 100644 docs/work_history/review_loop/pr8159/originals/243-BLOCK25_PREFLIGHT.json.gz
 create mode 100644 docs/work_history/review_loop/pr8159/originals/244-BLOCK25_VOCAB.json.gz
 create mode 100644 docs/work_history/review_loop/pr8159/originals/245-BLOCK2_CONTACT_REGISTER_PERSONAL_REVIEW.json.gz
 create mode 100644 docs/work_history/review_loop/pr8159/originals/246-BLOCK2_DRESSED_CYCLE_PERSONAL_REVIEW.json.gz
 create mode 100644 docs/work_history/review_loop/pr8159/originals/247-BLOCK2_FOREST_EXCLUSION_PERSONAL_REVIEW.json.gz
 create mode 100644 docs/work_history/review_loop/pr8159/originals/248-BLOCK2_HARD_CORE_LOOP_PERSONAL_REVIEW.json.gz
 create mode 100644 docs/work_history/review_loop/pr8159/originals/249-BLOCK2_SOURCE_PERSONAL_REVIEW.json.gz
 create mode 100644 docs/work_history/review_loop/pr8159/originals/250-BLOCK3_PERSONAL_REVIEW.json.gz
 create mode 100644 docs/work_history/review_loop/pr8159/originals/251-BLOCK4_PERSONAL_REVIEW.json.gz
 create mode 100644 docs/work_history/review_loop/pr8159/originals/252-BLOCK5_PERSONAL_REVIEW.json.gz
 create mode 100644 docs/work_history/review_loop/pr8159/originals/253-BLOCK6_LITERATURE_READING.json.gz
 create mode 100644 docs/work_history/review_loop/pr8159/originals/254-BLOCK6_PERSONAL_REVIEW.json.gz
 create mode 100644 docs/work_history/review_loop/pr8159/originals/255-BLOCK7_PERSONAL_REVIEW.json.gz
 create mode 100644 docs/work_history/review_loop/pr8159/originals/256-BLOCK8_PERSONAL_REVIEW.json.gz
 create mode 100644 docs/work_history/review_loop/pr8159/originals/257-BLOCK9_PERSONAL_REVIEW.json.gz
 create mode 100644 docs/work_history/review_loop/pr8159/originals/258-END_STAGE_NEW_MAIN_READING.json.gz
 create mode 100644 docs/work_history/review_loop/pr8159/originals/259-END_STAGE_VOCAB.json.gz
 create mode 100644 docs/work_history/review_loop/pr8159/originals/260-MILESTONE_MANIFEST.json.gz
 create mode 100644 docs/work_history/review_loop/pr8159/originals/261-MILESTONE_PERSONAL_REVIEW.json.gz
 create mode 100644 docs/work_history/review_loop/pr8159/originals/262-MILESTONE_PERSONAL_REVIEW.md.gz
 create mode 100644 docs/work_history/review_loop/pr8159/originals/263-USER_EXTENSION_20260916.json.gz
 create mode 100644 docs/work_history/review_loop/pr8159/originals/264-block11_vocab.json.gz
 create mode 100644 docs/work_history/review_loop/pr8159/originals/265-block12_vocab.json.gz
 create mode 100644 docs/work_history/review_loop/pr8159/originals/266-block13_vocab.json.gz
 create mode 100644 docs/work_history/review_loop/pr8159/originals/267-BLOCK14_QUARTET_DECAY_AND_CONE_STABILITY.md.gz
 create mode 100644 docs/work_history/review_loop/pr8159/originals/268-DISPOSITION.json.gz
 create mode 100644 docs/work_history/review_loop/pr8159/originals/269-STATUS.json.gz
 create mode 100644 docs/work_history/review_loop/pr8159/originals/270-block14_decay_check.py.gz
 create mode 100644 docs/work_history/review_loop/pr8159/originals/271-diagnostic.json.gz
 create mode 100644 docs/work_history/review_loop/pr8159/originals/272-stderr.txt.gz
 create mode 100644 docs/work_history/review_loop/pr8159/originals/273-stdout.txt.gz
 create mode 100644 docs/work_history/review_loop/pr8159/originals/274-BLOCK14_QUARTET_DECAY_AND_CONE_STABILITY.md.gz
 create mode 100644 docs/work_history/review_loop/pr8159/originals/275-DISPOSITION.json.gz
 create mode 100644 docs/work_history/review_loop/pr8159/originals/276-STATUS.json.gz
 create mode 100644 docs/work_history/review_loop/pr8159/originals/277-block14_decay_check.py.gz
 create mode 100644 docs/work_history/review_loop/pr8159/originals/278-diagnostic.json.gz
 create mode 100644 docs/work_history/review_loop/pr8159/originals/279-stderr.txt.gz
 create mode 100644 docs/work_history/review_loop/pr8159/originals/280-stdout.txt.gz
 create mode 100644 docs/work_history/review_loop/pr8159/originals/281-BLOCK17_CYCLIC_WEAK_COUPLING_SPECTRAL_LIMITS.md.gz
 create mode 100644 docs/work_history/review_loop/pr8159/originals/282-PROVENANCE.json.gz
 create mode 100644 docs/work_history/review_loop/pr8159/originals/283-block17_cyclic_scaling_check.json.gz
 create mode 100644 docs/work_history/review_loop/pr8159/originals/284-block17_cyclic_scaling_check.py.gz
 create mode 100644 docs/work_history/review_loop/pr8159/originals/285-block17_cyclic_scaling_check.stderr.gz
 create mode 100644 docs/work_history/review_loop/pr8159/originals/286-block17_cyclic_scaling_check.txt.gz
 create mode 100644 docs/work_history/review_loop/pr8159/originals/287-BLOCK17_CYCLIC_WEAK_COUPLING_SPECTRAL_LIMITS.md.gz
 create mode 100644 docs/work_history/review_loop/pr8159/originals/288-BLOCK17_PREFLIGHT.json.gz
 create mode 100644 docs/work_history/review_loop/pr8159/originals/289-PROVENANCE.json.gz
 create mode 100644 docs/work_history/review_loop/pr8159/originals/290-block17_cyclic_scaling_check.py.gz
 create mode 100644 docs/work_history/review_loop/pr8159/originals/291-block17_cyclic_scaling_check.stderr.gz
 create mode 100644 docs/work_history/review_loop/pr8159/originals/292-block17_cyclic_scaling_check.txt.gz
 create mode 100644 docs/work_history/review_loop/pr8159/originals/293-block1_checkpoint2_vocab.json.gz
 create mode 100644 docs/work_history/review_loop/pr8159/originals/294-RECEIPT.json.gz
 create mode 100644 docs/work_history/review_loop/pr8159/originals/295-source.py.gz.gz
 create mode 100644 docs/work_history/review_loop/pr8159/originals/296-stderr.txt.gz
 create mode 100644 docs/work_history/review_loop/pr8159/originals/297-stdout.txt.gz
 create mode 100644 docs/work_history/review_loop/pr8159/originals/298-RESULTS.json.gz
 create mode 100644 docs/work_history/review_loop/pr8159/originals/299-missing_smoothing_noise.py.gz.gz
 create mode 100644 docs/work_history/review_loop/pr8159/originals/300-missing_smoothing_noise.stderr.gz
 create mode 100644 docs/work_history/review_loop/pr8159/originals/301-wrong_rate_energy.py.gz.gz
 create mode 100644 docs/work_history/review_loop/pr8159/originals/302-wrong_rate_energy.stderr.gz
 create mode 100644 docs/work_history/review_loop/pr8159/originals/303-wrong_shift_phase.py.gz.gz
 create mode 100644 docs/work_history/review_loop/pr8159/originals/304-wrong_shift_phase.stderr.gz
 create mode 100644 docs/work_history/review_loop/pr8159/originals/305-BLOCK20_WEYL_HOLONOMY_CASIMIR_SELECTION.md.gz
 create mode 100644 docs/work_history/review_loop/pr8159/originals/306-block20_holonomy_check.py.gz
 create mode 100644 docs/work_history/review_loop/pr8159/originals/307-block20_holonomy_check.stderr.gz
 create mode 100644 docs/work_history/review_loop/pr8159/originals/308-block20_holonomy_check.txt.gz
 create mode 100644 docs/work_history/review_loop/pr8159/originals/309-block21_slow_fast_check.json.gz
 create mode 100644 docs/work_history/review_loop/pr8159/originals/310-block21_slow_fast_check.py.gz
 create mode 100644 docs/work_history/review_loop/pr8159/originals/311-block21_slow_fast_check.stderr.gz
 create mode 100644 docs/work_history/review_loop/pr8159/originals/312-block21_slow_fast_check.txt.gz
 create mode 100644 docs/work_history/review_loop/pr8159/originals/313-BLOCK21_FIXED_BOX_SLOW_HOLONOMY_THEOREM.md.gz
 create mode 100644 docs/work_history/review_loop/pr8159/originals/314-block21_slow_fast_check.py.gz
 create mode 100644 docs/work_history/review_loop/pr8159/originals/315-block21_slow_fast_check.stderr.gz
 create mode 100644 docs/work_history/review_loop/pr8159/originals/316-block21_slow_fast_check.txt.gz
 create mode 100644 docs/work_history/review_loop/pr8159/originals/317-block2_checkpoint4_vocab.json.gz
 create mode 100644 docs/work_history/review_loop/pr8159/originals/318-block2_checkpoint_vocab.json.gz
 create mode 100644 docs/work_history/review_loop/pr8159/originals/319-block2_contact_register_vocab.json.gz
 create mode 100644 docs/work_history/review_loop/pr8159/originals/320-block2_cut_completion_vocab.json.gz
 create mode 100644 docs/work_history/review_loop/pr8159/originals/321-RECEIPT.json.gz
 create mode 100644 docs/work_history/review_loop/pr8159/originals/322-source.py.gz.gz
 create mode 100644 docs/work_history/review_loop/pr8159/originals/323-block2_determinant_exclusion_vocab.json.gz
 create mode 100644 docs/work_history/review_loop/pr8159/originals/324-block2_determinant_exclusion_check.py.gz
 create mode 100644 docs/work_history/review_loop/pr8159/originals/325-failure.json.gz
 create mode 100644 docs/work_history/review_loop/pr8159/originals/326-block2_dressed_cycle_vocab.json.gz
 create mode 100644 docs/work_history/review_loop/pr8159/originals/327-INTERRUPTION.md.gz
 create mode 100644 docs/work_history/review_loop/pr8159/originals/328-RECEIPT.json.gz
 create mode 100644 docs/work_history/review_loop/pr8159/originals/329-source.py.gz.gz
 create mode 100644 docs/work_history/review_loop/pr8159/originals/330-block2_graph_source_vocab.json.gz
 create mode 100644 docs/work_history/review_loop/pr8159/originals/331-block2_growth_vocab.json.gz
 create mode 100644 docs/work_history/review_loop/pr8159/originals/332-block2_hard_core_cycle_vocab.json.gz
 create mode 100644 docs/work_history/review_loop/pr8159/originals/333-INTERRUPTION.md.gz
 create mode 100644 docs/work_history/review_loop/pr8159/originals/334-RECEIPT.json.gz
 create mode 100644 docs/work_history/review_loop/pr8159/originals/335-source.py.gz.gz
 create mode 100644 docs/work_history/review_loop/pr8159/originals/336-block2_loop_quadratic_vocab.json.gz
 create mode 100644 docs/work_history/review_loop/pr8159/originals/337-block2_partition_exclusion_vocab.json.gz
 create mode 100644 docs/work_history/review_loop/pr8159/originals/338-block2_source_checkpoint_vocab.json.gz
 create mode 100644 docs/work_history/review_loop/pr8159/originals/339-RESULTS.json.gz
 create mode 100644 docs/work_history/review_loop/pr8159/originals/340-cut_missing_mixed.py.gz.gz
 create mode 100644 docs/work_history/review_loop/pr8159/originals/341-cut_missing_mixed.stderr.gz
 create mode 100644 docs/work_history/review_loop/pr8159/originals/342-cut_missing_mixed.stdout.gz
 create mode 100644 docs/work_history/review_loop/pr8159/originals/343-cut_missing_same.py.gz.gz
 create mode 100644 docs/work_history/review_loop/pr8159/originals/344-cut_missing_same.stderr.gz
 create mode 100644 docs/work_history/review_loop/pr8159/originals/345-cut_missing_same.stdout.gz
 create mode 100644 docs/work_history/review_loop/pr8159/originals/346-cut_missing_source.py.gz.gz
 create mode 100644 docs/work_history/review_loop/pr8159/originals/347-cut_missing_source.stderr.gz
 create mode 100644 docs/work_history/review_loop/pr8159/originals/348-cut_missing_source.stdout.gz
 create mode 100644 docs/work_history/review_loop/pr8159/originals/349-source_missing_phase_i.py.gz.gz
 create mode 100644 docs/work_history/review_loop/pr8159/originals/350-source_missing_phase_i.stderr.gz
 create mode 100644 docs/work_history/review_loop/pr8159/originals/351-source_missing_phase_i.stdout.gz
 create mode 100644 docs/work_history/review_loop/pr8159/originals/352-block3_record_pair_vocab.json.gz
 create mode 100644 docs/work_history/review_loop/pr8159/originals/353-block4_fourier_gaussian_register_check.py.gz
 create mode 100644 docs/work_history/review_loop/pr8159/originals/354-failure.json.gz
 create mode 100644 docs/work_history/review_loop/pr8159/originals/355-block4_vocab.json.gz
 create mode 100644 docs/work_history/review_loop/pr8159/originals/356-block5_algebra_naturality_check.py.gz
 create mode 100644 docs/work_history/review_loop/pr8159/originals/357-failure.json.gz
 create mode 100644 docs/work_history/review_loop/pr8159/originals/358-block5_inverse_corner_support_check.py.gz
 create mode 100644 docs/work_history/review_loop/pr8159/originals/359-failure.json.gz
 create mode 100644 docs/work_history/review_loop/pr8159/originals/360-block5_vocab.json.gz
 create mode 100644 docs/work_history/review_loop/pr8159/originals/361-block6_positive_auxiliary_check.py.gz
 create mode 100644 docs/work_history/review_loop/pr8159/originals/362-block6_positive_auxiliary_check.txt.gz
 create mode 100644 docs/work_history/review_loop/pr8159/originals/363-diagnosis.json.gz
 create mode 100644 docs/work_history/review_loop/pr8159/originals/364-block9_initial.py.gz
 create mode 100644 docs/work_history/review_loop/pr8159/originals/365-block9_initial.txt.gz
 create mode 100644 docs/work_history/review_loop/pr8159/originals/366-diagnosis.json.gz
 create mode 100644 logs/runner-cache/algebra_naturality_check_2026_09_15.json
 create mode 100644 logs/runner-cache/algebra_naturality_check_2026_09_15.txt
 create mode 100644 logs/runner-cache/charged_ring_check_2026_09_15.json
 create mode 100644 logs/runner-cache/charged_ring_check_2026_09_15.txt
 create mode 100644 logs/runner-cache/cofactor_cyclic_check_2026_09_15.json
 create mode 100644 logs/runner-cache/cofactor_cyclic_check_2026_09_15.txt
 create mode 100644 logs/runner-cache/contact_register_check_2026_09_15.json
 create mode 100644 logs/runner-cache/contact_register_check_2026_09_15.txt
 create mode 100644 logs/runner-cache/cut_completion_check_2026_09_15.json
 create mode 100644 logs/runner-cache/cut_completion_check_2026_09_15.txt
 create mode 100644 logs/runner-cache/cyclic_equilibrium_check_2026_09_15.json
 create mode 100644 logs/runner-cache/cyclic_equilibrium_check_2026_09_15.txt
 create mode 100644 logs/runner-cache/cyclic_scaling_check_2026_09_15.json
 create mode 100644 logs/runner-cache/cyclic_scaling_check_2026_09_15.txt
 create mode 100644 logs/runner-cache/decay_check_2026_09_15.json
 create mode 100644 logs/runner-cache/decay_check_2026_09_15.txt
 create mode 100644 logs/runner-cache/determinant_exclusion_check_2026_09_15.json
 create mode 100644 logs/runner-cache/determinant_exclusion_check_2026_09_15.txt
 create mode 100644 logs/runner-cache/forest_interpolation_check_2026_09_15.json
 create mode 100644 logs/runner-cache/forest_interpolation_check_2026_09_15.txt
 create mode 100644 logs/runner-cache/fourier_gaussian_register_check_2026_09_15.json
 create mode 100644 logs/runner-cache/fourier_gaussian_register_check_2026_09_15.txt
 create mode 100644 logs/runner-cache/gaussian_cycle_check_2026_09_15.json
 create mode 100644 logs/runner-cache/gaussian_cycle_check_2026_09_15.txt
 create mode 100644 logs/runner-cache/general_order_check_2026_09_15.json
 create mode 100644 logs/runner-cache/general_order_check_2026_09_15.txt
 create mode 100644 logs/runner-cache/graph_source_check_2026_09_15.json
 create mode 100644 logs/runner-cache/graph_source_check_2026_09_15.txt
 create mode 100644 logs/runner-cache/ground_cutoff_check_2026_09_15.json
 create mode 100644 logs/runner-cache/ground_cutoff_check_2026_09_15.txt
 create mode 100644 logs/runner-cache/hard_core_cycle_check_2026_09_15.json
 create mode 100644 logs/runner-cache/hard_core_cycle_check_2026_09_15.txt
 create mode 100644 logs/runner-cache/holonomy_check_2026_09_15.json
 create mode 100644 logs/runner-cache/holonomy_check_2026_09_15.txt
 create mode 100644 logs/runner-cache/hybrid_curvature_check_2026_09_15.json
 create mode 100644 logs/runner-cache/hybrid_curvature_check_2026_09_15.txt
 create mode 100644 logs/runner-cache/hybrid_generator_check_2026_09_15.json
 create mode 100644 logs/runner-cache/hybrid_generator_check_2026_09_15.txt
 create mode 100644 logs/runner-cache/integrated_rate_check_2026_09_15.json
 create mode 100644 logs/runner-cache/integrated_rate_check_2026_09_15.txt
 create mode 100644 logs/runner-cache/inverse_corner_support_check_2026_09_15.json
 create mode 100644 logs/runner-cache/inverse_corner_support_check_2026_09_15.txt
 create mode 100644 logs/runner-cache/local_spectrum_check_2026_09_15.json
 create mode 100644 logs/runner-cache/local_spectrum_check_2026_09_15.txt
 create mode 100644 logs/runner-cache/matched_cone_check_2026_09_15.json
 create mode 100644 logs/runner-cache/matched_cone_check_2026_09_15.txt
 create mode 100644 logs/runner-cache/mixed_history_check_2026_09_15.json
 create mode 100644 logs/runner-cache/mixed_history_check_2026_09_15.txt
 create mode 100644 logs/runner-cache/native_motion_check_2026_09_15.json
 create mode 100644 logs/runner-cache/native_motion_check_2026_09_15.txt
 create mode 100644 logs/runner-cache/native_twist_check_2026_09_15.json
 create mode 100644 logs/runner-cache/native_twist_check_2026_09_15.txt
 create mode 100644 logs/runner-cache/operator_source_check_2026_09_15.json
 create mode 100644 logs/runner-cache/operator_source_check_2026_09_15.txt
 create mode 100644 logs/runner-cache/partition_exclusion_check_2026_09_15.json
 create mode 100644 logs/runner-cache/partition_exclusion_check_2026_09_15.txt
 create mode 100644 logs/runner-cache/phase_energy_check_2026_09_15.json
 create mode 100644 logs/runner-cache/phase_energy_check_2026_09_15.txt
 create mode 100644 logs/runner-cache/physical_probe_check_2026_09_15.json
 create mode 100644 logs/runner-cache/physical_probe_check_2026_09_15.txt
 create mode 100644 logs/runner-cache/polarized_word_check_2026_09_15.json
 create mode 100644 logs/runner-cache/polarized_word_check_2026_09_15.txt
 create mode 100644 logs/runner-cache/positive_auxiliary_check_2026_09_15.json
 create mode 100644 logs/runner-cache/positive_auxiliary_check_2026_09_15.txt
 create mode 100644 logs/runner-cache/positive_generator_check_2026_09_15.json
 create mode 100644 logs/runner-cache/positive_generator_check_2026_09_15.txt
 create mode 100644 logs/runner-cache/quadratic_coframe_check_2026_09_15.json
 create mode 100644 logs/runner-cache/quadratic_coframe_check_2026_09_15.txt
 create mode 100644 logs/runner-cache/quartet_metric_check_2026_09_15.json
 create mode 100644 logs/runner-cache/quartet_metric_check_2026_09_15.txt
 create mode 100644 logs/runner-cache/record_pair_check_2026_09_15.json
 create mode 100644 logs/runner-cache/record_pair_check_2026_09_15.txt
 create mode 100644 logs/runner-cache/response_identity_check_2026_09_15.json
 create mode 100644 logs/runner-cache/response_identity_check_2026_09_15.txt
 create mode 100644 logs/runner-cache/review_harmonic_metric_check_2026_09_15.json
 create mode 100644 logs/runner-cache/review_harmonic_metric_check_2026_09_15.txt
 create mode 100644 logs/runner-cache/slow_fast_check_2026_09_15.json
 create mode 100644 logs/runner-cache/slow_fast_check_2026_09_15.txt
 create mode 100644 logs/runner-cache/tree_count_check_2026_09_15.json
 create mode 100644 logs/runner-cache/tree_count_check_2026_09_15.txt
 create mode 100644 logs/runner-cache/visible_threshold_check_2026_09_15.json
 create mode 100644 logs/runner-cache/visible_threshold_check_2026_09_15.txt
 create mode 100644 scripts/algebra_naturality_check_2026_09_15.py
 create mode 100644 scripts/charged_ring_check_2026_09_15.py
 create mode 100644 scripts/cofactor_cyclic_check_2026_09_15.py
 create mode 100644 scripts/contact_register_check_2026_09_15.py
 create mode 100644 scripts/cut_completion_check_2026_09_15.py
 create mode 100644 scripts/cyclic_equilibrium_check_2026_09_15.py
 create mode 100644 scripts/cyclic_scaling_check_2026_09_15.py
 create mode 100644 scripts/decay_check_2026_09_15.py
 create mode 100644 scripts/determinant_exclusion_check_2026_09_15.py
 create mode 100644 scripts/forest_interpolation_check_2026_09_15.py
 create mode 100644 scripts/fourier_gaussian_register_check_2026_09_15.py
 create mode 100644 scripts/gaussian_cycle_check_2026_09_15.py
 create mode 100644 scripts/general_order_check_2026_09_15.py
 create mode 100644 scripts/graph_source_check_2026_09_15.py
 create mode 100644 scripts/ground_cutoff_check_2026_09_15.py
 create mode 100644 scripts/hard_core_cycle_check_2026_09_15.py
 create mode 100644 scripts/holonomy_check_2026_09_15.py
 create mode 100644 scripts/hybrid_curvature_check_2026_09_15.py
 create mode 100644 scripts/hybrid_generator_check_2026_09_15.py
 create mode 100644 scripts/integrated_rate_check_2026_09_15.py
 create mode 100644 scripts/inverse_corner_support_check_2026_09_15.py
 create mode 100644 scripts/local_spectrum_check_2026_09_15.py
 create mode 100644 scripts/matched_cone_check_2026_09_15.py
 create mode 100644 scripts/mixed_history_check_2026_09_15.py
 create mode 100644 scripts/native_motion_check_2026_09_15.py
 create mode 100644 scripts/native_twist_check_2026_09_15.py
 create mode 100644 scripts/operator_source_check_2026_09_15.py
 create mode 100644 scripts/partition_exclusion_check_2026_09_15.py
 create mode 100644 scripts/phase_energy_check_2026_09_15.py
 create mode 100644 scripts/physical_probe_check_2026_09_15.py
 create mode 100644 scripts/polarized_word_check_2026_09_15.py
 create mode 100644 scripts/positive_auxiliary_check_2026_09_15.py
 create mode 100644 scripts/positive_generator_check_2026_09_15.py
 create mode 100644 scripts/quadratic_coframe_check_2026_09_15.py
 create mode 100644 scripts/quartet_metric_check_2026_09_15.py
 create mode 100644 scripts/record_pair_check_2026_09_15.py
 create mode 100644 scripts/response_identity_check_2026_09_15.py
 create mode 100644 scripts/review_harmonic_metric_check_2026_09_15.py
 create mode 100644 scripts/slow_fast_check_2026_09_15.py
 create mode 100644 scripts/tree_count_check_2026_09_15.py
 create mode 100644 scripts/visible_threshold_check_2026_09_15.py
FROZEN 96e6b33ef161f08c79aa570d3c51168e4f8047c8 sources 520 inputs 547 notes 25
