[detached HEAD bf1e6bc3d2] Preserve independently reviewed source unit PR8097
 Date: Tue Sep 15 13:28:19 2026 -0400
 Committer: Jon Bridger Apps <jonBridger@Jonathons-Mac-mini.local>
Your name and email address were configured automatically based
on your username and hostname. Please check that they are accurate.
You can suppress this message by setting them explicitly:

    git config --global user.name "Your Name"
    git config --global user.email you@example.com

After doing this, you may fix the identity used for this commit with:

    git commit --amend --reset-author

 146 files changed, 3928 insertions(+)
 create mode 100644 docs/NATIVE_WEYL_LOCAL_INTERACTION_COVARIANCE_BOUNDED_THEOREM_NOTE_2026-09-13.md
 create mode 100644 docs/work_history/repo/review_feedback/pr8097-evidence/README.md
 create mode 100644 docs/work_history/repo/review_feedback/pr8097-evidence/_objects/047cafac34a16146e9213b6e2235502e3ff0ff348282a87b406a10d305f2199a.gz
 create mode 100644 docs/work_history/repo/review_feedback/pr8097-evidence/_objects/04b36a2e9eddc0d0b4b9deeb0011790ab0acf1ee43a5b8b08e31f02cdf7f4d0e.gz
 create mode 100644 docs/work_history/repo/review_feedback/pr8097-evidence/_objects/04c2a201bc558d2411e4e0f21f8c8c16916833cf749bfce0ce0a3ddaaa02fd35.gz
 create mode 100644 docs/work_history/repo/review_feedback/pr8097-evidence/_objects/055ce164152ac759ff45e23d24396ad83e5050a9073d4b9ad9f306e2f0694670.gz
 create mode 100644 docs/work_history/repo/review_feedback/pr8097-evidence/_objects/07b0927c84a4a1c512d4e56e1ed1484f352f6b748b6c3ca6bd955edafa8639d1.gz
 create mode 100644 docs/work_history/repo/review_feedback/pr8097-evidence/_objects/080476a2533a76f948facac9a0d752df49b828b7dfdc528dbe6884629e9a438d.gz
 create mode 100644 docs/work_history/repo/review_feedback/pr8097-evidence/_objects/085a4d8743471b335b2260f467762035f43bfde45523fac57c1d20e2ed5e2013.gz
 create mode 100644 docs/work_history/repo/review_feedback/pr8097-evidence/_objects/0a7b7b79610b4e4fd610b1d17bd07825b67c0354c2b78b43d6bd1e547ac7d404.gz
 create mode 100644 docs/work_history/repo/review_feedback/pr8097-evidence/_objects/0c66162e1eeef729ccf57a2844c4c282a09743c725cd23e1002e61008747335a.gz
 create mode 100644 docs/work_history/repo/review_feedback/pr8097-evidence/_objects/105f89f0b4174c180a9eb37d980131bf30327c54460893851cf38811b0a8bdd2.gz
 create mode 100644 docs/work_history/repo/review_feedback/pr8097-evidence/_objects/122f1a110f22a33987697aa28adea99444cd1f4fa6fe8c4d622ffe81ddb1e229.gz
 create mode 100644 docs/work_history/repo/review_feedback/pr8097-evidence/_objects/141b6f78dca63187c0a5ed844b4b7d64a7e3db8c0facb03fb2666956e1d462de.gz
 create mode 100644 docs/work_history/repo/review_feedback/pr8097-evidence/_objects/154c241c6986812518fc1051a1371164faeef42d6ad6c0afa4abf90db8f658ba.gz
 create mode 100644 docs/work_history/repo/review_feedback/pr8097-evidence/_objects/161befe6e1222f742396c5ae072cd9eb2b80ba21db15dfe77059afd8433a7fe5.gz
 create mode 100644 docs/work_history/repo/review_feedback/pr8097-evidence/_objects/164d265380b0730364a22f7030ff85fb7aa989ca443c59e4a518b63b8758f3c3.gz
 create mode 100644 docs/work_history/repo/review_feedback/pr8097-evidence/_objects/1df10d5d2c5087d3f4bbd868f1d3a8919b37d4d2e7120589083fac195076ce65.gz
 create mode 100644 docs/work_history/repo/review_feedback/pr8097-evidence/_objects/1fd2627b1c9b1ddd82b98e9498126971b09a8b7fe425551fd687e3ace9dac35e.gz
 create mode 100644 docs/work_history/repo/review_feedback/pr8097-evidence/_objects/2027c29e75c0e036ed718284dfdacf93b3923265062160454c4e9267332f7081.gz
 create mode 100644 docs/work_history/repo/review_feedback/pr8097-evidence/_objects/218bea864cab79448a2cd02743578af8dd5fad7456d95243ac367127c0aa31c5.gz
 create mode 100644 docs/work_history/repo/review_feedback/pr8097-evidence/_objects/22eb97bf643d2d5fdd3750a73ef2390eebb2fd752d0d243d107514a271e5bbf0.gz
 create mode 100644 docs/work_history/repo/review_feedback/pr8097-evidence/_objects/240e107f2f67123e9ec114ad349f90ecd68a0672672ec279773d44bb04d24ae2.gz
 create mode 100644 docs/work_history/repo/review_feedback/pr8097-evidence/_objects/2c9292efac80ef937b0f9e5b3c0327bf0bfc48b03d47874ba9633c336fa51fb4.gz
 create mode 100644 docs/work_history/repo/review_feedback/pr8097-evidence/_objects/2db03c300f0ed3530403bb040d4d3881e2620132037510cf072035939fb13629.gz
 create mode 100644 docs/work_history/repo/review_feedback/pr8097-evidence/_objects/2df7e720483d8c0a0e45151b51b1c52ab534db188f51354441985571e8f5c342.gz
 create mode 100644 docs/work_history/repo/review_feedback/pr8097-evidence/_objects/2e68e26d428acc63e49f8dabab65a2256bfa10c2b17f7de14a1b35c7f78abf58.gz
 create mode 100644 docs/work_history/repo/review_feedback/pr8097-evidence/_objects/2eaac50a5fe50ecc42af48a67ee17ff47048bf61169531805e11c4c70890d6fc.gz
 create mode 100644 docs/work_history/repo/review_feedback/pr8097-evidence/_objects/2eb0b97b34e8167eb8bf107e49c0493ba1068fe86e4fe842cdaa792bc6791bf0.gz
 create mode 100644 docs/work_history/repo/review_feedback/pr8097-evidence/_objects/2f1fc32bf986a0a31d39618b114ce7b7d75d1bedd24b822512ff90c83c24f950.gz
 create mode 100644 docs/work_history/repo/review_feedback/pr8097-evidence/_objects/346c5c9ac50971aefbec8136559f16c1588de4740cb06fb914581ce8bcf6409f.gz
 create mode 100644 docs/work_history/repo/review_feedback/pr8097-evidence/_objects/34ac0a5c9ec4a096107310c84568e71e8888494ff5c1392651650e665fd998d3.gz
 create mode 100644 docs/work_history/repo/review_feedback/pr8097-evidence/_objects/35a334c6ebc77f4b7781a4e91a0f72fd3970c6b7c0d4cf9dff44e00b7b939006.gz
 create mode 100644 docs/work_history/repo/review_feedback/pr8097-evidence/_objects/363b9446dc7948bd3689520627bf89fdf3773a77013c6872c0025290e3f28af0.gz
 create mode 100644 docs/work_history/repo/review_feedback/pr8097-evidence/_objects/3bc822b5f505759432b0461b17bc98ba86a92f38a7230d9e5938e88670fa8ca2.gz
 create mode 100644 docs/work_history/repo/review_feedback/pr8097-evidence/_objects/3ced115f113369449e0029aba8f5f985f80333a77abe3e63099f80b5bc68ec24.gz
 create mode 100644 docs/work_history/repo/review_feedback/pr8097-evidence/_objects/3dde49ed86ed77234fef2130ce9f4adbbb990b931ddac40283d6743b0fedf802.gz
 create mode 100644 docs/work_history/repo/review_feedback/pr8097-evidence/_objects/406733dd075d7934808a3dcd0de0d303e229348d2836c212b4c7236983c4cb3c.gz
 create mode 100644 docs/work_history/repo/review_feedback/pr8097-evidence/_objects/435efb361cc3e41918db1a7e025ce531a6bc928d786c8cffb712b9b7af87bdc1.gz
 create mode 100644 docs/work_history/repo/review_feedback/pr8097-evidence/_objects/44fd211bd6361998dc659c896b3dc7454c0318d8eda49b030530f3ea32932e0b.gz
 create mode 100644 docs/work_history/repo/review_feedback/pr8097-evidence/_objects/46e4334dae7be2978a2b6b3a6e22b0f11c5f171c65a4796d5d158bfedec282fc.gz
 create mode 100644 docs/work_history/repo/review_feedback/pr8097-evidence/_objects/46f8c8ebbce3eb998f1dfa09ac3e7617b7422bd22b9bf9b0be144774f0f5626a.gz
 create mode 100644 docs/work_history/repo/review_feedback/pr8097-evidence/_objects/49251549d53ede7ac5c9ccca5fdc1bdd60021ff961e9e4c2a15fe72e5ae50583.gz
 create mode 100644 docs/work_history/repo/review_feedback/pr8097-evidence/_objects/4d2f6591029f9b28b0c442bb6e50092a76a865dab58cda0f0ff1681ed4d24df6.gz
 create mode 100644 docs/work_history/repo/review_feedback/pr8097-evidence/_objects/4eba390485f5fbde5f29431e578d806a16f475abda7d7cc1d40ca825159d33df.gz
 create mode 100644 docs/work_history/repo/review_feedback/pr8097-evidence/_objects/4f2454bd9fbd0ac28acb52dda14c4bb6e801a1dcd8924531894a230d3ba15640.gz
 create mode 100644 docs/work_history/repo/review_feedback/pr8097-evidence/_objects/51ff97fdc6c826beb518af3192be5ca09dc35fb124b214c4db6bc092f6a913bc.gz
 create mode 100644 docs/work_history/repo/review_feedback/pr8097-evidence/_objects/5364465d45cfcb7e37036064aa08414d6f8c34274ffe693084695f7fcb7a5cba.gz
 create mode 100644 docs/work_history/repo/review_feedback/pr8097-evidence/_objects/53a8e7812b70f57a5741e1b9ab71b269f620d212f181f8ea156ef1d97ff80ed4.gz
 create mode 100644 docs/work_history/repo/review_feedback/pr8097-evidence/_objects/5698248ca1173d63ca802ee51d0037bdca33eb99670708f92bd5a1a5fbab8054.gz
 create mode 100644 docs/work_history/repo/review_feedback/pr8097-evidence/_objects/572a18f2eccf799d5f4778c21d1b3b213a40fcc82997a63e06ee24b849b5b6e0.gz
 create mode 100644 docs/work_history/repo/review_feedback/pr8097-evidence/_objects/5d0bd3c3863e3386f58496a47a284e3fba9d50daaef3c6d15828b26572f7f506.gz
 create mode 100644 docs/work_history/repo/review_feedback/pr8097-evidence/_objects/5fda0861d629cc0059de0c21e98acc65d8a635291626549e6d7bc67ac90e26bc.gz
 create mode 100644 docs/work_history/repo/review_feedback/pr8097-evidence/_objects/60c907565f814104c8e0a8c85da0fd7457136b613a29ffc171ffd5bb3cfef976.gz
 create mode 100644 docs/work_history/repo/review_feedback/pr8097-evidence/_objects/6411c30861795fbe91e2bc5286fd265e1575bd487218e7bdca735fc076cc3638.gz
 create mode 100644 docs/work_history/repo/review_feedback/pr8097-evidence/_objects/64134f70c6cc8347649e04fa39fb8295d9cf83a50c6222c5d459f0a3fa81db7d.gz
 create mode 100644 docs/work_history/repo/review_feedback/pr8097-evidence/_objects/6740ee06ef1a40ff69f62b880fa81f0f916a6349f2b27e5f7c76dc33c5ae9be4.gz
 create mode 100644 docs/work_history/repo/review_feedback/pr8097-evidence/_objects/6a6288a0b67082411d2d1346da2920eae6480f098c2a6de8a027e7e32d10a7aa.gz
 create mode 100644 docs/work_history/repo/review_feedback/pr8097-evidence/_objects/6aa27ba0392c23640a8e4ea5eb05e194f6ff76dcf09bf6b0c2b68c390e43b129.gz
 create mode 100644 docs/work_history/repo/review_feedback/pr8097-evidence/_objects/6bbf324dbe05beaaa80fc2b39d2961978c27a6cd6e8615d5e5efb6dabbe575e0.gz
 create mode 100644 docs/work_history/repo/review_feedback/pr8097-evidence/_objects/6dc14ecd2570bb8ac20d5ba06de09ab9a441caac63acfc101c8108e482576ea5.gz
 create mode 100644 docs/work_history/repo/review_feedback/pr8097-evidence/_objects/6e354e28afd36bf03cbd2b6f6d9732088e7485952c767656cb962a2308a6e853.gz
 create mode 100644 docs/work_history/repo/review_feedback/pr8097-evidence/_objects/708b2b3fe5e653bb8b35232121c2911992a55d011cbdf1d3800b85bda79b4027.gz
 create mode 100644 docs/work_history/repo/review_feedback/pr8097-evidence/_objects/70cd5c30e4a30dffedabc0f9f711a09d1a22031e7c644d56b8d6ae50908a77ea.gz
 create mode 100644 docs/work_history/repo/review_feedback/pr8097-evidence/_objects/72427135e6e89a095f4b84de045181d983f93e9d455a2991d032fdf34f7c95c4.gz
 create mode 100644 docs/work_history/repo/review_feedback/pr8097-evidence/_objects/72971d7594f479485c36a8b15f5602387f997b7a3e8e304d31f6c2c738f51b95.gz
 create mode 100644 docs/work_history/repo/review_feedback/pr8097-evidence/_objects/740158b556fb731b13deb0e4318df3c6b232a1a0ce1a5a0c5af9a2bb355eff85.gz
 create mode 100644 docs/work_history/repo/review_feedback/pr8097-evidence/_objects/75d223ab039cf38bff386aea325286376470ebc0920bebd1b3f07a647bb9f68e.gz
 create mode 100644 docs/work_history/repo/review_feedback/pr8097-evidence/_objects/75d6a064729cbe1ea9a971d687e7466e8dab9e9f47e126d84fc0de439e755971.gz
 create mode 100644 docs/work_history/repo/review_feedback/pr8097-evidence/_objects/7718077bc4bb9312c50b27adc79ca39ca74dadedaa4c1295f88fdaa446a531c6.gz
 create mode 100644 docs/work_history/repo/review_feedback/pr8097-evidence/_objects/7811c3656963125ae084775fc1fe7f43998da71dff6b3e16ca241e7aeefe3cf6.gz
 create mode 100644 docs/work_history/repo/review_feedback/pr8097-evidence/_objects/7b4257818d0f4f1077b84aabdb2db53ee6e5e7d06f5f9f31ffe601094be27d5e.gz
 create mode 100644 docs/work_history/repo/review_feedback/pr8097-evidence/_objects/7bf4d3d5872b469a119e579a1d97fd0e41f2b4956756ac0994e40b709a508437.gz
 create mode 100644 docs/work_history/repo/review_feedback/pr8097-evidence/_objects/7d8504b3a047f9d222f4ee72c36955a5fc4e18f0c2b1d28b4469c3d339b7d74f.gz
 create mode 100644 docs/work_history/repo/review_feedback/pr8097-evidence/_objects/838d02c51388e65264f6c51a3d74481eb61cae6e3cfda16d61623a20727801c2.gz
 create mode 100644 docs/work_history/repo/review_feedback/pr8097-evidence/_objects/83fc39f0559cbd9b9a7e378a7f3278afde6cf3ad992511a7cdc467b2ac227c53.gz
 create mode 100644 docs/work_history/repo/review_feedback/pr8097-evidence/_objects/84b13fc6af4430cde3f26cb422981bf7479cdb1c7115b4267e17d7fd60f05314.gz
 create mode 100644 docs/work_history/repo/review_feedback/pr8097-evidence/_objects/8613c797c241a194e39da71524e3d6a5dc17c75f3703042ce41b206b6750a6ed.gz
 create mode 100644 docs/work_history/repo/review_feedback/pr8097-evidence/_objects/87cb3919fd012255d3b27c7d155f49442157294bd8223aaab6d293f6e0475613.gz
 create mode 100644 docs/work_history/repo/review_feedback/pr8097-evidence/_objects/8b78b2500255eb8c6386cf18a7d828019451d3185a4eb99eee9fe406e9e8301f.gz
 create mode 100644 docs/work_history/repo/review_feedback/pr8097-evidence/_objects/8d61adcdd03ac2c1f08c60428ce08226000cf5eca0e236f93d4e17323d6cb05b.gz
 create mode 100644 docs/work_history/repo/review_feedback/pr8097-evidence/_objects/8daeadd87166f07be03e41cb894a7caf6cd7071df578f4e561b4d955d2c7c4e0.gz
 create mode 100644 docs/work_history/repo/review_feedback/pr8097-evidence/_objects/8e65278ab154b424846a301e3ef8b006d9349a8c2d53018ab465bbca85632bdf.gz
 create mode 100644 docs/work_history/repo/review_feedback/pr8097-evidence/_objects/8eb38ce12b2c7259290a19b44e9972451b2300d40738d309b010b5a13c3a20ce.gz
 create mode 100644 docs/work_history/repo/review_feedback/pr8097-evidence/_objects/8eb8938740850773a4bddcc5d007a0da6d1741c79f54495013be4a1ff28cf4c1.gz
 create mode 100644 docs/work_history/repo/review_feedback/pr8097-evidence/_objects/8f4504ba3e42188495b5dd5d1cc2f04d419327f665a732f544fed21ee629b8d0.gz
 create mode 100644 docs/work_history/repo/review_feedback/pr8097-evidence/_objects/969c58c2a35937c51d00868af4a76b5bb28e660ac02afa9cc1d9ada06f7c755f.gz
 create mode 100644 docs/work_history/repo/review_feedback/pr8097-evidence/_objects/9b419d3be756cca6e3d107e170134dbe1c8529d5cd5b31e007b3c16cd9521acc.gz
 create mode 100644 docs/work_history/repo/review_feedback/pr8097-evidence/_objects/9c50966213b4dc04f9f5f6ad1f60065d16901df5961f654c73428f08ed680fa4.gz
 create mode 100644 docs/work_history/repo/review_feedback/pr8097-evidence/_objects/9ca1b0d34b4b3ee7edf010e8b54a5dd7be0c0fca32c53c8e517a00122d65508d.gz
 create mode 100644 docs/work_history/repo/review_feedback/pr8097-evidence/_objects/9ceffb7310338057cfe71a4ae1e2c98d2c485d81cdef906532a801f457a38d64.gz
 create mode 100644 docs/work_history/repo/review_feedback/pr8097-evidence/_objects/9cf05d1585ed18427f76424605d8ce62386dee938361cf42d4398f6914096853.gz
 create mode 100644 docs/work_history/repo/review_feedback/pr8097-evidence/_objects/9d6828cb022223abdaec67381cafdc3cacbc23f32edc1d6046cd7e0a17ce9459.gz
 create mode 100644 docs/work_history/repo/review_feedback/pr8097-evidence/_objects/9f73193eb64abb0f421a83a342292d1bb07f8435dac76eb0e9037d7ba7c662c6.gz
 create mode 100644 docs/work_history/repo/review_feedback/pr8097-evidence/_objects/9fe03a01b5847528d91a10e400e0235d21a70c4940c4b35f433419534d9c8bc4.gz
 create mode 100644 docs/work_history/repo/review_feedback/pr8097-evidence/_objects/a3547abed4bc2f56d56f612095fcc2233b6162b06d3d4f319b6382ac8397e0eb.gz
 create mode 100644 docs/work_history/repo/review_feedback/pr8097-evidence/_objects/a8d349c4afffd10eb412c30b0a35586d99a470b7c15ea9e43967a62f4d6f71a6.gz
 create mode 100644 docs/work_history/repo/review_feedback/pr8097-evidence/_objects/aa58be7eccdfaefc2d42742cad3c68ff1583492afc164240a2c07d6cd34c0001.gz
 create mode 100644 docs/work_history/repo/review_feedback/pr8097-evidence/_objects/aace1dc534af0729d22091f562df3d09a74c88288b45dac353ac6dab0963628e.gz
 create mode 100644 docs/work_history/repo/review_feedback/pr8097-evidence/_objects/aaf6dae8ae8922a183656060375347a9b700425f52c5b17a1d548235ce29057a.gz
 create mode 100644 docs/work_history/repo/review_feedback/pr8097-evidence/_objects/abd0159dd9f634baf8ed123c3f82238b9e3db2cbeb6e1f677efa4ead3f012c57.gz
 create mode 100644 docs/work_history/repo/review_feedback/pr8097-evidence/_objects/ace581ec3d6cf7d7ba535dd0bbc55f7c50848bff4905c0d783d62ecf3d9173f9.gz
 create mode 100644 docs/work_history/repo/review_feedback/pr8097-evidence/_objects/af1c33c2014b52d844338003d950c05ab72a54023cc7068e9b99cd581b25a48e.gz
 create mode 100644 docs/work_history/repo/review_feedback/pr8097-evidence/_objects/b2424a1fe677a05d6726147ea1261805afa0b808568b0fa33d07bf3487186ce3.gz
 create mode 100644 docs/work_history/repo/review_feedback/pr8097-evidence/_objects/b249f1aca545bfa1fbeda62250bf1d1bc33927f9015617775d38b6a1330c467e.gz
 create mode 100644 docs/work_history/repo/review_feedback/pr8097-evidence/_objects/b3ba46ac070a2c3a76a2afae7d2857122164543f7e97961fd179578b3b472b04.gz
 create mode 100644 docs/work_history/repo/review_feedback/pr8097-evidence/_objects/ba64718a0b7d55112cee1b68beabaeaa9995e816ba0467a14646cf411ae33a62.gz
 create mode 100644 docs/work_history/repo/review_feedback/pr8097-evidence/_objects/bbd21386a77791a857be7a84360d61d4cfe2361160eaf5dbffbab1a2f4106cb7.gz
 create mode 100644 docs/work_history/repo/review_feedback/pr8097-evidence/_objects/bd774873c0249a6b18985b2c48af1bf69afe2d65e2865fba598e20b0bcb81811.gz
 create mode 100644 docs/work_history/repo/review_feedback/pr8097-evidence/_objects/bed32ecc9947f1e5b1932e9e133146e65de434dd2fd0c792391a1f74ebca4bab.gz
 create mode 100644 docs/work_history/repo/review_feedback/pr8097-evidence/_objects/bee3de0a223b93704437a2748c0d16f8cab680bff60d3e0e0f75dbf75e3ac3b9.gz
 create mode 100644 docs/work_history/repo/review_feedback/pr8097-evidence/_objects/c09775b6cb4bd78fc3e3ecd61083a15bc840dc321810f9025facb8efbe6ce5e8.gz
 create mode 100644 docs/work_history/repo/review_feedback/pr8097-evidence/_objects/c4c68ab73fb40fe0a39cf20a0d50ffa418331ffafb70f68131baad81945e1293.gz
 create mode 100644 docs/work_history/repo/review_feedback/pr8097-evidence/_objects/c539f5bcb3e1f4cda6a6d622221636e8da67e15f7ab2b372bac72b9abbd5c5a8.gz
 create mode 100644 docs/work_history/repo/review_feedback/pr8097-evidence/_objects/c6afbcfb94c1f70a5841f980b9b5d8e28983e63d1d60152096f5898f89861eff.gz
 create mode 100644 docs/work_history/repo/review_feedback/pr8097-evidence/_objects/c823acb2354d3373de27b234598a3744018bd960e4e4654ec497217991f759f7.gz
 create mode 100644 docs/work_history/repo/review_feedback/pr8097-evidence/_objects/ca35efa92b097027b995bb7e2ca85d3a9647067960dbc6ec4d5a4dcca3fb8123.gz
 create mode 100644 docs/work_history/repo/review_feedback/pr8097-evidence/_objects/cad6473698544d36fc0b2def752105f805989e3aa21e747fbee648dd0aa0409d.gz
 create mode 100644 docs/work_history/repo/review_feedback/pr8097-evidence/_objects/cb5ea12805203de93bc023096470e82ee50b8bcfbdc0a138cc20a266d2f0d107.gz
 create mode 100644 docs/work_history/repo/review_feedback/pr8097-evidence/_objects/cbbf3b679c5e6761178719308ebe0c7b1dab05641ff55fe253e1101fb78f0dde.gz
 create mode 100644 docs/work_history/repo/review_feedback/pr8097-evidence/_objects/ccb1be6824b956635edfa7f736d1a1e8734e03ba5af85a9acf2a8ad124f11014.gz
 create mode 100644 docs/work_history/repo/review_feedback/pr8097-evidence/_objects/d0f3ac7c35bd27088ddcb8caa0a94f3a2df89a0f75f9c1ee9f7c30f7f7fc8a4f.gz
 create mode 100644 docs/work_history/repo/review_feedback/pr8097-evidence/_objects/d207a0b67208cbf8922d743b40cc831d96c9c1f2bf8ba286034bfb6d5d0956d1.gz
 create mode 100644 docs/work_history/repo/review_feedback/pr8097-evidence/_objects/d42ef17bdd921b052b5518e2970ae54e1cbb6fd859d3fe65aa394a5a0417b8cd.gz
 create mode 100644 docs/work_history/repo/review_feedback/pr8097-evidence/_objects/d8af3803bb5203e8537d2a4d5703104823aea575681248b594cc12607b75201d.gz
 create mode 100644 docs/work_history/repo/review_feedback/pr8097-evidence/_objects/daba616d695b11d82031ae10bcd208aa035641fb218cd7102d34027391f9b9de.gz
 create mode 100644 docs/work_history/repo/review_feedback/pr8097-evidence/_objects/db2d0cf30a2f2fa58ce519769e537c3f32d5e90cf3a0764bd115a46d41633b79.gz
 create mode 100644 docs/work_history/repo/review_feedback/pr8097-evidence/_objects/dd81537701f774ee9b1597768aee5c90d388523166f517ee8ee44ef89eeb80cc.gz
 create mode 100644 docs/work_history/repo/review_feedback/pr8097-evidence/_objects/dda509e169d500cfc7f2e2e7f00040a1038ba36124451f851d40c1bcf8a88540.gz
 create mode 100644 docs/work_history/repo/review_feedback/pr8097-evidence/_objects/e3b0c44298fc1c149afbf4c8996fb92427ae41e4649b934ca495991b7852b855.gz
 create mode 100644 docs/work_history/repo/review_feedback/pr8097-evidence/_objects/e3e72b836ca8f36333fab13fd116ffe18be9f4ab567e9fee5fc0d2cfa73a084f.gz
 create mode 100644 docs/work_history/repo/review_feedback/pr8097-evidence/_objects/eaff3281e3373fb5bf426d79cf0ad1119d24fcc49d97dbefb9a281cb8918cd7a.gz
 create mode 100644 docs/work_history/repo/review_feedback/pr8097-evidence/_objects/f153cfc22fc039dbbd186eee2df02816f48da856e271c768751ed0333ec8076a.gz
 create mode 100644 docs/work_history/repo/review_feedback/pr8097-evidence/_objects/f251f6c48552cfdaaa941108daf7484daa39ea020e86170c08483f9332e0886e.gz
 create mode 100644 docs/work_history/repo/review_feedback/pr8097-evidence/_objects/f755ffb8c6786c29b85aec13acd7d90e1eb1472cb2d499093bb4f6f35eca8e06.gz
 create mode 100644 docs/work_history/repo/review_feedback/pr8097-evidence/_objects/f889e55945fac0aad092820cd5a64c8a50b3a9228cd07eb84fd198234a16420d.gz
 create mode 100644 docs/work_history/repo/review_feedback/pr8097-evidence/_objects/f9f45ee0bbdef6548ecd8b1d15c5156f4f2b14a7512897283350b2de4a57f90c.gz
 create mode 100644 docs/work_history/repo/review_feedback/pr8097-evidence/_objects/fbc20089eb4a1b6f9dafc7a7ee5fdec976977c492bf30ac4499af9e23c5dca27.gz
 create mode 100644 docs/work_history/repo/review_feedback/pr8097-evidence/_objects/fecbc85ad216c4f9c7c1f4598788d8f256de22c76389382d6191fb96f0ae6049.gz
 create mode 100644 docs/work_history/repo/review_feedback/pr8097-evidence/_objects/ff0818f7099a51a75071e304874432c0ea4af24d2764c473b05b160827045f30.gz
 create mode 100644 docs/work_history/repo/review_feedback/pr8097-evidence/_objects/ff0fa057438f3ec1ada13380c7eb93d530954e02d6b5467ff090e5932415df9a.gz
 create mode 100644 docs/work_history/repo/review_feedback/pr8097-evidence/_objects/ffaff7d4fa6448feb5736142149e7a20c99b6c3e8765537727eaf852051aeec4.gz
 create mode 100644 docs/work_history/repo/review_feedback/pr8097-evidence/archive-manifest.json
 create mode 100644 docs/work_history/repo/review_feedback/pr8097-evidence/kept/pr8097-REVIEW_HISTORY-3f4cb79c836849bf.md
 create mode 100644 logs/runner-cache/native_weyl_local_interaction_covariance_2026_09_13.txt
 create mode 100644 scripts/native_weyl_local_interaction_covariance_2026_09_13.py
FROZEN bf1e6bc3d2595cd5bfc6d5f88627531e9496679f sources 146 inputs 168 notes 1
