native_mixed_gaussian_transition_note_2026-09-09 bounded_theorem unaudited ['scripts/native_mixed_gaussian_transition_2026_09_09_fast.py', 'scripts/native_mixed_gaussian_transition_2026_09_09_fock.py']
docs/audit/data/citation_graph_manifest.json | 20 ++++++++++++++++++--
 1 file changed, 18 insertions(+), 2 deletions(-)
[detached HEAD df5316ee81] Acknowledge reviewed source topology for train52
 Committer: Jon Bridger Apps <jonBridger@Jonathons-Mac-mini.local>
Your name and email address were configured automatically based
on your username and hostname. Please check that they are accurate.
You can suppress this message by setting them explicitly:

    git config --global user.name "Your Name"
    git config --global user.email you@example.com

After doing this, you may fix the identity used for this commit with:

    git commit --amend --reset-author

 1 file changed, 18 insertions(+), 2 deletions(-)
From https://github.com/jonathonreilly/cl3-lattice-framework
 * branch                  main       -> FETCH_HEAD
remote: This repository moved. Please use the new location:        
remote:   https://github.com/jonathonreilly/qubit-lattice-axiom-framework.git        
remote: Bypassed rule violations for refs/heads/main:        
remote: 
remote: - Changes must be made through a pull request.        
remote: 
To https://github.com/jonathonreilly/cl3-lattice-framework.git
   fa1e33749c..df5316ee81  HEAD -> main
From https://github.com/jonathonreilly/cl3-lattice-framework
 * branch                  main       -> FETCH_HEAD
LANDED df5316ee81d59d573b3837afb80d371d12d890d6
