[detached HEAD fa6ef65019] Preserve independently reviewed source unit PR8066-8067
 Date: Tue Sep 15 16:39:35 2026 -0400
 Committer: Jon Bridger Apps <jonBridger@Jonathons-Mac-mini.local>
Your name and email address were configured automatically based
on your username and hostname. Please check that they are accurate.
You can suppress this message by setting them explicitly:

    git config --global user.name "Your Name"
    git config --global user.email you@example.com

After doing this, you may fix the identity used for this commit with:

    git commit --amend --reset-author

 197 files changed, 4075 insertions(+)
 create mode 100644 docs/NATIVE_FINITE_EXCITATION_WARD_NOTE_2026-09-09.md
 create mode 100644 docs/NATIVE_INFINITE_STAR_NODE_REDUCTION_NOTE_2026-09-09.md
 create mode 100644 docs/work_history/repo/review_feedback/pr8066-evidence/README.md
 create mode 100644 docs/work_history/repo/review_feedback/pr8066-evidence/_objects/0057bfe6fd7bf025bf79e6299c776ad7589d061d5a221c9a2488543d3c891d50.gz
 create mode 100644 docs/work_history/repo/review_feedback/pr8066-evidence/_objects/01824f300c949f1d2de933195c10cef90ca3f35dbb55bc502517f1aae39935f3.gz
 create mode 100644 docs/work_history/repo/review_feedback/pr8066-evidence/_objects/02e0595cfae7c5767c783ca55c3edec793f0d982716c8cb945fce605d90495f7.gz
 create mode 100644 docs/work_history/repo/review_feedback/pr8066-evidence/_objects/03107542b9d3527c701bdc3802726550cabd318b3980fcb9bfffbf1aa2a15dd5.gz
 create mode 100644 docs/work_history/repo/review_feedback/pr8066-evidence/_objects/08647551c23035a8407c20ce4936592bf2430ae06136f2b9ab520b22f4ee0875.gz
 create mode 100644 docs/work_history/repo/review_feedback/pr8066-evidence/_objects/0c923ca509c51f6bb6c9a1d0eb7352c0a0111bab19b7b5fd3925cd0348e8bb7a.gz
 create mode 100644 docs/work_history/repo/review_feedback/pr8066-evidence/_objects/0e5ab98bf57dc7c9678f91ece36bb035c118e197213b42c319fd572c30220284.gz
 create mode 100644 docs/work_history/repo/review_feedback/pr8066-evidence/_objects/0e77a245d517a8a423a65bb1fdaf1b6962c2d8760971a865e6cb3c16d88b66c1.gz
 create mode 100644 docs/work_history/repo/review_feedback/pr8066-evidence/_objects/0ed90f06c7b09b41f123f7f177b82ca8a781196cfbe341db6147ab1845a47fd9.gz
 create mode 100644 docs/work_history/repo/review_feedback/pr8066-evidence/_objects/10c68fd5768420886520c3833e794b7837eb720600b5b48d53a03b683b352b2b.gz
 create mode 100644 docs/work_history/repo/review_feedback/pr8066-evidence/_objects/1453b9a02572ac7ac8782e90989005398590ad5757a2638d959af6d8d38e2fdc.gz
 create mode 100644 docs/work_history/repo/review_feedback/pr8066-evidence/_objects/150c2c4308372d79f8890002a713b54a3edb7199b7945c502349e249ba46b3ce.gz
 create mode 100644 docs/work_history/repo/review_feedback/pr8066-evidence/_objects/17d5639215bf18ce810123712216d4c2c033c518c8288a730c2cce4a9674224b.gz
 create mode 100644 docs/work_history/repo/review_feedback/pr8066-evidence/_objects/1a61b1c79b351343c88b619a454d2f2c03565e64d1c738f198fa90586831e042.gz
 create mode 100644 docs/work_history/repo/review_feedback/pr8066-evidence/_objects/1d6071dbf7f6530b720f99f363a6fb6074ccdaeff0233f7209c6270f6514dc1e.gz
 create mode 100644 docs/work_history/repo/review_feedback/pr8066-evidence/_objects/1e5c46f64855b2c9faa31d73ac8bdffba2dde7f1a1c7f6c4f6d0622a87888692.gz
 create mode 100644 docs/work_history/repo/review_feedback/pr8066-evidence/_objects/201628141a211dd2149570441d143dbf6559e2cfecd82ab8525720b863ad439b.gz
 create mode 100644 docs/work_history/repo/review_feedback/pr8066-evidence/_objects/211a412d0e93620325b0654d50fac7903d8c41e774e3513ddf087f681cc27dcb.gz
 create mode 100644 docs/work_history/repo/review_feedback/pr8066-evidence/_objects/2773f655e26d77328547ded9ca75c021fbb3bfe44e49bc7b8c16520cbd76b0b8.gz
 create mode 100644 docs/work_history/repo/review_feedback/pr8066-evidence/_objects/2d2661455332faa56d62b2c7157a7c1bfb6ec5fbe8c0b67caad4aff7988ea218.gz
 create mode 100644 docs/work_history/repo/review_feedback/pr8066-evidence/_objects/2de4681b22564c07588505f997124f48234d28d0922afd34839d09b450703087.gz
 create mode 100644 docs/work_history/repo/review_feedback/pr8066-evidence/_objects/35378808581ff4f0685d64ca7fd939cb91c85b9c993ac5c7630565bc78854612.gz
 create mode 100644 docs/work_history/repo/review_feedback/pr8066-evidence/_objects/35ef7f1c5124d023a487de78e087f488c4d4e88ff437427bcc97df4be5dd6ab8.gz
 create mode 100644 docs/work_history/repo/review_feedback/pr8066-evidence/_objects/387d96e08132ce446d68c326480956a680fcdc1e5c1b74acfb88d491038c8d2b.gz
 create mode 100644 docs/work_history/repo/review_feedback/pr8066-evidence/_objects/3c7721a6a08beb0df7017d6cbc49378b0c9f3329f08e8d0bbc6911c9e59a5005.gz
 create mode 100644 docs/work_history/repo/review_feedback/pr8066-evidence/_objects/3c90f5dfe50c522ff6ef1caaf8b45a3a1ae6707d0624b147c9967af911a8f5c8.gz
 create mode 100644 docs/work_history/repo/review_feedback/pr8066-evidence/_objects/3d61dfac1a844364b98c731efca34b27b3c8dac1a3049d519f26d97b1db12715.gz
 create mode 100644 docs/work_history/repo/review_feedback/pr8066-evidence/_objects/3e5dc9ca7112be3a9b79f403c4de5accd059bc4451b3a419c646deb6aca47e30.gz
 create mode 100644 docs/work_history/repo/review_feedback/pr8066-evidence/_objects/3ebb3e890e253568be8b9f6496cffa8d121fa8b305baea545eb4cfae4ccc930d.gz
 create mode 100644 docs/work_history/repo/review_feedback/pr8066-evidence/_objects/3f0ae43b9baa8d21f1413d49eaa29d73ce7b28f5b0fb08c630fe3e09e93a8e26.gz
 create mode 100644 docs/work_history/repo/review_feedback/pr8066-evidence/_objects/3fd75a0fce37ad04cb5a5976478a5b10ef16743527f0e3dceb09ed4c7fcf65c8.gz
 create mode 100644 docs/work_history/repo/review_feedback/pr8066-evidence/_objects/4579ca68f1384b5e7557e3ddba10b6d12cde7b6a8719cbcff6a79648f0d93d0d.gz
 create mode 100644 docs/work_history/repo/review_feedback/pr8066-evidence/_objects/49a808313956e51eca17e3955abece1b19574a13faf8003c6949c411de788435.gz
 create mode 100644 docs/work_history/repo/review_feedback/pr8066-evidence/_objects/4d4f2d3339ce3191a019300e0060c3cf4795e5611eb55866541a04e4398f988a.gz
 create mode 100644 docs/work_history/repo/review_feedback/pr8066-evidence/_objects/529a60746799bd1c9948c8052ab6453d7a3a482fc059d19546cb9d60c5b3b59a.gz
 create mode 100644 docs/work_history/repo/review_feedback/pr8066-evidence/_objects/53b91a26d87d288eeb8bc392c288a9a7022b156c2f3e257b5e23a271e66a4935.gz
 create mode 100644 docs/work_history/repo/review_feedback/pr8066-evidence/_objects/576bb04e562f18aef5730520a69dcc86deb131b860c7755b14034a0495f50ac3.gz
 create mode 100644 docs/work_history/repo/review_feedback/pr8066-evidence/_objects/57c5e75a7533b853d78064896ed55b0cb47fa17d1eea9f84ce9c0be5fc8f6707.gz
 create mode 100644 docs/work_history/repo/review_feedback/pr8066-evidence/_objects/62c91aa0b05c3809e07dfa32b8cb780ee423e97d1c8cc6971ada5ac2ee815887.gz
 create mode 100644 docs/work_history/repo/review_feedback/pr8066-evidence/_objects/662ab0ab99bd48d033e9264227babd05aa5643f00982159f0e73051c20efc616.gz
 create mode 100644 docs/work_history/repo/review_feedback/pr8066-evidence/_objects/6c6a5bccb17845511a9aa3741ca6a5cba6ce9c3ced95e0eb40ab5c35ac655fbd.gz
 create mode 100644 docs/work_history/repo/review_feedback/pr8066-evidence/_objects/6cf94d32506ed843832487e0d26d98346a51cb7dce250f67ce37bbf2be988bc4.gz
 create mode 100644 docs/work_history/repo/review_feedback/pr8066-evidence/_objects/6d661ed665bca2dee06dab7f977d7fc6b6ec39deaf265e74c9bb48c37387ecab.gz
 create mode 100644 docs/work_history/repo/review_feedback/pr8066-evidence/_objects/6dfa6139564eeeab6498e15586ac62f4af7072a454b3ab81da54e456d5f4dc24.gz
 create mode 100644 docs/work_history/repo/review_feedback/pr8066-evidence/_objects/7208d4d6fc01ca67ae22369db957dc42dd35e4c4de8dba710e025661ed0ac9e2.gz
 create mode 100644 docs/work_history/repo/review_feedback/pr8066-evidence/_objects/760d427782be560cf016409f937fcef6f316ef39649afc4083e0264ef4395211.gz
 create mode 100644 docs/work_history/repo/review_feedback/pr8066-evidence/_objects/7626f4395f053eccc0bc5bdc39fd9f63d145e920a3f7bfa4db22cff3c4cbfd7d.gz
 create mode 100644 docs/work_history/repo/review_feedback/pr8066-evidence/_objects/7caf394eb720c778fec6aad485435c0d93e74c7b85f2c89873ee774a0d2a14c0.gz
 create mode 100644 docs/work_history/repo/review_feedback/pr8066-evidence/_objects/7d6d71d8524f00646ebf55e5bcf273dab6b51172b2a1ae72d4e84ff4d262d4d6.gz
 create mode 100644 docs/work_history/repo/review_feedback/pr8066-evidence/_objects/7e567bd9535dc4015d54730bda3d4170b733b0073f183ece09083ed1db8e2fd6.gz
 create mode 100644 docs/work_history/repo/review_feedback/pr8066-evidence/_objects/8022d6127bdce46b1ef33bb2a10e669c55ea8ec7050e8736bbb88d5afe87ed37.gz
 create mode 100644 docs/work_history/repo/review_feedback/pr8066-evidence/_objects/81339e513ee6cfb3312c6120d9bda885ee905937f320044bed4ddb2700cc55ba.gz
 create mode 100644 docs/work_history/repo/review_feedback/pr8066-evidence/_objects/8173ac02caf6100770a2d6887506097e517262afd35b9c06353d1d43ef6eba8e.gz
 create mode 100644 docs/work_history/repo/review_feedback/pr8066-evidence/_objects/82b5c887d74da6b4f5e52a1fb751d927308ede552f1f81757f13507d6a568fba.gz
 create mode 100644 docs/work_history/repo/review_feedback/pr8066-evidence/_objects/841a7f17987a517a7c76d0fd12d1cd96a73628e53a1f00065e7fea34549bfd7b.gz
 create mode 100644 docs/work_history/repo/review_feedback/pr8066-evidence/_objects/86fe4b6946ff330c5fb5fef05907369535329b5bf46942e54bd2ff2fa9d0c02f.gz
 create mode 100644 docs/work_history/repo/review_feedback/pr8066-evidence/_objects/8797f6b4bc361eb270b4ee3b70d31ff2b5b04b122c495b7bcfedc24d41a38c0d.gz
 create mode 100644 docs/work_history/repo/review_feedback/pr8066-evidence/_objects/89f9963633ef4e14d24861d575911f320d8d09bbfe8be4cc2520c3504cda9d2c.gz
 create mode 100644 docs/work_history/repo/review_feedback/pr8066-evidence/_objects/8b7d0ba72be2b42e1dc8214d12a196f0720545aa0bf25bcc41e629b7dd3f71f2.gz
 create mode 100644 docs/work_history/repo/review_feedback/pr8066-evidence/_objects/8d00e0cae82a1ae4e0517db1c33cbb45731240ff9920dd49aeb8b0caab270d08.gz
 create mode 100644 docs/work_history/repo/review_feedback/pr8066-evidence/_objects/8f0c18cba642072596b8c2caa12d8e030511f951920f5470d1e572cd53155431.gz
 create mode 100644 docs/work_history/repo/review_feedback/pr8066-evidence/_objects/904fcf97b81a845a865f27b88ab7fd25efd1d2ac76de502df05ba0fe80f968ea.gz
 create mode 100644 docs/work_history/repo/review_feedback/pr8066-evidence/_objects/90c81a4d6c17b825eb1d05aaf838e4171ace42fd1c0cce65eb0e7aacf8e96ba0.gz
 create mode 100644 docs/work_history/repo/review_feedback/pr8066-evidence/_objects/93ca133f7f09b52a2f65345fed7788910540f571ad91d32a8913f50d03faf202.gz
 create mode 100644 docs/work_history/repo/review_feedback/pr8066-evidence/_objects/9c08a363c9d95d1ca317603abce8e4088a0cbca1ad2b154702ca43808136973b.gz
 create mode 100644 docs/work_history/repo/review_feedback/pr8066-evidence/_objects/9e10bd581c7d1a31c4224f1f9920d51da929f2d5c8e61cb33cb7b7e506632eec.gz
 create mode 100644 docs/work_history/repo/review_feedback/pr8066-evidence/_objects/9e9a9c9bca590caf5fa2ad464cd53969bcb2f2161ca3ab16545e57a120f02927.gz
 create mode 100644 docs/work_history/repo/review_feedback/pr8066-evidence/_objects/a05fef0d2eb3ae38a3e86b74cf9773bb7949a629c27a016292259ccf1c78e35f.gz
 create mode 100644 docs/work_history/repo/review_feedback/pr8066-evidence/_objects/a0925fc80c703ae4f400d68fa02836171929cfd50193c8edba43af821aba2ab3.gz
 create mode 100644 docs/work_history/repo/review_feedback/pr8066-evidence/_objects/a2243584ed03939d7f2a97dee28253db00d4398520b250937e5cc7038d83affe.gz
 create mode 100644 docs/work_history/repo/review_feedback/pr8066-evidence/_objects/a2d9de6486b6e1e2b5ec52282d7580115fd67c440ad1565054a8555d0a583d41.gz
 create mode 100644 docs/work_history/repo/review_feedback/pr8066-evidence/_objects/a43916c7b85710c7999cf9f8ba268162ce01bc158c4acf4cfda7fb766d40bfef.gz
 create mode 100644 docs/work_history/repo/review_feedback/pr8066-evidence/_objects/a4b1cea99be0397bf7f6ba3e152ba0ae1805efee9f788cf925d852b982f0809f.gz
 create mode 100644 docs/work_history/repo/review_feedback/pr8066-evidence/_objects/a8a1940e2ce0c599c8540d6272ec936adffbe17aea3bc3420f0cccb282dada73.gz
 create mode 100644 docs/work_history/repo/review_feedback/pr8066-evidence/_objects/ae0f9924fb980903ab1b398b2825ff8a44a89a3afb6910cca5cb551adb29f461.gz
 create mode 100644 docs/work_history/repo/review_feedback/pr8066-evidence/_objects/b4237fae327d641db9df8d7e68517c42d2a56394607b8d32a26bdd41b673fd82.gz
 create mode 100644 docs/work_history/repo/review_feedback/pr8066-evidence/_objects/b5b38916ebe498f46c6b51693a104d11c3dfa9cc4156bff9851fb5593b2cdd1f.gz
 create mode 100644 docs/work_history/repo/review_feedback/pr8066-evidence/_objects/b7fafad007b8e1b4faa181ed0dc839f6db27cbae539f58934e7bf3070162d202.gz
 create mode 100644 docs/work_history/repo/review_feedback/pr8066-evidence/_objects/b91828c58b110e984c6c033b3ba5b464f1bcb7dcb569262f054d5e5384df0eb7.gz
 create mode 100644 docs/work_history/repo/review_feedback/pr8066-evidence/_objects/bed02a2a089591081fbd72c855eb7b4dfc3ffc5b60e709e621e148e7ead00163.gz
 create mode 100644 docs/work_history/repo/review_feedback/pr8066-evidence/_objects/bf76b2c5e66eacae67f643feb1241a0b79015d0e9b016233c5c134eeec6ee2c9.gz
 create mode 100644 docs/work_history/repo/review_feedback/pr8066-evidence/_objects/c2e1040badabec2d4a18f8a2cfe5f8d90a910a318bedaf95a5daba5c32ac0e6e.gz
 create mode 100644 docs/work_history/repo/review_feedback/pr8066-evidence/_objects/c3469527ff7ca774b399d86034b4e3851200f6c38288e365619825a8229b282e.gz
 create mode 100644 docs/work_history/repo/review_feedback/pr8066-evidence/_objects/c7665966769962469a878f2f57ee4edde3425d1034cf330702781aaf90091047.gz
 create mode 100644 docs/work_history/repo/review_feedback/pr8066-evidence/_objects/c773518eec27e0a532cb8419ac7534aa0485d54c63a1cee8f4f9abe13b88a5e6.gz
 create mode 100644 docs/work_history/repo/review_feedback/pr8066-evidence/_objects/c81fc561fc01d8cf155c1e904c9d88f2b0fcdf2a6585d2437154dadc9d41b0f0.gz
 create mode 100644 docs/work_history/repo/review_feedback/pr8066-evidence/_objects/d12fb592fca13e559e9b42672d8e7caddfde1f1327c5eadf6af6e6575c9dc79c.gz
 create mode 100644 docs/work_history/repo/review_feedback/pr8066-evidence/_objects/d1a4aa103bf5511f682cedcc061020732a91fa0c98894f2358e0622d22ca9d32.gz
 create mode 100644 docs/work_history/repo/review_feedback/pr8066-evidence/_objects/d1b1054475fc3ad410004a6aab3e1c3b9556a8556def23db2937236e2cbb9564.gz
 create mode 100644 docs/work_history/repo/review_feedback/pr8066-evidence/_objects/d28be565225a4e25a1ba98af89354985def756a35faa135dece72a74fc34bd6d.gz
 create mode 100644 docs/work_history/repo/review_feedback/pr8066-evidence/_objects/d28dc280fb9e2a63b3cf3664d775bd5fa9b60e92ed27e20aca65e77b90986ec5.gz
 create mode 100644 docs/work_history/repo/review_feedback/pr8066-evidence/_objects/d712c7f630d0789f6ad0c7002b5243e97dacdc9ee064c77d5a519c4dfb830396.gz
 create mode 100644 docs/work_history/repo/review_feedback/pr8066-evidence/_objects/d8873c443969a45562656977d07d8a67f4a4c179c48a86a69da2fa6de39b7d01.gz
 create mode 100644 docs/work_history/repo/review_feedback/pr8066-evidence/_objects/d9145e85d147b2b13bae236b892cc548d0de769f378939ee91993e5e5b8471d1.gz
 create mode 100644 docs/work_history/repo/review_feedback/pr8066-evidence/_objects/d98d05c4f15458ce229549551a7d757a7745c7048a4090c98a310599c1fcb200.gz
 create mode 100644 docs/work_history/repo/review_feedback/pr8066-evidence/_objects/dea61fa073ea83c933cef54b808348de7d89537a4e306c4f3e084f8537991c9d.gz
 create mode 100644 docs/work_history/repo/review_feedback/pr8066-evidence/_objects/e10c65efef73274e6c70ac67e2fbf0b6fb00b307dee1eb0694f3677c0fec644d.gz
 create mode 100644 docs/work_history/repo/review_feedback/pr8066-evidence/_objects/e2daf53b9b861f7b693c98a99247b6ad7e90c70894619150bd82e96daf647c65.gz
 create mode 100644 docs/work_history/repo/review_feedback/pr8066-evidence/_objects/e3b0c44298fc1c149afbf4c8996fb92427ae41e4649b934ca495991b7852b855.gz
 create mode 100644 docs/work_history/repo/review_feedback/pr8066-evidence/_objects/ea2b7016f42fe671e9a2d8df720a029daa0933c482c900d263353a8e42c283b5.gz
 create mode 100644 docs/work_history/repo/review_feedback/pr8066-evidence/_objects/ea85464bb340d695559dd905b269b50edbad13e354a6a2c12657b931ecd23be6.gz
 create mode 100644 docs/work_history/repo/review_feedback/pr8066-evidence/_objects/eaaa57b2437d402355ac35550626086f19e17d759395ecfffe8e5605651abd63.gz
 create mode 100644 docs/work_history/repo/review_feedback/pr8066-evidence/_objects/eda4e69a78185044ab1ec9041c9ab65706b141e219c3402c6e79212cd828cfa3.gz
 create mode 100644 docs/work_history/repo/review_feedback/pr8066-evidence/_objects/eeeac186da847aab65f151f1bfa4faabdc5357a52fbc92b3934caa4a9cf5cb0e.gz
 create mode 100644 docs/work_history/repo/review_feedback/pr8066-evidence/_objects/f0036658c448b3feaafae282f8448ec64ac3b7227bc589fb24bee6d9986acc82.gz
 create mode 100644 docs/work_history/repo/review_feedback/pr8066-evidence/_objects/f023a3e10caa88d2cdec55a91ed2394fb6aa52d6370f0581b1ca54dbec87630f.gz
 create mode 100644 docs/work_history/repo/review_feedback/pr8066-evidence/_objects/f123615b115d15f5fdc793c25b4d1355e7525d6827d4c2aad874a041a699bf1f.gz
 create mode 100644 docs/work_history/repo/review_feedback/pr8066-evidence/_objects/f3c2d183f36335d6763be47958f08d9f58bd5f4686cade9f4869cc6d065e9e6f.gz
 create mode 100644 docs/work_history/repo/review_feedback/pr8066-evidence/_objects/f40debbe21d05acffc2711a915765c8ac2d91f12d64f21ab7216fffa89ba7fde.gz
 create mode 100644 docs/work_history/repo/review_feedback/pr8066-evidence/_objects/f4158b6e5d850db2257a8579e69ff779c2ed2c73b43b85957b8291238fa64e69.gz
 create mode 100644 docs/work_history/repo/review_feedback/pr8066-evidence/_objects/f8a4c50c44aad4a5fb9f29dbcb66f11375bd97ad19181463abaa5b7e5a44cf0d.gz
 create mode 100644 docs/work_history/repo/review_feedback/pr8066-evidence/_objects/fbb338490c2c61ff195c669ae237244c18d5b1dd8b8ddabe332e1c12b01cb8f3.gz
 create mode 100644 docs/work_history/repo/review_feedback/pr8066-evidence/archive-manifest.json
 create mode 100644 docs/work_history/repo/review_feedback/pr8066-evidence/kept/pr8066-HANDOFF-9ef67db77ea9ef6f.md
 create mode 100644 docs/work_history/repo/review_feedback/pr8066-evidence/kept/pr8066-REVIEW_HISTORY-3f4cb79c836849bf.md
 create mode 100644 docs/work_history/repo/review_feedback/pr8067-evidence/README.md
 create mode 100644 docs/work_history/repo/review_feedback/pr8067-evidence/_objects/054f03d3a23a6b272348607d3949992886624b24374af00879266db22641cf83.gz
 create mode 100644 docs/work_history/repo/review_feedback/pr8067-evidence/_objects/0f5c39a7ed002698f7e9c85b6cd5294427b6865d6b66adc805ddecc64bc8f264.gz
 create mode 100644 docs/work_history/repo/review_feedback/pr8067-evidence/_objects/138d1aa3337a07cd412178ea827619962c3a66c693ae5db82577e6085e038d64.gz
 create mode 100644 docs/work_history/repo/review_feedback/pr8067-evidence/_objects/1453b9a02572ac7ac8782e90989005398590ad5757a2638d959af6d8d38e2fdc.gz
 create mode 100644 docs/work_history/repo/review_feedback/pr8067-evidence/_objects/14ca044e40b5f2b93d358f14335eed104f532f245b2218229ea3f4086fd5cc51.gz
 create mode 100644 docs/work_history/repo/review_feedback/pr8067-evidence/_objects/1a61b1c79b351343c88b619a454d2f2c03565e64d1c738f198fa90586831e042.gz
 create mode 100644 docs/work_history/repo/review_feedback/pr8067-evidence/_objects/21400ab0bdbbf4b34c42400c49af76dfb5bced0c7ba84ae2ba818774270441e4.gz
 create mode 100644 docs/work_history/repo/review_feedback/pr8067-evidence/_objects/2194d3f7350ef40d94319967e62fb53ae51de1bd930bf596388e9649d335abb9.gz
 create mode 100644 docs/work_history/repo/review_feedback/pr8067-evidence/_objects/241d4defb404f11d408632f02b41ea8971a6dc9a0353ed142d807782ce43e241.gz
 create mode 100644 docs/work_history/repo/review_feedback/pr8067-evidence/_objects/24790c0617cdf83709c2f696a4111b5c84795694618481ea19826276a9ebd06e.gz
 create mode 100644 docs/work_history/repo/review_feedback/pr8067-evidence/_objects/2b553aa9b6652370af6367d70221fd86c21a5d94625d759eab2ce3c31a84664d.gz
 create mode 100644 docs/work_history/repo/review_feedback/pr8067-evidence/_objects/3a3bb99c17d202f347b946aafe1024e0c5a87ebb3d3169b2d428d92009eae697.gz
 create mode 100644 docs/work_history/repo/review_feedback/pr8067-evidence/_objects/3bff4d12755b34cbf9b407f696699d4cbe2f89d9d711cdb4d232794d7a134375.gz
 create mode 100644 docs/work_history/repo/review_feedback/pr8067-evidence/_objects/3d19cc5f3c08998b4f4f77f9568dfe6184bf25c3f12dc7cdbce9bd835dc4632a.gz
 create mode 100644 docs/work_history/repo/review_feedback/pr8067-evidence/_objects/3d61dfac1a844364b98c731efca34b27b3c8dac1a3049d519f26d97b1db12715.gz
 create mode 100644 docs/work_history/repo/review_feedback/pr8067-evidence/_objects/4d60db160298bf12f129cec4d6866b27526cb2acad9f5db4a516161190c1c854.gz
 create mode 100644 docs/work_history/repo/review_feedback/pr8067-evidence/_objects/4f64d5831ad1d6a6bb7c5b87b590ce6b6989e534c2e2e3167a4a24e2cbe54621.gz
 create mode 100644 docs/work_history/repo/review_feedback/pr8067-evidence/_objects/5654417a40c26abf8e634d79cdbe5d7cd63dfa2643677488813111678d4ef0c1.gz
 create mode 100644 docs/work_history/repo/review_feedback/pr8067-evidence/_objects/582f4e2c93dea5eb967b6cca93b56f2837399bb9707e05818fc4b6b634c1d428.gz
 create mode 100644 docs/work_history/repo/review_feedback/pr8067-evidence/_objects/59722e917c87b85764f651a53b93a3492e4cb66c6740035f24012756447d510a.gz
 create mode 100644 docs/work_history/repo/review_feedback/pr8067-evidence/_objects/5c593c075c7a617296eeb31074bc9227220e25c9bade0f81b66aa0e001ba4c20.gz
 create mode 100644 docs/work_history/repo/review_feedback/pr8067-evidence/_objects/600915a285faa90dfaf704c3f324a7cc503daed0ecbb3d9ba73871df5af4eb2c.gz
 create mode 100644 docs/work_history/repo/review_feedback/pr8067-evidence/_objects/61cdb4dc16246b6eaa4776db17592e401fb64753fe1065acb22d5fa4ccc837fe.gz
 create mode 100644 docs/work_history/repo/review_feedback/pr8067-evidence/_objects/6a00291cb8d22ccba773dbe8eee64560d3e7149ce48310ee63b18df1a0b1063e.gz
 create mode 100644 docs/work_history/repo/review_feedback/pr8067-evidence/_objects/6aa11088ffe4ec7a84df522588968af1af76f9aba140ae21c475e5903797fbc4.gz
 create mode 100644 docs/work_history/repo/review_feedback/pr8067-evidence/_objects/6b82b3c90f8f999a8cc4a371788dd22fd84cc982755a86ae471aab2de3b6a13c.gz
 create mode 100644 docs/work_history/repo/review_feedback/pr8067-evidence/_objects/72cf4e0c586264c88586fc60b7771ab6df502d69f807ba3924497a599a3de8b6.gz
 create mode 100644 docs/work_history/repo/review_feedback/pr8067-evidence/_objects/759e1588f0587355a6273d3f7ad23377a491c6a15bc397373402c3cca0471e87.gz
 create mode 100644 docs/work_history/repo/review_feedback/pr8067-evidence/_objects/77038975e426b175030f40e4bc23dc2f1bd27a0660ed664ab14e5525e7f2a212.gz
 create mode 100644 docs/work_history/repo/review_feedback/pr8067-evidence/_objects/79b807f745b8601a46ed5b7a526a2e69e21407f410387d29ccf9fac873ede0fd.gz
 create mode 100644 docs/work_history/repo/review_feedback/pr8067-evidence/_objects/7fd5eff7365604e7e58fdf5a928f6499a64b4c04b65fbe49cdc0a736cc35080b.gz
 create mode 100644 docs/work_history/repo/review_feedback/pr8067-evidence/_objects/80953ab998783773dcccb4e7a1a5b13437d9bd73157343b8d3241891c901e494.gz
 create mode 100644 docs/work_history/repo/review_feedback/pr8067-evidence/_objects/840c95232f9c17b4b187a7d2b0047f345e1cef5f6aafb985121fcf7b6c4da9b0.gz
 create mode 100644 docs/work_history/repo/review_feedback/pr8067-evidence/_objects/84f8f05f55aeea179baa251e357b39d3610657bfc6e372064e46b5e5e3a34bde.gz
 create mode 100644 docs/work_history/repo/review_feedback/pr8067-evidence/_objects/851002265dc1ae362874a1a74aa2a2648465c2c76f1d5dcca267298b07c039e4.gz
 create mode 100644 docs/work_history/repo/review_feedback/pr8067-evidence/_objects/885457bd5703e5ccd67995a538bf851e27813058a65408ffd66ad1392f8aa3e2.gz
 create mode 100644 docs/work_history/repo/review_feedback/pr8067-evidence/_objects/8dfff19d4ada28edd80ca565cddf93e2703fe3c0cbeb2919018ecb4eb141b218.gz
 create mode 100644 docs/work_history/repo/review_feedback/pr8067-evidence/_objects/8e9ad134cfc923144de9a9d47beb06e0fcb6bf74c20b2cf762c8724328c738ad.gz
 create mode 100644 docs/work_history/repo/review_feedback/pr8067-evidence/_objects/8f0c18cba642072596b8c2caa12d8e030511f951920f5470d1e572cd53155431.gz
 create mode 100644 docs/work_history/repo/review_feedback/pr8067-evidence/_objects/943237a3cabc4346fd8c7d9191833e77ea14a4dda249195b632eb92f86aa062a.gz
 create mode 100644 docs/work_history/repo/review_feedback/pr8067-evidence/_objects/9605d2eb2f0e4595b4781b04c3d65bc96c2ef7d6e73321daaf455478224ac6c4.gz
 create mode 100644 docs/work_history/repo/review_feedback/pr8067-evidence/_objects/a0acdbdb0a4d18b90185c3901f44e57af25b96a6ccb448c2d7fe34acc4deb4ce.gz
 create mode 100644 docs/work_history/repo/review_feedback/pr8067-evidence/_objects/ad0978eb65cb699544bbc3d59e52d073b083c15810b4e652b1d134c802e9490a.gz
 create mode 100644 docs/work_history/repo/review_feedback/pr8067-evidence/_objects/ae4b05ec48f14bc1fe03da00cf0bd9eca2d0cbc06ec59c3ae503eb0fd6bdc3f7.gz
 create mode 100644 docs/work_history/repo/review_feedback/pr8067-evidence/_objects/b05cac06a88f155b72c1f8f2cbe4e0f106a2ba6ffe43d2483bb4aedeb59ccc83.gz
 create mode 100644 docs/work_history/repo/review_feedback/pr8067-evidence/_objects/b38a302599b0c906f7f3e13782ac6aa01bb1fd087ee39331f4eff7bed821a2c0.gz
 create mode 100644 docs/work_history/repo/review_feedback/pr8067-evidence/_objects/cbbfa80a0c60c82974ee5ea3f3cbb3031b9879500f5aad7809d0b3e79be6e397.gz
 create mode 100644 docs/work_history/repo/review_feedback/pr8067-evidence/_objects/cbfb625e99f5f557f1c43c7803d2211425a0e46fc9eb2dbe54ac9fbc6047796a.gz
 create mode 100644 docs/work_history/repo/review_feedback/pr8067-evidence/_objects/cfee2468bc1a9bd53ccd68272db6917ca9b405daf50eb7e96e8c5d7858da892f.gz
 create mode 100644 docs/work_history/repo/review_feedback/pr8067-evidence/_objects/d117cf861e7115ccb78c77cbe118eb805f2d1c8f1e1ed8e1cb738576d9416436.gz
 create mode 100644 docs/work_history/repo/review_feedback/pr8067-evidence/_objects/da607e1e5a21a53c739146d0e4bb5527dc7b9566ad10f2d07451d1ef036115c2.gz
 create mode 100644 docs/work_history/repo/review_feedback/pr8067-evidence/_objects/dd3dd45e2ba08edffd0e347d0f72490bc49aacd989410e96cdf40c884f0213f7.gz
 create mode 100644 docs/work_history/repo/review_feedback/pr8067-evidence/_objects/e2a3d61703dc520fbc951f2d7024b63384fef3ac78244b916d1b5b03b2ac441e.gz
 create mode 100644 docs/work_history/repo/review_feedback/pr8067-evidence/_objects/e3b0c44298fc1c149afbf4c8996fb92427ae41e4649b934ca495991b7852b855.gz
 create mode 100644 docs/work_history/repo/review_feedback/pr8067-evidence/_objects/e4b6dca1b86d431732064c8095c812bc9847fa21e100bd0d2276b120997067e8.gz
 create mode 100644 docs/work_history/repo/review_feedback/pr8067-evidence/_objects/e589e7fcc3af9717d84be682b9c2edcf7b4ef1141da5751d3cea0593cb5f727c.gz
 create mode 100644 docs/work_history/repo/review_feedback/pr8067-evidence/_objects/e6779882c8c9de2f734e8fe4c346c9a65643c526b3dbedd4f612e358e382827b.gz
 create mode 100644 docs/work_history/repo/review_feedback/pr8067-evidence/_objects/e727efaeb1eba64a50fff4322ac90ea1bedfbc9562f6d730bf62811b15eead38.gz
 create mode 100644 docs/work_history/repo/review_feedback/pr8067-evidence/_objects/f12c258af0a5046d959c7b3ff63eebc592da82ee63beb622ed204a9e9421089a.gz
 create mode 100644 docs/work_history/repo/review_feedback/pr8067-evidence/_objects/fd6e15e573b4a17ad92713c28351766b2f5a25dcf298b418b865e9bd9fa026e6.gz
 create mode 100644 docs/work_history/repo/review_feedback/pr8067-evidence/archive-manifest.json
 create mode 100644 docs/work_history/repo/review_feedback/pr8067-evidence/kept/pr8067-HANDOFF-9ef67db77ea9ef6f.md
 create mode 100644 docs/work_history/repo/review_feedback/pr8067-evidence/kept/pr8067-REVIEW_HISTORY-3f4cb79c836849bf.md
 create mode 100644 docs/work_history/repo/review_feedback/pr8067-evidence/output-summary-map.json
 create mode 100644 docs/work_history/repo/review_feedback/pr8067-evidence/pr8067-original-output-summary.md
 create mode 100644 logs/runner-cache/native_finite_excitation_ward_2026_09_09.txt
 create mode 100644 logs/runner-cache/native_infinite_star_node_reduction_2026_09_09.txt
 create mode 100644 outputs/native_finite_excitation_ward_2026_09_09.json
 create mode 100644 outputs/native_finite_excitation_ward_2026_09_09.md
 create mode 100644 outputs/native_finite_excitation_ward_2026_09_09_inputs.json
 create mode 100644 outputs/native_infinite_star_node_reduction_2026_09_09.json
 create mode 100644 scripts/native_finite_excitation_ward_2026_09_09.py
 create mode 100644 scripts/native_finite_excitation_ward_controls_2026_09_09.py
 create mode 100644 scripts/native_infinite_star_node_algebra_2026_09_09.py
 create mode 100644 scripts/native_infinite_star_node_gap_2026_09_09.py
 create mode 100644 scripts/native_infinite_star_node_orbits_tail_2026_09_09.py
 create mode 100644 scripts/native_infinite_star_node_reduction_2026_09_09.py
 create mode 100644 scripts/native_infinite_star_node_shift_2026_09_09.py
FROZEN fa6ef65019bc731632ecb3a80b11cd0801fe45e7 sources 197 inputs 217 notes 2
