[detached HEAD 3bf4861b34] Preserve independently reviewed source unit PR8024
 Date: Tue Sep 22 17:50:33 2026 -0400
 Committer: Jon Bridger Apps <jonBridger@Jonathons-Mac-mini.local>
Your name and email address were configured automatically based
on your username and hostname. Please check that they are accurate.
You can suppress this message by setting them explicitly:

    git config --global user.name "Your Name"
    git config --global user.email you@example.com

After doing this, you may fix the identity used for this commit with:

    git commit --amend --reset-author

 78 files changed, 1295 insertions(+)
 create mode 100644 docs/GAUGE_WILSON_ELECTRIC_DOMINATED_VOLUME_UNIFORM_GAP_BOUNDED_THEOREM_NOTE_2026-09-07.md
 create mode 100644 docs/work_history/review_loop/pr8024/README.md
 create mode 100644 docs/work_history/review_loop/pr8024/objects/08a2cfb6fd326adc64f87a307d23a182b6f7429bc110cddda271944f23e5c083.gz
 create mode 100644 docs/work_history/review_loop/pr8024/objects/08ff454fafda5548adfaacdf6d2a712abe9c8949595ada563e2632d0ab1e3458.gz
 create mode 100644 docs/work_history/review_loop/pr8024/objects/0b3a8871d0aa09b92bc288c041ee60ff190f89508a62936101acc60df3f840f0.gz
 create mode 100644 docs/work_history/review_loop/pr8024/objects/0ca156f369be3b98468e0896e71f75f07840c1a47971b6d2ad51e0f1ac9763fe.gz
 create mode 100644 docs/work_history/review_loop/pr8024/objects/0e7bea9747b00e796697eea970e279dca784ebb4ce8d339baf8a3e64114acf8e.gz
 create mode 100644 docs/work_history/review_loop/pr8024/objects/1146468b69f5f37b1fa4611992b04044b81a89381153343ee58e9ab8bfed808e.gz
 create mode 100644 docs/work_history/review_loop/pr8024/objects/171bba5a78bc4124744245e36f69a09dc3c52a9cdf8a2e7c0a72dd09680b53a0.gz
 create mode 100644 docs/work_history/review_loop/pr8024/objects/1b4d622d24db2f85db8208ce9948040d63f7430dc1247be66308189bc43d0c9c.gz
 create mode 100644 docs/work_history/review_loop/pr8024/objects/1f3b0584a404b93463f41e133fbe00e41efecf600a6bf0f9107ba0b15d4327bb.gz
 create mode 100644 docs/work_history/review_loop/pr8024/objects/203f00fa2a7a5083f793ebafe720a2e27ee1ce79d6dff515e113b5be489f8ac2.gz
 create mode 100644 docs/work_history/review_loop/pr8024/objects/21bd9529b241a2dfc850a19ade9ed62b5f0a3e49b11bc34d9fb172e1599aa309.gz
 create mode 100644 docs/work_history/review_loop/pr8024/objects/21d864493f666303743a56d8a5be17b1e35ffb696c270994fa5cfcb6d09d0e87.gz
 create mode 100644 docs/work_history/review_loop/pr8024/objects/22018bd90d67a517cd0d0fcbcbdc6de77180f04b7fecad1fa50f344df024f4e0.gz
 create mode 100644 docs/work_history/review_loop/pr8024/objects/23de61b434e797d65a11c1404105bae7908fd791d80f476b30bdedcd8213f991.gz
 create mode 100644 docs/work_history/review_loop/pr8024/objects/25bb978a8cc079ce2bcb425b0e463b35f27a504b40c165d41868fd3631e5fd36.gz
 create mode 100644 docs/work_history/review_loop/pr8024/objects/25f09ffc3fa01b87e79a0bf24142db075d6edaaa66be9f8821d9587ad08438b9.gz
 create mode 100644 docs/work_history/review_loop/pr8024/objects/32e6c625db2c78be61284dc8cc952e8c73b20d2e0cebe07b551fa7bda554fd21.gz
 create mode 100644 docs/work_history/review_loop/pr8024/objects/342870915b94fc010a8c6c76e46f3ae74a3f5a427ab6ef8d3842c655f9cd0570.gz
 create mode 100644 docs/work_history/review_loop/pr8024/objects/3512aa0ce5d78c948c31b155447fade3a8701b29d34bbcfc1ebe0235ea5fd7a6.gz
 create mode 100644 docs/work_history/review_loop/pr8024/objects/35bfa980a4cc637c36a2b92a534cccb5b9959af6593ca122db6d90697c21cd22.gz
 create mode 100644 docs/work_history/review_loop/pr8024/objects/363cb6205f38e6bf2a1d3e15abc8a8d629a762d4e5bff9d364111a892dcd3363.gz
 create mode 100644 docs/work_history/review_loop/pr8024/objects/3ed9ba1ea12ab96602153f151d64f205e94f6faff619c09d36367cdd6d030f65.gz
 create mode 100644 docs/work_history/review_loop/pr8024/objects/3f6bb29c1d13200dc81f8c3c13a7c35fb124f4af8cf22401c7282c4e1730039c.gz
 create mode 100644 docs/work_history/review_loop/pr8024/objects/41a5f2bb539bf4395c25c4265ef9e612ad601dce9252a622c443007db48001a3.gz
 create mode 100644 docs/work_history/review_loop/pr8024/objects/436cfeb6e1db2bcfe6b1674cd0255753da3f58d2dcadef85556845ebab7bc5b8.gz
 create mode 100644 docs/work_history/review_loop/pr8024/objects/49d3f5aceadca1c96c33c19eb50506748e1e421a89748728a4b15808723d0f9f.gz
 create mode 100644 docs/work_history/review_loop/pr8024/objects/4b9fd5926de6884b3818bc8b3555d433d530dd644af3c370bff3c5a0a96ccd14.gz
 create mode 100644 docs/work_history/review_loop/pr8024/objects/4d305ca4258c2db2081772bed60c4e3187923a035b0543e645e9f4a9dc1b816c.gz
 create mode 100644 docs/work_history/review_loop/pr8024/objects/4ebb1d9b798b1214e9ae607d137b5437ffe227bb240883b8cbf131e69fe2deb2.gz
 create mode 100644 docs/work_history/review_loop/pr8024/objects/53885be88a49fdf85be56dfcc9e2a65574c2a0d7ef7e2af42e687817e2828f28.gz
 create mode 100644 docs/work_history/review_loop/pr8024/objects/54e58beed9277e6026a3c670ea712e09cd6f0fe3f59ddc2a74e6e0197400a8e2.gz
 create mode 100644 docs/work_history/review_loop/pr8024/objects/5640361dbd1f20060b4e5efe2420039c59741e5ef4ddbd1930f733e8ea7674e5.gz
 create mode 100644 docs/work_history/review_loop/pr8024/objects/5d692954fad1d08392c17b643b5cb41216b5432e3b6739b9fca128c413998d45.gz
 create mode 100644 docs/work_history/review_loop/pr8024/objects/5d896bf767fbc700784048a09c0f4dabacc523e902960b3ce74acc8d3c6ae861.gz
 create mode 100644 docs/work_history/review_loop/pr8024/objects/60cf06546ee1f21ecd51e83425d6ce7cc12cf900afd9261d67710394c5a3a66f.gz
 create mode 100644 docs/work_history/review_loop/pr8024/objects/6ee99e10af897f5daf6beca122989164543cf7da92aa237e49c315d2ffb780e0.gz
 create mode 100644 docs/work_history/review_loop/pr8024/objects/75d6a064729cbe1ea9a971d687e7466e8dab9e9f47e126d84fc0de439e755971.gz
 create mode 100644 docs/work_history/review_loop/pr8024/objects/7fa962900d41be669117feac0750d77bec2200c097ea74d20ee82f9c049438cd.gz
 create mode 100644 docs/work_history/review_loop/pr8024/objects/829b8b865a33b398f41490c1ace32d68b12cb8bd06e44ef98661e13a3ad40fbe.gz
 create mode 100644 docs/work_history/review_loop/pr8024/objects/8345ca732b5ce0c1edd1de10d2b859df4c6796c8ec56ebb19eb992f19bb7f464.gz
 create mode 100644 docs/work_history/review_loop/pr8024/objects/8637324dd2086f6426180fc28e319f78e1de151d211bf61f4eaf5505bbf9cb72.gz
 create mode 100644 docs/work_history/review_loop/pr8024/objects/8c9db26fcb2d18cb3cdc957eabd549aa5e70f88e56de449af082849f0982d8eb.gz
 create mode 100644 docs/work_history/review_loop/pr8024/objects/912f848d1808d39c0c4fe90275481ab6a6446d8a476c8860910da2bf002d93ac.gz
 create mode 100644 docs/work_history/review_loop/pr8024/objects/937e52de4d643c015b067d131d3eef8b35aefd610d5cd85548f7ea18e61f62cf.gz
 create mode 100644 docs/work_history/review_loop/pr8024/objects/939af34295844abf1e21194cf9ca11efdc21ad169f8db8af6689db5fd06dd101.gz
 create mode 100644 docs/work_history/review_loop/pr8024/objects/957c2ad42012c3ca3773ba22bfb41a0551fbe2cc10307c5e364506eda85e0ef5.gz
 create mode 100644 docs/work_history/review_loop/pr8024/objects/9dfd600cc3fd2ffc90fb2ea341d8d5d761ae894932c0f83b4f60c8c6e45d1ded.gz
 create mode 100644 docs/work_history/review_loop/pr8024/objects/9f148dd4f8ed52241e272aaf928ba96b74b9002373def9a86f2f050f19a3d0de.gz
 create mode 100644 docs/work_history/review_loop/pr8024/objects/a347b9708c039b3482c06c2658c039e6a63081d640b1434ebedd1fc31b4d8eed.gz
 create mode 100644 docs/work_history/review_loop/pr8024/objects/a5c0150e94fff0113f165dfea9f07106b8bfd349b6801895f8921e4228a09431.gz
 create mode 100644 docs/work_history/review_loop/pr8024/objects/a8921b35aea77df99e307ab41789b42e1ed128e02dbb817ba438045e1bd12f64.gz
 create mode 100644 docs/work_history/review_loop/pr8024/objects/b35c6bf7eabb7cba7ff3499bc7b72e1bcf49dc9b079d7df73412549a072e5d09.gz
 create mode 100644 docs/work_history/review_loop/pr8024/objects/b488f0bdf805b6dcaa4c14651fd05943581f5dd1a084d14c73fd4d9258981167.gz
 create mode 100644 docs/work_history/review_loop/pr8024/objects/b7c3aca4a36d93fab5e2954ce58507c0601dd8e6f48f3a9ae9d04e4ef87ab415.gz
 create mode 100644 docs/work_history/review_loop/pr8024/objects/bb59de0b4092201b59f47e79eaecb3deeb13eae9c4530d75cf882f317649d3fe.gz
 create mode 100644 docs/work_history/review_loop/pr8024/objects/be8ec3950f2c077f13903d861918b0ea7a06750bbbe25359e02557c59d2681c9.gz
 create mode 100644 docs/work_history/review_loop/pr8024/objects/c1f44da8c4c587ef2b445ac75ca86b2eb75c35ceb9b31a21897519fc5a47e081.gz
 create mode 100644 docs/work_history/review_loop/pr8024/objects/c5230f1df34057ac322c54994298e10d44444707216b3508f26533b15725ff9f.gz
 create mode 100644 docs/work_history/review_loop/pr8024/objects/c5953f7eb7d01f8afe7d27a23b0f69aced95558eab00987f8923bc91ebeaf615.gz
 create mode 100644 docs/work_history/review_loop/pr8024/objects/c862c10fe663c5a02dd2fdde813d4eab24ccc33a0bf7423bdef1529b4490349d.gz
 create mode 100644 docs/work_history/review_loop/pr8024/objects/cbae27ef6c5082eb6df867c529682ba3cd930740e263a829682e9a70d30caef7.gz
 create mode 100644 docs/work_history/review_loop/pr8024/objects/ce0e1fb0195cce92a351bbc9b254605e1cfd857e98c77aee8ae04d448c838703.gz
 create mode 100644 docs/work_history/review_loop/pr8024/objects/dcf9550f918c4da399c99e4dae9a6bf61f91ab2f62a24f6b7b08fc94bb97faff.gz
 create mode 100644 docs/work_history/review_loop/pr8024/objects/dd8a59197f60384b458562fd8d5086de6e0bfb4d7a8601de33d36dfbfba909ea.gz
 create mode 100644 docs/work_history/review_loop/pr8024/objects/de4e95f0fdf520706dc24addcfead854a3693f293ab497016d65f2538ac99228.gz
 create mode 100644 docs/work_history/review_loop/pr8024/objects/e71b20d1b970dba29dc69ed1ca5b7dfd699f11e8331661e2bea7678a2b8a7323.gz
 create mode 100644 docs/work_history/review_loop/pr8024/objects/eb1e8a3210713bee5c22ecfa78f75e9665a581a33920d4c8ce1314d05bd29fb3.gz
 create mode 100644 docs/work_history/review_loop/pr8024/objects/ec5a6f46f0a0d6c8de27449ca08e63fc42b6a9130b2c16772ed163f413bb891d.gz
 create mode 100644 docs/work_history/review_loop/pr8024/objects/f34d4889bdd3713a83eda45942cca808755e224d74240b6944b1a27663c7f0d7.gz
 create mode 100644 docs/work_history/review_loop/pr8024/objects/f4ad8105d202cc11c070dbc6791f79631c221ca9176f36c308a73d4c4c129876.gz
 create mode 100644 docs/work_history/review_loop/pr8024/objects/f97ed3133107764e3d765803e2d8f907f7cbd065c2336d93a98aa00f002b0e96.gz
 create mode 100644 docs/work_history/review_loop/pr8024/objects/fbdd0150884bd4e27e731c6cbd5931f3dc4ccff8e56a8a3af7ff4422b3cbfb4b.gz
 create mode 100644 docs/work_history/review_loop/pr8024/objects/feb07a7c5b3375fde15a4e318af278da11c4a8168a78b6a7d9a9b567aaa12443.gz
 create mode 100644 docs/work_history/review_loop/pr8024/original-manifest.json
 create mode 100644 logs/runner-cache/gauge_wilson_electric_dominated_volume_uniform_gap_check_2026_09_07.txt
 create mode 100644 scripts/gauge_wilson_electric_dominated_volume_uniform_gap_check_2026_09_07.py
FROZEN 3bf4861b34eeda41a6cefd3d9066c10f75f424c2 sources 78 inputs 93 notes 1
