[detached HEAD 1a53fc770d] Preserve independently reviewed source unit PR8061
 Date: Tue Sep 15 13:07:21 2026 -0400
 Committer: Jon Bridger Apps <jonBridger@Jonathons-Mac-mini.local>
Your name and email address were configured automatically based
on your username and hostname. Please check that they are accurate.
You can suppress this message by setting them explicitly:

    git config --global user.name "Your Name"
    git config --global user.email you@example.com

After doing this, you may fix the identity used for this commit with:

    git commit --amend --reset-author

 619 files changed, 157131 insertions(+)
 create mode 100644 docs/NATIVE_L6_NONLINEAR_STAR_VERTEX_NOTE_2026-09-09.md
 create mode 100644 docs/NATIVE_L6_SIXTH_PREFIX_GAP_CERTIFICATE_NOTE_2026-09-08.md
 create mode 100644 docs/work_history/repo/review_feedback/pr8059-evidence/README.md
 create mode 100644 docs/work_history/repo/review_feedback/pr8059-evidence/_objects/018de1073ad32318f4c363c8c5fb7114dfe4ab62a3e6dbd5cddb9cf2907a5e85.gz
 create mode 100644 docs/work_history/repo/review_feedback/pr8059-evidence/_objects/02eafcdc11d1ce5b55d32e420e9f8a79b0242990603727a509e2a5b020f647b6.gz
 create mode 100644 docs/work_history/repo/review_feedback/pr8059-evidence/_objects/0309057b39cab23831cb7c2b9b8331220a24113e0de3f3afac3130a54608993c.gz
 create mode 100644 docs/work_history/repo/review_feedback/pr8059-evidence/_objects/03540266f39b7b960678985a142536b121ed8e7a7b7c8978da1d401541a9af67.gz
 create mode 100644 docs/work_history/repo/review_feedback/pr8059-evidence/_objects/03bb1737156b08bbb9586248b7908294fce44763cf22d045a433a448bd224a1e.gz
 create mode 100644 docs/work_history/repo/review_feedback/pr8059-evidence/_objects/03e2800119e5b465c283ed2e49edfcf85a78a80cf24655a53b521d97892d5752.gz
 create mode 100644 docs/work_history/repo/review_feedback/pr8059-evidence/_objects/04154519b97de1b22135b2c46c4428b511cdcc06ae027585d6f28179c8758e53.gz
 create mode 100644 docs/work_history/repo/review_feedback/pr8059-evidence/_objects/044c9bddd9257155d0765094c00ccb1291ad27e6370bdb27464402ce09485d20.gz
 create mode 100644 docs/work_history/repo/review_feedback/pr8059-evidence/_objects/04856fa4e7c97b7b280f21556dacf90e031e3306755be75395a47e0a90057878.gz
 create mode 100644 docs/work_history/repo/review_feedback/pr8059-evidence/_objects/0494efe8c96540524b6c502b73f740c94c5f0ff1678e561176b20e2810b6af35.gz
 create mode 100644 docs/work_history/repo/review_feedback/pr8059-evidence/_objects/07211edbda2f1eab99f01738fa28ae0414d149ba199d7dde23bb1ad0a4ad7fbd.gz
 create mode 100644 docs/work_history/repo/review_feedback/pr8059-evidence/_objects/0865848f6dfee22b8388dc71bd82f98c26812205152aee28d6eeb67b003cfaef.gz
 create mode 100644 docs/work_history/repo/review_feedback/pr8059-evidence/_objects/08df03d03e1d0796d83b984c971f3d9ebd8b9ff89b8a5daaf30a1a81fa6c05c1.gz
 create mode 100644 docs/work_history/repo/review_feedback/pr8059-evidence/_objects/094c239a3755d1db32a51c24377b298dedbf07ae82ca6893c652fbe3d036eea7.gz
 create mode 100644 docs/work_history/repo/review_feedback/pr8059-evidence/_objects/09e8b795450b395fe224aaa5e9d3377c253646aa6286bc0a6a3fe7b7a4c9a050.gz
 create mode 100644 docs/work_history/repo/review_feedback/pr8059-evidence/_objects/0aa8c413e250f85ff7ba4e8f2a13d63c8070d33ff0496dff3e98e0b785dcd424.gz
 create mode 100644 docs/work_history/repo/review_feedback/pr8059-evidence/_objects/0bc024eb4add7511684f1cd4a8f2d5a9981c8cf6182585a1fdf962d232fd0814.gz
 create mode 100644 docs/work_history/repo/review_feedback/pr8059-evidence/_objects/0bef5350958c32d4f9d1e60f3a0ac3fab9192e68edab43ef74ca64829bc93ca9.gz
 create mode 100644 docs/work_history/repo/review_feedback/pr8059-evidence/_objects/0c297525bd589a28de5947342ea73e86259db1636d0463034e920c0402f0078f.gz
 create mode 100644 docs/work_history/repo/review_feedback/pr8059-evidence/_objects/0c300dda15297a14ae0cbe8f2768eef9f5dd4b25dcff8f18966b83987553f5f1.gz
 create mode 100644 docs/work_history/repo/review_feedback/pr8059-evidence/_objects/0f42ae149a79dd4f8458e6f133ed0b188ed51ed1b3714c352a0dd6de640bccd5.gz
 create mode 100644 docs/work_history/repo/review_feedback/pr8059-evidence/_objects/0f89fed2159a13bc904fac30339920343decc513d404acce9160f100efd49623.gz
 create mode 100644 docs/work_history/repo/review_feedback/pr8059-evidence/_objects/11beaf26ee82560fd6b8ebe9f4e573d330a26e82a681089bd1072647bcd030b7.gz
 create mode 100644 docs/work_history/repo/review_feedback/pr8059-evidence/_objects/11dc7f1f3cbdf16999e32b700a653fe86f37ceaffba2bf461a783070b422a9c7.gz
 create mode 100644 docs/work_history/repo/review_feedback/pr8059-evidence/_objects/12d04ddf8298c26ba520970bb86ab0993e8d6b17eb5b5f07b5910263c112e7fa.gz
 create mode 100644 docs/work_history/repo/review_feedback/pr8059-evidence/_objects/12f5890d393cc92b3767112d2e5812cd06acfa84d92c32f5aeb114ff2d78db44.gz
 create mode 100644 docs/work_history/repo/review_feedback/pr8059-evidence/_objects/13907713383409b87b6594a83868319ccb3e32149328f91133ebb723e356a99c.gz
 create mode 100644 docs/work_history/repo/review_feedback/pr8059-evidence/_objects/14a6810d879e67ebe2febfe6e719ca62f29cba4bf3ecd3a916d75df118d09c43.gz
 create mode 100644 docs/work_history/repo/review_feedback/pr8059-evidence/_objects/14eaaaaed47ae23b15f408708f532c1c37a06e15ef9871c2ebf58579d3813966.gz
 create mode 100644 docs/work_history/repo/review_feedback/pr8059-evidence/_objects/150c7f9536eac38242da124a695e3cc97574e0f7b275be4867b4c5e20913f9fe.gz
 create mode 100644 docs/work_history/repo/review_feedback/pr8059-evidence/_objects/1542465fae0065d8079bbd96a4b87f675c7eec827f161b2db7b087837c5ffcf4.gz
 create mode 100644 docs/work_history/repo/review_feedback/pr8059-evidence/_objects/15c1c0b92dc55d3c097279e594bb4b9eb8cba04443a7a057f56871b7d8f2b00e.gz
 create mode 100644 docs/work_history/repo/review_feedback/pr8059-evidence/_objects/15fafc3db3d23057e96b07c1e0334736579672114bf090c9525b071fc4be286a.gz
 create mode 100644 docs/work_history/repo/review_feedback/pr8059-evidence/_objects/162ed39573d2c0988da96d9287b8cf317e6d9ba73ba994d0fe4b9f1593a217b6.gz
 create mode 100644 docs/work_history/repo/review_feedback/pr8059-evidence/_objects/1693e5236bd3706e2ee4289421c6803ec3a74d9b702836b70284fe6104ce83d1.gz
 create mode 100644 docs/work_history/repo/review_feedback/pr8059-evidence/_objects/172d61e994795842fa10d7e0a083872afe8878fbd76208cf569cd1efe8fe2660.gz
 create mode 100644 docs/work_history/repo/review_feedback/pr8059-evidence/_objects/17598398c4610c1cdfb8c4d6513b0e0f5019f5852609fec50bf25cc5d2a481a7.gz
 create mode 100644 docs/work_history/repo/review_feedback/pr8059-evidence/_objects/1778bdc68d61f7800b94ab2a8ddd638c651e7c9de5996203d7e549bca467098c.gz
 create mode 100644 docs/work_history/repo/review_feedback/pr8059-evidence/_objects/179f4f93222cf8e89bc54c31df56b64e0e8083fb596532ba570d2907e07b8bd7.gz
 create mode 100644 docs/work_history/repo/review_feedback/pr8059-evidence/_objects/17ebb1cc059f6379e372eecd88c3db4dd24cd9f87b412019e5ca5cd222b4c79c.gz
 create mode 100644 docs/work_history/repo/review_feedback/pr8059-evidence/_objects/1815a5aaf14da1626899ff3cedbe746a246e102951bb9989a2e46e6e0578c8a4.gz
 create mode 100644 docs/work_history/repo/review_feedback/pr8059-evidence/_objects/182d8ed653346cae529fc56042419d2b720eedef7b93f5453b5a5fbf8fbbc5c0.gz
 create mode 100644 docs/work_history/repo/review_feedback/pr8059-evidence/_objects/1891611e0fabdab9f6c9a8cc55b15bdaf76673688cb4d61b681c2271de9a4047.gz
 create mode 100644 docs/work_history/repo/review_feedback/pr8059-evidence/_objects/18d750b605f15f7c8c39867559587cf1f5e6242e17c6b45a6a9774bfaeccf409.gz
 create mode 100644 docs/work_history/repo/review_feedback/pr8059-evidence/_objects/1aa124a64c2678ea88c4358ba9382a4eb26886d009b78f52412c100409d68e55.gz
 create mode 100644 docs/work_history/repo/review_feedback/pr8059-evidence/_objects/1b15586ba8456a35be595d1ef81075374ff7d19dc8bd2dbeaf61e5d047a06604.gz
 create mode 100644 docs/work_history/repo/review_feedback/pr8059-evidence/_objects/1bc2a5f176cbbe5d1ed1b4e1a77bd0f36939663967744f1be118f8070d55a42c.gz
 create mode 100644 docs/work_history/repo/review_feedback/pr8059-evidence/_objects/1c157de22f58ab718f734eeb63b19b4e5408115b0bbf90d348a4212f441934c2.gz
 create mode 100644 docs/work_history/repo/review_feedback/pr8059-evidence/_objects/1ccbcfc81cb46feabb5652b55ba6f065020161a2aa8b97358dba034e28f43ce8.gz
 create mode 100644 docs/work_history/repo/review_feedback/pr8059-evidence/_objects/1d0d4331bf771083a1d5d37261e2ab1270c16dc334aa015226580b714eb119ac.gz
 create mode 100644 docs/work_history/repo/review_feedback/pr8059-evidence/_objects/1d22658c63af6b2d9c11a0a944f1aed373124b2a3427867b38679b07511b785f.gz
 create mode 100644 docs/work_history/repo/review_feedback/pr8059-evidence/_objects/1d50377ab92895635cab28393fa0b621917fba05e21573779ca3f4acbedafa61.gz
 create mode 100644 docs/work_history/repo/review_feedback/pr8059-evidence/_objects/1dc49e35c72b9178f9e8e7d6ba0fb5a095a78020979d9ef5e11038be97827653.gz
 create mode 100644 docs/work_history/repo/review_feedback/pr8059-evidence/_objects/1de33960fbd54c50df26e2aefd58e3fe5281867f594153e5f9e12aa5cadaf8ca.gz
 create mode 100644 docs/work_history/repo/review_feedback/pr8059-evidence/_objects/1e0a728ea8d60a531b09c1edb5f32bf1e85e3e2764bc18216a6c68c5c2e451f2.gz
 create mode 100644 docs/work_history/repo/review_feedback/pr8059-evidence/_objects/1f90832c3a1de430978234dd25101ce3c77f7fbc2ba4626abd841f7fddfd1137.gz
 create mode 100644 docs/work_history/repo/review_feedback/pr8059-evidence/_objects/1f98b27f2bdfb3411df27dc759019441b68bee482d87896e86ef052d9768fafd.gz
 create mode 100644 docs/work_history/repo/review_feedback/pr8059-evidence/_objects/1ff4001b6d7637869f22e37077e5b1da170d6c604f4026de1736a28a08baf9a4.gz
 create mode 100644 docs/work_history/repo/review_feedback/pr8059-evidence/_objects/2013bfa4d2765b4dc0251dcf32c5af266cf3c3f57e1422df34ab0a03ac6652b6.gz
 create mode 100644 docs/work_history/repo/review_feedback/pr8059-evidence/_objects/2143cdd64737188b6ce7aa0862fb1cfa05d230cfe2dfdd1f852360f3c83f13f5.gz
 create mode 100644 docs/work_history/repo/review_feedback/pr8059-evidence/_objects/229bfe04559bd9b155604beb98c534550877e18cc70f780c41e042a1bdb43a1e.gz
 create mode 100644 docs/work_history/repo/review_feedback/pr8059-evidence/_objects/22a1cc058e536cec173e5d8d9ac89660861693bb6c6ea93625dad404409c59be.gz
 create mode 100644 docs/work_history/repo/review_feedback/pr8059-evidence/_objects/22e0fb4b97def39e4d9ad7af8f636b270ab02d0ebe5120025cfc97a918a54f00.gz
 create mode 100644 docs/work_history/repo/review_feedback/pr8059-evidence/_objects/23237026fdfd9bbc4a3c60fa0cc050aea2a325a7490cd0049cfe57974885681a.gz
 create mode 100644 docs/work_history/repo/review_feedback/pr8059-evidence/_objects/241001751446dc0963a28e41d0d81cfb39d0905e3a20ffc96177cdd14e5aca85.gz
 create mode 100644 docs/work_history/repo/review_feedback/pr8059-evidence/_objects/2427682800906cb98df871e42186d903161de8e326745242d484150538e2d7cc.gz
 create mode 100644 docs/work_history/repo/review_feedback/pr8059-evidence/_objects/24ed8cb26dc92dd49cbae571783a3b40119b7bcb8666df98f7b7d2c67dd0e1f5.gz
 create mode 100644 docs/work_history/repo/review_feedback/pr8059-evidence/_objects/2504174531f7475e1dbf3bee3159e2c57eb29625d62aeb2d02ba57e4f545c27f.gz
 create mode 100644 docs/work_history/repo/review_feedback/pr8059-evidence/_objects/25eb66913f3a8019f66aacc887218e32c60518c31a62d37a5edb8938e386012b.gz
 create mode 100644 docs/work_history/repo/review_feedback/pr8059-evidence/_objects/26a11441fd9fb890ce04ef32f01a483627fa77a768561009abac66e3258aa8c3.gz
 create mode 100644 docs/work_history/repo/review_feedback/pr8059-evidence/_objects/26db8387a11e3e4aa151d084ef28d11250f1f8a67a380f20aeea0ebdbf5acf54.gz
 create mode 100644 docs/work_history/repo/review_feedback/pr8059-evidence/_objects/2705b91c048ccc12f3e864f1cc8313ca4c98b141470331d0522d7a95708042ac.gz
 create mode 100644 docs/work_history/repo/review_feedback/pr8059-evidence/_objects/276b3a88748979ee3c12f99a77f931021793ddc9d3972c72d7966c006260bcfa.gz
 create mode 100644 docs/work_history/repo/review_feedback/pr8059-evidence/_objects/278aaa3e172c4714e54d46b0ae83b2cf943e2f94beef69d8be04c298e4a9675d.gz
 create mode 100644 docs/work_history/repo/review_feedback/pr8059-evidence/_objects/27f6582544952c906029c9453a7ace68dfbfe3a829bb457991cff8dd1b90390b.gz
 create mode 100644 docs/work_history/repo/review_feedback/pr8059-evidence/_objects/29a7685c80801833b1cfd3f4531796a685ab1b2fe14ced5c3faf6ba2a76e4cd3.gz
 create mode 100644 docs/work_history/repo/review_feedback/pr8059-evidence/_objects/29be145099f7878c92c9f27a2d3ee3d9473f4fb216efa56090227f27ca53a07e.gz
 create mode 100644 docs/work_history/repo/review_feedback/pr8059-evidence/_objects/2a5df378fcbcff63b6b19ae3455daa62a8039c347289bd1ef0e9076bd67e6e46.gz
 create mode 100644 docs/work_history/repo/review_feedback/pr8059-evidence/_objects/2ab1e8d583487ecac434dd3ce1f982b7611189d0a1a8830f80838a999cda010c.gz
 create mode 100644 docs/work_history/repo/review_feedback/pr8059-evidence/_objects/2b231d103f1d72b2c4a484c43ccb8fc99466832fbdf3781f1012ad61b0ec0729.gz
 create mode 100644 docs/work_history/repo/review_feedback/pr8059-evidence/_objects/2b9510a2fa5a1a3e95c5e9e8de1a4c3914b942bf8224f77d0da025d05f6ef2b1.gz
 create mode 100644 docs/work_history/repo/review_feedback/pr8059-evidence/_objects/2ccb9faf2309d6ec26266c4f9ab827b80eb59438ba39a85296002ff0e60ffe18.gz
 create mode 100644 docs/work_history/repo/review_feedback/pr8059-evidence/_objects/2cd12f6cf37502772ce1c900614e6db725786113f74358453f1d8a47f8ca7a75.gz
 create mode 100644 docs/work_history/repo/review_feedback/pr8059-evidence/_objects/2cd6c151213d8c8dab71eb83bd2cc7957d125d14290a7534aaf3f2a4def60674.gz
 create mode 100644 docs/work_history/repo/review_feedback/pr8059-evidence/_objects/2ce54a983acc3f91ab7790cecd37b547d693e8450d0c683612dde8cdbf701e38.gz
 create mode 100644 docs/work_history/repo/review_feedback/pr8059-evidence/_objects/2cf3afaeb2815107ebb65f2797d48f28692470f4b7d602b793fed75d358cc538.gz
 create mode 100644 docs/work_history/repo/review_feedback/pr8059-evidence/_objects/2cffc968b3cd9b3d86b6463eca64470de9bceda5f54e7334992a717c5f457a26.gz
 create mode 100644 docs/work_history/repo/review_feedback/pr8059-evidence/_objects/2d167f6b79905e84210cbb0dba2d29543ee60e65215f2022e08af05194326563.gz
 create mode 100644 docs/work_history/repo/review_feedback/pr8059-evidence/_objects/2d8bae15561e0c934408e6a7cdf209c7de53b8161870239ed454f183967e1189.gz
 create mode 100644 docs/work_history/repo/review_feedback/pr8059-evidence/_objects/2dcd786ef0904ed1b3919977feecab9dc8a6ec2905455ff41f95197ca37f1751.gz
 create mode 100644 docs/work_history/repo/review_feedback/pr8059-evidence/_objects/2eb2d7a859cfa35b74d1a8f838a2bb244f132a7d61dd319c2184de0365bd1664.gz
 create mode 100644 docs/work_history/repo/review_feedback/pr8059-evidence/_objects/2edbc73a0de2bf54e4f17cf901a2318771de033aa050d7b62c92ae0a28f4c9ed.gz
 create mode 100644 docs/work_history/repo/review_feedback/pr8059-evidence/_objects/2f5e7d6cce1ed03f487fd97aedb4cdf0839ccae5737291f492ef177a66507480.gz
 create mode 100644 docs/work_history/repo/review_feedback/pr8059-evidence/_objects/2f66938935fbb1026e28e45cea952a0893e7c711c1c6c4d39de8371731172386.gz
 create mode 100644 docs/work_history/repo/review_feedback/pr8059-evidence/_objects/2fbd756926b5e2dd100c045013d138fb05eaf000943db3df14d0e696355f5f3c.gz
 create mode 100644 docs/work_history/repo/review_feedback/pr8059-evidence/_objects/304a560d60b439ba799ad5b888d0c34ea9edf90017fb53b16d662f742a98a737.gz
 create mode 100644 docs/work_history/repo/review_feedback/pr8059-evidence/_objects/32f860f0b7b6773bb01913b088f53402a365cca0340d55a36ecbb04ea25d192c.gz
 create mode 100644 docs/work_history/repo/review_feedback/pr8059-evidence/_objects/338855d6bdad0258980b3eeb2691d85cc91fe9181e3bf93a832830d01ff94d83.gz
 create mode 100644 docs/work_history/repo/review_feedback/pr8059-evidence/_objects/341cebf2c49d34135c765d49a1adc41e7dd0f8c3a126e2c9ef7726b60a5faac3.gz
 create mode 100644 docs/work_history/repo/review_feedback/pr8059-evidence/_objects/34449c17e649ca48331880754abc2c89d0b5c6ca3392dd7b80888860e098949f.gz
 create mode 100644 docs/work_history/repo/review_feedback/pr8059-evidence/_objects/34e41740d78d9bbe93fb30eeb5893b92b98af3189074ff425ea01d8ade96cc7c.gz
 create mode 100644 docs/work_history/repo/review_feedback/pr8059-evidence/_objects/351facabb0c4b3e2273cb592a0141e3222c303187943a37a0ed126ebb2f77ec8.gz
 create mode 100644 docs/work_history/repo/review_feedback/pr8059-evidence/_objects/364d892d72c750235f164987c64d58d88e3d7cf9a619a27a485df195fec68910.gz
 create mode 100644 docs/work_history/repo/review_feedback/pr8059-evidence/_objects/37d0762057100c93518e56602e74f8423c4f32a2585941befd955d37c6d4b607.gz
 create mode 100644 docs/work_history/repo/review_feedback/pr8059-evidence/_objects/38ce8b7a1dedaa7640d293dd0cd7a66e2db3f33582af9397bfabddb869efcea7.gz
 create mode 100644 docs/work_history/repo/review_feedback/pr8059-evidence/_objects/39760c57ba4a1dfed69852b8ad7407285c4a9d22681896caeb816127506541ba.gz
 create mode 100644 docs/work_history/repo/review_feedback/pr8059-evidence/_objects/3af17d41db2008004868b68f87e74f95564ce1a0c2d43af5531e127822abda27.gz
 create mode 100644 docs/work_history/repo/review_feedback/pr8059-evidence/_objects/3b5292e88d0e8f6a03c42840ce4ca56393701ddaa42caed9ef7a95faec3edec4.gz
 create mode 100644 docs/work_history/repo/review_feedback/pr8059-evidence/_objects/3b5b0eca1b50447bb71f228767427f7dcf9c3220d8c5aba50162542763b5cb74.gz
 create mode 100644 docs/work_history/repo/review_feedback/pr8059-evidence/_objects/3c4895684d2465d0d8d33498a4c38623ea5c5df173d4773ac06909a21125e1c9.gz
 create mode 100644 docs/work_history/repo/review_feedback/pr8059-evidence/_objects/3c4f3a6a3e831564ff0c5f506650b90ee487ee971cef61747479d762425ddf15.gz
 create mode 100644 docs/work_history/repo/review_feedback/pr8059-evidence/_objects/3d51d8699e6a55233a97257812dc9bec810784ccafdf2d6729e40fa4c305760d.gz
 create mode 100644 docs/work_history/repo/review_feedback/pr8059-evidence/_objects/3deb18a6bcea495e2c4f9bc08322329d64a936baa4af9285fcd7036af45717a7.gz
 create mode 100644 docs/work_history/repo/review_feedback/pr8059-evidence/_objects/3df6c698391e512d1feb0b3406b9f4540bf02f8546e8ae9e14fd0600299f58fb.gz
 create mode 100644 docs/work_history/repo/review_feedback/pr8059-evidence/_objects/3f20115d8771c440264fabec21804b2ea15812c4983710ff2197abb5aa7ce84d.gz
 create mode 100644 docs/work_history/repo/review_feedback/pr8059-evidence/_objects/3fc03868b9dcce694e2a6d7bcef79fd08a541609b71db62c26f109c15461b194.gz
 create mode 100644 docs/work_history/repo/review_feedback/pr8059-evidence/_objects/41168a08251cad2f338ae841187a7363f072e0131306dbfbc6fd587ac1f9179c.gz
 create mode 100644 docs/work_history/repo/review_feedback/pr8059-evidence/_objects/418b20941d5c28b5e6dd31d940b38c22481865984367d5e6396b23792d4d901e.gz
 create mode 100644 docs/work_history/repo/review_feedback/pr8059-evidence/_objects/42371ee6993ff3b345653d40b2b84c186e0c84b51114f2a5df4e2317667021cf.gz
 create mode 100644 docs/work_history/repo/review_feedback/pr8059-evidence/_objects/42b434cc2c9e64e2bda5ca4cfc56999e43645169129b19c62e58cbbdea3a9c21.gz
 create mode 100644 docs/work_history/repo/review_feedback/pr8059-evidence/_objects/42e87286c963d08fe566c1b536e07186b127c55950d400a8959ad2dc8a62352d.gz
 create mode 100644 docs/work_history/repo/review_feedback/pr8059-evidence/_objects/43151a07ad99fe251279026d69e03a063215f81f45fde79e5c86c1586257c0a7.gz
 create mode 100644 docs/work_history/repo/review_feedback/pr8059-evidence/_objects/434166a27e6a9d1ad3e0e142aa6e1dcde2ef8dfbec35c783f795ffd03a0e6152.gz
 create mode 100644 docs/work_history/repo/review_feedback/pr8059-evidence/_objects/43f8b7d3d4190b5c8443262b78629f67438e1af643cdce237a73c92863c46f79.gz
 create mode 100644 docs/work_history/repo/review_feedback/pr8059-evidence/_objects/450fe097650c28e9a642a2ec5dcfc83a18d29cdec2f3c81460fcdeab726a87ef.gz
 create mode 100644 docs/work_history/repo/review_feedback/pr8059-evidence/_objects/4525c5bd98b0b1fe9ecddb9dc50fcd5df9a18803d52beeae0b88e54b41908dfc.gz
 create mode 100644 docs/work_history/repo/review_feedback/pr8059-evidence/_objects/45296e5a4d5bca4558fcfe450ed28f25a20c3734efaaed8cf1f808196c7fc158.gz
 create mode 100644 docs/work_history/repo/review_feedback/pr8059-evidence/_objects/4568102f98fe2faf5501acdbb48fb7a87ee8e524be76efb170004655e5fcb7fe.gz
 create mode 100644 docs/work_history/repo/review_feedback/pr8059-evidence/_objects/45dd9a210e9051755ff231eff9dd2bee5444afeb40ff16b832fd8b0a442013f0.gz
 create mode 100644 docs/work_history/repo/review_feedback/pr8059-evidence/_objects/45df1322fa3e7e7663cc90021bfa8fafdf32514cfc2519850c1e666b2449d1a4.gz
 create mode 100644 docs/work_history/repo/review_feedback/pr8059-evidence/_objects/468aee461b93123e5b956933e61fa6e227745678a1073010d6c77d86141dbf2f.gz
 create mode 100644 docs/work_history/repo/review_feedback/pr8059-evidence/_objects/47461114ada3638be23d8323208b59f31a0632e28c0e2b6b2b6190cc0723295d.gz
 create mode 100644 docs/work_history/repo/review_feedback/pr8059-evidence/_objects/477b956fd19fa139f3573ad80cacf9fb3aefe6b7898395c13fed49fd800300af.gz
 create mode 100644 docs/work_history/repo/review_feedback/pr8059-evidence/_objects/47b1872c9ff2e2882bf41b2ef1427e9cf8349ae4882f35bd809f8e5bf4e74a8a.gz
 create mode 100644 docs/work_history/repo/review_feedback/pr8059-evidence/_objects/48f65b13601d30a9e577af21d524b24a12adc0215500e6c96bb557136acbe821.gz
 create mode 100644 docs/work_history/repo/review_feedback/pr8059-evidence/_objects/49aacc4c803aef7616a131c62073fac04e7414f0c81a68862cb03f8dc13331a9.gz
 create mode 100644 docs/work_history/repo/review_feedback/pr8059-evidence/_objects/4b09c97250fe2eff71b01989f10d765e098452b8cfa3bda2834e12895093829d.gz
 create mode 100644 docs/work_history/repo/review_feedback/pr8059-evidence/_objects/4ba8564c183a2854b6024463f1e166e07b5bb78ddf48d67b50c9f184c5aa256a.gz
 create mode 100644 docs/work_history/repo/review_feedback/pr8059-evidence/_objects/4c8a517e999580b576e9d941f453ce188002973f44dcbaf8b9669cf2cfb923f1.gz
 create mode 100644 docs/work_history/repo/review_feedback/pr8059-evidence/_objects/4f5a2690dd168fc856e389a8e2c8d003e6661eba3faea4d86836e4099bcdf8ae.gz
 create mode 100644 docs/work_history/repo/review_feedback/pr8059-evidence/_objects/4f5b5694f57fb5f852d625bde6ef1669a963e6ec202f92ef8f107d2b4d38b66e.gz
 create mode 100644 docs/work_history/repo/review_feedback/pr8059-evidence/_objects/50b4d2729170f4ceb717d42de8952963644a4a914cb4ec5f7a0057d186d454af.gz
 create mode 100644 docs/work_history/repo/review_feedback/pr8059-evidence/_objects/50c5d5f9ac85b4d4046ba9a975d54186618c1498b1cdf5de681e1af5cd467789.gz
 create mode 100644 docs/work_history/repo/review_feedback/pr8059-evidence/_objects/50ee1e05a2aa8ca35f03d2f43a9bffbdcb33dfbbacae0968b724eabb334fa143.gz
 create mode 100644 docs/work_history/repo/review_feedback/pr8059-evidence/_objects/51fd2957c37b2a0898d22762d96a5732a1c6dbf7a61d53ff22df0677697bb198.gz
 create mode 100644 docs/work_history/repo/review_feedback/pr8059-evidence/_objects/5240d71424728448b2eb45bcf38db6775c471f68b98980b871e70ea1fff71f66.gz
 create mode 100644 docs/work_history/repo/review_feedback/pr8059-evidence/_objects/52a285dc2064a435172bfecb6aba7905be6973103b64c18af9493ba27dd1335e.gz
 create mode 100644 docs/work_history/repo/review_feedback/pr8059-evidence/_objects/53a4d9293a0cb599b8622447aaa946744fd9f64355f74d48514a72c44bba9744.gz
 create mode 100644 docs/work_history/repo/review_feedback/pr8059-evidence/_objects/53b504736526b2e93cd2358459ebd627cdd441c0c184b8d10bfeee5e9facaeef.gz
 create mode 100644 docs/work_history/repo/review_feedback/pr8059-evidence/_objects/53d8817b8d0ed2591d8dbea1cf159c88a5f52bd41ee68b4a647ba699185d93a5.gz
 create mode 100644 docs/work_history/repo/review_feedback/pr8059-evidence/_objects/53e5bc67df4fe26e01b54b7b145a8f3d64570925dbf5351fafded4085a475ae6.gz
 create mode 100644 docs/work_history/repo/review_feedback/pr8059-evidence/_objects/54f0adfd5fbda95c45024018476cce1a4cb153ac8fdd5aefb2f61e7fd0982582.gz
 create mode 100644 docs/work_history/repo/review_feedback/pr8059-evidence/_objects/551fd7b3c5d15548e58380a0e093ad117e62b20de048e1f032d4ecd507e56add.gz
 create mode 100644 docs/work_history/repo/review_feedback/pr8059-evidence/_objects/55632dbb32b3646ed7c08b267a2ca1643961fd001aee1fbf8d03be6cea8c46e4.gz
 create mode 100644 docs/work_history/repo/review_feedback/pr8059-evidence/_objects/556f984ee0ee853eff6a5832741f911fdf87b808b6c2952bc7ab64623a3c1dc9.gz
 create mode 100644 docs/work_history/repo/review_feedback/pr8059-evidence/_objects/55a7c1b1d32226375e1fd1e74d01bfd91a344dde73f5022bdd3d9dd97490d95c.gz
 create mode 100644 docs/work_history/repo/review_feedback/pr8059-evidence/_objects/55f22549adcffc55b7d065b72745107d7b9307101b1db41e155fb9266d4f1349.gz
 create mode 100644 docs/work_history/repo/review_feedback/pr8059-evidence/_objects/569d8e6b8a078d0eb0d97676d5c8d798e536bbd2f0e1e04b20cc2e371d79ff91.gz
 create mode 100644 docs/work_history/repo/review_feedback/pr8059-evidence/_objects/56f0e05f92a54d8500873a3d21067e42ac99ca6776e70e9c66486947f82785ae.gz
 create mode 100644 docs/work_history/repo/review_feedback/pr8059-evidence/_objects/5778c4bc9492d6b641caa1199fb8494a82f9d2bac5c041a89de80aafaf1e9d06.gz
 create mode 100644 docs/work_history/repo/review_feedback/pr8059-evidence/_objects/5782f8d1f09b4af5f0b27e58ddf87ab901914bd1fc0b865ef98e44560308353e.gz
 create mode 100644 docs/work_history/repo/review_feedback/pr8059-evidence/_objects/57c9faa23ba00acb4bd0ba36b385a6aaebda4f7931057029ec011b4ee76d5a3f.gz
 create mode 100644 docs/work_history/repo/review_feedback/pr8059-evidence/_objects/584db3432e1eef1d4916d65762a159bebeedb981fc1e452950271ab16b7eaced.gz
 create mode 100644 docs/work_history/repo/review_feedback/pr8059-evidence/_objects/58fea0ec5aa8c0d1a7445c6aa51a04fd7297398cab9ebf2188ec123c9b5b61fe.gz
 create mode 100644 docs/work_history/repo/review_feedback/pr8059-evidence/_objects/59137f4f8a0ee5f48089fa323898dd9304612f100ac3c502264a54c21897e39f.gz
 create mode 100644 docs/work_history/repo/review_feedback/pr8059-evidence/_objects/59d1e58792f24789d42abd9b7e1e5419d9c2fe69a5369c1f24437b838bc33a48.gz
 create mode 100644 docs/work_history/repo/review_feedback/pr8059-evidence/_objects/5a10615f65f136ba35ceb7b6c56926fc59c5665040dc95dd8cc1f55576e10fc5.gz
 create mode 100644 docs/work_history/repo/review_feedback/pr8059-evidence/_objects/5b08fafbd4e7f7df05ec967c3bcd514fd297ed3f29dd1bc7848250f8b6fd9a2e.gz
 create mode 100644 docs/work_history/repo/review_feedback/pr8059-evidence/_objects/5b1c45be910ee577685a81756331ab729ed59d5ed6caf4034bf035ee0622a73b.gz
 create mode 100644 docs/work_history/repo/review_feedback/pr8059-evidence/_objects/5b98ab384be9d5539573f5dc7e8c211c7c8330f531035cd527ef0993f74ef42b.gz
 create mode 100644 docs/work_history/repo/review_feedback/pr8059-evidence/_objects/5bbfcaade17e7836f603a7940de260232916182bd79726c807a1368b88d3a3aa.gz
 create mode 100644 docs/work_history/repo/review_feedback/pr8059-evidence/_objects/5c2616dff43414bbe9ced365ca5c669aac7cdba0657666594ed69cff1dbfb4ab.gz
 create mode 100644 docs/work_history/repo/review_feedback/pr8059-evidence/_objects/5c36add08828ba914d2aa35022025d686e35e795b9f9af2cd8b3367bdcd61303.gz
 create mode 100644 docs/work_history/repo/review_feedback/pr8059-evidence/_objects/5c71e0447ad89becf4bb0c117aa331d3a7afb426efd63ae0056ed3eaaf5dc235.gz
 create mode 100644 docs/work_history/repo/review_feedback/pr8059-evidence/_objects/5e628fb34622912218ec55f6465709ac3954ef09c45051699c6616bd295c9fc6.gz
 create mode 100644 docs/work_history/repo/review_feedback/pr8059-evidence/_objects/5eadf9f4f56b231a5b2d8db01738ef468bf9e45944eb5c7b82a6b79acc5c7ea9.gz
 create mode 100644 docs/work_history/repo/review_feedback/pr8059-evidence/_objects/5f35c67e85d48ca7d21a943f569e9c08ba9fa9308da4214bb2091c9bc495db1b.gz
 create mode 100644 docs/work_history/repo/review_feedback/pr8059-evidence/_objects/5fe2287afcaf29fe4c4c90a3dcd870bb2aa318f841c22fec812395efc77d6e13.gz
 create mode 100644 docs/work_history/repo/review_feedback/pr8059-evidence/_objects/5ffea4ea6b43dbea22da5fd99ebc2f739e481b22fafbf67d85c4e783eacedcc8.gz
 create mode 100644 docs/work_history/repo/review_feedback/pr8059-evidence/_objects/6000399d84ecb70a1a5ab880349a35ac8869122ed9cf92af07b289474dd9c481.gz
 create mode 100644 docs/work_history/repo/review_feedback/pr8059-evidence/_objects/609a3bb6b9621d26a5ef92c4ca4de38e81f96b8b1a27db417080524ec96f2346.gz
 create mode 100644 docs/work_history/repo/review_feedback/pr8059-evidence/_objects/610d426784e38663c8cbc5061dbb4d92028876f5243555cfbe87c34fa480a482.gz
 create mode 100644 docs/work_history/repo/review_feedback/pr8059-evidence/_objects/618d0542284ce6697e9a3039355df827456fb2bb7a4d629874e10b194b697680.gz
 create mode 100644 docs/work_history/repo/review_feedback/pr8059-evidence/_objects/6250350cd45142a2654e68551de9c653256131f8201471f874056e265d30bc1a.gz
 create mode 100644 docs/work_history/repo/review_feedback/pr8059-evidence/_objects/63c42d818854f764f10cf896dc4649a8137179d6b17647bbb24b0bfa892f9570.gz
 create mode 100644 docs/work_history/repo/review_feedback/pr8059-evidence/_objects/6475112bdadb2393946d756b5884ee69354fc1f865a4b006e6e6f9844c1f37f6.gz
 create mode 100644 docs/work_history/repo/review_feedback/pr8059-evidence/_objects/647cbcf786e362af98481cd5e14e26263c699bad17657a18eaee289873148123.gz
 create mode 100644 docs/work_history/repo/review_feedback/pr8059-evidence/_objects/649b152b1a8296c265aeeac8e4c3aa9130e592af34e577065b88205ffc6b2f05.gz
 create mode 100644 docs/work_history/repo/review_feedback/pr8059-evidence/_objects/64d21c0300b0c070521bbd48c1353cbb699de0a8d3f908ad078a3f7cb254ddea.gz
 create mode 100644 docs/work_history/repo/review_feedback/pr8059-evidence/_objects/65acbc5facfa38bf01a7ba420fdf2ef3f20be889e1fe413f59c447e279e94c09.gz
 create mode 100644 docs/work_history/repo/review_feedback/pr8059-evidence/_objects/65c854ccea246f63282c60e127494142d8a54caecf65e268d35444c4d0b9ec5e.gz
 create mode 100644 docs/work_history/repo/review_feedback/pr8059-evidence/_objects/6602f45a53b92d87c30ea11e65d39ec8ddbb25669cd5052ff2005cfd4635069f.gz
 create mode 100644 docs/work_history/repo/review_feedback/pr8059-evidence/_objects/66c4ace3d637c91bbaca834836aa6a410d5f3158ce418184119c51881c0cd910.gz
 create mode 100644 docs/work_history/repo/review_feedback/pr8059-evidence/_objects/68444c9d18756b04c0d2754abd14b1d46b634c2217378d27170cfe0d84fb98d0.gz
 create mode 100644 docs/work_history/repo/review_feedback/pr8059-evidence/_objects/6a11ec7eb38b34f45d12f9f50fb8888d86a501916512b3412b311824261f71b1.gz
 create mode 100644 docs/work_history/repo/review_feedback/pr8059-evidence/_objects/6ad6885368943d3fe33d3be0d0f82dacd0afde9b2b5c6eaf74e855d70e42e1b4.gz
 create mode 100644 docs/work_history/repo/review_feedback/pr8059-evidence/_objects/6b19379960a22c9e9bbef4c851cdb1a0afd946e3245d8f819e0c3e4cc312e6cb.gz
 create mode 100644 docs/work_history/repo/review_feedback/pr8059-evidence/_objects/6c2c85e619e5bf0b063597d5eb0fce3317a3bad6f8408268e14ab294d5d3e02f.gz
 create mode 100644 docs/work_history/repo/review_feedback/pr8059-evidence/_objects/6c582fcfd343fec7fe1f4709fae16fd83420d768b885fc3ba205ca2fb0aec9ff.gz
 create mode 100644 docs/work_history/repo/review_feedback/pr8059-evidence/_objects/6c5fc05811197ac5dbd75e0ed44868cb4b27f86017ceba588df04f7e029688b2.gz
 create mode 100644 docs/work_history/repo/review_feedback/pr8059-evidence/_objects/6e101e574b61f94b58b9b773292ccb99708ba2a949fdd2409bd8e68a549e6cd3.gz
 create mode 100644 docs/work_history/repo/review_feedback/pr8059-evidence/_objects/6e286764b059234581ed9f09b7895f5c876b088cf98ef4c92fe537fb1230f85c.gz
 create mode 100644 docs/work_history/repo/review_feedback/pr8059-evidence/_objects/6e425fda45b1b6d22bcc7c284bf3e7ca1b995e05982e8f4075eb3628ebbc6638.gz
 create mode 100644 docs/work_history/repo/review_feedback/pr8059-evidence/_objects/6e8d3e4ade3b2860d94e6acd08913965c31dd410f86089ae8d1519d2e9d222dc.gz
 create mode 100644 docs/work_history/repo/review_feedback/pr8059-evidence/_objects/6fa5e98ecf3dc549ee9c85ff3b4e361c8a5ce890a3a009543bbb39f2ba1221fd.gz
 create mode 100644 docs/work_history/repo/review_feedback/pr8059-evidence/_objects/70ac0f45bd2f87cf9ac562a72b6b2dedcd07d319e6c0ff3d36bb91af0f73469e.gz
 create mode 100644 docs/work_history/repo/review_feedback/pr8059-evidence/_objects/70b7002357bd71ba32628d8dcbc41f3de50d9de539ea0b2f0d85e9a3e6e56522.gz
 create mode 100644 docs/work_history/repo/review_feedback/pr8059-evidence/_objects/714f6a4a72af84e52b824c0ff57aa2d4ba6df0b375e3acc3e1d8919033019e7d.gz
 create mode 100644 docs/work_history/repo/review_feedback/pr8059-evidence/_objects/718dc751773351e3befb87313a754f82bb5dcf21755e2c5b730461ca48f734ef.gz
 create mode 100644 docs/work_history/repo/review_feedback/pr8059-evidence/_objects/71ac45cfb61d13c67bffbab5bcaa661a2c687862f67754dd5e431eea8c4a34ad.gz
 create mode 100644 docs/work_history/repo/review_feedback/pr8059-evidence/_objects/731563f38921af4e1c0aec75a34b657899fcf1b4116cc2b1fc5b04dc3e070da1.gz
 create mode 100644 docs/work_history/repo/review_feedback/pr8059-evidence/_objects/733ff6c613c35bd130b6c80ebfa7b6f191f58aa09c2fa22d08ee49217bc9147a.gz
 create mode 100644 docs/work_history/repo/review_feedback/pr8059-evidence/_objects/736cb6455b46b5e052a1ab76cb59a9216fd5e93f064e452179a9aab261da6468.gz
 create mode 100644 docs/work_history/repo/review_feedback/pr8059-evidence/_objects/7417411976a5cafb8692f5c70ff74f5b5a25190b8056cd370b768201ceb1c54d.gz
 create mode 100644 docs/work_history/repo/review_feedback/pr8059-evidence/_objects/74210f9477b8e9f0aaa4a58c7a3498ea88f0b18724fd96dcedcbc490ffa02d20.gz
 create mode 100644 docs/work_history/repo/review_feedback/pr8059-evidence/_objects/7450d6b08f9a42415b9e687e3116470f197b52bbda9d78c738dbb780f534799d.gz
 create mode 100644 docs/work_history/repo/review_feedback/pr8059-evidence/_objects/746c9480421f473c748734ee68fc2a1bfec8191892bfd78a02c2d09dcde4451d.gz
 create mode 100644 docs/work_history/repo/review_feedback/pr8059-evidence/_objects/74b175985fa76c705955da2de48ab96e7fde53b04ea3a040af01014e29a5506b.gz
 create mode 100644 docs/work_history/repo/review_feedback/pr8059-evidence/_objects/74cca9da77bcf4f9584af9e8580f84701283fef8d6de9eb60acada605c3c8771.gz
 create mode 100644 docs/work_history/repo/review_feedback/pr8059-evidence/_objects/75c73f36aad81bab3a7521f4c59d675e43a7ffe847a575ce962f8aac55b1f986.gz
 create mode 100644 docs/work_history/repo/review_feedback/pr8059-evidence/_objects/75e92e5c3459531854eded84e811da59f8e67bc7fd200b34e77dcb831ff0d24a.gz
 create mode 100644 docs/work_history/repo/review_feedback/pr8059-evidence/_objects/7638baf75551c25b2d01096ad26e9e2b99d5d50bc584e0ba2bbd56884cbc28ea.gz
 create mode 100644 docs/work_history/repo/review_feedback/pr8059-evidence/_objects/766318e3625d60e7508781c8c796ba406f97adbffa8b7a4e224627673e153c24.gz
 create mode 100644 docs/work_history/repo/review_feedback/pr8059-evidence/_objects/76e9d6151baa296e8ee7b5976fa712e87b18c1a9a06ff46be8dc66565b63d68b.gz
 create mode 100644 docs/work_history/repo/review_feedback/pr8059-evidence/_objects/770cea5aa4a859067971cbcf0cccf8319a98954bda720c909548c298bcd2cffb.gz
 create mode 100644 docs/work_history/repo/review_feedback/pr8059-evidence/_objects/772ab904392c2dcbe5b02dfe10de168a540ba0aeb4df94c3903698303dee6359.gz
 create mode 100644 docs/work_history/repo/review_feedback/pr8059-evidence/_objects/776e4281d576104ef96078a4a78eb8c7110bc201e47dc7425f2f2de433932ab8.gz
 create mode 100644 docs/work_history/repo/review_feedback/pr8059-evidence/_objects/77953a781ff3c6e779dd7faf214776bc3a024901ff63a6db1bda64d7ed1f58f0.gz
 create mode 100644 docs/work_history/repo/review_feedback/pr8059-evidence/_objects/7795f4caff588423c649e6566de0a82acfe77647ba7549c719b7a1697036026d.gz
 create mode 100644 docs/work_history/repo/review_feedback/pr8059-evidence/_objects/77a33ea1c00fe66d80afb1c92a3e37df34bf65d58babbbed98a9e5590c16b029.gz
 create mode 100644 docs/work_history/repo/review_feedback/pr8059-evidence/_objects/77f3f4c9ba4583b2e6a2990fb40e10e641b31f89779fb7d9a365c5c890e7d7ac.gz
 create mode 100644 docs/work_history/repo/review_feedback/pr8059-evidence/_objects/7839f238c2bbb6e1a09d42ca3aa6a6cbeeb2a962be20aa390f0e44670c9c713a.gz
 create mode 100644 docs/work_history/repo/review_feedback/pr8059-evidence/_objects/7856cd9ff518834cffc9cea19ff8628861a354d88c3160d2ae206d663fc06381.gz
 create mode 100644 docs/work_history/repo/review_feedback/pr8059-evidence/_objects/789c72d56cb3f45fbd30daf561fa034b1badf380567d91687d70bcee84f8a05b.gz
 create mode 100644 docs/work_history/repo/review_feedback/pr8059-evidence/_objects/79eb22be02876bbfc0488525208598920a42cb16e2a1a2ac02c62f3bfe13f7d9.gz
 create mode 100644 docs/work_history/repo/review_feedback/pr8059-evidence/_objects/7a0c10fe9bf99200ada44b655905323fea1743cc8bdab308f95c38096d08767d.gz
 create mode 100644 docs/work_history/repo/review_feedback/pr8059-evidence/_objects/7a313660184cc6f61ae0a29665596c3c1003384fe9cd684ebf706e758f56a571.gz
 create mode 100644 docs/work_history/repo/review_feedback/pr8059-evidence/_objects/7a792685a74e08a9f14145aef8845ffc8267e16eff0cb17defd46b1326977339.gz
 create mode 100644 docs/work_history/repo/review_feedback/pr8059-evidence/_objects/7b871d44f417ea4d845666da69b45e700b875c55efeb861ad54d7e9fac2f5e94.gz
 create mode 100644 docs/work_history/repo/review_feedback/pr8059-evidence/_objects/7cb34f5d03cd2135c0ebf0a412c5b4210d52475dd352aaccc12709c217641614.gz
 create mode 100644 docs/work_history/repo/review_feedback/pr8059-evidence/_objects/7d090b547baf9a018a51621bcb9e8683bba89a2b0ada91ffb1d43d5764c57332.gz
 create mode 100644 docs/work_history/repo/review_feedback/pr8059-evidence/_objects/7d724167e137b6dc3c5cce9070bb8db2554cdb233e1d68fac87d4812d0586764.gz
 create mode 100644 docs/work_history/repo/review_feedback/pr8059-evidence/_objects/7dde90b0fb61eab2ed3ccf08ef442af92df4c7624448878637b1a719c7f336ca.gz
 create mode 100644 docs/work_history/repo/review_feedback/pr8059-evidence/_objects/7dfdfac938cf0c83efae221c20c6a995d9f9fab21fb31a56996c946e64885d0f.gz
 create mode 100644 docs/work_history/repo/review_feedback/pr8059-evidence/_objects/7e616655234cb92c08208e96f2f6474c0bd19b6c1552d86337147a40260f674b.gz
 create mode 100644 docs/work_history/repo/review_feedback/pr8059-evidence/_objects/7e75fc1a87d88e7baa790dbb3d45249e8d47e63dfda069df42c6ef34d96c549c.gz
 create mode 100644 docs/work_history/repo/review_feedback/pr8059-evidence/_objects/7fba4a252d17e91047ff4210340f7ac5b7ec2086302d4284fc103360a3368058.gz
 create mode 100644 docs/work_history/repo/review_feedback/pr8059-evidence/_objects/7fe84356b47c35390161b26b4ed34881093a4ed77ccb016b010550d7023a5391.gz
 create mode 100644 docs/work_history/repo/review_feedback/pr8059-evidence/_objects/8008dd936403fce724752e7d038f08c8a10fa521587343e49b81c07919a9c1ae.gz
 create mode 100644 docs/work_history/repo/review_feedback/pr8059-evidence/_objects/801891e42fd1c5858a1c19640b6c4c9d550d99230516d24a94b5954fb1c804ec.gz
 create mode 100644 docs/work_history/repo/review_feedback/pr8059-evidence/_objects/8096ab055b9e5bf289aea0b15c037cc0e1d2b490d4d28423ae3a5fffd66a943e.gz
 create mode 100644 docs/work_history/repo/review_feedback/pr8059-evidence/_objects/81bdcd4d90ea5401b7833bd93d86f5eb37b851481ed223294cf4bfe8a970eac7.gz
 create mode 100644 docs/work_history/repo/review_feedback/pr8059-evidence/_objects/821af7d67ac8dce29bb06e643004f684730696f886656b6001fd1901fff6d007.gz
 create mode 100644 docs/work_history/repo/review_feedback/pr8059-evidence/_objects/82d77da148c8bdf2738f689ac1645c79b3e0a2380a26deb78946c6995beaaf12.gz
 create mode 100644 docs/work_history/repo/review_feedback/pr8059-evidence/_objects/8335f3f71b98582fc91ffba657b10bc424e6995c71004b91c687cf4a16507882.gz
 create mode 100644 docs/work_history/repo/review_feedback/pr8059-evidence/_objects/836d0e488ead90b23aa547b7a9855a4fae0679795a90a14febf4292bac92ec3b.gz
 create mode 100644 docs/work_history/repo/review_feedback/pr8059-evidence/_objects/83c4185e8552540711ba5bd40caf3948433808c0ecb9b3d8872ee09397669e9e.gz
 create mode 100644 docs/work_history/repo/review_feedback/pr8059-evidence/_objects/849cda9a82e392fad37d067b43b2b4a9d20fe6a7e488d41e892201b9470fe672.gz
 create mode 100644 docs/work_history/repo/review_feedback/pr8059-evidence/_objects/856eea95ad58c3a404b2b6aded15b5e849754eaa339cbb2a21e33cd441887784.gz
 create mode 100644 docs/work_history/repo/review_feedback/pr8059-evidence/_objects/867ef97145f86e83d831ac821b47d8a28466b6db4681a54f3d5c29dfac2c3370.gz
 create mode 100644 docs/work_history/repo/review_feedback/pr8059-evidence/_objects/881217a951f61cdf5f2e02c3e2059e6193600a21975182e6d676b68124be2f6c.gz
 create mode 100644 docs/work_history/repo/review_feedback/pr8059-evidence/_objects/88472dacce328862edb9603ca6c784686fce70ec83cf9970ca5f93d6bb026271.gz
 create mode 100644 docs/work_history/repo/review_feedback/pr8059-evidence/_objects/88c288e69376a50fc58961fa25ad2a6a99af8b72bc832f9ab6fa51e5bfa66c5c.gz
 create mode 100644 docs/work_history/repo/review_feedback/pr8059-evidence/_objects/89dde2a19ba2e77caf46f7b02d0ff2563267a48160b6fd28e41d69e8044fa8af.gz
 create mode 100644 docs/work_history/repo/review_feedback/pr8059-evidence/_objects/89efa07c4aaa42633bb30e3d2758775865185879719cc6cc3a4e1efec552b2b2.gz
 create mode 100644 docs/work_history/repo/review_feedback/pr8059-evidence/_objects/89f2be12384efbc53659f69b3ad698159f4cc02ed14c7f0c65bf8cfe169de82d.gz
 create mode 100644 docs/work_history/repo/review_feedback/pr8059-evidence/_objects/8ac1d9785198e6e7daf9b0625815dc8e11ebfef35d5bb2ca247af8eca19d7d39.gz
 create mode 100644 docs/work_history/repo/review_feedback/pr8059-evidence/_objects/8b7d37235e8121b7eae7892f17f0de790b8f3f59aa43c25a3c4c6535e113cc72.gz
 create mode 100644 docs/work_history/repo/review_feedback/pr8059-evidence/_objects/8cf77e9cb797c52bf5e8962f025572900d2426c1cd3495e48d86c54bcfe288a3.gz
 create mode 100644 docs/work_history/repo/review_feedback/pr8059-evidence/_objects/8dc5ace7907220c2d209fe6f7dfee56acf2d9c30ac70f567e8aa86174a718aa6.gz
 create mode 100644 docs/work_history/repo/review_feedback/pr8059-evidence/_objects/8e863be2b18374db3479cf2a047f948dcaa7e2452ea7428a9865674f108e224b.gz
 create mode 100644 docs/work_history/repo/review_feedback/pr8059-evidence/_objects/8e8ca28af6987fe9797564fc859d738efc3044be4166a3a707ce0ffc3b22d352.gz
 create mode 100644 docs/work_history/repo/review_feedback/pr8059-evidence/_objects/8eb9d20a8bf9415301c48a502277c1455bb6734412c61785397e399e44609f1f.gz
 create mode 100644 docs/work_history/repo/review_feedback/pr8059-evidence/_objects/8ef98e8f161a17704005235d3f299983790a0f148cdc3204e53fd51fe9c5c416.gz
 create mode 100644 docs/work_history/repo/review_feedback/pr8059-evidence/_objects/913e3b09586d31208c259545e4252a284885b11ca75e0a01e0d45b3c19444803.gz
 create mode 100644 docs/work_history/repo/review_feedback/pr8059-evidence/_objects/916e78d331f0313201534fee6bfb9867f03681e772353096d0446f131a9341c2.gz
 create mode 100644 docs/work_history/repo/review_feedback/pr8059-evidence/_objects/9218f07c67387552dbc7270b006ecff4de06fb4d423eadaf6900665667cb3b6b.gz
 create mode 100644 docs/work_history/repo/review_feedback/pr8059-evidence/_objects/92842a6afda5cfd247268a449fe8750c0cae21999db9d2a6fc7f51bcdc2da78b.gz
 create mode 100644 docs/work_history/repo/review_feedback/pr8059-evidence/_objects/92ef01bbda5a303c18a91722ea758746e6aed481e255add62276efd43f30081b.gz
 create mode 100644 docs/work_history/repo/review_feedback/pr8059-evidence/_objects/9318127eebbea225eff3248ba02d49294a6ede636990cb33371f5fa4cba41221.gz
 create mode 100644 docs/work_history/repo/review_feedback/pr8059-evidence/_objects/9391b684becb2f636e4cfb751654811e9c36f7e4e6535f112a9f0e0c576e278c.gz
 create mode 100644 docs/work_history/repo/review_feedback/pr8059-evidence/_objects/9497e1819f1a904bde41ccbe3c22fa41e13ae06fa62e61f9b09f6291697c061c.gz
 create mode 100644 docs/work_history/repo/review_feedback/pr8059-evidence/_objects/94c9984aa0e4d2eb1e18b7bbf7c2d3c81471438b81816af62a23bb98e3eab6e6.gz
 create mode 100644 docs/work_history/repo/review_feedback/pr8059-evidence/_objects/9557092f6ef5562f8a0363dca1e00eceeae9c5669e949e9a4a6fafd75b32ba88.gz
 create mode 100644 docs/work_history/repo/review_feedback/pr8059-evidence/_objects/95a32f321ec1ece954f9dc489f2ef2861641acb106999acbbe7a77eaf1ada24a.gz
 create mode 100644 docs/work_history/repo/review_feedback/pr8059-evidence/_objects/95e405561bdbde45c40c6a1f9771c202027bbbcc5601cb3e20d4156df534992b.gz
 create mode 100644 docs/work_history/repo/review_feedback/pr8059-evidence/_objects/96682bf099f8d435f3fdf7feed19b489531bffb7fffeff38edafaa212e0349cc.gz
 create mode 100644 docs/work_history/repo/review_feedback/pr8059-evidence/_objects/975700f05d48f17e4fb9da01726958f0032095878f55b228fdc11e98164f835a.gz
 create mode 100644 docs/work_history/repo/review_feedback/pr8059-evidence/_objects/97826f9d7eb4fea4c3357cc7ba12d46c741fa51fbbdc95a25571eb6e94bf92a7.gz
 create mode 100644 docs/work_history/repo/review_feedback/pr8059-evidence/_objects/9914352833f6e3486efea45dfa2d60655ffec4453e507e92fb6f2276e1cd5108.gz
 create mode 100644 docs/work_history/repo/review_feedback/pr8059-evidence/_objects/9a5e1361a7251edf39ce7d9c62c280b485ebb5292fa0404aa1d05150bcb1abbf.gz
 create mode 100644 docs/work_history/repo/review_feedback/pr8059-evidence/_objects/9ab088c5d761d7105220ded5d433e883d5c67df27615de2fdd8b5912ba837ab9.gz
 create mode 100644 docs/work_history/repo/review_feedback/pr8059-evidence/_objects/9dc5dc96cf67dbe3829f1c6c8cfd3a9e27af3f811e8fda12ef49948bfa03f8db.gz
 create mode 100644 docs/work_history/repo/review_feedback/pr8059-evidence/_objects/9e4916ac1de490b32815d8074fc5d8094c02289524c8b173b7a2b14771383a79.gz
 create mode 100644 docs/work_history/repo/review_feedback/pr8059-evidence/_objects/9e63be99783f275b2bff8ef6e31fa2128cf1b12bd79d0fbbe7f12ed3f40a80ef.gz
 create mode 100644 docs/work_history/repo/review_feedback/pr8059-evidence/_objects/9e7489e8d0490406d24ee8f113d14ec6628e5c56a45f226ce1f67d196cce38cc.gz
 create mode 100644 docs/work_history/repo/review_feedback/pr8059-evidence/_objects/9fa7b8532a282338613f52045cb6ae8bc16466d021390feff9fad9ce12dbb477.gz
 create mode 100644 docs/work_history/repo/review_feedback/pr8059-evidence/_objects/a002cb23b3fcb7afb7a55d7648544df5b54d91221df8cd040b62be7d07dc2fce.gz
 create mode 100644 docs/work_history/repo/review_feedback/pr8059-evidence/_objects/a2f7b01bd33a0fa828ab3975ca820a8417f7f71428f0c5fd81ee49c7ed5869b0.gz
 create mode 100644 docs/work_history/repo/review_feedback/pr8059-evidence/_objects/a542ab253955c0d9299ad80211ec61c041f0d5735b43e3b35db79d41549ff78c.gz
 create mode 100644 docs/work_history/repo/review_feedback/pr8059-evidence/_objects/a6f2dfd06ced27755d082c9bda9a82b7308734416975c46d4aee6930467b779b.gz
 create mode 100644 docs/work_history/repo/review_feedback/pr8059-evidence/_objects/a71c8f07801876ad3be672c1b860903aa395564b57d2dcc89e91411a89aa81b9.gz
 create mode 100644 docs/work_history/repo/review_feedback/pr8059-evidence/_objects/a7a92f46919539c1ab5edda6c84d27fdaa3851247b3efb2bfd3bb36c79de5df0.gz
 create mode 100644 docs/work_history/repo/review_feedback/pr8059-evidence/_objects/a7fbb720ec752666e5394fd0d1d38c907311e72a22fb0b3b17a06864faf037ab.gz
 create mode 100644 docs/work_history/repo/review_feedback/pr8059-evidence/_objects/a884da07e1339ff2613b168037a98ea5a9e47a6352f7cc7db0403aa7a28695dc.gz
 create mode 100644 docs/work_history/repo/review_feedback/pr8059-evidence/_objects/a8d296e74fdde46c0cfdb7ee816dce30da084af517cceec241dc277fcb199b15.gz
 create mode 100644 docs/work_history/repo/review_feedback/pr8059-evidence/_objects/a9b4da105b83a8d60a2c0e9de42149d1d15776f4f04ff14f1ad88fda4125abed.gz
 create mode 100644 docs/work_history/repo/review_feedback/pr8059-evidence/_objects/aae88b7d65f25d9950fdf08430004645abbe911c150a744614e06126b45fb8d1.gz
 create mode 100644 docs/work_history/repo/review_feedback/pr8059-evidence/_objects/ab7b4a2816004ff8a989c8483583286101e3b1e0257a537fdc6e59069181dce5.gz
 create mode 100644 docs/work_history/repo/review_feedback/pr8059-evidence/_objects/ac5418924ac8a0562e37f28b92d6e3dc9f3d347fa30f7c81d4b8aa039b665f00.gz
 create mode 100644 docs/work_history/repo/review_feedback/pr8059-evidence/_objects/ad4d81debc08ecbe40f7a9c56285bbde9f195de8a65acca0a1d6ffe9bb7c25c0.gz
 create mode 100644 docs/work_history/repo/review_feedback/pr8059-evidence/_objects/ad69b5167118e471a88ce4a422a492473a61b17bf9175325863b95639cd5c926.gz
 create mode 100644 docs/work_history/repo/review_feedback/pr8059-evidence/_objects/adc84a7347a19e3d4273b7c7155e0235c8cff0adbfcd7000fa6f4ef11f3d45b2.gz
 create mode 100644 docs/work_history/repo/review_feedback/pr8059-evidence/_objects/aef2433072c0c488920d549384ab2b1a1104bf0f485ee42d1865dd15ee66edc4.gz
 create mode 100644 docs/work_history/repo/review_feedback/pr8059-evidence/_objects/af30f82d78897d70dcc6d267ab6b1daba27366c8b6056ad02124f37090401611.gz
 create mode 100644 docs/work_history/repo/review_feedback/pr8059-evidence/_objects/af73086422edaae2993729d4630c0fd726762ee0e9e51c1e429fa2aa2764ffc5.gz
 create mode 100644 docs/work_history/repo/review_feedback/pr8059-evidence/_objects/afe4a0fa82f82f420d9f54fe4f735d23baf57292404d8ea7588bafbeffe671b5.gz
 create mode 100644 docs/work_history/repo/review_feedback/pr8059-evidence/_objects/b018311706e5c34dbab3d1be51ec9c2b1cb5edc5a0d3fad831df8267ccb96c09.gz
 create mode 100644 docs/work_history/repo/review_feedback/pr8059-evidence/_objects/b07845ca47d1661866d8109448d853915f3cdb24eab41e6da92a8ea04a059db5.gz
 create mode 100644 docs/work_history/repo/review_feedback/pr8059-evidence/_objects/b0a383071bbf8127d4a87c10923d95cd57afff711b298a685703bd62e9c4b962.gz
 create mode 100644 docs/work_history/repo/review_feedback/pr8059-evidence/_objects/b14ac90e5afd10f58751300fb0e0128607b3914ff3b1ed50c2014e3ea48ce3be.gz
 create mode 100644 docs/work_history/repo/review_feedback/pr8059-evidence/_objects/b168d8bad5b453daa05fbf7b0662b6d6c8e7f19b8d774ece90c2055f61e9a176.gz
 create mode 100644 docs/work_history/repo/review_feedback/pr8059-evidence/_objects/b21fbc58d287e51159275c77dbca7b10f62f3cdfe754019f7ec6255e77efa3f5.gz
 create mode 100644 docs/work_history/repo/review_feedback/pr8059-evidence/_objects/b2aa8881e923a932a30a211c7db4784c51dd776a55a4722b386fcb855808eae9.gz
 create mode 100644 docs/work_history/repo/review_feedback/pr8059-evidence/_objects/b3382b6862e6cfc5a539b10cbf3ced8f9d078e5912a96e92e911fcf77053229d.gz
 create mode 100644 docs/work_history/repo/review_feedback/pr8059-evidence/_objects/b3bc51c4e0b187c6758ddd53176c05577d340594242ec8c0b56e76ca80304f0f.gz
 create mode 100644 docs/work_history/repo/review_feedback/pr8059-evidence/_objects/b4c21a10592ab21d1d4069acebb5fdb816917f0aeb4d869f9ec5db64d9acdf9a.gz
 create mode 100644 docs/work_history/repo/review_feedback/pr8059-evidence/_objects/b5327bcb09422defd91fc1becd43f74d7a2bb65459f3374d4e751ac753c5575f.gz
 create mode 100644 docs/work_history/repo/review_feedback/pr8059-evidence/_objects/b639ec58c599aef2b0baa8ba5f07303ba875adcf0c8e33f87bf5419e66cbbfbb.gz
 create mode 100644 docs/work_history/repo/review_feedback/pr8059-evidence/_objects/b6679dee124bff84c9b2f64dc9a482804a0be87610b420ef3425e3c438e25d7d.gz
 create mode 100644 docs/work_history/repo/review_feedback/pr8059-evidence/_objects/b698fbf29b8d2cfc462cc32adeb35e9b3285f2612835f6bf3c59e54a8cad53ce.gz
 create mode 100644 docs/work_history/repo/review_feedback/pr8059-evidence/_objects/b6efefb2ad0e9c4e71de33907e597762c2b17610847f1488d76afe4a644c6bba.gz
 create mode 100644 docs/work_history/repo/review_feedback/pr8059-evidence/_objects/b7d6444debc6947a571f6b9c8c934fe9602dd0e240bd6fdcd56e847ab98bbf05.gz
 create mode 100644 docs/work_history/repo/review_feedback/pr8059-evidence/_objects/b7df21374f0c08f5bde273835b503723673bf3e9d0a943409d37f1b680f8e79d.gz
 create mode 100644 docs/work_history/repo/review_feedback/pr8059-evidence/_objects/ba7dd3c7844f9e41898c929bc507e750d05583faf544cde563acdc3fa5af9100.gz
 create mode 100644 docs/work_history/repo/review_feedback/pr8059-evidence/_objects/bca2aa388d548385534afd20687a7c18894614ac2fe8a5decb7307b2fe5baaac.gz
 create mode 100644 docs/work_history/repo/review_feedback/pr8059-evidence/_objects/bcd73055d9069bb5abaab8ff273cdb417fa7a2c442e1ff5dbce5c42ef1d1651d.gz
 create mode 100644 docs/work_history/repo/review_feedback/pr8059-evidence/_objects/bd0b589e6082ad257148768398e9a8688ad474bd9bcc57aa7c3754dcc4a97160.gz
 create mode 100644 docs/work_history/repo/review_feedback/pr8059-evidence/_objects/be63b9f61177728580e371c02145d90a089ba74344e7b9ca213f566cb4a186c3.gz
 create mode 100644 docs/work_history/repo/review_feedback/pr8059-evidence/_objects/beba91af490c96989dbe6367fedf38db1ad33f96f177b874a2b265f1f0892565.gz
 create mode 100644 docs/work_history/repo/review_feedback/pr8059-evidence/_objects/c010f9ce88824ce37366f907f806ac065ec98ea8c6a39af6a01556da26415708.gz
 create mode 100644 docs/work_history/repo/review_feedback/pr8059-evidence/_objects/c13cada0f45215d115f5c370722b97208e0a464b85a2c54856be0746938edc42.gz
 create mode 100644 docs/work_history/repo/review_feedback/pr8059-evidence/_objects/c1e8736327d4d344a1097a4f83081ea63b9a6c32fa99f9b30c2860e1c0a47e9f.gz
 create mode 100644 docs/work_history/repo/review_feedback/pr8059-evidence/_objects/c206180e67354f642794dbe8647e5fe5f00cc22a821e40ae64771c0ca0cd5565.gz
 create mode 100644 docs/work_history/repo/review_feedback/pr8059-evidence/_objects/c298394323c88c22a8291f97daa6c072388510239813aab405c0457caa9addd3.gz
 create mode 100644 docs/work_history/repo/review_feedback/pr8059-evidence/_objects/c2ccd2951f7a0562e7f103faf34b40e2c8055dc0be3b01fd2e31896f843d5577.gz
 create mode 100644 docs/work_history/repo/review_feedback/pr8059-evidence/_objects/c2ff9eb5cf3bb61c7481612b9b604aa6cf73708be8236d45a9b6b546eacc8b0f.gz
 create mode 100644 docs/work_history/repo/review_feedback/pr8059-evidence/_objects/c38986010cfe57d104ad36e13f4bca9167f6b84d511b9ecd89df56ca43e14311.gz
 create mode 100644 docs/work_history/repo/review_feedback/pr8059-evidence/_objects/c3930c9096ce87bfc84241d5e0ddd472da686bdc8973d080c0376d6d931f8c1e.gz
 create mode 100644 docs/work_history/repo/review_feedback/pr8059-evidence/_objects/c3cb441aed8386eb136cd27d30aa93e721aad6d2bad225eec1ffeb32c9c7f3a6.gz
 create mode 100644 docs/work_history/repo/review_feedback/pr8059-evidence/_objects/c51dd32f91f81ed167471f2226d5ead5bed6a8d9ca449827326b5958c5fbe4c1.gz
 create mode 100644 docs/work_history/repo/review_feedback/pr8059-evidence/_objects/c5311561439f34a5aba74242a716d130df070b7dbf3c0ff55ccc5f9378324424.gz
 create mode 100644 docs/work_history/repo/review_feedback/pr8059-evidence/_objects/c5676b7b797859b95846e65dddda919e30c9de13b2068bbd32df02bb5b8642f4.gz
 create mode 100644 docs/work_history/repo/review_feedback/pr8059-evidence/_objects/c5e7b49510320f484c39f74ced62b0bedeb7524751978ab9d5fa8974f45e72ca.gz
 create mode 100644 docs/work_history/repo/review_feedback/pr8059-evidence/_objects/c5e8c6a9dd0c0e222b98feaa7137658362404a378f18127f75c63e783fb234c0.gz
 create mode 100644 docs/work_history/repo/review_feedback/pr8059-evidence/_objects/c642747318c8bf13bdf80a0632a076c8bda7c781cd2c5848f1c71524ec6fabca.gz
 create mode 100644 docs/work_history/repo/review_feedback/pr8059-evidence/_objects/c64303e85bfc7985e4f257b095eeb2078d09789d83a38d69a35d9dcdb938144c.gz
 create mode 100644 docs/work_history/repo/review_feedback/pr8059-evidence/_objects/c64e53a050af2335fa351cda843652b247dfe0e30192466ebaec73c8fd504487.gz
 create mode 100644 docs/work_history/repo/review_feedback/pr8059-evidence/_objects/c6a53ea947385adafb56fa9a57db36485251be557e108edc0178753eb4541f96.gz
 create mode 100644 docs/work_history/repo/review_feedback/pr8059-evidence/_objects/c6b4056f8eb36773c8344610a999ac402521aede314dd3cf67c1785cad37f5f6.gz
 create mode 100644 docs/work_history/repo/review_feedback/pr8059-evidence/_objects/c6f286256daedcc6c779099eb27dea0866b4846cb5640161fcc619fae855f690.gz
 create mode 100644 docs/work_history/repo/review_feedback/pr8059-evidence/_objects/c83c0163ec5a53331c09bac47f5fe378c193b07867bf2e004f08f57b1410d610.gz
 create mode 100644 docs/work_history/repo/review_feedback/pr8059-evidence/_objects/c8c5970dfa04e45485e3124ac5e8c86e5b5c70dcbb807f20dcb6168f38b5145c.gz
 create mode 100644 docs/work_history/repo/review_feedback/pr8059-evidence/_objects/c9360ff380232ed060a6954b9f9a6e13f75c0e7f10c6d4ea2a7686da05b0306d.gz
 create mode 100644 docs/work_history/repo/review_feedback/pr8059-evidence/_objects/ca99ce45f90818f326102738c16b009dea8326abf64c9c8a51c360613386469c.gz
 create mode 100644 docs/work_history/repo/review_feedback/pr8059-evidence/_objects/cb5bb3e421ab73c9efd36e101f915b192c317932fa49b675e7f8102ecba782be.gz
 create mode 100644 docs/work_history/repo/review_feedback/pr8059-evidence/_objects/cbc4661ec5382b2843fab371b842c40fbfe1726bcc249701fa3b095ceee0c734.gz
 create mode 100644 docs/work_history/repo/review_feedback/pr8059-evidence/_objects/cbd476ba29f16319d91e268c2628021e0abdaafd94887971e16df6a49d61b37d.gz
 create mode 100644 docs/work_history/repo/review_feedback/pr8059-evidence/_objects/cbd8e0967e8e0762937cc7baa83890528a470d8a9a8c659ddfa8196149f3724d.gz
 create mode 100644 docs/work_history/repo/review_feedback/pr8059-evidence/_objects/cc62e97dfec6f236dbdbaf7d0e00a3ebce447a985096e79d14645692933b7829.gz
 create mode 100644 docs/work_history/repo/review_feedback/pr8059-evidence/_objects/cd095ed788aab01e18603defab112ce4e764b7a00dd60a8d8103a1a850592f48.gz
 create mode 100644 docs/work_history/repo/review_feedback/pr8059-evidence/_objects/cddd963c01b906229a61ec835b39b979a0752cf09ea6d1002a8eda53cd8f031f.gz
 create mode 100644 docs/work_history/repo/review_feedback/pr8059-evidence/_objects/cdf845ea9c9f5bd45a0ef9feba64efd052b96f7d9651f4724037cd19f1498dee.gz
 create mode 100644 docs/work_history/repo/review_feedback/pr8059-evidence/_objects/cedbad4148f29ba96746fd4ab4fcfd1e87fa87da0f8e94ab87795e7b18774366.gz
 create mode 100644 docs/work_history/repo/review_feedback/pr8059-evidence/_objects/cf82951352708f811748dc0bf347b138c626eba2217e5465cf366339401fdf42.gz
 create mode 100644 docs/work_history/repo/review_feedback/pr8059-evidence/_objects/cfa09709312e0d9e81c69336cc43214da3bc969e469e6291f355b7ada0ec8f7a.gz
 create mode 100644 docs/work_history/repo/review_feedback/pr8059-evidence/_objects/cfbc37c6563affd4389eae6a306ae9a14d24b9d40468830d5f615f859a792f3f.gz
 create mode 100644 docs/work_history/repo/review_feedback/pr8059-evidence/_objects/cfd4b2ef9db60a78b3e0ac1fdfd164278fe291bdf2a3f730035cfa4e8e7e6337.gz
 create mode 100644 docs/work_history/repo/review_feedback/pr8059-evidence/_objects/d01160faa0250c41cbf9b852a74d7b872cc30319a73b7fa14c7687ec903913de.gz
 create mode 100644 docs/work_history/repo/review_feedback/pr8059-evidence/_objects/d0ae6a6b5ad5b3474934251c3ceaeee64ceb9c5ee0223eebaa24295d83b41588.gz
 create mode 100644 docs/work_history/repo/review_feedback/pr8059-evidence/_objects/d13bfd39e40f3efb79acfb44ceb9f88083c952f6a556a7ea19d8825b8c425402.gz
 create mode 100644 docs/work_history/repo/review_feedback/pr8059-evidence/_objects/d1651d6ad9f917441b8ce257f18e0bf0ce3a1299e8cedf3048407b73945085b4.gz
 create mode 100644 docs/work_history/repo/review_feedback/pr8059-evidence/_objects/d18e7b274e1a387774dc5bf7456e1717ca7d20106a7362b660afa705a6fafd4b.gz
 create mode 100644 docs/work_history/repo/review_feedback/pr8059-evidence/_objects/d4401add670f483eff5f2008af3d3c13f016fbfaacf9b4a6ebbdbfb47178df17.gz
 create mode 100644 docs/work_history/repo/review_feedback/pr8059-evidence/_objects/d4cbf4b8c725361a508d5a351afb41ae7b3e2b44a90226a30d3446c7c7a3b9d5.gz
 create mode 100644 docs/work_history/repo/review_feedback/pr8059-evidence/_objects/d543be3ac8112f35c6d7f4bec1324c9cfe087408a4b0c1bb7c61cafe94c95983.gz
 create mode 100644 docs/work_history/repo/review_feedback/pr8059-evidence/_objects/d5aa17c3727047f79806158e004dcbdfdd60c769e5f9ae9700512e29fed917d6.gz
 create mode 100644 docs/work_history/repo/review_feedback/pr8059-evidence/_objects/d5b305afcae2ef8a97f4258bf50ec2095bb87909d563fbb470816a5b88e4a099.gz
 create mode 100644 docs/work_history/repo/review_feedback/pr8059-evidence/_objects/d672d3c30fdd796fc2648f38ba81887d036ebd0355329b129b3826e3e00c2910.gz
 create mode 100644 docs/work_history/repo/review_feedback/pr8059-evidence/_objects/d701d6bcbd04148d84aa0adaa4548048a41ee87529344d38d64692780e3c27d0.gz
 create mode 100644 docs/work_history/repo/review_feedback/pr8059-evidence/_objects/d734fde55435ad546f519a91cf2c9eb0e2fc5749e6bc900ca74c30bd3c372063.gz
 create mode 100644 docs/work_history/repo/review_feedback/pr8059-evidence/_objects/d8d0bb369674d06e1c8612fc59e536a06ee286d81a7fd79fbc2caf6ce4e41e6d.gz
 create mode 100644 docs/work_history/repo/review_feedback/pr8059-evidence/_objects/d8d5d00c1c6249193decc24a1e9eba166e4723b160ecd54d2a40d1083bf66ef7.gz
 create mode 100644 docs/work_history/repo/review_feedback/pr8059-evidence/_objects/d97a08e75b43620b7046645b4d98aa4c642417ccf2c153c0925736192ea50783.gz
 create mode 100644 docs/work_history/repo/review_feedback/pr8059-evidence/_objects/d9942cac92684ddef9b0f3adf0c07a8e4467a73c348c83826dce43bf4608d21e.gz
 create mode 100644 docs/work_history/repo/review_feedback/pr8059-evidence/_objects/d99cf6823ae6f4977fc0399ab616a2e4f72fd4683b2f0f71a860d3a6c5d1a555.gz
 create mode 100644 docs/work_history/repo/review_feedback/pr8059-evidence/_objects/da4b666c76167dcfcc50257ae2c55874a445e1b3b828ec9393d220e50ba77a14.gz
 create mode 100644 docs/work_history/repo/review_feedback/pr8059-evidence/_objects/da9849568dcea56515c91e767c08800cbe9885db2037ee8969a3768905e6c0f9.gz
 create mode 100644 docs/work_history/repo/review_feedback/pr8059-evidence/_objects/dafc091cdaaef1755656736a8988af7cf2477b9e7cf8782d1a3885abc1eb86fd.gz
 create mode 100644 docs/work_history/repo/review_feedback/pr8059-evidence/_objects/db52eca9cad4d872f9a66545f5fb19f5f44c82011a87ef0fd8f3bff5bb84a932.gz
 create mode 100644 docs/work_history/repo/review_feedback/pr8059-evidence/_objects/dbcfff17276afbaab77dcca636a1c215195679c10314c428611248d3f70b8b3d.gz
 create mode 100644 docs/work_history/repo/review_feedback/pr8059-evidence/_objects/dc0ebd3fd2fc05a5d92a5d13890fa96dd0cdb790bd4c0e8c6faaa294759db3af.gz
 create mode 100644 docs/work_history/repo/review_feedback/pr8059-evidence/_objects/dc4418fce437a66fdca672826f8e638da7af9fb4cbd26cecacd82cb81d9662c3.gz
 create mode 100644 docs/work_history/repo/review_feedback/pr8059-evidence/_objects/dd25a317e10a5277e77d114d5923031a78fbe5f09fa00b1904acedde07b21204.gz
 create mode 100644 docs/work_history/repo/review_feedback/pr8059-evidence/_objects/de5c2682154b5353ac99c5e98ff2ecd857222ab47da9eaad98c4047b0ebf71e9.gz
 create mode 100644 docs/work_history/repo/review_feedback/pr8059-evidence/_objects/de64644fb7316d0043588db99031a60534480af9fb481ac0b7df81dca401d050.gz
 create mode 100644 docs/work_history/repo/review_feedback/pr8059-evidence/_objects/de8980578bd5220b579f4a7883ed0c1af66ab11c522ac1c34856f356e8928269.gz
 create mode 100644 docs/work_history/repo/review_feedback/pr8059-evidence/_objects/dee26ea8821947add282143954aefa0200761d77a1d75f6a58ae77c7d1a653a5.gz
 create mode 100644 docs/work_history/repo/review_feedback/pr8059-evidence/_objects/df52a7d31a8cfdbaf66c7570f9ec238ae914aafccf381afb20d6bfd8cfb7d5f5.gz
 create mode 100644 docs/work_history/repo/review_feedback/pr8059-evidence/_objects/e07ab9b895cd9a04b9d41754f035d2e50a9966b2afe58eca57c914469b376d21.gz
 create mode 100644 docs/work_history/repo/review_feedback/pr8059-evidence/_objects/e1021a51188a754066ae0b66e5dd2e8bd53a7125bee2f44eec5ce471c1acfc2c.gz
 create mode 100644 docs/work_history/repo/review_feedback/pr8059-evidence/_objects/e1dc3ab121700b8f49b8147f87cbbb32b70b6ed688d902b5732f8c80951ca0b9.gz
 create mode 100644 docs/work_history/repo/review_feedback/pr8059-evidence/_objects/e20ba4f1a8f207700f4979345752574d56ba22d5c9fe7b0ebd163b897a101692.gz
 create mode 100644 docs/work_history/repo/review_feedback/pr8059-evidence/_objects/e24a87b41b02a34b40a401c3a10517ec74df57605fae6c72a81cbd4c0a39a8e0.gz
 create mode 100644 docs/work_history/repo/review_feedback/pr8059-evidence/_objects/e326a25ce4f17bb159b4a238cf4d29432c29ec6678732b71f56466e9cfffb347.gz
 create mode 100644 docs/work_history/repo/review_feedback/pr8059-evidence/_objects/e3b0c44298fc1c149afbf4c8996fb92427ae41e4649b934ca495991b7852b855.gz
 create mode 100644 docs/work_history/repo/review_feedback/pr8059-evidence/_objects/e3d301f93b017d451652ea838e387e9c7d56325e8d5fa646a324f8cfdda504d3.gz
 create mode 100644 docs/work_history/repo/review_feedback/pr8059-evidence/_objects/e465d5828c708caf9841427c1f03ced99fa97d30569141d72885a5e470f00942.gz
 create mode 100644 docs/work_history/repo/review_feedback/pr8059-evidence/_objects/e46eb101ade97657cd3589d34791e70d44412aa9fa39dd62be8201c34991f591.gz
 create mode 100644 docs/work_history/repo/review_feedback/pr8059-evidence/_objects/e49c286b11df4724a5a0e7112a0d7906e93a157407d6148148de25228d24fcfb.gz
 create mode 100644 docs/work_history/repo/review_feedback/pr8059-evidence/_objects/e519fe32467319401a0f62d072910f8d0b9a7c1a6bb479d42cd5234ebd425a56.gz
 create mode 100644 docs/work_history/repo/review_feedback/pr8059-evidence/_objects/e54bdd7d4555a5843258419b4d28420b0de2d9396b3c487006b0e4ebbaafefca.gz
 create mode 100644 docs/work_history/repo/review_feedback/pr8059-evidence/_objects/e5e2edafa3d661e25c3778fd86963638c7ddf6c17d93d19da7308d1485bf39e9.gz
 create mode 100644 docs/work_history/repo/review_feedback/pr8059-evidence/_objects/e78fc9593574be555c90133767b98ec284dc80d1f063b95f42398a51022c3b52.gz
 create mode 100644 docs/work_history/repo/review_feedback/pr8059-evidence/_objects/e7d64d8cb6d2e77f3924c9ff5cd4228494687c007daf9948240354abe4717337.gz
 create mode 100644 docs/work_history/repo/review_feedback/pr8059-evidence/_objects/e814aee92fcdc42060f55458384a45d00bb238627a42326b3ecec50313096bf9.gz
 create mode 100644 docs/work_history/repo/review_feedback/pr8059-evidence/_objects/e8374764f5fba14f6fe3975273e4121db7225a1589ca2e2318763d0776ffedce.gz
 create mode 100644 docs/work_history/repo/review_feedback/pr8059-evidence/_objects/e8d1e25bfd8f31a45d6a00096e1e9aa5715f6db0428f6445ff312339c84f0215.gz
 create mode 100644 docs/work_history/repo/review_feedback/pr8059-evidence/_objects/ea30834e65503970d991931519d0f376663eca89f1185bf2e566318cb97996c9.gz
 create mode 100644 docs/work_history/repo/review_feedback/pr8059-evidence/_objects/ea75066d997dd23e0af9ff862c9f8b89c7488ade17735417e24e322c8e251369.gz
 create mode 100644 docs/work_history/repo/review_feedback/pr8059-evidence/_objects/eb92be00cc4ff0b818c5f264e3e3709a8daa14e7afaf7c3c7a52644060ad48cf.gz
 create mode 100644 docs/work_history/repo/review_feedback/pr8059-evidence/_objects/eba4b8bcce6257955e89f9aedbfde747eb7886a3a294a7bbe365fe25543901c6.gz
 create mode 100644 docs/work_history/repo/review_feedback/pr8059-evidence/_objects/ecb415d09b7a8844a4dde2846ae0cdc6bd225fd8c91011ad9060bb053b57e921.gz
 create mode 100644 docs/work_history/repo/review_feedback/pr8059-evidence/_objects/edb1a2935b781c8091f1f1aedcb4284dbf08d4e7e6156d7100347956efa1099a.gz
 create mode 100644 docs/work_history/repo/review_feedback/pr8059-evidence/_objects/eddfaf5d3de674ea62de210f7a094863ff589b42ab1ff770fe4dd39baac46982.gz
 create mode 100644 docs/work_history/repo/review_feedback/pr8059-evidence/_objects/ee3bcc1e4a3fe06d15a514f6c3ed7e22801a99779715e1bdf6137c6f3de0485d.gz
 create mode 100644 docs/work_history/repo/review_feedback/pr8059-evidence/_objects/ee7b06f87ce78c83e7d839e64f07247123bb80c0bb10e79bf25781512828ea84.gz
 create mode 100644 docs/work_history/repo/review_feedback/pr8059-evidence/_objects/ef9452492302fda6d845303282df351ae969f8781ce15094df43aa2e3441ff4c.gz
 create mode 100644 docs/work_history/repo/review_feedback/pr8059-evidence/_objects/ef9850bafc33ce268682f704ad14acfe0cda6d1e7057a8bf296e43ce587c79c7.gz
 create mode 100644 docs/work_history/repo/review_feedback/pr8059-evidence/_objects/efc145bca523c204b74c1a43f461c6c351f8599ac6ad8c39fef583045dc6c428.gz
 create mode 100644 docs/work_history/repo/review_feedback/pr8059-evidence/_objects/efebc4b0748ea3ea49f5de076ff76761cfa66977582864110975e84aed1d1377.gz
 create mode 100644 docs/work_history/repo/review_feedback/pr8059-evidence/_objects/f00fd3af962e5ee9390273a7e158e6c76940324dcbc74ff6874e42dcf4cb2a70.gz
 create mode 100644 docs/work_history/repo/review_feedback/pr8059-evidence/_objects/f07e76d4cb5658419ea139f2c1d0a01e560e73d8e12a17efc7a3c5b0c28d05aa.gz
 create mode 100644 docs/work_history/repo/review_feedback/pr8059-evidence/_objects/f08033e48722f625565a74085f2c6be859d0cb4e0c8feb4f5d2d3e06c9585c88.gz
 create mode 100644 docs/work_history/repo/review_feedback/pr8059-evidence/_objects/f08e09be63c11c7b1c1a92d36c1ceb060d56e4e24d10fb72d378dc1bc9defe19.gz
 create mode 100644 docs/work_history/repo/review_feedback/pr8059-evidence/_objects/f0d92c1c2dc5f3954d085b677111bb42377e759cea1f4332779edfcc324b1c27.gz
 create mode 100644 docs/work_history/repo/review_feedback/pr8059-evidence/_objects/f1320ed963e7757d29e20be36ca7d4aa5c4ed222403f87e54278d93f831a3625.gz
 create mode 100644 docs/work_history/repo/review_feedback/pr8059-evidence/_objects/f16f87d7fefcc3c80c15510c9dbdda75414821acb08919c205ab8d0835ef99ff.gz
 create mode 100644 docs/work_history/repo/review_feedback/pr8059-evidence/_objects/f1b5fd5a4c449879d9b89f635c761193358b34babd30b6998a6e9a2177de81c8.gz
 create mode 100644 docs/work_history/repo/review_feedback/pr8059-evidence/_objects/f1e4a62dbda6373107b1c9fc6ae655871b182d1e22f7b5095ddff95834ad5182.gz
 create mode 100644 docs/work_history/repo/review_feedback/pr8059-evidence/_objects/f247963622a62e74c166a86a134a53d7b9b03c48b6428affe7c753c062871525.gz
 create mode 100644 docs/work_history/repo/review_feedback/pr8059-evidence/_objects/f2b54000d3c73c12d232b25023021c8699645c64239a36cde038fb144675accf.gz
 create mode 100644 docs/work_history/repo/review_feedback/pr8059-evidence/_objects/f3d798ac7f7cd67a9746cee36e73bb3d80fe4e4a3820fcc4f6d951e523f9696c.gz
 create mode 100644 docs/work_history/repo/review_feedback/pr8059-evidence/_objects/f3f902c240b113c4550e0999a0f3ba413667399831d2deac4eab607a22d13b92.gz
 create mode 100644 docs/work_history/repo/review_feedback/pr8059-evidence/_objects/f4067370497baea7b88d33bed6862d47111ea60b8ce7c70c83554c6a992cf907.gz
 create mode 100644 docs/work_history/repo/review_feedback/pr8059-evidence/_objects/f4f121eeacbaccd190b39902afbca4fcba2f1a755c24aa93765b11eae61bf5f2.gz
 create mode 100644 docs/work_history/repo/review_feedback/pr8059-evidence/_objects/f522b6875b7a4210ef7b03caae47e7fecda20caa70f02f10ac07ab8b1eca082e.gz
 create mode 100644 docs/work_history/repo/review_feedback/pr8059-evidence/_objects/f5d492fe28aee6d2e24c60d091f1f4485ea11d0144fb4331b93c4eb84adb6090.gz
 create mode 100644 docs/work_history/repo/review_feedback/pr8059-evidence/_objects/f61e4e0170b6872e4578f33c08645c80a354f00b58acd39a46d74dbef10e687f.gz
 create mode 100644 docs/work_history/repo/review_feedback/pr8059-evidence/_objects/f667b3e3237d5cf961c15c0ef0053d42182ded4dbaca93271b6f8623ea45e164.gz
 create mode 100644 docs/work_history/repo/review_feedback/pr8059-evidence/_objects/f672e394a46fbc1aa83ab37ac3f8e5ca06a8748472e35c613786dd05687393a1.gz
 create mode 100644 docs/work_history/repo/review_feedback/pr8059-evidence/_objects/f67c9f2087f923063d00b4818d9a056732990f2f9d18fc02eacbbb23b4d8d9a2.gz
 create mode 100644 docs/work_history/repo/review_feedback/pr8059-evidence/_objects/f6ea6df41d9786e1adf7b72a922489ca34d57d3d6607bd35bc0e6095de67d7f1.gz
 create mode 100644 docs/work_history/repo/review_feedback/pr8059-evidence/_objects/f75500d3b308aba97cc1cdc0ee3f4a07b9fc13d6b674ac08927c914a6ddc5430.gz
 create mode 100644 docs/work_history/repo/review_feedback/pr8059-evidence/_objects/f7df865e1b2a02240d0f5575926f42a08b97a02ec60cee27dc5ebebc1e5f5c40.gz
 create mode 100644 docs/work_history/repo/review_feedback/pr8059-evidence/_objects/f8e338dfdcbc14681251e3cb6b94c01faed953fb2dd28e46fc888cd12c5b718e.gz
 create mode 100644 docs/work_history/repo/review_feedback/pr8059-evidence/_objects/fa0c1872ce8041c64bb0d33289b360a96596f56b0b9c3e44f54b9e66a0adbc26.gz
 create mode 100644 docs/work_history/repo/review_feedback/pr8059-evidence/_objects/fa73b3761449a596579b2b5637a42e440ed5fc1c777eb4f7171f88bf44f3458b.gz
 create mode 100644 docs/work_history/repo/review_feedback/pr8059-evidence/_objects/fa79b8f7d793492f2de8772588679510d20c0454462b0397cc448863ac7a90b4.gz
 create mode 100644 docs/work_history/repo/review_feedback/pr8059-evidence/_objects/fb0975a4d9274b239716cbcae1dcea1b6bd4e57dff529ef08cee103dd6adab15.gz
 create mode 100644 docs/work_history/repo/review_feedback/pr8059-evidence/_objects/fb82150be326b15092313257de3000bc919b72ac09ef46da008c5889f5137c04.gz
 create mode 100644 docs/work_history/repo/review_feedback/pr8059-evidence/_objects/fbc2251ad10c84e84bc22859109ac67f6c0ffbe7711a1321e2f2d2ad794d618b.gz
 create mode 100644 docs/work_history/repo/review_feedback/pr8059-evidence/_objects/fc57987ddd8a851e47955ee6081fa9359ce8f6c968f675317ae0a3914937a9d6.gz
 create mode 100644 docs/work_history/repo/review_feedback/pr8059-evidence/_objects/fd4a3f1e72a6c996bbf07e7040ef24ea700b1f8622818ede7489dafd74a618eb.gz
 create mode 100644 docs/work_history/repo/review_feedback/pr8059-evidence/_objects/fd8e01d09e90ab59d6d8c2294b586ab5fa1016759dc87ca040d07be50bb6daab.gz
 create mode 100644 docs/work_history/repo/review_feedback/pr8059-evidence/_objects/fda358458010652536ca4d5649c743fb7c1967e9538b45ed52ac146fd1e08512.gz
 create mode 100644 docs/work_history/repo/review_feedback/pr8059-evidence/_objects/fe450721fc1fc73a3bca42b8df6cf58ba3a612f5e55721533f7f56dbb16150e5.gz
 create mode 100644 docs/work_history/repo/review_feedback/pr8059-evidence/_objects/feee4ab5e6cbcb5337d2c1b17fb9cd035b64cc3e3d79a57b17e20a5fae1c13d7.gz
 create mode 100644 docs/work_history/repo/review_feedback/pr8059-evidence/_objects/ff5759d6e4344491340c14b6b936ddd5514d66b325594148e43ed1e24afe463d.gz
 create mode 100644 docs/work_history/repo/review_feedback/pr8059-evidence/_objects/ff9516877972ef5e55b98dbaa74f9f3d6059a8a004414f26da431d9adffde5cd.gz
 create mode 100644 docs/work_history/repo/review_feedback/pr8059-evidence/archive-manifest.json
 create mode 100644 docs/work_history/repo/review_feedback/pr8059-evidence/kept/pr8059-ADJACENT_CENSUS-678691e77473f39d.json
 create mode 100644 docs/work_history/repo/review_feedback/pr8059-evidence/kept/pr8059-ADJACENT_COMPLETE-1cbe308dc1f7dcc7.json
 create mode 100644 docs/work_history/repo/review_feedback/pr8059-evidence/kept/pr8059-HANDOFF-892f3fded3737f56.md
 create mode 100644 docs/work_history/repo/review_feedback/pr8059-evidence/kept/pr8059-HANDOFF-9ef67db77ea9ef6f.md
 create mode 100644 docs/work_history/repo/review_feedback/pr8059-evidence/kept/pr8059-NONADJACENT_CENSUS-e1706553032432f1.json
 create mode 100644 docs/work_history/repo/review_feedback/pr8059-evidence/kept/pr8059-NONADJACENT_ROWS-3586b7f01bc15347.json
 create mode 100644 docs/work_history/repo/review_feedback/pr8059-evidence/kept/pr8059-REVIEW_HISTORY-3f4cb79c836849bf.md
 create mode 100644 docs/work_history/repo/review_feedback/pr8059-evidence/kept/pr8059-REVIEW_HISTORY-fb1eed2147b3389e.md
 create mode 100644 docs/work_history/repo/review_feedback/pr8059-evidence/kept/pr8059-TARGETS-ff56893c03dca52b.json
 create mode 100644 docs/work_history/repo/review_feedback/pr8061-evidence/README.md
 create mode 100644 docs/work_history/repo/review_feedback/pr8061-evidence/_objects/04dfe4211eab51e9fbca59d5dc723e374a0dd8d3f35cb37b48653d8fef3034be.gz
 create mode 100644 docs/work_history/repo/review_feedback/pr8061-evidence/_objects/0b17b6920de6b5a03c867cc7642eddcf64fb4fd2d0be3bec5dffb89f2bce9362.gz
 create mode 100644 docs/work_history/repo/review_feedback/pr8061-evidence/_objects/0c729bc8f0b7bc009f5913688dcd85408c66a5af80029fdc28b8f13e37b2886d.gz
 create mode 100644 docs/work_history/repo/review_feedback/pr8061-evidence/_objects/12b596bfdd04273397aca30a91fa34f35a8fde5e2043e54fbf3096089aaaacc2.gz
 create mode 100644 docs/work_history/repo/review_feedback/pr8061-evidence/_objects/19f73455e9512d636ec8fac0fdfdfe9f2f4a6bd3050d89e88655b7b69d65e00e.gz
 create mode 100644 docs/work_history/repo/review_feedback/pr8061-evidence/_objects/1cd628cd2d8415969032e5e40e514fb79817574dd1c448c0b2b304379e231e3a.gz
 create mode 100644 docs/work_history/repo/review_feedback/pr8061-evidence/_objects/1d91bf60db54f7a398d8c34a42f3095784f3ba087ba854f547b237065c545cf5.gz
 create mode 100644 docs/work_history/repo/review_feedback/pr8061-evidence/_objects/1fcec99b502acf28f09d48ce685c6172c2414640da113df5111e5cd862da5f14.gz
 create mode 100644 docs/work_history/repo/review_feedback/pr8061-evidence/_objects/20af82ef30416747b7c6555e8330860a072b32f47a0e5e618568f0c3d0d3e7a7.gz
 create mode 100644 docs/work_history/repo/review_feedback/pr8061-evidence/_objects/229abf9ce1977d26fc4091d2b7fbc8fb3dcefaa16ef902bfce1b2b7b10dc4658.gz
 create mode 100644 docs/work_history/repo/review_feedback/pr8061-evidence/_objects/26ab9bc58a8cb19ceddfdc8652d722739b7ab5a16a32179494ea9c7a8fd28d30.gz
 create mode 100644 docs/work_history/repo/review_feedback/pr8061-evidence/_objects/2956446eb32d8a9dfa24307329f244d762830b864fa26a2ce0a71233ae21fc34.gz
 create mode 100644 docs/work_history/repo/review_feedback/pr8061-evidence/_objects/2a2526a84ccd8aaca302f063c351f0b4af07a1bae0028d5bd7bafa49d8120dea.gz
 create mode 100644 docs/work_history/repo/review_feedback/pr8061-evidence/_objects/330c565a3b63affbe5a452f993236a247ae292994c0b449ba0c0f6c456465189.gz
 create mode 100644 docs/work_history/repo/review_feedback/pr8061-evidence/_objects/3483df567b26eb3597f2eb55120479f03ce61662189f210f90d822a3baa56335.gz
 create mode 100644 docs/work_history/repo/review_feedback/pr8061-evidence/_objects/3dce5ad161c38e4e8dd5adb213c5662fc109c847b818feba47610947137c95ee.gz
 create mode 100644 docs/work_history/repo/review_feedback/pr8061-evidence/_objects/4421795690573dcdc7e349b896026c2cc416cd22fa06e1edc75b1db708b88f0e.gz
 create mode 100644 docs/work_history/repo/review_feedback/pr8061-evidence/_objects/451bb6187c122a1fbe1c151d7e569f7d3e5a90eeadc74e9ff5844248c2664c81.gz
 create mode 100644 docs/work_history/repo/review_feedback/pr8061-evidence/_objects/4d6258696a69dbb39bab0d89bc16d898bde3cc8051b745769bcd588a29e98d6f.gz
 create mode 100644 docs/work_history/repo/review_feedback/pr8061-evidence/_objects/58f21d1f49ca3346e64c3ded922b519c2e10c9a4dfd689ac7a4522ebef77ec44.gz
 create mode 100644 docs/work_history/repo/review_feedback/pr8061-evidence/_objects/590a6605ec2bf59de6b07aa522a2c201b6588b9fbd35fae6e8b0068fae324944.gz
 create mode 100644 docs/work_history/repo/review_feedback/pr8061-evidence/_objects/5e5100ff9b68688c8ca174b692456f576e0b2b2398f41a9a387156c6d84271fd.gz
 create mode 100644 docs/work_history/repo/review_feedback/pr8061-evidence/_objects/62f0bae2d78c512987e0841ac7e0d3b38a5c7dede2b78059099889355d4246ac.gz
 create mode 100644 docs/work_history/repo/review_feedback/pr8061-evidence/_objects/774d5e3f1981227f34cf2da9a902cb10ef560d9fc296cbeb4aaef46d643aa04b.gz
 create mode 100644 docs/work_history/repo/review_feedback/pr8061-evidence/_objects/77630843ec99534c3ce21de7b89ac67e9af2e8a2990fffb2e05be7af82b4c77e.gz
 create mode 100644 docs/work_history/repo/review_feedback/pr8061-evidence/_objects/7fd5e27ed3d15ba9adab73d1f1e5ffe7873b487f2f220cef49160466f6b3fd28.gz
 create mode 100644 docs/work_history/repo/review_feedback/pr8061-evidence/_objects/8641c03b5201312ab74fd071f383072cc725400d29ec4089072f57856882fd8b.gz
 create mode 100644 docs/work_history/repo/review_feedback/pr8061-evidence/_objects/887cc47042ba6b97e6924a02df6a85e30a47ff6fa8f9c3f63806cda4dfcc2571.gz
 create mode 100644 docs/work_history/repo/review_feedback/pr8061-evidence/_objects/89ff58978ff64e0bcd86481c991cb16a1b79d50e1a39b9637959cb83c2f91c30.gz
 create mode 100644 docs/work_history/repo/review_feedback/pr8061-evidence/_objects/8b1253eaa848edc2508df0cc208d42abe8bc473b226c48608b2d44ae4359f4fa.gz
 create mode 100644 docs/work_history/repo/review_feedback/pr8061-evidence/_objects/8b8df7336d629fb3a67f9ed0675a2ed0956a5619c820fdac3a92efba8beadb64.gz
 create mode 100644 docs/work_history/repo/review_feedback/pr8061-evidence/_objects/8f447feb448414fcc28c86a637858928aa8ba1b02fb2f0254d6cb626f4adce74.gz
 create mode 100644 docs/work_history/repo/review_feedback/pr8061-evidence/_objects/8ff6e92e5762ee67f193a16319b887e9b203d92e5b258fe6b346157fbae8ad9e.gz
 create mode 100644 docs/work_history/repo/review_feedback/pr8061-evidence/_objects/917f14db867a208a04f6d559c7213b498ec1b5b2912ea8039924f563bd6b0ff9.gz
 create mode 100644 docs/work_history/repo/review_feedback/pr8061-evidence/_objects/983b6e9296c01dc58ba339b6de68ea1161eb888eb91391373cd7dd9711337e5c.gz
 create mode 100644 docs/work_history/repo/review_feedback/pr8061-evidence/_objects/98668ca3ef3f4e2a375604b69c8ee83556f722a95c6ee42f85da7cea557a164d.gz
 create mode 100644 docs/work_history/repo/review_feedback/pr8061-evidence/_objects/9f0cbbf6970de504b81795e645f2c94726cd60bdfebbf5d3495c2d8d05b8c605.gz
 create mode 100644 docs/work_history/repo/review_feedback/pr8061-evidence/_objects/a3ae4f95a78968e5765d3e341943e714457255bad5cd765796a7608fe5230cc0.gz
 create mode 100644 docs/work_history/repo/review_feedback/pr8061-evidence/_objects/a99efc9f406b1171efc9b8d8c20cee91ae0ec47b619df1eab53c2bf7db6bd2a5.gz
 create mode 100644 docs/work_history/repo/review_feedback/pr8061-evidence/_objects/ab77f45a9056e1a52eb9ced29eb3dcd376f518a08fe61d3b8c0ee4f67239c557.gz
 create mode 100644 docs/work_history/repo/review_feedback/pr8061-evidence/_objects/adc359a3494f7b5336708295a66f11166493592c45df1c950d00cc12b2dcb611.gz
 create mode 100644 docs/work_history/repo/review_feedback/pr8061-evidence/_objects/ae002507a1d7287ae3b2b4210aaa7b0d9ffcfaf4144aef4c3f6695f4daf3d23d.gz
 create mode 100644 docs/work_history/repo/review_feedback/pr8061-evidence/_objects/aebc9f2ba0e02cdf82ce8cc45b398925578f038a9d713e269a4cf105b1d204b6.gz
 create mode 100644 docs/work_history/repo/review_feedback/pr8061-evidence/_objects/b2934f5844c55d015ecde242ed471123023ce8f63e3419f150a8805a814aa37a.gz
 create mode 100644 docs/work_history/repo/review_feedback/pr8061-evidence/_objects/ba521a392e8424777b59cb26900c2e8829d3d0832e955bf2a7b1c9a8873787bb.gz
 create mode 100644 docs/work_history/repo/review_feedback/pr8061-evidence/_objects/bb51f0a03c0ed60eed65383ce9197c6959b3048d3caaee7473ee4c1167433617.gz
 create mode 100644 docs/work_history/repo/review_feedback/pr8061-evidence/_objects/c006ce0e3e25d727fd3e574e9543255d803ed567cf1bfd9ba73bc5bdba904125.gz
 create mode 100644 docs/work_history/repo/review_feedback/pr8061-evidence/_objects/c4300e00d5515452727a9697575ef4af531bf220d58c67f3a869f98281fc2a22.gz
 create mode 100644 docs/work_history/repo/review_feedback/pr8061-evidence/_objects/c8ab75c276961a30fd79f317c2b3eb5b0df69fec235bf4dd771770fb0d1fbc3f.gz
 create mode 100644 docs/work_history/repo/review_feedback/pr8061-evidence/_objects/cd0ae85708ea9fb5f93d6d88631d94743c3afe82697d70f90aac5d4e7fe6a528.gz
 create mode 100644 docs/work_history/repo/review_feedback/pr8061-evidence/_objects/d26bfacb640ad152824461e194ccd718cdfc37822c4f8851e983eacf8da352e3.gz
 create mode 100644 docs/work_history/repo/review_feedback/pr8061-evidence/_objects/d303fceae65b802216f59e042d5520e192757de5046d1f99c6b6b99b50eea525.gz
 create mode 100644 docs/work_history/repo/review_feedback/pr8061-evidence/_objects/d40daa6a86d54754a86f20861d1178a3d0450eab76b7d53db0c76a98055ccdd6.gz
 create mode 100644 docs/work_history/repo/review_feedback/pr8061-evidence/_objects/d449ecba3c94ad3a00ac25bd02668fa0cfe2d8a7d6b43f761b5ea71591980da7.gz
 create mode 100644 docs/work_history/repo/review_feedback/pr8061-evidence/_objects/dd11c1f881e2454852b419d67771a02e9ad9586f46a59d4d9d9a82eb3ee5191d.gz
 create mode 100644 docs/work_history/repo/review_feedback/pr8061-evidence/_objects/dd5c641a8ded08d8038dea224a2ee49e7fc2429c346f761e84d1d6c920639c4e.gz
 create mode 100644 docs/work_history/repo/review_feedback/pr8061-evidence/_objects/dd9e19956cd4ce01287cbbaa1ce270f2de34ed4cbc0be0e5ad8261df5c99f20d.gz
 create mode 100644 docs/work_history/repo/review_feedback/pr8061-evidence/_objects/e1a3d72323c1b5f7b6deecb60cdeb64450bd929302d73d76a6e74c4b999b7df5.gz
 create mode 100644 docs/work_history/repo/review_feedback/pr8061-evidence/_objects/e3b0c44298fc1c149afbf4c8996fb92427ae41e4649b934ca495991b7852b855.gz
 create mode 100644 docs/work_history/repo/review_feedback/pr8061-evidence/_objects/e49415c09f4dbb024e2d62f99846b9f3ab52c12b8efad463649e1f4b85ef0efb.gz
 create mode 100644 docs/work_history/repo/review_feedback/pr8061-evidence/_objects/e4a72e2956d296d80c5b11db6e10c558fee8479a6f1c042300fffd5c5908fcae.gz
 create mode 100644 docs/work_history/repo/review_feedback/pr8061-evidence/_objects/e9a428d501ee0596a9f0a77bf9a86c448b746abb2f8c7ed634870c257c739148.gz
 create mode 100644 docs/work_history/repo/review_feedback/pr8061-evidence/_objects/eac2717441f9568d059d3d4d3cd2d08cec64067c63229f7875cc252d9444edb6.gz
 create mode 100644 docs/work_history/repo/review_feedback/pr8061-evidence/_objects/eb2eb65f7901ad858830d349a273abed8dddba1eafb7e23a55a1b795b2074bc1.gz
 create mode 100644 docs/work_history/repo/review_feedback/pr8061-evidence/_objects/eb703b1a339af76efd2d8f47dfdc5abf010faceb27e9f70e9fdc80c096a687e1.gz
 create mode 100644 docs/work_history/repo/review_feedback/pr8061-evidence/_objects/ebb0f3ae6f4e4a4e9493ebf329a41193c09ad78b8c86ace82b433556c00234d9.gz
 create mode 100644 docs/work_history/repo/review_feedback/pr8061-evidence/_objects/f33974fbb9feedc2fa9fc645ba0d0a8ecba14ec8d7f15023c2bc411af3557abe.gz
 create mode 100644 docs/work_history/repo/review_feedback/pr8061-evidence/_objects/f37c65f44b9e9edb851ce701dc0c29115e65360dba22e574edddd7327f365c15.gz
 create mode 100644 docs/work_history/repo/review_feedback/pr8061-evidence/_objects/f6d174743cffc7e492cf30275acc57371f1f77b87a1424533943b35ae49a96f9.gz
 create mode 100644 docs/work_history/repo/review_feedback/pr8061-evidence/archive-manifest.json
 create mode 100644 docs/work_history/repo/review_feedback/pr8061-evidence/kept/pr8061-HANDOFF-9ef67db77ea9ef6f.md
 create mode 100644 docs/work_history/repo/review_feedback/pr8061-evidence/kept/pr8061-HANDOFF-cfff3e220eafd110.md
 create mode 100644 docs/work_history/repo/review_feedback/pr8061-evidence/kept/pr8061-REVIEW_HISTORY-3f4cb79c836849bf.md
 create mode 100644 docs/work_history/repo/review_feedback/pr8061-proof-sources/README.md
 create mode 100644 docs/work_history/repo/review_feedback/pr8061-proof-sources/_objects/bbddcf8229a92a19408caa0a829ef716c44767985f8402af334c95c155b230f8.gz
 create mode 100644 docs/work_history/repo/review_feedback/pr8061-proof-sources/_objects/c4300e00d5515452727a9697575ef4af531bf220d58c67f3a869f98281fc2a22.gz
 create mode 100644 docs/work_history/repo/review_feedback/pr8061-proof-sources/archive-manifest.json
 create mode 100644 docs/work_history/repo/review_feedback/pr8061-proof-sources/kept/pr8061-proof-adapted_frame-4eb81c02792f3306.md
 create mode 100644 docs/work_history/repo/review_feedback/pr8061-proof-sources/kept/pr8061-proof-four_solve-eff578cafd7f48f7.md
 create mode 100644 docs/work_history/repo/review_feedback/pr8061-proof-sources/kept/pr8061-proof-projection-e801411de605cecc.md
 create mode 100644 docs/work_history/repo/review_feedback/pr8061-proof-sources/kept/pr8061-proof-real_error-57d49d5cf78c0e3e.md
 create mode 100644 docs/work_history/repo/review_feedback/pr8061-proof-sources/kept/pr8061-proof-real_sign-c2692f5746303191.md
 create mode 100644 logs/runner-cache/native_l6_nonlinear_star_vertex_2026_09_09.txt
 create mode 100644 logs/runner-cache/native_l6_sixth_prefix_gap_certificate_2026_09_08.txt
 create mode 100644 outputs/native_l6_nonlinear_star_vertex_2026_09_09.json
 create mode 100644 outputs/native_l6_nonlinear_star_vertex_2026_09_09_inputs/ADAPTED.json
 create mode 100644 outputs/native_l6_nonlinear_star_vertex_2026_09_09_inputs/BLOCKS.json
 create mode 100644 outputs/native_l6_nonlinear_star_vertex_2026_09_09_inputs/COEFFICIENTS.json
 create mode 100644 outputs/native_l6_nonlinear_star_vertex_2026_09_09_inputs/LEDGER.json
 create mode 100644 outputs/native_l6_nonlinear_star_vertex_2026_09_09_inputs/SOURCE_MANIFEST.json
 create mode 100644 outputs/native_l6_nonlinear_star_vertex_2026_09_09_inputs/TRANSPORTS.json
 create mode 100644 outputs/native_l6_nonlinear_star_vertex_2026_09_09_inputs/VECTOR_MANIFEST.json
 create mode 100644 outputs/native_l6_nonlinear_star_vertex_2026_09_09_inputs/accepted/INDEPENDENT_REVIEW.json
 create mode 100644 outputs/native_l6_nonlinear_star_vertex_2026_09_09_inputs/accepted/RESULT.json
 create mode 100644 outputs/native_l6_nonlinear_star_vertex_2026_09_09_inputs/accepted/ROOT_ACCEPTANCE.json
 create mode 100644 outputs/native_l6_nonlinear_star_vertex_2026_09_09_inputs/accepted/WORKER_COMPLETE.json
 create mode 100644 outputs/native_l6_nonlinear_star_vertex_2026_09_09_inputs/accepted/firstO_candidate.json
 create mode 100644 outputs/native_l6_nonlinear_star_vertex_2026_09_09_inputs/accepted/firstP_candidate.json
 create mode 100644 outputs/native_l6_nonlinear_star_vertex_2026_09_09_inputs/accepted/secondO_candidate.json
 create mode 100644 outputs/native_l6_nonlinear_star_vertex_2026_09_09_inputs/accepted/secondP_candidate.json
 create mode 100644 outputs/native_l6_nonlinear_star_vertex_2026_09_09_inputs/vectors/chi_real.bin.gz
 create mode 100644 outputs/native_l6_nonlinear_star_vertex_2026_09_09_inputs/vectors/chi_real.npy.gz
 create mode 100644 outputs/native_l6_nonlinear_star_vertex_2026_09_09_inputs/vectors/firstO.bin.gz
 create mode 100644 outputs/native_l6_nonlinear_star_vertex_2026_09_09_inputs/vectors/firstO.npy.gz
 create mode 100644 outputs/native_l6_nonlinear_star_vertex_2026_09_09_inputs/vectors/firstP.bin.gz
 create mode 100644 outputs/native_l6_nonlinear_star_vertex_2026_09_09_inputs/vectors/firstP.npy.gz
 create mode 100644 outputs/native_l6_nonlinear_star_vertex_2026_09_09_inputs/vectors/secondO.bin.gz
 create mode 100644 outputs/native_l6_nonlinear_star_vertex_2026_09_09_inputs/vectors/secondO.npy.gz
 create mode 100644 outputs/native_l6_nonlinear_star_vertex_2026_09_09_inputs/vectors/secondP.bin.gz
 create mode 100644 outputs/native_l6_nonlinear_star_vertex_2026_09_09_inputs/vectors/secondP.npy.gz
 create mode 100644 outputs/native_l6_nonlinear_star_vertex_2026_09_09_inputs/vectors/sourceO.bin.gz
 create mode 100644 outputs/native_l6_nonlinear_star_vertex_2026_09_09_inputs/vectors/sourceO.npy.gz
 create mode 100644 outputs/native_l6_nonlinear_star_vertex_2026_09_09_inputs/vectors/sourceP.bin.gz
 create mode 100644 outputs/native_l6_nonlinear_star_vertex_2026_09_09_inputs/vectors/sourceP.npy.gz
 create mode 100644 outputs/native_l6_sixth_prefix_gap_certificate_2026_09_08.json
 create mode 100644 scripts/native_l6_nonlinear_star_vertex_2026_09_09.py
 create mode 100644 scripts/native_l6_nonlinear_vertex_envelope_2026_09_09.py
 create mode 100644 scripts/native_l6_nonlinear_vertex_fp_guard_2026_09_09.py
 create mode 100644 scripts/native_l6_nonlinear_vertex_geometry_2026_09_09.py
 create mode 100644 scripts/native_l6_nonlinear_vertex_review_2026_09_09.py
 create mode 100644 scripts/native_l6_nonlinear_vertex_transport_2026_09_09.py
 create mode 100644 scripts/native_l6_nonlinear_vertex_validate_coefficients_2026_09_09.py
 create mode 100644 scripts/native_l6_sixth_prefix_gap_arithmetic_2026_09_08.py
 create mode 100644 scripts/native_l6_sixth_prefix_gap_certificate_2026_09_08.py
 create mode 100644 scripts/native_l6_sixth_prefix_gap_geometry_2026_09_08.py
FROZEN 1a53fc770dd5937b07cd1596041e03d9565c86ef sources 619 inputs 638 notes 2
