[detached HEAD 569c44f845] Preserve independently reviewed source unit PR8060
 Date: Tue Sep 15 13:23:27 2026 -0400
 Committer: Jon Bridger Apps <jonBridger@Jonathons-Mac-mini.local>
Your name and email address were configured automatically based
on your username and hostname. Please check that they are accurate.
You can suppress this message by setting them explicitly:

    git config --global user.name "Your Name"
    git config --global user.email you@example.com

After doing this, you may fix the identity used for this commit with:

    git commit --amend --reset-author

 57 files changed, 1256 insertions(+)
 create mode 100644 docs/NATIVE_WEAK_ELECTRIC_JOINT_DEFECT_BOUNDS_NOTE_2026-09-09.md
 create mode 100644 docs/work_history/repo/review_feedback/pr8060-evidence/README.md
 create mode 100644 docs/work_history/repo/review_feedback/pr8060-evidence/_objects/0f85440aa05b1e3e6f92dce582d4028c981b6f20206a16b58c4fb5020f6eb187.gz
 create mode 100644 docs/work_history/repo/review_feedback/pr8060-evidence/_objects/106db8109fc5e9a2f33cd26f47b642823b0725fa7d954335ddf6a7f89cbcad96.gz
 create mode 100644 docs/work_history/repo/review_feedback/pr8060-evidence/_objects/14c4fe4d748c2bd332d2396e7beb3f148fa1661233f72b571e82c6b1f8691501.gz
 create mode 100644 docs/work_history/repo/review_feedback/pr8060-evidence/_objects/179fcba98e7ed0edbabb984adc5f56d4a87ea4e1096d6fd64f9c0009ba697964.gz
 create mode 100644 docs/work_history/repo/review_feedback/pr8060-evidence/_objects/18ae1ae4f64f956bd9b625efa73d516f2173bd3bd62676f2b0af8823b05f9db7.gz
 create mode 100644 docs/work_history/repo/review_feedback/pr8060-evidence/_objects/2212ee4eac1d00f1508ea2fac6bc1cc12d985123971303ee99a92d302cb58f16.gz
 create mode 100644 docs/work_history/repo/review_feedback/pr8060-evidence/_objects/236d560a69499086d91e0eec5f608c0e5caf186ce9685e7b088e4dc850967e96.gz
 create mode 100644 docs/work_history/repo/review_feedback/pr8060-evidence/_objects/2544f1f603040226b974f7d60a27663566d4cebce7e76c6865b6cf15920633c6.gz
 create mode 100644 docs/work_history/repo/review_feedback/pr8060-evidence/_objects/2702226a5e675315be3de12e63198311ccdabc28f109b9dbe1cffc06470105a5.gz
 create mode 100644 docs/work_history/repo/review_feedback/pr8060-evidence/_objects/2ba2d0500b956105d7fef57cebedf74d36872b08d00f851a536c1896ca69f3ea.gz
 create mode 100644 docs/work_history/repo/review_feedback/pr8060-evidence/_objects/31a94d757a43ba76333a0d3b31b255590c3af82b5ff2d8c6869ce27272fa4ad1.gz
 create mode 100644 docs/work_history/repo/review_feedback/pr8060-evidence/_objects/3d3474a42577fbf7ae4b4ffef754e454d9366789bd0f19671c457bbe508ff4c9.gz
 create mode 100644 docs/work_history/repo/review_feedback/pr8060-evidence/_objects/470857554de8459c19d91558aa7b8fa5a842b9a818451e7dda5b00717a6ab98e.gz
 create mode 100644 docs/work_history/repo/review_feedback/pr8060-evidence/_objects/4d3d3b3b3f513ae22e7f294924fb8a034e0183333145ea49bbc41d5893511044.gz
 create mode 100644 docs/work_history/repo/review_feedback/pr8060-evidence/_objects/5260e89bdea0af9fa2cd08668d43c07c36427168f7a8d45c4ce542c58f0be79c.gz
 create mode 100644 docs/work_history/repo/review_feedback/pr8060-evidence/_objects/53c700d3b726a1a8c7b6faabf49a56de7fa7074ae249ae595d82eadf589f3d3b.gz
 create mode 100644 docs/work_history/repo/review_feedback/pr8060-evidence/_objects/5a2ebc4994f31aaafa7aad65b89b903c227264f1427f0c6fe4a54afb9a1d8d70.gz
 create mode 100644 docs/work_history/repo/review_feedback/pr8060-evidence/_objects/619b22d62cdc8161da6c81f25e126957ccb36e9832566292626e6092068786d0.gz
 create mode 100644 docs/work_history/repo/review_feedback/pr8060-evidence/_objects/64cbc8bb40d58abf26a3332b1fe5cb89c64feee9b32cdee89e80a07d27827a1f.gz
 create mode 100644 docs/work_history/repo/review_feedback/pr8060-evidence/_objects/6819ddea6903661b7b8b2a10917286120dbc741de96e9a2546cb30bbdaacfc4b.gz
 create mode 100644 docs/work_history/repo/review_feedback/pr8060-evidence/_objects/6b16f6984f3378c913964f88c785f7977379c9bcaaee851ec33a22ddc73ff46c.gz
 create mode 100644 docs/work_history/repo/review_feedback/pr8060-evidence/_objects/6c1131e5efbffb418d1fca7a6d4e028be4163f7c31b44c5c6031b051bcaec5c4.gz
 create mode 100644 docs/work_history/repo/review_feedback/pr8060-evidence/_objects/6ce34f6e0be5b4f30c8b191113a170b9b2f866b9ee45c90afe6f4fe786d8e4df.gz
 create mode 100644 docs/work_history/repo/review_feedback/pr8060-evidence/_objects/700090c2c70556c2a36456a2fa8af5af99a48d8205dda77062c91d05805dc318.gz
 create mode 100644 docs/work_history/repo/review_feedback/pr8060-evidence/_objects/76191a9bd5c11cafd89026246cb164f843325a82db116a36dd9d84763688635c.gz
 create mode 100644 docs/work_history/repo/review_feedback/pr8060-evidence/_objects/84a306211e0d58a080ddc9cdbf7dc2b8a769a22bccfb1d853021b28e5eee7f8a.gz
 create mode 100644 docs/work_history/repo/review_feedback/pr8060-evidence/_objects/8811592bd411abfc82ec3cb168fbfded401bb143de88099968c3b08d4faa848a.gz
 create mode 100644 docs/work_history/repo/review_feedback/pr8060-evidence/_objects/8df4a1a16561cf9dd0e2ce1156c2d695c25a3944b7a38f074b18df15201282fc.gz
 create mode 100644 docs/work_history/repo/review_feedback/pr8060-evidence/_objects/96939bb7b3f9a2f8d8101ff173788e7d9e063d489c33b2f1faa66914b7d827c7.gz
 create mode 100644 docs/work_history/repo/review_feedback/pr8060-evidence/_objects/9bfd1f52149a3a57b146bb177f876cdd48808ad48bda48e4d051a00a141936eb.gz
 create mode 100644 docs/work_history/repo/review_feedback/pr8060-evidence/_objects/9e018d38e7218a7c880dc905ca1963b1cfd53a93f3010d31af2b01c55b0b3c10.gz
 create mode 100644 docs/work_history/repo/review_feedback/pr8060-evidence/_objects/a756c46f0ab76b97688d476773cee8c9bfce72644712a3c6e3f0d7682ce79e11.gz
 create mode 100644 docs/work_history/repo/review_feedback/pr8060-evidence/_objects/aaaedc8cbd64cc467d6d1ad1d6013e67a793588f77544794724e88c9fa6d2e6a.gz
 create mode 100644 docs/work_history/repo/review_feedback/pr8060-evidence/_objects/ab3cd205a638516b55f48e95c10a1e132f97d4b7af023789843e275c15b09449.gz
 create mode 100644 docs/work_history/repo/review_feedback/pr8060-evidence/_objects/ae9718ef29ea8fbaddf96d7a5626bb9363254914df0388951dde0105c48d28ed.gz
 create mode 100644 docs/work_history/repo/review_feedback/pr8060-evidence/_objects/bee41c13c347ff331431095cd3c79625e409f9230c8cdaebf28f46e7b5b9c3fd.gz
 create mode 100644 docs/work_history/repo/review_feedback/pr8060-evidence/_objects/bff91253300ee11a153d19630879b23484ae96a802a9d5cb9967ba065a42d307.gz
 create mode 100644 docs/work_history/repo/review_feedback/pr8060-evidence/_objects/c9c8a27ef050e7e13e7738458d035a797372cbf36350ec647ac82489eda9f0ca.gz
 create mode 100644 docs/work_history/repo/review_feedback/pr8060-evidence/_objects/cea59d3b9b63ed13c567f68baa3852332f09700513549f57166a837c222e20d8.gz
 create mode 100644 docs/work_history/repo/review_feedback/pr8060-evidence/_objects/cf2e3f71b7f459635a121de0040651143a79a96c8cce39c1caccd0941648f86c.gz
 create mode 100644 docs/work_history/repo/review_feedback/pr8060-evidence/_objects/d66f7ae7f2dca0bc49df414e52002fc748e8c017dd88721fe2df0f1d630a807f.gz
 create mode 100644 docs/work_history/repo/review_feedback/pr8060-evidence/_objects/daf8c28282427ffd7def6c61a065feb169384631386d4cc5f4e2f197a78a0375.gz
 create mode 100644 docs/work_history/repo/review_feedback/pr8060-evidence/_objects/db98773af3f389bac118be1e7a1b0c134716bcffe40d3fcb3a7f0ab893d27079.gz
 create mode 100644 docs/work_history/repo/review_feedback/pr8060-evidence/_objects/dcabfc2a8e0aa79da2b08fb0e057abf2f47a57941b8b7288727b921a7852a23f.gz
 create mode 100644 docs/work_history/repo/review_feedback/pr8060-evidence/_objects/e3b0c44298fc1c149afbf4c8996fb92427ae41e4649b934ca495991b7852b855.gz
 create mode 100644 docs/work_history/repo/review_feedback/pr8060-evidence/_objects/e79651344b4e3d21a78264d0c7a5513d9f3491198aa792a15b7fecf983ea32e7.gz
 create mode 100644 docs/work_history/repo/review_feedback/pr8060-evidence/_objects/e85ff957dc00b0ef7363e59cfdaa420f19450a5beda066ee5bf1e6d8c5ac529a.gz
 create mode 100644 docs/work_history/repo/review_feedback/pr8060-evidence/_objects/ff8ed36cc76c6862b928cb128446ba81440e51e87edafc5b151c45ceb61ef0d9.gz
 create mode 100644 docs/work_history/repo/review_feedback/pr8060-evidence/archive-manifest.json
 create mode 100644 docs/work_history/repo/review_feedback/pr8060-evidence/kept/pr8060-HANDOFF-9ef67db77ea9ef6f.md
 create mode 100644 docs/work_history/repo/review_feedback/pr8060-evidence/kept/pr8060-REVIEW_HISTORY-3f4cb79c836849bf.md
 create mode 100644 logs/runner-cache/native_weak_electric_joint_defect_bounds_2026_09_09.txt
 create mode 100644 outputs/native_weak_electric_joint_defect_bounds_2026_09_09.json
 create mode 100644 scripts/native_weak_electric_joint_defect_bounds_2026_09_09.py
 create mode 100644 scripts/native_weak_electric_joint_defect_controls_2026_09_09.py
FROZEN 569c44f84549abc1de2253f6ce6d168e2abab2b5 sources 57 inputs 75 notes 1
