native_compression_action_boundary_note_2026-09-09 bounded_theorem unaudited []
native_gapfree_generator_propagation_note_2026-09-09 bounded_theorem unaudited ['scripts/native_gapfree_generator_propagation_2026_09_09_controls.py']
native_generalized_action_boundary_note_2026-09-09 bounded_theorem unaudited []
native_sparse_first_action_frame_note_2026-09-09 bounded_theorem unaudited []
docs/audit/data/citation_graph_manifest.json | 412 ++++++++++++++++++++++++++-
 1 file changed, 410 insertions(+), 2 deletions(-)
[detached HEAD e0ef7cf463] Acknowledge reviewed source topology for train54
 Committer: Jon Bridger Apps <jonBridger@Jonathons-Mac-mini.local>
Your name and email address were configured automatically based
on your username and hostname. Please check that they are accurate.
You can suppress this message by setting them explicitly:

    git config --global user.name "Your Name"
    git config --global user.email you@example.com

After doing this, you may fix the identity used for this commit with:

    git commit --amend --reset-author

 1 file changed, 410 insertions(+), 2 deletions(-)
From https://github.com/jonathonreilly/cl3-lattice-framework
 * branch                  main       -> FETCH_HEAD
remote: This repository moved. Please use the new location:        
remote:   https://github.com/jonathonreilly/qubit-lattice-axiom-framework.git        
remote: Bypassed rule violations for refs/heads/main:        
remote: 
remote: - Changes must be made through a pull request.        
remote: 
To https://github.com/jonathonreilly/cl3-lattice-framework.git
   e7b7e6cca9..e0ef7cf463  HEAD -> main
From https://github.com/jonathonreilly/cl3-lattice-framework
 * branch                  main       -> FETCH_HEAD
LANDED e0ef7cf4633034a8c1e6d57f5812cc4275bf1349
