[detached HEAD 2dd2b522bd] Preserve independently reviewed source unit PR8064
 Date: Tue Sep 15 16:19:20 2026 -0400
 Committer: Jon Bridger Apps <jonBridger@Jonathons-Mac-mini.local>
Your name and email address were configured automatically based
on your username and hostname. Please check that they are accurate.
You can suppress this message by setting them explicitly:

    git config --global user.name "Your Name"
    git config --global user.email you@example.com

After doing this, you may fix the identity used for this commit with:

    git commit --amend --reset-author

 41 files changed, 1206 insertions(+)
 create mode 100644 docs/NATIVE_FULL_STAR_INFRARED_RESPONSE_NOTE_2026-09-09.md
 create mode 100644 docs/work_history/repo/review_feedback/pr8064-evidence/README.md
 create mode 100644 docs/work_history/repo/review_feedback/pr8064-evidence/_objects/0d55ecae82b64b010648da639da973fb63a0e469760871b574fd90d8868429d3.gz
 create mode 100644 docs/work_history/repo/review_feedback/pr8064-evidence/_objects/132919440d7b92f3324cca6d3994441cd4007ccc4463c3b22c4ce0e15b6c9ebc.gz
 create mode 100644 docs/work_history/repo/review_feedback/pr8064-evidence/_objects/1a52fb81b8cf9fa07b2643d3a5b88236d3878e60265781f1c6176198e0496c7f.gz
 create mode 100644 docs/work_history/repo/review_feedback/pr8064-evidence/_objects/1d169551b1d6ac908ee2ebb08ea56237412b9481bdc03ec53c33435d847b4e23.gz
 create mode 100644 docs/work_history/repo/review_feedback/pr8064-evidence/_objects/1d4eaedc0634368ffba815d965b90c7e4828a0390d94b26faaf7ccfe56f612c6.gz
 create mode 100644 docs/work_history/repo/review_feedback/pr8064-evidence/_objects/2385d6c20e09204699d8fff6851c1587fbbb44eeff760a04d387618946189763.gz
 create mode 100644 docs/work_history/repo/review_feedback/pr8064-evidence/_objects/2c31a8cd2a3769b1b80405841eb1a45b498f3cda93181d3fd91ebc39323117ef.gz
 create mode 100644 docs/work_history/repo/review_feedback/pr8064-evidence/_objects/3cf0545078515a30f1be34fd2effbd305a30ea23e9a20e185d44cb602fde16c3.gz
 create mode 100644 docs/work_history/repo/review_feedback/pr8064-evidence/_objects/41a4cacb7dff50eed2b6a8cf43cd302581f4b519a4a36090afdf4db59067c953.gz
 create mode 100644 docs/work_history/repo/review_feedback/pr8064-evidence/_objects/423d009f74f97ce5106f46eeb8d30418b4aff51d2ef99a6dba326c738d476083.gz
 create mode 100644 docs/work_history/repo/review_feedback/pr8064-evidence/_objects/44c98fbad566640a4d9f9d203010469e289e452986d8ee2313d6aad966f7cd6a.gz
 create mode 100644 docs/work_history/repo/review_feedback/pr8064-evidence/_objects/4b0fe13d44bb172afcd863e9df50d65dcfd0bbc5454fefa74b8d170ea5733bab.gz
 create mode 100644 docs/work_history/repo/review_feedback/pr8064-evidence/_objects/545ea28ea75d5bf10b7576fb0a772cd5cafbcbd3ce65fce1532f6032899a32fb.gz
 create mode 100644 docs/work_history/repo/review_feedback/pr8064-evidence/_objects/547ac247535dce1da47a99bc9eb773077901443c14e812bc58d1dbb67cc622b8.gz
 create mode 100644 docs/work_history/repo/review_feedback/pr8064-evidence/_objects/58b7617ddd948491a69493c8aee09174d72ab2c85060dc04d844d6a2b022694c.gz
 create mode 100644 docs/work_history/repo/review_feedback/pr8064-evidence/_objects/5adfb8e39dde484cdc1ddde64dc4cc464eb29e5c6bf2859b91240da89b0d5483.gz
 create mode 100644 docs/work_history/repo/review_feedback/pr8064-evidence/_objects/6169aaa7c679d0897240170032143038ec3df58ce8a768c0d15c3a223b7f0965.gz
 create mode 100644 docs/work_history/repo/review_feedback/pr8064-evidence/_objects/6cc71e85c8e2245ad717b01b74d4b4abefd00181a319866b726c6c3a401fc5fc.gz
 create mode 100644 docs/work_history/repo/review_feedback/pr8064-evidence/_objects/769390f0fa173d4462cc04ba97e76996639fd4b1398e91fb4081c619623a5a38.gz
 create mode 100644 docs/work_history/repo/review_feedback/pr8064-evidence/_objects/78b9cc5b341164afb4bb2ee030ae9b39e58c796091ce189b649ed1568832168c.gz
 create mode 100644 docs/work_history/repo/review_feedback/pr8064-evidence/_objects/7e1c6cf5c393b7b3d59b642bdbbdbc814894ae0a6c2e553dfa683677a7bda879.gz
 create mode 100644 docs/work_history/repo/review_feedback/pr8064-evidence/_objects/88650aabf99953eae87a34a2c238e2913c70b627f0da1758433196cc1c5c3f0b.gz
 create mode 100644 docs/work_history/repo/review_feedback/pr8064-evidence/_objects/912fb42336190ad7551d6ac15879005620ffebddc0cf8061fc9bdcca61981d32.gz
 create mode 100644 docs/work_history/repo/review_feedback/pr8064-evidence/_objects/9611394c5cc04ecfd01af7c58f50b5b71a7ceb32d36ba1a2f3808ab6e36d9c8c.gz
 create mode 100644 docs/work_history/repo/review_feedback/pr8064-evidence/_objects/a35a7527021fd19960e6fe79c2e23bfff78b85d66a4275c20acb708b3a513005.gz
 create mode 100644 docs/work_history/repo/review_feedback/pr8064-evidence/_objects/ae6cb946c722ae63f2843cf26c08166f39a090d5ea67dcd0e3358099426144c5.gz
 create mode 100644 docs/work_history/repo/review_feedback/pr8064-evidence/_objects/ced0edfe5fb281c3cd6ab40772b763d46e3bee3fb771df2a5508339424277ea2.gz
 create mode 100644 docs/work_history/repo/review_feedback/pr8064-evidence/_objects/d175d58295d2b1125fa00db3f0e6608420151ae2a0ab9104323e46966cb98e07.gz
 create mode 100644 docs/work_history/repo/review_feedback/pr8064-evidence/_objects/e3b0c44298fc1c149afbf4c8996fb92427ae41e4649b934ca495991b7852b855.gz
 create mode 100644 docs/work_history/repo/review_feedback/pr8064-evidence/_objects/e3b3f2353b25c7051948cbe80f09a4ffe907cff8009ab2086b0a2aa83de143fc.gz
 create mode 100644 docs/work_history/repo/review_feedback/pr8064-evidence/_objects/e680bd95d6aabeeb4b7c08333ec2e46cf0a116f7490826bfaf0186bc4d60acd1.gz
 create mode 100644 docs/work_history/repo/review_feedback/pr8064-evidence/_objects/f026f212de33de5d198636f990a451b9b4fada2893886965882b74d84f73ad60.gz
 create mode 100644 docs/work_history/repo/review_feedback/pr8064-evidence/archive-manifest.json
 create mode 100644 docs/work_history/repo/review_feedback/pr8064-evidence/kept/pr8064-HANDOFF-9ef67db77ea9ef6f.md
 create mode 100644 docs/work_history/repo/review_feedback/pr8064-evidence/kept/pr8064-REVIEW_HISTORY-3f4cb79c836849bf.md
 create mode 100644 logs/runner-cache/native_full_star_infrared_response_2026_09_09.txt
 create mode 100644 outputs/native_full_star_infrared_response_2026_09_09.json
 create mode 100644 scripts/native_full_star_infrared_controls_2026_09_09.py
 create mode 100644 scripts/native_full_star_infrared_response_2026_09_09.py
FROZEN 2dd2b522bd89aa52174485c188e421878735f87f sources 41 inputs 59 notes 1
