compact_rotor_bridge_cubic_bounded_theorem_note_2026-09-16 bounded_theorem unaudited []
compact_rotor_convex_carrier_bounded_theorem_note_2026-09-16 bounded_theorem unaudited ['scripts/compact_rotor_bridge_cubic_check_2026_09_16.py']
compact_rotor_integer_filling_bounded_theorem_note_2026-09-16 bounded_theorem unaudited []
compact_rotor_magnetic_covariance_bounded_theorem_note_2026-09-16 bounded_theorem unaudited []
frame_attached_menu_exchange_covariant_probabilities_bounded_theorem_note_2026-09-16 bounded_theorem unaudited []
docs/audit/data/citation_graph_manifest.json | 56 +++++++++++++++++++++++++++-
 1 file changed, 54 insertions(+), 2 deletions(-)
[detached HEAD 8bf4649537] Acknowledge reviewed source topology for train83
 Committer: Jon Bridger Apps <jonBridger@Jonathons-Mac-mini.local>
Your name and email address were configured automatically based
on your username and hostname. Please check that they are accurate.
You can suppress this message by setting them explicitly:

    git config --global user.name "Your Name"
    git config --global user.email you@example.com

After doing this, you may fix the identity used for this commit with:

    git commit --amend --reset-author

 1 file changed, 54 insertions(+), 2 deletions(-)
From https://github.com/jonathonreilly/cl3-lattice-framework
 * branch                  main       -> FETCH_HEAD
remote: This repository moved. Please use the new location:        
remote:   https://github.com/jonathonreilly/qubit-lattice-axiom-framework.git        
remote: Bypassed rule violations for refs/heads/main:        
remote: 
remote: - Changes must be made through a pull request.        
remote: 
To https://github.com/jonathonreilly/cl3-lattice-framework.git
   012c276a64..8bf4649537  HEAD -> main
From https://github.com/jonathonreilly/cl3-lattice-framework
 * branch                  main       -> FETCH_HEAD
LANDED 8bf464953779b8ada8415208e89a656411f9f525
