=== CDW order parameter at half filling ===
(2, 2, 2) N=4 g=  0: n_i in [0.500000,0.500000](+) [0.500000,0.500000](-)  m^2 = 0.06250000(+) 0.06250000(-)  Neel weight = 0.125000(+) 0.125000(-)  E0(-)-E0(+) = -9.2820323028e-01  deg 1/1  lowgap 2.0000e+00/3.4641e+00
(2, 2, 2) N=4 g=  4: n_i in [0.500000,0.500000](+) [0.500000,0.500000](-)  m^2 = 0.21805448(+) 0.19993892(-)  Neel weight = 0.834658(+) 0.750403(-)  E0(-)-E0(+) = -3.1197278739e-01  deg 1/1  lowgap 1.4456e-01/4.8526e-01
(2, 2, 2) N=4 g=  8: n_i in [0.500000,0.500000](+) [0.500000,0.500000](-)  m^2 = 0.24139548(+) 0.23955849(-)  Neel weight = 0.954510(+) 0.945751(-)  E0(-)-E0(+) = -4.9992569908e-02  deg 1/1  lowgap 2.3104e-02/7.8163e-02
(2, 2, 2) N=4 g= 16: n_i in [0.500000,0.500000](+) [0.500000,0.500000](-)  m^2 = 0.24781396(+) 0.24769041(-)  Neel weight = 0.988368(+) 0.987774(-)  E0(-)-E0(+) = -6.5162492294e-03  deg 1/1  lowgap 3.0974e-03/1.0319e-02
(2, 2, 2) N=4 g= 32: n_i in [0.500000,0.500000](+) [0.500000,0.500000](-)  m^2 = 0.24945138(+) 0.24944355(-)  Neel weight = 0.997076(+) 0.997038(-)  E0(-)-E0(+) = -8.2170016055e-04  deg 1/1  lowgap 3.9430e-04/1.3067e-03

(2, 2, 3) N=6 g=  0: n_i in [0.496157,0.503843](+) [0.500000,0.500000](-)  m^2 = 0.04166667(+) 0.04166667(-)  Neel weight = 0.031250(+) 0.031250(-)  E0(-)-E0(+) = -2.0000000000e+00  deg 2/1  lowgap 7.1054e-15/2.8284e+00
(2, 2, 3) N=6 g=  4: n_i in [0.492656,0.503672](+) [0.490695,0.504653](-)  m^2 = 0.22201485(+) 0.20917635(-)  Neel weight = 0.809046(+) 0.743341(-)  E0(-)-E0(+) = -2.3199935414e-01  deg 2/1  lowgap 4.4409e-15/1.3623e-01
(2, 2, 3) N=6 g=  8: n_i in [0.497931,0.501034](+) [0.497834,0.501083](-)  m^2 = 0.24200211(+) 0.24130807(-)  Neel weight = 0.943250(+) 0.939241(-)  E0(-)-E0(+) = -2.5169400110e-02  deg 2/1  lowgap 4.4631e-14/5.6191e-03
(2, 2, 3) N=6 g= 16: n_i in [0.499463,0.500269](+) [0.499459,0.500270](-)  m^2 = 0.24791943(+) 0.24787979(-)  Neel weight = 0.985076(+) 0.984837(-)  E0(-)-E0(+) = -2.9605208463e-03  deg 2/1  lowgap 8.8152e-14/1.8686e-04
(2, 2, 3) N=6 g= 32: n_i in [0.499865,0.500068](+) [0.499864,0.500068](-)  m^2 = 0.24947439(+) 0.24947198(-)  Neel weight = 0.996219(+) 0.996205(-)  E0(-)-E0(+) = -3.6381327967e-04  deg 2/1  lowgap 3.0032e-14/5.9285e-06

=== large-g scaling of E_0(-) - E_0(+) on the 2x2x2 cube, N=4 ===
g=   8  E0(-)=-0.79596085683310936381  E0(+)=-0.74596828692497632037  dE=-0.049992569908133  dE*g^3=-25.596195793  dE*g^2=-3.199524474
g=  16  E0(-)=-0.38102411887722038966  E0(+)=-0.37450786964779401929  dE=-0.00651624922942637  dE*g^3=-26.6905568437  dE*g^2=-1.668159803
g=  32  E0(-)=-0.18826054550961349307  E0(+)=-0.1874388453490663283  dE=-0.000821700160547165  dE*g^3=-26.9254708608  dE*g^2=-0.8414209644
g=  64  E0(-)=-0.093845293314487965119  E0(+)=-0.093742366877915778876  dE=-0.000102926436572186  dE*g^3=-26.9815477888  dE*g^2=-0.4215866842
g= 128  E0(-)=-0.046886918618235416098  E0(+)=-0.046874046209250529984  dE=-1.28724089848861e-5  dE*g^3=-26.9953982475  dE*g^2=-0.2109015488
4-point fit dE = c3/g^3 + c4/g^4 + c5/g^5 + c6/g^6 :
   c3 = -27.0030614426571
   c4 = 0.372557551186887
   c5 = 61.0215718416062
   c6 = 208.298954633972
   sign(c3) = NEGATIVE (staggered lower)
   local exponent between g=8 and 16: p = 2.939600002   c_p = -22.57505362
   local exponent between g=16 and 32: p = 2.98735783   c_p = -25.77121805
   local exponent between g=32 and 64: p = 2.996998464   c_p = -26.64682959
   local exponent between g=64 and 128: p = 2.99925961   c_p = -26.89859414
elapsed 6.3s
