=== fine attractive bracket, all 512 sectors ===
  g=  -2.1: nmin=1 minflux=[11] unique_all-(-1)=True rank(-)=0 E(-)-Emin=+0.000000e+00   t=26s
  g=  -2.2: nmin=1 minflux=[11] unique_all-(-1)=True rank(-)=0 E(-)-Emin=+0.000000e+00   t=52s
  g=  -2.3: nmin=1 minflux=[11] unique_all-(-1)=True rank(-)=0 E(-)-Emin=+0.000000e+00   t=77s
  g=  -2.4: nmin=8 minflux=[8] unique_all-(-1)=False rank(-)=8 E(-)-Emin=+2.643418e-02   t=101s

=== uniform pair only, wide g ===
   g=  -64.0  E0(-)=-448.208225809  E0(+)=-448.146269781  dE=-6.195603e-02
   g=  -32.0  E0(-)=-224.413296025  E0(+)=-224.292560639  dE=-1.207354e-01
   g=  -16.0  E0(-)=-112.803392632  E0(+)=-112.584971276  dE=-2.184214e-01
   g=   -8.0  E0(-)=-57.467296259  E0(+)=-57.160831387  dE=-3.064649e-01
   g=   -6.0  E0(-)=-43.826338477  E0(+)=-43.526921153  dE=-2.994173e-01
   g=   -4.0  E0(-)=-30.436581939  E0(+)=-30.176174964  dE=-2.604070e-01
   g=   -2.0  E0(-)=-18.854796587  E0(+)=-17.921508612  dE=-9.332880e-01
   g=    0.0  E0(-)=-10.828427125  E0(+)=-8.828427125  dE=-2.000000e+00
   g=    2.0  E0(-)=-4.882284044  E0(+)=-3.598294835  dE=-1.283989e+00
   g=    4.0  E0(-)=-2.269794929  E0(+)=-2.037795575  dE=-2.319994e-01
   g=    8.0  E0(-)=-1.090249110  E0(+)=-1.065079710  dE=-2.516940e-02
   g=   16.0  E0(-)=-0.542262363  E0(+)=-0.539301842  dE=-2.960521e-03
   g=   64.0  E0(-)=-0.135424562  E0(+)=-0.135379284  dE=-4.527782e-05
elapsed 102.2s
