=== cube N=4: is all-(-1) the unique minimiser of all 32 sectors? ===
  g=     -64: Emin=-256.0313455969 nmin=1 minflux=[6] unique_all-(-1)=True rank(-)=0 rank(+)=31 margin=2.402e-05 dE(-,+)=-8.033997e-05
  g=     -32: Emin=-128.0632703159 nmin=1 minflux=[6] unique_all-(-1)=True rank(-)=0 rank(+)=31 margin=1.927e-04 dE(-,+)=-6.483060e-04
  g=     -16: Emin=-64.1313438511 nmin=1 minflux=[6] unique_all-(-1)=True rank(-)=0 rank(+)=31 margin=1.557e-03 dE(-,+)=-5.369300e-03
  g=     -12: Emin=-48.1821653681 nmin=1 minflux=[6] unique_all-(-1)=True rank(-)=0 rank(+)=31 margin=3.719e-03 dE(-,+)=-1.319271e-02
  g=     -10: Emin=-40.2276100483 nmin=1 minflux=[6] unique_all-(-1)=True rank(-)=0 rank(+)=31 margin=6.456e-03 dE(-,+)=-2.363285e-02
  g=      -8: Emin=-32.3070231511 nmin=1 minflux=[6] unique_all-(-1)=True rank(-)=0 rank(+)=31 margin=1.259e-02 dE(-,+)=-4.928502e-02
  g=      -6: Emin=-24.4850696315 nmin=1 minflux=[6] unique_all-(-1)=True rank(-)=0 rank(+)=31 margin=2.800e-02 dE(-,+)=-1.335743e-01
  g=      -5: Emin=-20.6895797481 nmin=1 minflux=[6] unique_all-(-1)=True rank(-)=0 rank(+)=31 margin=4.055e-02 dE(-,+)=-2.585727e-01
  g=      -4: Emin=-17.1263325915 nmin=1 minflux=[6] unique_all-(-1)=True rank(-)=0 rank(+)=31 margin=4.591e-02 dE(-,+)=-5.045631e-01
  g=      -3: Emin=-14.0194467703 nmin=1 minflux=[6] unique_all-(-1)=True rank(-)=0 rank(+)=4 margin=7.282e-02 dE(-,+)=-2.148274e-01
  g=      -2: Emin=-11.3799619432 nmin=1 minflux=[6] unique_all-(-1)=True rank(-)=0 rank(+)=4 margin=1.918e-01 dE(-,+)=-3.253846e-01
  g=      -1: Emin=-9.0413644775 nmin=1 minflux=[6] unique_all-(-1)=True rank(-)=0 rank(+)=16 margin=3.438e-01 dE(-,+)=-6.225969e-01
  g=    -0.5: Emin=-7.9571774384 nmin=1 minflux=[6] unique_all-(-1)=True rank(-)=0 rank(+)=16 margin=4.081e-01 dE(-,+)=-7.851183e-01
  g=       0: Emin=-6.9282032303 nmin=1 minflux=[6] unique_all-(-1)=True rank(-)=0 rank(+)=16 margin=4.561e-01 dE(-,+)=-9.282032e-01
  g=     0.5: Emin=-5.9597810930 nmin=1 minflux=[6] unique_all-(-1)=True rank(-)=0 rank(+)=16 margin=4.830e-01 dE(-,+)=-1.025767e+00
  g=       1: Emin=-5.0621317157 nmin=1 minflux=[6] unique_all-(-1)=True rank(-)=0 rank(+)=16 margin=4.846e-01 dE(-,+)=-1.051140e+00
  g=       2: Emin=-3.5382071629 nmin=1 minflux=[6] unique_all-(-1)=True rank(-)=0 rank(+)=16 margin=4.071e-01 dE(-,+)=-8.614706e-01
  g=       3: Emin=-2.4546561345 nmin=1 minflux=[6] unique_all-(-1)=True rank(-)=0 rank(+)=16 margin=2.698e-01 dE(-,+)=-5.438295e-01
  g=       4: Emin=-1.7767658374 nmin=1 minflux=[6] unique_all-(-1)=True rank(-)=0 rank(+)=16 margin=1.581e-01 dE(-,+)=-3.119728e-01
  g=       6: Emin=-1.1024934755 nmin=1 minflux=[6] unique_all-(-1)=True rank(-)=0 rank(+)=19 margin=5.688e-02 dE(-,+)=-1.122856e-01
  g=       8: Emin=-0.7959608568 nmin=1 minflux=[6] unique_all-(-1)=True rank(-)=0 rank(+)=19 margin=2.514e-02 dE(-,+)=-4.999257e-02
  g=      12: Emin=-0.5141212105 nmin=1 minflux=[6] unique_all-(-1)=True rank(-)=0 rank(+)=19 margin=7.623e-03 dE(-,+)=-1.529493e-02
  g=      16: Emin=-0.3810241189 nmin=1 minflux=[6] unique_all-(-1)=True rank(-)=0 rank(+)=19 margin=3.235e-03 dE(-,+)=-6.516249e-03
  g=      32: Emin=-0.1882605455 nmin=1 minflux=[6] unique_all-(-1)=True rank(-)=0 rank(+)=19 margin=4.064e-04 dE(-,+)=-8.217002e-04
  g=      64: Emin=-0.0938452933 nmin=1 minflux=[6] unique_all-(-1)=True rank(-)=0 rank(+)=19 margin=5.085e-05 dE(-,+)=-1.029264e-04
  g=     128: Emin=-0.0468869186 nmin=1 minflux=[6] unique_all-(-1)=True rank(-)=0 rank(+)=19 margin=6.357e-06 dE(-,+)=-1.287241e-05
  g=     256: Emin=-0.0234389900 nmin=1 minflux=[6] unique_all-(-1)=True rank(-)=0 rank(+)=19 margin=7.947e-07 dE(-,+)=-1.609257e-06
  g where all-(-1) is NOT the unique minimiser: []

=== cube: extrapolation of g^3 * (E0(-) - E0(+)) ===
   g=  64  g^3*dE = -26.981547788779190278
   g= 128  g^3*dE = -26.995398247471884053
   g= 256  g^3*dE = -26.998850268838278302
   g= 512  g^3*dE = -26.999712611406155827
   extrapolated c3 = -26.9999999998749555765689   (corrections 75.333258 0.026538578 )
   c3 + 27 = 1.250444234e-10
elapsed 5.1s
