=== 2x2x3 N=6: minimiser over all 512 consistent sectors ===
  g=  -4.0: Emin=-30.861619005 nmin=2 minflux=[4] unique_all-(-1)=False rank(-)=510 rank(+)=511 margin=3.8742e-03 dE=-2.604070e-01   t=23s
  g=  -2.0: Emin=-18.854796587 nmin=1 minflux=[11] unique_all-(-1)=True rank(-)=0 rank(+)=511 margin=1.0021e-01 dE=-9.332880e-01   t=45s
  g=  -1.0: Emin=-14.573846270 nmin=1 minflux=[11] unique_all-(-1)=True rank(-)=0 rank(+)=508 margin=2.9644e-01 dE=-1.525144e+00   t=68s
  g=   8.0: Emin=-1.090249110 nmin=1 minflux=[11] unique_all-(-1)=True rank(-)=0 rank(+)=511 margin=4.7953e-03 dE=-2.516940e-02   t=90s
  g=  16.0: Emin=-0.542262363 nmin=1 minflux=[11] unique_all-(-1)=True rank(-)=0 rank(+)=511 margin=4.9067e-04 dE=-2.960521e-03   t=112s

=== 2x2x3: 1/g^3 tail of E0(-)-E0(+) ===
   g=    16  dE=-2.960521e-03  g^3*dE=-12.126293
   g=    32  dE=-3.638133e-04  g^3*dE=-11.921434
   g=    64  dE=-4.527782e-05  g^3*dE=-11.869308
   g=   128  dE=-5.653486e-06  g^3*dE=-11.856220
   g=   256  dE=-7.064907e-07  g^3*dE=-11.852947

=== 2x2x3 plain sector: ground space is 2-fold; degeneracy-averaged density ===
   g= 0.0 sector + deg=2: n_i in [0.50000000,0.50000000]  m^2=0.04166667
   g= 0.0 sector - deg=1: n_i in [0.50000000,0.50000000]  m^2=0.04166667
   g= 4.0 sector + deg=2: n_i in [0.49265553,0.50367224]  m^2=0.22201485
   g= 4.0 sector - deg=1: n_i in [0.49069458,0.50465271]  m^2=0.20917635
   g= 8.0 sector + deg=2: n_i in [0.49793101,0.50103449]  m^2=0.24200211
   g= 8.0 sector - deg=1: n_i in [0.49783437,0.50108282]  m^2=0.24130807
elapsed 112.7s
