plain  all-(+1) g=0: E0=-6.000000000000  charpoly irreducible-factor (degree,mult): [(1, 1), (1, 1), (1, 9), (1, 9), (1, 15), (1, 15), (1, 20)]
     min poly of E0 (degree 1): x + 6
     E0 = -6
plain  all-(+1) g=1: E0=-4.010991894886  charpoly irreducible-factor (degree,mult): [(1, 1), (1, 3), (1, 3), (1, 4), (1, 7), (2, 1), (2, 3), (2, 8), (3, 2), (3, 3), (3, 3), (4, 1)]
     min poly of E0 (degree 4): x**4 - 8*x**3 - 19*x**2 + 126*x + 36
plain  all-(+1) g=2: E0=-2.676736547233  charpoly irreducible-factor (degree,mult): [(1, 3), (1, 7), (1, 8), (2, 3), (2, 8), (3, 1), (3, 1), (3, 2), (3, 3), (3, 3)]
     min poly of E0 (degree 3): x**3 - 10*x**2 - 16*x + 48
plain  all-(+1) g=4: E0=-1.464793050036  charpoly irreducible-factor (degree,mult): [(1, 1), (1, 3), (1, 3), (1, 4), (1, 7), (2, 3), (2, 8), (3, 1), (3, 1), (3, 2), (3, 3), (3, 3)]
     min poly of E0 (degree 3): x**3 - 26*x**2 + 140*x + 264
plain  all-(+1) g=8: E0=-0.745968286925  charpoly irreducible-factor (degree,mult): [(1, 3), (1, 3), (1, 4), (1, 7), (2, 3), (2, 8), (3, 1), (3, 2), (3, 3), (3, 3), (4, 1)]
     min poly of E0 (degree 4): x**4 - 64*x**3 + 1304*x**2 - 8064*x - 6768

stagg. all-(-1) g=0: E0=-6.928203230276  charpoly irreducible-factor (degree,mult): [(1, 36), (2, 1), (2, 16)]
     min poly of E0 (degree 2): x**2 - 48
     E0 = -4*sqrt(3)
stagg. all-(-1) g=1: E0=-5.062131715686  charpoly irreducible-factor (degree,mult): [(1, 8), (1, 9), (2, 1), (2, 1), (3, 3), (3, 3), (3, 3), (3, 3), (4, 2), (5, 1)]
     min poly of E0 (degree 5): x**5 - 11*x**4 - 4*x**3 + 260*x**2 - 608*x + 288
stagg. all-(-1) g=2: E0=-3.538207162856  charpoly irreducible-factor (degree,mult): [(1, 1), (1, 3), (1, 3), (1, 8), (1, 10), (2, 1), (2, 2), (2, 3), (2, 5), (3, 3), (3, 3), (5, 1)]
     min poly of E0 (degree 5): x**5 - 22*x**4 + 128*x**3 + 64*x**2 - 1856*x + 2304
stagg. all-(-1) g=4: E0=-1.776765837427  charpoly irreducible-factor (degree,mult): [(1, 6), (1, 8), (1, 9), (2, 1), (2, 1), (2, 3), (2, 3), (3, 3), (3, 3), (4, 2), (5, 1)]
     min poly of E0 (degree 5): x**5 - 44*x**4 + 656*x**3 - 3520*x**2 + 1792*x + 18432
stagg. all-(-1) g=8: E0=-0.795960856833  charpoly irreducible-factor (degree,mult): [(1, 8), (1, 9), (2, 1), (2, 1), (3, 3), (3, 3), (3, 3), (3, 3), (4, 2), (5, 1)]
     min poly of E0 (degree 5): x**5 - 88*x**4 + 2768*x**3 - 36224*x**2 + 154624*x + 147456

elapsed 1.7s
