AUDIT_INPUT_PATHS:
  docs/ADMISSIBILITY_RULE_SIX_AXIS_FORMATION_THRESHOLD_THE_MINIMAL_MARKED_TREE_THE_COUNTED_FAMILYS_CONSTANT_IS_AT_LEAST_ONE_EXACT_CERTIFICATES_AND_THE_TREE_ROUTES_FLOOR_BOUNDED_THEOREM_NOTE_2026-09-17.md
  docs/MINIMAL_AXIOMS_2026-06-29.md
  docs/ADMISSIBILITY_RULE_FORMATION_LAW_VERSUS_STATIC_LAW_FINITE_WINDOW_CLASSIFICATION_BOUNDED_THEOREM_NOTE_2026-09-06.md
PASS: A1 the note carries its claim_id once
PASS: A2 the axioms memo carries the four sentences quoted under Premises
PASS: A3 block 01's note (on main) carries its claim_id and the rule's product form
PASS: A4 all declared inputs exist
PASS: B1 T1: on 90 tiny realizations whose component holds one seed, the subset dynamic program equals the brute-force minimum over the full family (forks included) in every case (90)
PASS: B2 T1: on 51 tiny realizations with several seeds in the component, forks lower the minimum or are needed for any tree in 51 cases (the multi-seed part of the family is not vacuous; the single-seed reduction is used only where the component holds one seed)
PASS: C1 T2: realization Z_A (window 4x4x7, 20 marks, root (3,3,3)): the component of the root has 42 of the 46 ones and one seed; the exact minimum of E - 3(|S|-1) - c|A| over every tree of the family is 0 at c = 1, 3/50 at c = 99/100 and -1/10 at c = 101/100; the optimal tree has E = |A| = 6 and is verified: every tree has E >= 3(|S|-1) + |A|
FAIL: C2 T2: realization Z_B (window 5x5x8, root (4,4,4)): the component has 60 of the 69 ones and one seed; the minimum is 0 at c = 1 and 2/25 at c = 99/100; the optimal tree has E = |A| = 9
PASS: C3 T2: on Z_A the minimum is non-increasing in c along ['0', '1/4', '1/2', '3/4', '99/100', '1', '101/100'] with values ['6', '9/2', '3', '3/2', '3/50', '0', '-1/10']; with its concavity (a minimum of affine functions) and the values at 99/100 and 1, no tree of Z_A satisfies E <= 3(|S|-1) + c|A| for any c < 1, while E - 3(|S|-1) = 6 is the least over trees without amplification credit
PASS: D1 T3: W1 (block 31's first witness) has a single-seed component; the minimum is 0 at c = 3/4 and positive at 74/100, with an optimal tree E = 6, |A| = 8: the family's constant on W1 is exactly 3/4 against the construction's 8/5
PASS: D2 T3: W2 carries a verified tree of the family with E = 7, |A| = 11, |S| = 2, one fork: ratio 4/11 against the construction's 5/3
PASS: D3 T3: W3 carries a verified tree with E = 9, |A| = 17, |S| = 8, seven forks: E - 3(|S|-1) = -12, inside block 25's seed budget with no amplification credit at all
PASS: E1 T4 (the stake): if a construction attains c = 1, the rational triples at (453,1,2), (232,1,1), (905,2,4), (677,1,3) are exact super-solutions at (t + epsilon_2/t, epsilon_1/t^3) with epsilon_1 R-bar < 10^-5 (block 31's certificates re-verified)
PASS: E2 T4 (the floor): max_t t (4/27 - t) = 4/729, and t^c <= t for c >= 1 on (0, 1), so every budget with c >= 1 needs epsilon_2 < 4/729, crossed on (p, 1, 2) between 367 (d_3 = 745/135434) and 368 (d_3 = 747/136171): the tree route cannot pass p = 368 there
PASS: F1 the note carries the three fence sentences verbatim
PASS: F2 the note contains no forbidden phrase (0 hits)
PASS: F3 runner source: no floating-point literal or conversion call (0 hits)
PASS: F4 the authors' names appear only under Prior art, Imports, the Premises and the Review record (0 offenders)
per_element: executed — the subset dynamic program against the brute-force enumeration of the full family on tiny realizations; the component lemma; the concavity of the minimum in c
per_site: executed — the two extremal realizations rebuilt from their marks through the one-sided automaton; the components (42 of 46, 60 of 69 ones) with one seed each; the crossing of 4/729 between 367 and 368 on (p,1,2)
per_mode: executed — the exact minima 0 at c = 1 and positive at 99/100 on both realizations (every tree has E >= 3(|S|-1) + |A|); the optimal trees with E = |A| = 6 and 9; the witnesses' cheap trees verified
per_block: executed — the four super-solution certificates at c = 1; the one-variable maximum 4/729 symbolically; t^c <= t for c >= 1
lattice_wide: the lower bound on the family's constant holds for every weight triple (it is a statement about the automaton's realizations); the existence of a construction at c = 1, other counts and the true strength are not claimed
PASS: G1 the five N5 resolution lines are printed
mutation_family_expected: C
mutation_family_observed: C
TOTAL: PASS=18 FAIL=1
