{
  "runs": 150,
  "max_FFT_power_difference": 1.5765166949677223e-14,
  "max_FFT_gauss_residual": 2.3592239273284576e-16
}
| N | beta | runs | median filling time | mean slides/site | winding power/component | first-shell transverse power/polarization |
|---:|---:|---:|---:|---:|---:|---:|
| 4 | 0.1 | 8 | 77.108 | 25.402 | 0.30208 | 0.17839 |
| 4 | 1 | 8 | 4.7041 | 2.0723 | 0.17708 | 0.1862 |
| 4 | 10 | 8 | 1.0077 | 0.56055 | 0.1875 | 0.22526 |
| 8 | 0.1 | 8 | 240.67 | 34.461 | 0.16667 | 0.17904 |
| 8 | 1 | 8 | 47.831 | 4.5493 | 0.23438 | 0.21899 |
| 8 | 10 | 8 | 14.783 | 0.97632 | 0.16667 | 0.19278 |
| 12 | 0.1 | 8 | 1710.8 | 51.349 | 0.20486 | 0.22733 |
| 12 | 1 | 8 | 181.18 | 5.4426 | 0.19097 | 0.24664 |
| 12 | 10 | 8 | 27.264 | 0.91905 | 0.13542 | 0.21911 |
| 16 | 0.1 | 8 | 4409.7 | 54.409 | 0.18229 | 0.19887 |
| 16 | 1 | 8 | 480.51 | 6.0864 | 0.16927 | 0.14655 |
| 16 | 10 | 8 | 183.23 | 1.5775 | 0.1901 | 0.22415 |
| 24 | 0.1 | 8 | 11536 | 57.818 | 0.22049 | 0.188 |
| 24 | 1 | 8 | 1260.9 | 7.3302 | 0.21007 | 0.24978 |
| 24 | 10 | 8 | 223.28 | 1.5676 | 0.21354 | 0.16957 |
| 32 | 0.1 | 8 | 33212 | 68.902 | 0.20703 | 0.20985 |
| 32 | 1 | 8 | 3426.8 | 7.9969 | 0.14844 | 0.21002 |
| 32 | 10 | 8 | 977.27 | 2.0638 | 0.13021 | 0.18639 |
