{"name": "N4_b0.1_s21092401", "N": 4, "beta": 0.1, "seed": 21092401, "wall_seconds": 0.004647917114198208, "full": true, "time": 49.77916723264069, "events": 1307, "slide_events": 1275, "site_reuses": 18, "max_site_births": 4, "winding": [-1, 2, -1]}
{"name": "N4_b0.1_s21092402", "N": 4, "beta": 0.1, "seed": 21092402, "wall_seconds": 0.00464366702362895, "full": true, "time": 61.19893102215456, "events": 1332, "slide_events": 1300, "site_reuses": 22, "max_site_births": 4, "winding": [-2, 0, -1]}
{"name": "N4_b0.1_s21092403", "N": 4, "beta": 0.1, "seed": 21092403, "wall_seconds": 0.0029420838691294193, "full": true, "time": 76.16689555875931, "events": 1951, "slide_events": 1919, "site_reuses": 22, "max_site_births": 3, "winding": [0, 0, 3]}
{"name": "N4_b0.1_s21092404", "N": 4, "beta": 0.1, "seed": 21092404, "wall_seconds": 0.003195582889020443, "full": true, "time": 31.63582672514332, "events": 1260, "slide_events": 1228, "site_reuses": 21, "max_site_births": 4, "winding": [1, 1, -1]}
{"name": "N4_b0.1_s21092405", "N": 4, "beta": 0.1, "seed": 21092405, "wall_seconds": 0.002891374984756112, "full": true, "time": 81.32553952404338, "events": 1798, "slide_events": 1766, "site_reuses": 19, "max_site_births": 4, "winding": [0, 1, 1]}
{"name": "N4_b0.1_s21092406", "N": 4, "beta": 0.1, "seed": 21092406, "wall_seconds": 0.002884875051677227, "full": true, "time": 111.0966738804844, "events": 1760, "slide_events": 1728, "site_reuses": 24, "max_site_births": 3, "winding": [-1, 1, 0]}
{"name": "N4_b0.1_s21092407", "N": 4, "beta": 0.1, "seed": 21092407, "wall_seconds": 0.0026288749650120735, "full": true, "time": 108.77708398278003, "events": 1914, "slide_events": 1882, "site_reuses": 22, "max_site_births": 4, "winding": [0, 0, 0]}
{"name": "N4_b0.1_s21092408", "N": 4, "beta": 0.1, "seed": 21092408, "wall_seconds": 0.002756125060841441, "full": true, "time": 78.04828894294158, "events": 1940, "slide_events": 1908, "site_reuses": 20, "max_site_births": 5, "winding": [-1, 1, 0]}
{"name": "N4_b1_s21092401", "N": 4, "beta": 1, "seed": 21092401, "wall_seconds": 0.0027777920477092266, "full": true, "time": 6.3011490170986875, "events": 148, "slide_events": 116, "site_reuses": 15, "max_site_births": 3, "winding": [0, 1, 0]}
{"name": "N4_b1_s21092402", "N": 4, "beta": 1, "seed": 21092402, "wall_seconds": 0.0028009170200675726, "full": true, "time": 3.1001497327391103, "events": 118, "slide_events": 86, "site_reuses": 17, "max_site_births": 3, "winding": [0, -1, -1]}
{"name": "N4_b1_s21092403", "N": 4, "beta": 1, "seed": 21092403, "wall_seconds": 0.002487958176061511, "full": true, "time": 8.343749012975236, "events": 189, "slide_events": 157, "site_reuses": 15, "max_site_births": 4, "winding": [-1, 0, 0]}
{"name": "N4_b1_s21092404", "N": 4, "beta": 1, "seed": 21092404, "wall_seconds": 0.0024374579079449177, "full": true, "time": 4.414172274930564, "events": 150, "slide_events": 118, "site_reuses": 18, "max_site_births": 2, "winding": [0, -1, 0]}
{"name": "N4_b1_s21092405", "N": 4, "beta": 1, "seed": 21092405, "wall_seconds": 0.00267416681163013, "full": true, "time": 4.686549007730402, "events": 163, "slide_events": 131, "site_reuses": 18, "max_site_births": 3, "winding": [0, 0, -1]}
{"name": "N4_b1_s21092406", "N": 4, "beta": 1, "seed": 21092406, "wall_seconds": 0.0025799579452723265, "full": true, "time": 15.893322224532895, "events": 265, "slide_events": 233, "site_reuses": 19, "max_site_births": 4, "winding": [-2, 1, 0]}
{"name": "N4_b1_s21092407", "N": 4, "beta": 1, "seed": 21092407, "wall_seconds": 0.002801083028316498, "full": true, "time": 3.1228503840137627, "events": 160, "slide_events": 128, "site_reuses": 19, "max_site_births": 3, "winding": [0, -1, -1]}
{"name": "N4_b1_s21092408", "N": 4, "beta": 1, "seed": 21092408, "wall_seconds": 0.002907042158767581, "full": true, "time": 4.721561073382837, "events": 124, "slide_events": 92, "site_reuses": 16, "max_site_births": 3, "winding": [0, 2, 0]}
{"name": "N4_b10_s21092401", "N": 4, "beta": 10, "seed": 21092401, "wall_seconds": 0.0025971250142902136, "full": true, "time": 2.609798632856777, "events": 78, "slide_events": 46, "site_reuses": 6, "max_site_births": 2, "winding": [0, 2, 1]}
{"name": "N4_b10_s21092402", "N": 4, "beta": 10, "seed": 21092402, "wall_seconds": 0.0025097501929849386, "full": true, "time": 0.7256847349726783, "events": 51, "slide_events": 19, "site_reuses": 6, "max_site_births": 3, "winding": [1, 0, 1]}
{"name": "N4_b10_s21092403", "N": 4, "beta": 10, "seed": 21092403, "wall_seconds": 0.002319999970495701, "full": true, "time": 1.263448328156748, "events": 67, "slide_events": 35, "site_reuses": 8, "max_site_births": 3, "winding": [1, -1, 1]}
{"name": "N4_b10_s21092404", "N": 4, "beta": 10, "seed": 21092404, "wall_seconds": 0.0025032921694219112, "full": true, "time": 4.742144726517642, "events": 128, "slide_events": 96, "site_reuses": 9, "max_site_births": 3, "winding": [0, 0, 2]}
{"name": "N4_b10_s21092405", "N": 4, "beta": 10, "seed": 21092405, "wall_seconds": 0.0024534999392926693, "full": true, "time": 0.7060325985263689, "events": 46, "slide_events": 14, "site_reuses": 5, "max_site_births": 2, "winding": [0, -1, 0]}
{"name": "N4_b10_s21092406", "N": 4, "beta": 10, "seed": 21092406, "wall_seconds": 0.002346874913200736, "full": true, "time": 0.8824460947369186, "events": 58, "slide_events": 26, "site_reuses": 11, "max_site_births": 2, "winding": [-1, -1, 0]}
{"name": "N4_b10_s21092407", "N": 4, "beta": 10, "seed": 21092407, "wall_seconds": 0.0023049579467624426, "full": true, "time": 0.6562896261866581, "events": 56, "slide_events": 24, "site_reuses": 10, "max_site_births": 2, "winding": [0, -1, 0]}
{"name": "N4_b10_s21092408", "N": 4, "beta": 10, "seed": 21092408, "wall_seconds": 0.0023579171393066645, "full": true, "time": 1.1328912357372816, "events": 59, "slide_events": 27, "site_reuses": 9, "max_site_births": 2, "winding": [0, 0, 0]}
{"name": "N8_b0.1_s21092401", "N": 8, "beta": 0.1, "seed": 21092401, "wall_seconds": 0.0063545419834554195, "full": true, "time": 767.0397979445132, "events": 24851, "slide_events": 24595, "site_reuses": 173, "max_site_births": 4, "winding": [-1, 0, 2]}
{"name": "N8_b0.1_s21092402", "N": 8, "beta": 0.1, "seed": 21092402, "wall_seconds": 0.005298832897096872, "full": true, "time": 268.0266034275192, "events": 14534, "slide_events": 14278, "site_reuses": 176, "max_site_births": 4, "winding": [1, -1, -1]}
{"name": "N8_b0.1_s21092403", "N": 8, "beta": 0.1, "seed": 21092403, "wall_seconds": 0.005352832842618227, "full": true, "time": 301.6102027037658, "events": 14840, "slide_events": 14584, "site_reuses": 176, "max_site_births": 5, "winding": [-2, 2, 0]}
{"name": "N8_b0.1_s21092404", "N": 8, "beta": 0.1, "seed": 21092404, "wall_seconds": 0.005580500001087785, "full": true, "time": 204.41182624561233, "events": 16802, "slide_events": 16546, "site_reuses": 184, "max_site_births": 5, "winding": [0, 2, 0]}
{"name": "N8_b0.1_s21092405", "N": 8, "beta": 0.1, "seed": 21092405, "wall_seconds": 0.005161458859220147, "full": true, "time": 157.59437305454554, "events": 13498, "slide_events": 13242, "site_reuses": 172, "max_site_births": 6, "winding": [-1, 1, -1]}
{"name": "N8_b0.1_s21092406", "N": 8, "beta": 0.1, "seed": 21092406, "wall_seconds": 0.005680582951754332, "full": true, "time": 188.90857498063082, "events": 18229, "slide_events": 17973, "site_reuses": 174, "max_site_births": 4, "winding": [0, 1, 2]}
{"name": "N8_b0.1_s21092407", "N": 8, "beta": 0.1, "seed": 21092407, "wall_seconds": 0.0057791247963905334, "full": true, "time": 213.32295568496642, "events": 16676, "slide_events": 16420, "site_reuses": 186, "max_site_births": 6, "winding": [-1, -1, -1]}
{"name": "N8_b0.1_s21092408", "N": 8, "beta": 0.1, "seed": 21092408, "wall_seconds": 0.006478958996012807, "full": true, "time": 998.1700264909989, "events": 23771, "slide_events": 23515, "site_reuses": 180, "max_site_births": 5, "winding": [1, 0, 0]}
{"name": "N8_b1_s21092401", "N": 8, "beta": 1, "seed": 21092401, "wall_seconds": 0.0046790000051259995, "full": true, "time": 120.91370021271432, "events": 3177, "slide_events": 2921, "site_reuses": 128, "max_site_births": 3, "winding": [-1, -1, -1]}
{"name": "N8_b1_s21092402", "N": 8, "beta": 1, "seed": 21092402, "wall_seconds": 0.0050737501587718725, "full": true, "time": 107.54331478324713, "events": 3248, "slide_events": 2992, "site_reuses": 139, "max_site_births": 4, "winding": [1, 2, 2]}
{"name": "N8_b1_s21092403", "N": 8, "beta": 1, "seed": 21092403, "wall_seconds": 0.004343875218182802, "full": true, "time": 78.61288052776159, "events": 2758, "slide_events": 2502, "site_reuses": 146, "max_site_births": 4, "winding": [-1, -1, -2]}
{"name": "N8_b1_s21092404", "N": 8, "beta": 1, "seed": 21092404, "wall_seconds": 0.004767125006765127, "full": true, "time": 46.11977372098979, "events": 2145, "slide_events": 1889, "site_reuses": 146, "max_site_births": 4, "winding": [-2, 0, -1]}
{"name": "N8_b1_s21092405", "N": 8, "beta": 1, "seed": 21092405, "wall_seconds": 0.004454875132068992, "full": true, "time": 42.10818555436977, "events": 2456, "slide_events": 2200, "site_reuses": 143, "max_site_births": 5, "winding": [1, -1, 2]}
{"name": "N8_b1_s21092406", "N": 8, "beta": 1, "seed": 21092406, "wall_seconds": 0.00422295811586082, "full": true, "time": 45.535875665934775, "events": 2165, "slide_events": 1909, "site_reuses": 126, "max_site_births": 4, "winding": [1, 1, -1]}
{"name": "N8_b1_s21092407", "N": 8, "beta": 1, "seed": 21092407, "wall_seconds": 0.0045113330706954, "full": true, "time": 30.69297058142224, "events": 2532, "slide_events": 2276, "site_reuses": 131, "max_site_births": 3, "winding": [0, 0, 0]}
{"name": "N8_b1_s21092408", "N": 8, "beta": 1, "seed": 21092408, "wall_seconds": 0.0047137499786913395, "full": true, "time": 49.54239404067862, "events": 2201, "slide_events": 1945, "site_reuses": 123, "max_site_births": 5, "winding": [-3, 0, -2]}
{"name": "N8_b10_s21092401", "N": 8, "beta": 10, "seed": 21092401, "wall_seconds": 0.004213833017274737, "full": true, "time": 14.1678662689594, "events": 727, "slide_events": 471, "site_reuses": 65, "max_site_births": 4, "winding": [1, 0, -1]}
{"name": "N8_b10_s21092402", "N": 8, "beta": 10, "seed": 21092402, "wall_seconds": 0.004374374868348241, "full": true, "time": 15.397251691312242, "events": 670, "slide_events": 414, "site_reuses": 55, "max_site_births": 3, "winding": [1, -2, 1]}
{"name": "N8_b10_s21092403", "N": 8, "beta": 10, "seed": 21092403, "wall_seconds": 0.00839145784266293, "full": true, "time": 29.447835776490148, "events": 998, "slide_events": 742, "site_reuses": 62, "max_site_births": 3, "winding": [0, -1, -1]}
{"name": "N8_b10_s21092404", "N": 8, "beta": 10, "seed": 21092404, "wall_seconds": 0.008473915979266167, "full": true, "time": 16.15303936637105, "events": 783, "slide_events": 527, "site_reuses": 69, "max_site_births": 3, "winding": [0, -1, 1]}
{"name": "N8_b10_s21092405", "N": 8, "beta": 10, "seed": 21092405, "wall_seconds": 0.004281749948859215, "full": true, "time": 10.582038224239398, "events": 671, "slide_events": 415, "site_reuses": 56, "max_site_births": 3, "winding": [1, 2, -1]}
{"name": "N8_b10_s21092406", "N": 8, "beta": 10, "seed": 21092406, "wall_seconds": 0.003952624974772334, "full": true, "time": 30.794212068889877, "events": 901, "slide_events": 645, "site_reuses": 67, "max_site_births": 4, "winding": [0, -1, 2]}
{"name": "N8_b10_s21092407", "N": 8, "beta": 10, "seed": 21092407, "wall_seconds": 0.004154624883085489, "full": true, "time": 5.936849940401514, "events": 598, "slide_events": 342, "site_reuses": 72, "max_site_births": 3, "winding": [1, -1, -2]}
{"name": "N8_b10_s21092408", "N": 8, "beta": 10, "seed": 21092408, "wall_seconds": 0.004916125210002065, "full": true, "time": 9.12390161828577, "events": 699, "slide_events": 443, "site_reuses": 68, "max_site_births": 3, "winding": [-1, -1, -1]}
{"name": "N12_b0.1_s21092402", "N": 12, "beta": 0.1, "seed": 21092402, "wall_seconds": 0.01700137509033084, "full": true, "time": 2664.4760922194187, "events": 90548, "slide_events": 89684, "site_reuses": 602, "max_site_births": 5, "winding": [0, 4, -1]}
{"name": "N12_b0.1_s21092401", "N": 12, "beta": 0.1, "seed": 21092401, "wall_seconds": 0.021407832857221365, "full": true, "time": 3653.127459154674, "events": 129877, "slide_events": 129013, "site_reuses": 579, "max_site_births": 5, "winding": [0, -2, 0]}
{"name": "N12_b0.1_s21092403", "N": 12, "beta": 0.1, "seed": 21092403, "wall_seconds": 0.01565316691994667, "full": true, "time": 670.3862146915416, "events": 75867, "slide_events": 75003, "site_reuses": 613, "max_site_births": 5, "winding": [0, -1, 3]}
{"name": "N12_b0.1_s21092404", "N": 12, "beta": 0.1, "seed": 21092404, "wall_seconds": 0.016020667040720582, "full": true, "time": 1603.586879011939, "events": 85567, "slide_events": 84703, "site_reuses": 604, "max_site_births": 6, "winding": [0, 1, 1]}
{"name": "N12_b0.1_s21092405", "N": 12, "beta": 0.1, "seed": 21092405, "wall_seconds": 0.015163792064413428, "full": true, "time": 1831.2403895639272, "events": 79875, "slide_events": 79011, "site_reuses": 605, "max_site_births": 5, "winding": [2, -1, -2]}
{"name": "N12_b0.1_s21092406", "N": 12, "beta": 0.1, "seed": 21092406, "wall_seconds": 0.013852166011929512, "full": true, "time": 678.4780167432161, "events": 67957, "slide_events": 67093, "site_reuses": 588, "max_site_births": 5, "winding": [2, 1, 2]}
{"name": "N12_b0.1_s21092407", "N": 12, "beta": 0.1, "seed": 21092407, "wall_seconds": 0.01592595805414021, "full": true, "time": 1818.101351376623, "events": 88450, "slide_events": 87586, "site_reuses": 590, "max_site_births": 5, "winding": [0, 1, 2]}
{"name": "N12_b0.1_s21092408", "N": 12, "beta": 0.1, "seed": 21092408, "wall_seconds": 0.01660225004889071, "full": true, "time": 1524.2590405953315, "events": 98621, "slide_events": 97757, "site_reuses": 591, "max_site_births": 6, "winding": [-1, 1, -1]}
{"name": "N12_b1_s21092401", "N": 12, "beta": 1, "seed": 21092401, "wall_seconds": 0.007485667010769248, "full": true, "time": 151.80083803776103, "events": 10510, "slide_events": 9646, "site_reuses": 457, "max_site_births": 4, "winding": [0, 0, -1]}
{"name": "N12_b1_s21092402", "N": 12, "beta": 1, "seed": 21092402, "wall_seconds": 0.0073945000767707825, "full": true, "time": 186.16526820926973, "events": 10681, "slide_events": 9817, "site_reuses": 458, "max_site_births": 4, "winding": [-1, 2, 0]}
{"name": "N12_b1_s21092403", "N": 12, "beta": 1, "seed": 21092403, "wall_seconds": 0.007446374977007508, "full": true, "time": 174.18111683890092, "events": 9471, "slide_events": 8607, "site_reuses": 436, "max_site_births": 5, "winding": [2, -2, 1]}
{"name": "N12_b1_s21092404", "N": 12, "beta": 1, "seed": 21092404, "wall_seconds": 0.007151291007176042, "full": true, "time": 196.93362422738232, "events": 9809, "slide_events": 8945, "site_reuses": 449, "max_site_births": 4, "winding": [0, 1, 0]}
{"name": "N12_b1_s21092405", "N": 12, "beta": 1, "seed": 21092405, "wall_seconds": 0.007359582930803299, "full": true, "time": 176.19871584550978, "events": 10672, "slide_events": 9808, "site_reuses": 454, "max_site_births": 4, "winding": [2, 1, -4]}
{"name": "N12_b1_s21092406", "N": 12, "beta": 1, "seed": 21092406, "wall_seconds": 0.007325208047404885, "full": true, "time": 269.112473314832, "events": 10888, "slide_events": 10024, "site_reuses": 442, "max_site_births": 4, "winding": [1, 1, 0]}
{"name": "N12_b1_s21092407", "N": 12, "beta": 1, "seed": 21092407, "wall_seconds": 0.007335999980568886, "full": true, "time": 196.37908426971538, "events": 10686, "slide_events": 9822, "site_reuses": 460, "max_site_births": 4, "winding": [-1, 0, -2]}
{"name": "N12_b1_s21092408", "N": 12, "beta": 1, "seed": 21092408, "wall_seconds": 0.007443540962412953, "full": true, "time": 100.79936717576666, "events": 9433, "slide_events": 8569, "site_reuses": 463, "max_site_births": 5, "winding": [-1, 3, -1]}
{"name": "N12_b10_s21092401", "N": 12, "beta": 10, "seed": 21092401, "wall_seconds": 0.006090707844123244, "full": true, "time": 15.321335279855342, "events": 2195, "slide_events": 1331, "site_reuses": 225, "max_site_births": 4, "winding": [0, 1, -1]}
{"name": "N12_b10_s21092402", "N": 12, "beta": 10, "seed": 21092402, "wall_seconds": 0.006168958963826299, "full": true, "time": 32.07902832249285, "events": 2175, "slide_events": 1311, "site_reuses": 212, "max_site_births": 3, "winding": [0, -2, -2]}
{"name": "N12_b10_s21092403", "N": 12, "beta": 10, "seed": 21092403, "wall_seconds": 0.0060812500305473804, "full": true, "time": 55.14585703655783, "events": 2566, "slide_events": 1702, "site_reuses": 214, "max_site_births": 3, "winding": [-2, 2, 2]}
{"name": "N12_b10_s21092404", "N": 12, "beta": 10, "seed": 21092404, "wall_seconds": 0.005999375134706497, "full": true, "time": 14.44360909287784, "events": 2207, "slide_events": 1343, "site_reuses": 222, "max_site_births": 3, "winding": [-1, -1, 0]}
{"name": "N12_b10_s21092405", "N": 12, "beta": 10, "seed": 21092405, "wall_seconds": 0.0060382920783013105, "full": true, "time": 46.78180338484198, "events": 2989, "slide_events": 2125, "site_reuses": 214, "max_site_births": 3, "winding": [2, 2, 1]}
{"name": "N12_b10_s21092406", "N": 12, "beta": 10, "seed": 21092406, "wall_seconds": 0.005887083010748029, "full": true, "time": 29.50487281020152, "events": 2684, "slide_events": 1820, "site_reuses": 228, "max_site_births": 3, "winding": [0, 1, 0]}
{"name": "N12_b10_s21092407", "N": 12, "beta": 10, "seed": 21092407, "wall_seconds": 0.0061134169809520245, "full": true, "time": 25.023628468699503, "events": 2333, "slide_events": 1469, "site_reuses": 226, "max_site_births": 3, "winding": [0, 0, 0]}
{"name": "N12_b10_s21092408", "N": 12, "beta": 10, "seed": 21092408, "wall_seconds": 0.006139999954029918, "full": true, "time": 17.127426571517592, "events": 2468, "slide_events": 1604, "site_reuses": 228, "max_site_births": 4, "winding": [-2, -1, 0]}
{"name": "N16_b0.1_s21092401", "N": 16, "beta": 0.1, "seed": 21092401, "wall_seconds": 0.035826750099658966, "full": true, "time": 6176.090498392474, "events": 241370, "slide_events": 239322, "site_reuses": 1410, "max_site_births": 5, "winding": [0, -3, -2]}
{"name": "N16_b0.1_s21092402", "N": 16, "beta": 0.1, "seed": 21092402, "wall_seconds": 0.03454558295197785, "full": true, "time": 3246.8603586356653, "events": 223704, "slide_events": 221656, "site_reuses": 1461, "max_site_births": 6, "winding": [-2, -2, -2]}
{"name": "N16_b0.1_s21092403", "N": 16, "beta": 0.1, "seed": 21092403, "wall_seconds": 0.03204541699960828, "full": true, "time": 2585.3454562357047, "events": 189012, "slide_events": 186964, "site_reuses": 1426, "max_site_births": 5, "winding": [0, -1, 0]}
{"name": "N16_b0.1_s21092404", "N": 16, "beta": 0.1, "seed": 21092404, "wall_seconds": 0.03533158404752612, "full": true, "time": 6344.169709423153, "events": 233520, "slide_events": 231472, "site_reuses": 1434, "max_site_births": 6, "winding": [-1, 0, -1]}
{"name": "N16_b0.1_s21092406", "N": 16, "beta": 0.1, "seed": 21092406, "wall_seconds": 0.0315865830052644, "full": true, "time": 1848.2543128820814, "events": 188536, "slide_events": 186488, "site_reuses": 1399, "max_site_births": 6, "winding": [-1, -3, 2]}
{"name": "N16_b0.1_s21092405", "N": 16, "beta": 0.1, "seed": 21092405, "wall_seconds": 0.03841270902194083, "full": true, "time": 5572.635097410864, "events": 254819, "slide_events": 252771, "site_reuses": 1413, "max_site_births": 5, "winding": [-1, -1, 2]}
{"name": "N16_b0.1_s21092408", "N": 16, "beta": 0.1, "seed": 21092408, "wall_seconds": 0.03246033377945423, "full": true, "time": 1842.4949102077278, "events": 202496, "slide_events": 200448, "site_reuses": 1417, "max_site_births": 6, "winding": [-1, -1, 3]}
{"name": "N16_b0.1_s21092407", "N": 16, "beta": 0.1, "seed": 21092407, "wall_seconds": 0.037769417045637965, "full": true, "time": 8306.083765260517, "events": 265785, "slide_events": 263737, "site_reuses": 1427, "max_site_births": 7, "winding": [-1, 3, -1]}
{"name": "N16_b1_s21092401", "N": 16, "beta": 1, "seed": 21092401, "wall_seconds": 0.013962083961814642, "full": true, "time": 386.70693224477037, "events": 25549, "slide_events": 23501, "site_reuses": 1098, "max_site_births": 4, "winding": [1, -1, 1]}
{"name": "N16_b1_s21092402", "N": 16, "beta": 1, "seed": 21092402, "wall_seconds": 0.013696915935724974, "full": true, "time": 660.2594245277759, "events": 28187, "slide_events": 26139, "site_reuses": 1120, "max_site_births": 5, "winding": [0, 2, -4]}
{"name": "N16_b1_s21092403", "N": 16, "beta": 1, "seed": 21092403, "wall_seconds": 0.01330566592514515, "full": true, "time": 113.56492451879221, "events": 21664, "slide_events": 19616, "site_reuses": 1063, "max_site_births": 5, "winding": [0, 1, -1]}
{"name": "N16_b1_s21092404", "N": 16, "beta": 1, "seed": 21092404, "wall_seconds": 0.014236791990697384, "full": true, "time": 569.1509581947814, "events": 29501, "slide_events": 27453, "site_reuses": 1112, "max_site_births": 5, "winding": [1, 0, 1]}
{"name": "N16_b1_s21092405", "N": 16, "beta": 1, "seed": 21092405, "wall_seconds": 0.014363707974553108, "full": true, "time": 745.8003468834806, "events": 29770, "slide_events": 27722, "site_reuses": 1104, "max_site_births": 4, "winding": [0, 5, -1]}
{"name": "N16_b1_s21092406", "N": 16, "beta": 1, "seed": 21092406, "wall_seconds": 0.013837292091920972, "full": true, "time": 695.6167977366317, "events": 31464, "slide_events": 29416, "site_reuses": 1062, "max_site_births": 4, "winding": [0, -1, 0]}
{"name": "N16_b1_s21092407", "N": 16, "beta": 1, "seed": 21092407, "wall_seconds": 0.014038458932191133, "full": true, "time": 391.8623212928042, "events": 26543, "slide_events": 24495, "site_reuses": 1106, "max_site_births": 5, "winding": [1, -1, 2]}
{"name": "N16_b1_s21092408", "N": 16, "beta": 1, "seed": 21092408, "wall_seconds": 0.014005250064656138, "full": true, "time": 212.65827039851027, "events": 23146, "slide_events": 21098, "site_reuses": 1089, "max_site_births": 6, "winding": [0, -2, 1]}
{"name": "N16_b10_s21092401", "N": 16, "beta": 10, "seed": 21092401, "wall_seconds": 0.011539333034306765, "full": true, "time": 272.5836066926648, "events": 10417, "slide_events": 8369, "site_reuses": 549, "max_site_births": 4, "winding": [0, 2, 0]}
{"name": "N16_b10_s21092402", "N": 16, "beta": 10, "seed": 21092402, "wall_seconds": 0.011348333908244967, "full": true, "time": 279.7012055343838, "events": 9223, "slide_events": 7175, "site_reuses": 503, "max_site_births": 3, "winding": [1, 2, 2]}
{"name": "N16_b10_s21092403", "N": 16, "beta": 10, "seed": 21092403, "wall_seconds": 0.011548083974048495, "full": true, "time": 93.88627899175923, "events": 7463, "slide_events": 5415, "site_reuses": 542, "max_site_births": 3, "winding": [0, 2, -2]}
{"name": "N16_b10_s21092404", "N": 16, "beta": 10, "seed": 21092404, "wall_seconds": 0.010790250031277537, "full": true, "time": 71.26020865735947, "events": 7080, "slide_events": 5032, "site_reuses": 525, "max_site_births": 4, "winding": [-2, 0, 0]}
{"name": "N16_b10_s21092405", "N": 16, "beta": 10, "seed": 21092405, "wall_seconds": 0.01128316717222333, "full": true, "time": 74.46779975361471, "events": 8068, "slide_events": 6020, "site_reuses": 526, "max_site_births": 3, "winding": [-1, 3, -2]}
{"name": "N16_b10_s21092406", "N": 16, "beta": 10, "seed": 21092406, "wall_seconds": 0.01129229087382555, "full": true, "time": 298.0947051870222, "events": 9828, "slide_events": 7780, "site_reuses": 527, "max_site_births": 3, "winding": [-1, -3, 2]}
{"name": "N16_b10_s21092407", "N": 16, "beta": 10, "seed": 21092407, "wall_seconds": 0.011081916047260165, "full": true, "time": 78.93591216512415, "events": 6773, "slide_events": 4725, "site_reuses": 507, "max_site_births": 3, "winding": [-1, 2, 3]}
{"name": "N16_b10_s21092408", "N": 16, "beta": 10, "seed": 21092408, "wall_seconds": 0.01088770804926753, "full": true, "time": 279.18224170284446, "events": 9223, "slide_events": 7175, "site_reuses": 563, "max_site_births": 5, "winding": [1, -1, 2]}
{"name": "N24_b0.1_s21092401", "N": 24, "beta": 0.1, "seed": 21092401, "wall_seconds": 0.11609958298504353, "full": true, "time": 13479.82998956249, "events": 788970, "slide_events": 782058, "site_reuses": 4754, "max_site_births": 6, "winding": [3, 2, 0]}
{"name": "N24_b0.1_s21092402", "N": 24, "beta": 0.1, "seed": 21092402, "wall_seconds": 0.120481374906376, "full": true, "time": 13852.226676658574, "events": 826834, "slide_events": 819922, "site_reuses": 4766, "max_site_births": 6, "winding": [0, 1, -1]}
{"name": "N24_b0.1_s21092403", "N": 24, "beta": 0.1, "seed": 21092403, "wall_seconds": 0.11378562496975064, "full": true, "time": 11374.538644586004, "events": 774943, "slide_events": 768031, "site_reuses": 4853, "max_site_births": 6, "winding": [-3, -3, 3]}
{"name": "N24_b0.1_s21092404", "N": 24, "beta": 0.1, "seed": 21092404, "wall_seconds": 0.12140224990434945, "full": true, "time": 11696.983386587812, "events": 873535, "slide_events": 866623, "site_reuses": 4768, "max_site_births": 6, "winding": [-3, 0, -2]}
{"name": "N24_b0.1_s21092405", "N": 24, "beta": 0.1, "seed": 21092405, "wall_seconds": 0.11546800006181002, "full": true, "time": 9616.251118708062, "events": 770743, "slide_events": 763831, "site_reuses": 4824, "max_site_births": 7, "winding": [1, 3, 2]}
{"name": "N24_b0.1_s21092406", "N": 24, "beta": 0.1, "seed": 21092406, "wall_seconds": 0.1119448330719024, "full": true, "time": 9212.126652991557, "events": 733380, "slide_events": 726468, "site_reuses": 4850, "max_site_births": 6, "winding": [3, 1, -3]}
{"name": "N24_b0.1_s21092407", "N": 24, "beta": 0.1, "seed": 21092407, "wall_seconds": 0.12253154185600579, "full": true, "time": 13658.760566212652, "events": 853522, "slide_events": 846610, "site_reuses": 4841, "max_site_births": 6, "winding": [-3, 2, -1]}
{"name": "N24_b0.1_s21092408", "N": 24, "beta": 0.1, "seed": 21092408, "wall_seconds": 0.1200716660823673, "full": true, "time": 7589.00425758111, "events": 827558, "slide_events": 820646, "site_reuses": 4803, "max_site_births": 7, "winding": [0, 3, 4]}
{"name": "N24_b1_s21092401", "N": 24, "beta": 1, "seed": 21092401, "wall_seconds": 0.042949333088472486, "full": true, "time": 1402.2494613719682, "events": 112195, "slide_events": 105283, "site_reuses": 3706, "max_site_births": 5, "winding": [3, 0, 0]}
{"name": "N24_b1_s21092402", "N": 24, "beta": 1, "seed": 21092402, "wall_seconds": 0.04277183301746845, "full": true, "time": 1858.3478390713985, "events": 115948, "slide_events": 109036, "site_reuses": 3682, "max_site_births": 5, "winding": [0, -3, 0]}
{"name": "N24_b1_s21092403", "N": 24, "beta": 1, "seed": 21092403, "wall_seconds": 0.04144579195417464, "full": true, "time": 852.8792209329257, "events": 96560, "slide_events": 89648, "site_reuses": 3721, "max_site_births": 5, "winding": [3, -1, -1]}
{"name": "N24_b1_s21092404", "N": 24, "beta": 1, "seed": 21092404, "wall_seconds": 0.04158233315683901, "full": true, "time": 939.6611518840933, "events": 99711, "slide_events": 92799, "site_reuses": 3672, "max_site_births": 5, "winding": [3, -2, 1]}
{"name": "N24_b1_s21092405", "N": 24, "beta": 1, "seed": 21092405, "wall_seconds": 0.04827154194936156, "full": true, "time": 1119.526115424474, "events": 113558, "slide_events": 106646, "site_reuses": 3661, "max_site_births": 5, "winding": [0, 1, -6]}
{"name": "N24_b1_s21092406", "N": 24, "beta": 1, "seed": 21092406, "wall_seconds": 0.04591504205018282, "full": true, "time": 1872.4032372876588, "events": 119022, "slide_events": 112110, "site_reuses": 3641, "max_site_births": 6, "winding": [2, 3, 1]}
{"name": "N24_b1_s21092407", "N": 24, "beta": 1, "seed": 21092407, "wall_seconds": 0.04176095896400511, "full": true, "time": 568.2920710839404, "events": 93266, "slide_events": 86354, "site_reuses": 3680, "max_site_births": 5, "winding": [-2, -1, -2]}
{"name": "N24_b1_s21092408", "N": 24, "beta": 1, "seed": 21092408, "wall_seconds": 0.04298750008456409, "full": true, "time": 2298.20493113629, "events": 115701, "slide_events": 108789, "site_reuses": 3688, "max_site_births": 6, "winding": [4, 1, 1]}
{"name": "N24_b10_s21092401", "N": 24, "beta": 10, "seed": 21092401, "wall_seconds": 0.032774792052805424, "full": true, "time": 194.44468905925547, "events": 27888, "slide_events": 20976, "site_reuses": 1759, "max_site_births": 4, "winding": [3, 2, -3]}
{"name": "N24_b10_s21092402", "N": 24, "beta": 10, "seed": 21092402, "wall_seconds": 0.032741916831582785, "full": true, "time": 499.04813599263036, "events": 34733, "slide_events": 27821, "site_reuses": 1784, "max_site_births": 5, "winding": [3, -1, 2]}
{"name": "N24_b10_s21092403", "N": 24, "beta": 10, "seed": 21092403, "wall_seconds": 0.03184425015933812, "full": true, "time": 122.74278671915488, "events": 24956, "slide_events": 18044, "site_reuses": 1729, "max_site_births": 4, "winding": [2, 1, 1]}
{"name": "N24_b10_s21092404", "N": 24, "beta": 10, "seed": 21092404, "wall_seconds": 0.03250954090617597, "full": true, "time": 243.53875648848856, "events": 28535, "slide_events": 21623, "site_reuses": 1730, "max_site_births": 4, "winding": [4, -1, 5]}
{"name": "N24_b10_s21092405", "N": 24, "beta": 10, "seed": 21092405, "wall_seconds": 0.03274795785546303, "full": true, "time": 388.3338669891692, "events": 29750, "slide_events": 22838, "site_reuses": 1710, "max_site_births": 4, "winding": [-1, 3, 1]}
{"name": "N24_b10_s21092406", "N": 24, "beta": 10, "seed": 21092406, "wall_seconds": 0.032386042177677155, "full": true, "time": 203.02742312257033, "events": 25958, "slide_events": 19046, "site_reuses": 1743, "max_site_births": 4, "winding": [2, -1, 2]}
{"name": "N24_b10_s21092407", "N": 24, "beta": 10, "seed": 21092407, "wall_seconds": 0.03285299986600876, "full": true, "time": 143.82549995487943, "events": 27567, "slide_events": 20655, "site_reuses": 1791, "max_site_births": 4, "winding": [0, -2, 1]}
{"name": "N24_b10_s21092408", "N": 24, "beta": 10, "seed": 21092408, "wall_seconds": 0.03242770815268159, "full": true, "time": 470.933162231073, "events": 29276, "slide_events": 22364, "site_reuses": 1772, "max_site_births": 4, "winding": [2, -1, 3]}
{"name": "N32_b0.1_s21092401", "N": 32, "beta": 0.1, "seed": 21092401, "wall_seconds": 0.3233945840038359, "full": true, "time": 27805.56431455233, "events": 2145508, "slide_events": 2129124, "site_reuses": 11463, "max_site_births": 6, "winding": [-1, 1, 3]}
{"name": "N32_b0.1_s21092402", "N": 32, "beta": 0.1, "seed": 21092402, "wall_seconds": 0.32503291592001915, "full": true, "time": 15852.964892337865, "events": 2162311, "slide_events": 2145927, "site_reuses": 11381, "max_site_births": 6, "winding": [-2, 1, -4]}
{"name": "N32_b0.1_s21092404", "N": 32, "beta": 0.1, "seed": 21092404, "wall_seconds": 0.3176559580024332, "full": true, "time": 36891.517156069545, "events": 2238604, "slide_events": 2222220, "site_reuses": 11482, "max_site_births": 8, "winding": [-1, 3, -3]}
{"name": "N32_b0.1_s21092403", "N": 32, "beta": 0.1, "seed": 21092403, "wall_seconds": 0.341582499910146, "full": true, "time": 40385.4379126082, "events": 2505646, "slide_events": 2489262, "site_reuses": 11546, "max_site_births": 7, "winding": [-2, 2, 2]}
{"name": "N32_b0.1_s21092406", "N": 32, "beta": 0.1, "seed": 21092406, "wall_seconds": 0.32475420786067843, "full": true, "time": 39166.40204514523, "events": 2349676, "slide_events": 2333292, "site_reuses": 11405, "max_site_births": 6, "winding": [0, -4, 4]}
{"name": "N32_b0.1_s21092405", "N": 32, "beta": 0.1, "seed": 21092405, "wall_seconds": 0.34401487512513995, "full": true, "time": 49562.7866626173, "events": 2583111, "slide_events": 2566727, "site_reuses": 11547, "max_site_births": 7, "winding": [-2, -3, 3]}
{"name": "N32_b0.1_s21092407", "N": 32, "beta": 0.1, "seed": 21092407, "wall_seconds": 0.38439549994654953, "full": true, "time": 25602.040066745438, "events": 2036238, "slide_events": 2019854, "site_reuses": 11445, "max_site_births": 6, "winding": [-2, 0, -2]}
{"name": "N32_b0.1_s21092408", "N": 32, "beta": 0.1, "seed": 21092408, "wall_seconds": 0.39614258403889835, "full": true, "time": 29531.822556930692, "events": 2172189, "slide_events": 2155805, "site_reuses": 11455, "max_site_births": 7, "winding": [3, -4, 3]}
{"name": "N32_b1_s21092401", "N": 32, "beta": 1, "seed": 21092401, "wall_seconds": 0.09926287503913045, "full": true, "time": 1084.580285483907, "events": 227061, "slide_events": 210677, "site_reuses": 8695, "max_site_births": 6, "winding": [0, -4, 0]}
{"name": "N32_b1_s21092402", "N": 32, "beta": 1, "seed": 21092402, "wall_seconds": 0.1048907081130892, "full": true, "time": 3411.803883155443, "events": 292059, "slide_events": 275675, "site_reuses": 8705, "max_site_births": 5, "winding": [-1, -2, -2]}
{"name": "N32_b1_s21092403", "N": 32, "beta": 1, "seed": 21092403, "wall_seconds": 0.10514804092235863, "full": true, "time": 4309.478959192671, "events": 287900, "slide_events": 271516, "site_reuses": 8725, "max_site_births": 5, "winding": [-1, -1, -1]}
{"name": "N32_b1_s21092404", "N": 32, "beta": 1, "seed": 21092404, "wall_seconds": 0.10370495798997581, "full": true, "time": 3441.8354571792142, "events": 282276, "slide_events": 265892, "site_reuses": 8693, "max_site_births": 5, "winding": [1, -2, -1]}
{"name": "N32_b1_s21092405", "N": 32, "beta": 1, "seed": 21092405, "wall_seconds": 0.09941441705450416, "full": true, "time": 1417.226987089253, "events": 237491, "slide_events": 221107, "site_reuses": 8654, "max_site_births": 5, "winding": [0, -2, -2]}
{"name": "N32_b1_s21092406", "N": 32, "beta": 1, "seed": 21092406, "wall_seconds": 0.10592429107055068, "full": true, "time": 5640.470601102451, "events": 320802, "slide_events": 304418, "site_reuses": 8693, "max_site_births": 6, "winding": [-2, 3, 3]}
{"name": "N32_b1_s21092407", "N": 32, "beta": 1, "seed": 21092407, "wall_seconds": 0.10021808394230902, "full": true, "time": 1653.0870985945492, "events": 253971, "slide_events": 237587, "site_reuses": 8745, "max_site_births": 6, "winding": [-2, 6, 0]}
{"name": "N32_b1_s21092408", "N": 32, "beta": 1, "seed": 21092408, "wall_seconds": 0.10626879101619124, "full": true, "time": 7296.774454649926, "events": 325842, "slide_events": 309458, "site_reuses": 8807, "max_site_births": 5, "winding": [0, 3, -1]}
{"name": "N32_b10_s21092401", "N": 32, "beta": 10, "seed": 21092401, "wall_seconds": 0.07827966706827283, "full": true, "time": 1044.7800809171529, "events": 76437, "slide_events": 60053, "site_reuses": 4191, "max_site_births": 4, "winding": [3, 0, -4]}
{"name": "N32_b10_s21092402", "N": 32, "beta": 10, "seed": 21092402, "wall_seconds": 0.07862966693937778, "full": true, "time": 1199.1476930687102, "events": 81214, "slide_events": 64830, "site_reuses": 4226, "max_site_births": 4, "winding": [-3, -1, -1]}
{"name": "N32_b10_s21092403", "N": 32, "beta": 10, "seed": 21092403, "wall_seconds": 0.07954304199665785, "full": true, "time": 909.7501134865767, "events": 83834, "slide_events": 67450, "site_reuses": 4219, "max_site_births": 4, "winding": [2, -1, 3]}
{"name": "N32_b10_s21092404", "N": 32, "beta": 10, "seed": 21092404, "wall_seconds": 0.07943583303131163, "full": true, "time": 1400.7943000250425, "events": 87431, "slide_events": 71047, "site_reuses": 4162, "max_site_births": 4, "winding": [1, -3, 0]}
{"name": "N32_b10_s21092405", "N": 32, "beta": 10, "seed": 21092405, "wall_seconds": 0.07778862491250038, "full": true, "time": 538.8783559936492, "events": 70610, "slide_events": 54226, "site_reuses": 4204, "max_site_births": 4, "winding": [-3, 1, 2]}
{"name": "N32_b10_s21092406", "N": 32, "beta": 10, "seed": 21092406, "wall_seconds": 0.07903929194435477, "full": true, "time": 608.6213076624028, "events": 93477, "slide_events": 77093, "site_reuses": 4139, "max_site_births": 4, "winding": [1, 1, -2]}
{"name": "N32_b10_s21092407", "N": 32, "beta": 10, "seed": 21092407, "wall_seconds": 0.08085062494501472, "full": true, "time": 1333.913314616825, "events": 99039, "slide_events": 82655, "site_reuses": 4165, "max_site_births": 4, "winding": [-1, -4, 1]}
{"name": "N32_b10_s21092408", "N": 32, "beta": 10, "seed": 21092408, "wall_seconds": 0.07819699984975159, "full": true, "time": 905.825709529803, "events": 80047, "slide_events": 63663, "site_reuses": 4251, "max_site_births": 4, "winding": [1, 0, 1]}
{"runs": 144, "failures": 0, "all_full": true, "total_process_seconds": 6.674270040821284}
