=== PROBE A: two neighbouring records -- at once vs one right after the other ===

N = 8 ring; gap above the preparation = 2.0907; neighbour z-correlation of the preparation c = -0.608516
[fixed menu] at once:            P(++,+-,-+,--) = [0.097871, 0.402129, 0.402129, 0.097871]  corr = -0.608516
[fixed menu] 0 then 1, no gap:   TV distance to 'at once' = 3.47e-17 ; 1 then 0: 3.47e-17
[fixed menu, push] 0 then 1 after gap   0.1/J: corr = -0.6125  TV to 'at once' = 0.0020 ; order reversed TV = 3.47e-17
[fixed menu, push] 0 then 1 after gap   0.3/J: corr = -0.6427  TV to 'at once' = 0.0171 ; order reversed TV = 7.08e-16
[fixed menu, push] 0 then 1 after gap   1.0/J: corr = -0.7628  TV to 'at once' = 0.0771 ; order reversed TV = 1.98e-15
[fixed menu, push] 0 then 1 after gap   3.0/J: corr = -0.5123  TV to 'at once' = 0.0481 ; order reversed TV = 1.05e-14
[fixed menu, push] 0 then 1 after gap  10.0/J: corr = -0.7985  TV to 'at once' = 0.0950 ; order reversed TV = 1.35e-13
[fixed menu, drop] 0 then 1 after gap   0.1/J: corr = -0.5885  TV to 'at once' = 0.0100 ; order reversed TV = 6.94e-17
[fixed menu, drop] 0 then 1 after gap   0.3/J: corr = -0.4496  TV to 'at once' = 0.0795 ; order reversed TV = 3.47e-16
[fixed menu, drop] 0 then 1 after gap   1.0/J: corr = -0.2665  TV to 'at once' = 0.1710 ; order reversed TV = 4.68e-15
[fixed menu, drop] 0 then 1 after gap   3.0/J: corr = -0.6074  TV to 'at once' = 0.0006 ; order reversed TV = 1.04e-14
[fixed menu, drop] 0 then 1 after gap  10.0/J: corr = -0.2585  TV to 'at once' = 0.1750 ; order reversed TV = 1.52e-13
[own-state menu] at once: axes independent -> content correlation E[n0 . n1] = -0.2018 (closed form c/3 = -0.2028); aligned pairs 0
[own-state menu] 0 then 1, no gap: after record +m0, site 1's own part = -0.6085 m0 (|cos| = 1.000000000000) -> same axis; content correlation = c = -0.6085; aligned pairs 1

N = 10 ring; gap above the preparation = 1.6930; neighbour z-correlation of the preparation c = -0.602060
[fixed menu] at once:            P(++,+-,-+,--) = [0.099485, 0.400515, 0.400515, 0.099485]  corr = -0.602060
[fixed menu] 0 then 1, no gap:   TV distance to 'at once' = 6.94e-17 ; 1 then 0: 7.63e-17
[fixed menu, push] 0 then 1 after gap   0.1/J: corr = -0.6049  TV to 'at once' = 0.0014 ; order reversed TV = 1.18e-16
[fixed menu, push] 0 then 1 after gap   0.3/J: corr = -0.6264  TV to 'at once' = 0.0122 ; order reversed TV = 6.94e-16
[fixed menu, push] 0 then 1 after gap   1.0/J: corr = -0.7286  TV to 'at once' = 0.0633 ; order reversed TV = 2.62e-15
[fixed menu, push] 0 then 1 after gap   3.0/J: corr = -0.7946  TV to 'at once' = 0.0963 ; order reversed TV = 2.43e-14
[fixed menu, push] 0 then 1 after gap  10.0/J: corr = -0.6901  TV to 'at once' = 0.0440 ; order reversed TV = 3.97e-14
[fixed menu, drop] 0 then 1 after gap   0.1/J: corr = -0.5812  TV to 'at once' = 0.0104 ; order reversed TV = 1.04e-16
[fixed menu, drop] 0 then 1 after gap   0.3/J: corr = -0.4361  TV to 'at once' = 0.0830 ; order reversed TV = 1.33e-15
[fixed menu, drop] 0 then 1 after gap   1.0/J: corr = -0.1042  TV to 'at once' = 0.2490 ; order reversed TV = 1.50e-15
[fixed menu, drop] 0 then 1 after gap   3.0/J: corr = -0.1914  TV to 'at once' = 0.2053 ; order reversed TV = 1.53e-14
[fixed menu, drop] 0 then 1 after gap  10.0/J: corr = -0.1128  TV to 'at once' = 0.2446 ; order reversed TV = 1.10e-13
[own-state menu] 0 then 1, no gap: after record +m0, site 1's own part = -0.6021 m0 (|cos| = 1.000000000000) -> same axis; content correlation = c = -0.6021; aligned pairs 1
[total 3s]
