{
  "executed_predicates": 18626,
  "parts": {
    "jets": {
      "checks": 18626,
      "K": {
        "1": [],
        "2": [
          {
            "powers": [
              2,
              0,
              0,
              0,
              0,
              0
            ],
            "coefficient": "-1/2"
          }
        ],
        "3": [],
        "4": [
          {
            "powers": [
              1,
              0,
              1,
              0,
              0,
              0
            ],
            "coefficient": "1/8"
          },
          {
            "powers": [
              4,
              0,
              0,
              0,
              0,
              0
            ],
            "coefficient": "1/8"
          }
        ]
      },
      "generators": {
        "1": [
          [],
          [
            {
              "powers": [
                1,
                0,
                0,
                0,
                0,
                0
              ],
              "coefficient": "-1/2"
            }
          ],
          []
        ],
        "2": [
          [
            {
              "powers": [
                0,
                1,
                0,
                0,
                0,
                0
              ],
              "coefficient": "1/4"
            }
          ],
          [],
          []
        ],
        "3": [
          [],
          [
            {
              "powers": [
                0,
                0,
                1,
                0,
                0,
                0
              ],
              "coefficient": "1/8"
            },
            {
              "powers": [
                3,
                0,
                0,
                0,
                0,
                0
              ],
              "coefficient": "1/6"
            }
          ],
          []
        ],
        "4": [
          [
            {
              "powers": [
                0,
                0,
                0,
                1,
                0,
                0
              ],
              "coefficient": "-1/16"
            },
            {
              "powers": [
                2,
                1,
                0,
                0,
                0,
                0
              ],
              "coefficient": "-1/3"
            }
          ],
          [],
          []
        ]
      },
      "beta14_normalizer": "1/1163381400",
      "distinct_pairs": 18336,
      "seconds": 0.010187959007453173,
      "rss_mib": 22.21875,
      "source_sha256": "22a929f54debf8fcc2f3b386836522cbcc80bc3785ded0db0805340763bf777c",
      "scope": "Exact finite jet and full graph support controls; no dynamical simulation or volume-uniform proof inferred from controls."
    }
  },
  "elapsed_seconds": 0.016908667021198198,
  "peak_rss_mib": 22.21875,
  "source_sha256": "50f2d48ee946006a06ebe6773add126949750249e7dfd34e63eb2fc0e571cae9",
  "input_sha256": {
    "docs/NATIVE_SAME_HAMILTONIAN_RAMP_NOTE_2026-09-08.md": "26a3bedc8b038302fa197a54bc590843f5a929a593cee86d7d4ec8056d1a4d3c",
    "docs/NATIVE_LOCAL_NATURAL_RING_DYNAMICS_NOTE_2026-09-08.md": "982fdfbd845a7c1e0cd29f42fce19ee561264d9293e321466f7f6863e50c9bfe",
    "docs/NATIVE_VIRTUAL_PAIR_RING_MECHANISM_NOTE_2026-09-08.md": "ab34c4dd2dce102b8fc397e6b298861c4616467b910ee24d9ede4d1df533e9f2",
    "docs/NATIVE_DYNAMICAL_CYCLE_FERMION_Z2_DICTIONARY_NOTE_2026-09-08.md": "3d61dfac1a844364b98c731efca34b27b3c8dac1a3049d519f26d97b1db12715",
    "docs/NATIVE_EDGE_RECORD_MATTER_INSTRUMENT_AND_ENERGY_LEDGER_BOUNDED_THEOREM_NOTE_2026-09-05.md": "a37b5a26833421d99625d99ebf3a9a5f7ff7d96a3e5e77df93e9a550984ddc47",
    "scripts/native_same_hamiltonian_ramp_jets_2026_09_08.py": "22a929f54debf8fcc2f3b386836522cbcc80bc3785ded0db0805340763bf777c"
  },
  "scope": "Exact finite jets and graph support controls; no simulation, phase, global band or audit verdict."
}
