{
  "checks": 147,
  "order": 14,
  "ice": [
    0,
    15
  ],
  "ice_fourth": {
    "(0, 0)": "-1/2",
    "(0, 15)": "-5/2",
    "(15, 0)": "-5/2",
    "(15, 15)": "-1/2"
  },
  "coefficients": [
    {
      "(3, 1)": "1",
      "(9, 1)": "1",
      "(3, 2)": "1",
      "(6, 2)": "1",
      "(2, 3)": "1",
      "(1, 3)": "1",
      "(7, 3)": "1",
      "(11, 3)": "1",
      "(6, 4)": "1",
      "(12, 4)": "1",
      "(7, 6)": "1",
      "(4, 6)": "1",
      "(2, 6)": "1",
      "(14, 6)": "1",
      "(6, 7)": "1",
      "(3, 7)": "1",
      "(9, 8)": "1",
      "(12, 8)": "1",
      "(8, 9)": "1",
      "(11, 9)": "1",
      "(13, 9)": "1",
      "(1, 9)": "1",
      "(9, 11)": "1",
      "(3, 11)": "1",
      "(13, 12)": "1",
      "(14, 12)": "1",
      "(8, 12)": "1",
      "(4, 12)": "1",
      "(12, 13)": "1",
      "(9, 13)": "1",
      "(12, 14)": "1",
      "(6, 14)": "1"
    },
    {
      "(1, 2)": "1/2",
      "(1, 8)": "1/2",
      "(2, 1)": "1/2",
      "(2, 4)": "1/2",
      "(4, 2)": "1/2",
      "(4, 8)": "1/2",
      "(8, 1)": "1/2",
      "(8, 4)": "1/2",
      "(0, 0)": "-2",
      "(5, 5)": "2",
      "(10, 10)": "2",
      "(4, 7)": "-1/2",
      "(4, 13)": "-1/2",
      "(7, 1)": "-1/2",
      "(7, 4)": "-1/2",
      "(1, 7)": "-1/2",
      "(1, 13)": "-1/2",
      "(13, 1)": "-1/2",
      "(13, 4)": "-1/2",
      "(15, 15)": "-2",
      "(11, 2)": "-1/2",
      "(11, 8)": "-1/2",
      "(8, 11)": "-1/2",
      "(8, 14)": "-1/2",
      "(14, 2)": "-1/2",
      "(14, 8)": "-1/2",
      "(2, 11)": "-1/2",
      "(2, 14)": "-1/2",
      "(14, 7)": "1/2",
      "(14, 13)": "1/2",
      "(13, 11)": "1/2",
      "(13, 14)": "1/2",
      "(11, 7)": "1/2",
      "(11, 13)": "1/2",
      "(7, 11)": "1/2",
      "(7, 14)": "1/2"
    },
    {
      "(3, 1)": "-1/2",
      "(3, 2)": "-1/2",
      "(3, 4)": "-1/2",
      "(3, 8)": "-1/2",
      "(3, 7)": "-1/2",
      "(3, 13)": "-1/2",
      "(9, 1)": "-1/2",
      "(9, 2)": "-1/2",
      "(9, 4)": "-1/2",
      "(9, 8)": "-1/2",
      "(9, 7)": "-1/2",
      "(9, 13)": "-1/2",
      "(3, 11)": "-1/2",
      "(3, 14)": "-1/2",
      "(6, 1)": "-1/2",
      "(6, 2)": "-1/2",
      "(6, 4)": "-1/2",
      "(6, 8)": "-1/2",
      "(6, 11)": "-1/2",
      "(6, 14)": "-1/2",
      "(6, 7)": "-1/2",
      "(6, 13)": "-1/2",
      "(12, 1)": "-1/2",
      "(12, 2)": "-1/2",
      "(12, 4)": "-1/2",
      "(12, 8)": "-1/2",
      "(12, 7)": "-1/2",
      "(12, 13)": "-1/2",
      "(9, 11)": "-1/2",
      "(9, 14)": "-1/2",
      "(12, 11)": "-1/2",
      "(12, 14)": "-1/2",
      "(1, 3)": "-1/2",
      "(1, 9)": "-1/2",
      "(1, 6)": "-1/2",
      "(1, 12)": "-1/2",
      "(2, 3)": "-1/2",
      "(2, 9)": "-1/2",
      "(2, 6)": "-1/2",
      "(2, 12)": "-1/2",
      "(4, 3)": "-1/2",
      "(4, 9)": "-1/2",
      "(4, 6)": "-1/2",
      "(4, 12)": "-1/2",
      "(8, 3)": "-1/2",
      "(8, 9)": "-1/2",
      "(8, 6)": "-1/2",
      "(8, 12)": "-1/2",
      "(7, 3)": "-1/2",
      "(7, 9)": "-1/2",
      "(7, 6)": "-1/2",
      "(7, 12)": "-1/2",
      "(13, 3)": "-1/2",
      "(13, 9)": "-1/2",
      "(13, 6)": "-1/2",
      "(13, 12)": "-1/2",
      "(11, 3)": "-1/2",
      "(11, 6)": "-1/2",
      "(11, 9)": "-1/2",
      "(11, 12)": "-1/2",
      "(14, 3)": "-1/2",
      "(14, 6)": "-1/2",
      "(14, 9)": "-1/2",
      "(14, 12)": "-1/2"
    },
    {
      "(0, 15)": "-5/2",
      "(5, 10)": "5/2",
      "(10, 5)": "5/2",
      "(15, 0)": "-5/2",
      "(1, 2)": "-1/2",
      "(1, 8)": "-1/2",
      "(1, 7)": "1/2",
      "(1, 13)": "1/2",
      "(2, 1)": "-1/2",
      "(2, 4)": "-1/2",
      "(2, 11)": "1/2",
      "(2, 14)": "1/2",
      "(4, 2)": "-1/2",
      "(4, 8)": "-1/2",
      "(4, 7)": "1/2",
      "(4, 13)": "1/2",
      "(8, 1)": "-1/2",
      "(8, 4)": "-1/2",
      "(8, 11)": "1/2",
      "(8, 14)": "1/2",
      "(7, 1)": "1/2",
      "(7, 4)": "1/2",
      "(7, 11)": "-1/2",
      "(7, 14)": "-1/2",
      "(13, 1)": "1/2",
      "(13, 4)": "1/2",
      "(13, 11)": "-1/2",
      "(13, 14)": "-1/2",
      "(11, 2)": "1/2",
      "(11, 8)": "1/2",
      "(11, 7)": "-1/2",
      "(11, 13)": "-1/2",
      "(14, 2)": "1/2",
      "(14, 8)": "1/2",
      "(14, 7)": "-1/2",
      "(14, 13)": "-1/2",
      "(0, 0)": "-1/2",
      "(5, 5)": "1/2",
      "(10, 10)": "1/2",
      "(15, 15)": "-1/2"
    },
    {
      "(1, 3)": "-1/4",
      "(1, 9)": "-1/4",
      "(1, 6)": "-1/4",
      "(1, 12)": "-1/4",
      "(2, 3)": "-1/4",
      "(2, 9)": "-1/4",
      "(2, 6)": "-1/4",
      "(2, 12)": "-1/4",
      "(4, 3)": "-1/4",
      "(4, 9)": "-1/4",
      "(4, 6)": "-1/4",
      "(4, 12)": "-1/4",
      "(8, 3)": "-1/4",
      "(8, 9)": "-1/4",
      "(8, 6)": "-1/4",
      "(8, 12)": "-1/4",
      "(7, 3)": "-1/4",
      "(7, 9)": "-1/4",
      "(7, 6)": "-1/4",
      "(7, 12)": "-1/4",
      "(13, 3)": "-1/4",
      "(13, 9)": "-1/4",
      "(13, 6)": "-1/4",
      "(13, 12)": "-1/4",
      "(11, 3)": "-1/4",
      "(11, 6)": "-1/4",
      "(11, 9)": "-1/4",
      "(11, 12)": "-1/4",
      "(14, 3)": "-1/4",
      "(14, 6)": "-1/4",
      "(14, 9)": "-1/4",
      "(14, 12)": "-1/4",
      "(3, 1)": "-1/4",
      "(3, 2)": "-1/4",
      "(3, 4)": "-1/4",
      "(3, 8)": "-1/4",
      "(3, 7)": "-1/4",
      "(3, 13)": "-1/4",
      "(3, 11)": "-1/4",
      "(3, 14)": "-1/4",
      "(9, 1)": "-1/4",
      "(9, 2)": "-1/4",
      "(9, 4)": "-1/4",
      "(9, 8)": "-1/4",
      "(9, 7)": "-1/4",
      "(9, 13)": "-1/4",
      "(9, 11)": "-1/4",
      "(9, 14)": "-1/4",
      "(6, 1)": "-1/4",
      "(6, 2)": "-1/4",
      "(6, 4)": "-1/4",
      "(6, 8)": "-1/4",
      "(6, 7)": "-1/4",
      "(6, 13)": "-1/4",
      "(6, 11)": "-1/4",
      "(6, 14)": "-1/4",
      "(12, 1)": "-1/4",
      "(12, 2)": "-1/4",
      "(12, 4)": "-1/4",
      "(12, 8)": "-1/4",
      "(12, 7)": "-1/4",
      "(12, 13)": "-1/4",
      "(12, 11)": "-1/4",
      "(12, 14)": "-1/4"
    },
    {
      "(1, 7)": "-1",
      "(1, 13)": "-1",
      "(2, 11)": "-1",
      "(2, 14)": "-1",
      "(4, 7)": "-1",
      "(4, 13)": "-1",
      "(8, 11)": "-1",
      "(8, 14)": "-1",
      "(0, 15)": "7/2",
      "(5, 10)": "-7/2",
      "(10, 5)": "-7/2",
      "(4, 2)": "1",
      "(4, 8)": "1",
      "(7, 11)": "1",
      "(7, 14)": "1",
      "(1, 2)": "1",
      "(1, 8)": "1",
      "(13, 11)": "1",
      "(13, 14)": "1",
      "(15, 0)": "7/2",
      "(11, 7)": "1",
      "(11, 13)": "1",
      "(8, 1)": "1",
      "(8, 4)": "1",
      "(14, 7)": "1",
      "(14, 13)": "1",
      "(2, 1)": "1",
      "(2, 4)": "1",
      "(14, 2)": "-1",
      "(14, 8)": "-1",
      "(13, 1)": "-1",
      "(13, 4)": "-1",
      "(11, 2)": "-1",
      "(11, 8)": "-1",
      "(7, 1)": "-1",
      "(7, 4)": "-1",
      "(0, 0)": "-1/2",
      "(5, 5)": "1/2",
      "(10, 10)": "1/2",
      "(15, 15)": "-1/2"
    },
    {
      "(3, 7)": "7/4",
      "(3, 11)": "7/4",
      "(3, 13)": "7/4",
      "(3, 14)": "7/4",
      "(3, 2)": "7/4",
      "(3, 8)": "7/4",
      "(9, 7)": "7/4",
      "(9, 11)": "7/4",
      "(9, 13)": "7/4",
      "(9, 14)": "7/4",
      "(9, 2)": "7/4",
      "(9, 8)": "7/4",
      "(3, 1)": "7/4",
      "(3, 4)": "7/4",
      "(6, 7)": "7/4",
      "(6, 11)": "7/4",
      "(6, 13)": "7/4",
      "(6, 14)": "7/4",
      "(6, 1)": "7/4",
      "(6, 4)": "7/4",
      "(6, 2)": "7/4",
      "(6, 8)": "7/4",
      "(12, 7)": "7/4",
      "(12, 11)": "7/4",
      "(12, 13)": "7/4",
      "(12, 14)": "7/4",
      "(12, 2)": "7/4",
      "(12, 8)": "7/4",
      "(9, 1)": "7/4",
      "(9, 4)": "7/4",
      "(12, 1)": "7/4",
      "(12, 4)": "7/4",
      "(1, 3)": "7/4",
      "(1, 6)": "7/4",
      "(1, 9)": "7/4",
      "(1, 12)": "7/4",
      "(2, 3)": "7/4",
      "(2, 6)": "7/4",
      "(2, 9)": "7/4",
      "(2, 12)": "7/4",
      "(4, 3)": "7/4",
      "(4, 6)": "7/4",
      "(4, 9)": "7/4",
      "(4, 12)": "7/4",
      "(8, 3)": "7/4",
      "(8, 6)": "7/4",
      "(8, 9)": "7/4",
      "(8, 12)": "7/4",
      "(7, 3)": "7/4",
      "(7, 6)": "7/4",
      "(7, 9)": "7/4",
      "(7, 12)": "7/4",
      "(13, 3)": "7/4",
      "(13, 6)": "7/4",
      "(13, 9)": "7/4",
      "(13, 12)": "7/4",
      "(11, 3)": "7/4",
      "(11, 9)": "7/4",
      "(11, 6)": "7/4",
      "(11, 12)": "7/4",
      "(14, 3)": "7/4",
      "(14, 9)": "7/4",
      "(14, 6)": "7/4",
      "(14, 12)": "7/4"
    },
    {
      "(0, 0)": "101/8",
      "(5, 5)": "-101/8",
      "(10, 10)": "-101/8",
      "(15, 15)": "101/8",
      "(2, 11)": "5/2",
      "(2, 14)": "5/2",
      "(2, 1)": "-5/2",
      "(2, 4)": "-5/2",
      "(1, 7)": "5/2",
      "(1, 13)": "5/2",
      "(1, 2)": "-5/2",
      "(1, 8)": "-5/2",
      "(7, 11)": "-5/2",
      "(7, 14)": "-5/2",
      "(7, 1)": "5/2",
      "(7, 4)": "5/2",
      "(11, 7)": "-5/2",
      "(11, 13)": "-5/2",
      "(11, 2)": "5/2",
      "(11, 8)": "5/2",
      "(4, 7)": "5/2",
      "(4, 13)": "5/2",
      "(4, 2)": "-5/2",
      "(4, 8)": "-5/2",
      "(14, 7)": "-5/2",
      "(14, 13)": "-5/2",
      "(14, 2)": "5/2",
      "(14, 8)": "5/2",
      "(8, 11)": "5/2",
      "(8, 14)": "5/2",
      "(8, 1)": "-5/2",
      "(8, 4)": "-5/2",
      "(13, 11)": "-5/2",
      "(13, 14)": "-5/2",
      "(13, 1)": "5/2",
      "(13, 4)": "5/2",
      "(0, 15)": "21/8",
      "(5, 10)": "-21/8",
      "(10, 5)": "-21/8",
      "(15, 0)": "21/8"
    },
    {
      "(1, 3)": "27/16",
      "(1, 9)": "27/16",
      "(1, 6)": "27/16",
      "(1, 12)": "27/16",
      "(2, 3)": "27/16",
      "(2, 9)": "27/16",
      "(2, 6)": "27/16",
      "(2, 12)": "27/16",
      "(4, 3)": "27/16",
      "(4, 9)": "27/16",
      "(4, 6)": "27/16",
      "(4, 12)": "27/16",
      "(8, 3)": "27/16",
      "(8, 9)": "27/16",
      "(8, 6)": "27/16",
      "(8, 12)": "27/16",
      "(7, 3)": "27/16",
      "(7, 9)": "27/16",
      "(7, 6)": "27/16",
      "(7, 12)": "27/16",
      "(13, 3)": "27/16",
      "(13, 9)": "27/16",
      "(13, 6)": "27/16",
      "(13, 12)": "27/16",
      "(11, 3)": "27/16",
      "(11, 6)": "27/16",
      "(11, 9)": "27/16",
      "(11, 12)": "27/16",
      "(14, 3)": "27/16",
      "(14, 6)": "27/16",
      "(14, 9)": "27/16",
      "(14, 12)": "27/16",
      "(3, 1)": "27/16",
      "(3, 4)": "27/16",
      "(3, 7)": "27/16",
      "(3, 13)": "27/16",
      "(3, 2)": "27/16",
      "(3, 8)": "27/16",
      "(9, 1)": "27/16",
      "(9, 4)": "27/16",
      "(9, 7)": "27/16",
      "(9, 13)": "27/16",
      "(9, 2)": "27/16",
      "(9, 8)": "27/16",
      "(3, 11)": "27/16",
      "(3, 14)": "27/16",
      "(6, 2)": "27/16",
      "(6, 8)": "27/16",
      "(6, 11)": "27/16",
      "(6, 14)": "27/16",
      "(6, 1)": "27/16",
      "(6, 4)": "27/16",
      "(6, 7)": "27/16",
      "(6, 13)": "27/16",
      "(12, 1)": "27/16",
      "(12, 4)": "27/16",
      "(12, 7)": "27/16",
      "(12, 13)": "27/16",
      "(12, 2)": "27/16",
      "(12, 8)": "27/16",
      "(9, 11)": "27/16",
      "(9, 14)": "27/16",
      "(12, 11)": "27/16",
      "(12, 14)": "27/16"
    },
    {
      "(1, 2)": "7",
      "(1, 8)": "7",
      "(2, 1)": "7",
      "(2, 4)": "7",
      "(4, 2)": "7",
      "(4, 8)": "7",
      "(8, 1)": "7",
      "(8, 4)": "7",
      "(0, 0)": "-191/8",
      "(5, 5)": "191/8",
      "(10, 10)": "191/8",
      "(4, 7)": "-7",
      "(4, 13)": "-7",
      "(7, 1)": "-7",
      "(7, 4)": "-7",
      "(1, 7)": "-7",
      "(1, 13)": "-7",
      "(13, 1)": "-7",
      "(13, 4)": "-7",
      "(15, 15)": "-191/8",
      "(11, 2)": "-7",
      "(11, 8)": "-7",
      "(8, 11)": "-7",
      "(8, 14)": "-7",
      "(14, 2)": "-7",
      "(14, 8)": "-7",
      "(2, 11)": "-7",
      "(2, 14)": "-7",
      "(14, 7)": "7",
      "(14, 13)": "7",
      "(13, 11)": "7",
      "(13, 14)": "7",
      "(11, 7)": "7",
      "(11, 13)": "7",
      "(7, 11)": "7",
      "(7, 14)": "7",
      "(0, 15)": "33/8",
      "(5, 10)": "-33/8",
      "(10, 5)": "-33/8",
      "(15, 0)": "33/8"
    },
    {
      "(3, 1)": "-215/16",
      "(3, 2)": "-215/16",
      "(3, 4)": "-215/16",
      "(3, 8)": "-215/16",
      "(3, 7)": "-215/16",
      "(3, 13)": "-215/16",
      "(9, 1)": "-215/16",
      "(9, 2)": "-215/16",
      "(9, 4)": "-215/16",
      "(9, 8)": "-215/16",
      "(9, 7)": "-215/16",
      "(9, 13)": "-215/16",
      "(3, 11)": "-215/16",
      "(3, 14)": "-215/16",
      "(6, 1)": "-215/16",
      "(6, 2)": "-215/16",
      "(6, 4)": "-215/16",
      "(6, 8)": "-215/16",
      "(6, 11)": "-215/16",
      "(6, 14)": "-215/16",
      "(6, 7)": "-215/16",
      "(6, 13)": "-215/16",
      "(12, 1)": "-215/16",
      "(12, 2)": "-215/16",
      "(12, 4)": "-215/16",
      "(12, 8)": "-215/16",
      "(12, 7)": "-215/16",
      "(12, 13)": "-215/16",
      "(9, 11)": "-215/16",
      "(9, 14)": "-215/16",
      "(12, 11)": "-215/16",
      "(12, 14)": "-215/16",
      "(1, 3)": "-215/16",
      "(1, 6)": "-215/16",
      "(1, 9)": "-215/16",
      "(1, 12)": "-215/16",
      "(2, 3)": "-215/16",
      "(2, 6)": "-215/16",
      "(2, 9)": "-215/16",
      "(2, 12)": "-215/16",
      "(4, 3)": "-215/16",
      "(4, 6)": "-215/16",
      "(4, 9)": "-215/16",
      "(4, 12)": "-215/16",
      "(8, 3)": "-215/16",
      "(8, 6)": "-215/16",
      "(8, 9)": "-215/16",
      "(8, 12)": "-215/16",
      "(7, 3)": "-215/16",
      "(7, 6)": "-215/16",
      "(7, 9)": "-215/16",
      "(7, 12)": "-215/16",
      "(13, 3)": "-215/16",
      "(13, 6)": "-215/16",
      "(13, 9)": "-215/16",
      "(13, 12)": "-215/16",
      "(11, 3)": "-215/16",
      "(11, 9)": "-215/16",
      "(11, 6)": "-215/16",
      "(11, 12)": "-215/16",
      "(14, 3)": "-215/16",
      "(14, 9)": "-215/16",
      "(14, 6)": "-215/16",
      "(14, 12)": "-215/16"
    },
    {
      "(0, 15)": "-1703/16",
      "(5, 10)": "1703/16",
      "(10, 5)": "1703/16",
      "(15, 0)": "-1703/16",
      "(2, 1)": "-21",
      "(2, 4)": "-21",
      "(2, 11)": "21",
      "(2, 14)": "21",
      "(1, 2)": "-21",
      "(1, 8)": "-21",
      "(1, 7)": "21",
      "(1, 13)": "21",
      "(7, 1)": "21",
      "(7, 4)": "21",
      "(7, 11)": "-21",
      "(7, 14)": "-21",
      "(11, 2)": "21",
      "(11, 8)": "21",
      "(11, 7)": "-21",
      "(11, 13)": "-21",
      "(4, 2)": "-21",
      "(4, 8)": "-21",
      "(4, 7)": "21",
      "(4, 13)": "21",
      "(14, 2)": "21",
      "(14, 8)": "21",
      "(14, 7)": "-21",
      "(14, 13)": "-21",
      "(8, 1)": "-21",
      "(8, 4)": "-21",
      "(8, 11)": "21",
      "(8, 14)": "21",
      "(13, 1)": "21",
      "(13, 4)": "21",
      "(13, 11)": "-21",
      "(13, 14)": "-21",
      "(0, 0)": "-359/16",
      "(5, 5)": "359/16",
      "(10, 10)": "359/16",
      "(15, 15)": "-359/16"
    },
    {
      "(1, 3)": "-501/32",
      "(1, 6)": "-501/32",
      "(1, 9)": "-501/32",
      "(1, 12)": "-501/32",
      "(2, 3)": "-501/32",
      "(2, 6)": "-501/32",
      "(2, 9)": "-501/32",
      "(2, 12)": "-501/32",
      "(4, 3)": "-501/32",
      "(4, 6)": "-501/32",
      "(4, 9)": "-501/32",
      "(4, 12)": "-501/32",
      "(8, 3)": "-501/32",
      "(8, 6)": "-501/32",
      "(8, 9)": "-501/32",
      "(8, 12)": "-501/32",
      "(7, 3)": "-501/32",
      "(7, 6)": "-501/32",
      "(7, 9)": "-501/32",
      "(7, 12)": "-501/32",
      "(13, 3)": "-501/32",
      "(13, 6)": "-501/32",
      "(13, 9)": "-501/32",
      "(13, 12)": "-501/32",
      "(11, 3)": "-501/32",
      "(11, 9)": "-501/32",
      "(11, 6)": "-501/32",
      "(11, 12)": "-501/32",
      "(14, 3)": "-501/32",
      "(14, 9)": "-501/32",
      "(14, 6)": "-501/32",
      "(14, 12)": "-501/32",
      "(3, 2)": "-501/32",
      "(3, 8)": "-501/32",
      "(3, 11)": "-501/32",
      "(3, 14)": "-501/32",
      "(3, 7)": "-501/32",
      "(3, 13)": "-501/32",
      "(9, 2)": "-501/32",
      "(9, 8)": "-501/32",
      "(9, 11)": "-501/32",
      "(9, 14)": "-501/32",
      "(9, 7)": "-501/32",
      "(9, 13)": "-501/32",
      "(3, 1)": "-501/32",
      "(3, 4)": "-501/32",
      "(6, 1)": "-501/32",
      "(6, 4)": "-501/32",
      "(6, 7)": "-501/32",
      "(6, 13)": "-501/32",
      "(6, 11)": "-501/32",
      "(6, 14)": "-501/32",
      "(6, 2)": "-501/32",
      "(6, 8)": "-501/32",
      "(12, 2)": "-501/32",
      "(12, 8)": "-501/32",
      "(12, 11)": "-501/32",
      "(12, 14)": "-501/32",
      "(12, 7)": "-501/32",
      "(12, 13)": "-501/32",
      "(9, 1)": "-501/32",
      "(9, 4)": "-501/32",
      "(12, 1)": "-501/32",
      "(12, 4)": "-501/32"
    },
    {
      "(1, 7)": "-66",
      "(1, 13)": "-66",
      "(2, 11)": "-66",
      "(2, 14)": "-66",
      "(4, 7)": "-66",
      "(4, 13)": "-66",
      "(8, 11)": "-66",
      "(8, 14)": "-66",
      "(0, 15)": "3563/16",
      "(5, 10)": "-3563/16",
      "(10, 5)": "-3563/16",
      "(4, 2)": "66",
      "(4, 8)": "66",
      "(7, 11)": "66",
      "(7, 14)": "66",
      "(1, 2)": "66",
      "(1, 8)": "66",
      "(13, 11)": "66",
      "(13, 14)": "66",
      "(15, 0)": "3563/16",
      "(11, 7)": "66",
      "(11, 13)": "66",
      "(8, 1)": "66",
      "(8, 4)": "66",
      "(14, 7)": "66",
      "(14, 13)": "66",
      "(2, 1)": "66",
      "(2, 4)": "66",
      "(14, 2)": "-66",
      "(14, 8)": "-66",
      "(13, 1)": "-66",
      "(13, 4)": "-66",
      "(11, 2)": "-66",
      "(11, 8)": "-66",
      "(7, 1)": "-66",
      "(7, 4)": "-66",
      "(0, 0)": "-661/16",
      "(5, 5)": "661/16",
      "(10, 10)": "661/16",
      "(15, 15)": "-661/16"
    }
  ],
  "seconds": 3.3843330410018098,
  "rss_mib": 20.75,
  "source_sha256": "b0a157011071d9cc29a4a4693d16428e97493a8ea8a47409874e8c80befad6cd"
}
