arbitrary_tensor_k_1/periodic_balance_and_antisymmetry PASS
arbitrary_tensor_k_1/exact_product_current PASS
arbitrary_tensor_k_2/periodic_balance_and_antisymmetry PASS
arbitrary_tensor_k_2/exact_product_current PASS
arbitrary_tensor_k_3/periodic_balance_and_antisymmetry PASS
arbitrary_tensor_k_3/exact_product_current PASS
arbitrary_tensor_k_4/periodic_balance_and_antisymmetry PASS
arbitrary_tensor_k_4/exact_product_current PASS
arbitrary_tensor_k_5/periodic_balance_and_antisymmetry PASS
arbitrary_tensor_k_5/exact_product_current PASS
cubic_tensor/full_symmetry_and_norm PASS
cubic_tensor/all_48_joint_cubic_transformations PASS
cubic_tensor/exact_six_site_current/linear_K_11 PASS
cubic_tensor/exact_six_site_current/positive_floor_1 PASS
cubic_tensor/sharp_drive_bound PASS
cubic_tensor/product_polynomial PASS
cubic_flux/total_density_identity_axis_0 PASS
cubic_flux/exact_balanced_nonlinear_currents_axis_0 PASS
cubic_flux/total_density_identity_axis_1 PASS
cubic_flux/exact_balanced_nonlinear_currents_axis_1 PASS
cubic_flux/total_density_identity_axis_2 PASS
cubic_flux/exact_balanced_nonlinear_currents_axis_2 PASS
cubic_flux/full_six_field_linearization PASS
cubic_flux/full_characteristic_polynomial PASS
cubic_flux/cubic_minimal_polynomial PASS
cubic_flux/continuous_rotation_counterexample PASS
four_site_classification/complete_coboundary_antisymmetry_kernel PASS
four_site_classification/additive_constant_is_only_gauge PASS
proper_cubic_mean_potential/complete_three_parameter_space PASS
alternating_drive/nonzero_proper_cubic_example PASS
alternating_drive/improper_rotation_counterexample PASS
quadratic_mean_potential/balanced_spectrum_identities PASS
quadratic_mean_potential/all_density_isotropy_tuning PASS
