real 21.25
user 16.05
sys 10.44
            85721088  maximum resident set size
                   0  average shared memory size
                   0  average unshared data size
                   0  average unshared stack size
              608594  page reclaims
                 556  page faults
                   0  swaps
                   0  block input operations
                   0  block output operations
                   0  messages sent
                   0  messages received
                   0  signals received
                 754  voluntary context switches
               10482  involuntary context switches
         32674738025  instructions retired
          8491917162  cycles elapsed
            49152744  peak memory footprint
