real 5.97
user 3.51
sys 3.83
            50659328  maximum resident set size
                   0  average shared memory size
                   0  average unshared data size
                   0  average unshared stack size
              171307  page reclaims
                 142  page faults
                   0  swaps
                   0  block input operations
                   0  block output operations
                   0  messages sent
                   0  messages received
                   0  signals received
                1310  voluntary context switches
                2934  involuntary context switches
          9976761270  instructions retired
          3154609484  cycles elapsed
            18891376  peak memory footprint
