real 11.97
user 8.16
sys 6.68
            63668224  maximum resident set size
                   0  average shared memory size
                   0  average unshared data size
                   0  average unshared stack size
              340795  page reclaims
                 290  page faults
                   0  swaps
                   0  block input operations
                   0  block output operations
                   0  messages sent
                   0  messages received
                   0  signals received
                 488  voluntary context switches
                5103  involuntary context switches
         16893775004  instructions retired
          4920396986  cycles elapsed
            31408800  peak memory footprint
