real 3.28
user 1.94
sys 2.05
            65273856  maximum resident set size
                   0  average shared memory size
                   0  average unshared data size
                   0  average unshared stack size
               90841  page reclaims
                  70  page faults
                   0  swaps
                   0  block input operations
                   0  block output operations
                   0  messages sent
                   0  messages received
                   0  signals received
                  73  voluntary context switches
                1436  involuntary context switches
          8336251076  instructions retired
          2775606590  cycles elapsed
            24183432  peak memory footprint
