real 0.87
user 0.48
sys 0.47
            96141312  maximum resident set size
                   0  average shared memory size
                   0  average unshared data size
                   0  average unshared stack size
               25930  page reclaims
                  10  page faults
                   0  swaps
                   0  block input operations
                   0  block output operations
                   0  messages sent
                   0  messages received
                   0  signals received
                  12  voluntary context switches
                 343  involuntary context switches
          6141234204  instructions retired
          2080360476  cycles elapsed
            50430576  peak memory footprint
