real 2.43
user 1.72
sys 1.22
           110690304  maximum resident set size
                   0  average shared memory size
                   0  average unshared data size
                   0  average unshared stack size
               74516  page reclaims
                  71  page faults
                   0  swaps
                   0  block input operations
                   0  block output operations
                   0  messages sent
                   0  messages received
                   0  signals received
                  64  voluntary context switches
                1496  involuntary context switches
          5872359796  instructions retired
          1951141006  cycles elapsed
            17285840  peak memory footprint
