{
  "side": 8,
  "dimension": 3,
  "vertices": 512,
  "raw_weights": [
    3.0,
    1.0,
    2.0
  ],
  "epsilon": 0.01,
  "rho0": 0.25,
  "replicates": 128,
  "seed_start": 20261000,
  "seed_end": 20261127,
  "tau_definition": "6 epsilon t",
  "columns": [
    "density",
    "M2_per_site",
    "Smin_per_site",
    "bond_alignment_per_edge",
    "occupied_pairs_per_edge",
    "response_score_increment_per_site",
    "hazard_per_site",
    "M2_drift_per_site",
    "radius_two_multiple_probability",
    "mean_absolute_component_residual",
    "cumulative_hops_per_site",
    "cumulative_proposals_per_site"
  ],
  "elapsed_sec": 1.6423790419939905,
  "source_sha256": "cfebba3cf2ef1b8b407658c411528ac94012eadbb58a1d972fa121fa8a30f3e3"
}
{"tau": 0.0, "density": 0.2484588623046875, "absolute_orientation_response": 1.0, "per_record_response_gain": 1.0062027881839957, "S0_per_record": 1.0388134864582694, "Smin_per_record": 1.0620429546198606, "bond_alignment_given_pair": 0.010299934080421888, "radius_two_multiple_probability": 0.99310302734375, "cumulative_hops_per_site": 0.0}
{"tau": 1.0, "density": 0.723297119140625, "absolute_orientation_response": 1.46820068359375, "per_record_response_gain": 0.5074680393232353, "S0_per_record": 1.835365596388338, "Smin_per_record": 1.954692604648425, "bond_alignment_given_pair": 0.16977465089838392, "radius_two_multiple_probability": 1.0, "cumulative_hops_per_site": 10.39642333984375}
{"tau": 2.0, "density": 0.9000701904296875, "absolute_orientation_response": 1.68304443359375, "per_record_response_gain": 0.46747588451692745, "S0_per_record": 2.2335938427111057, "Smin_per_record": 2.56411445710921, "bond_alignment_given_pair": 0.17318681318681337, "radius_two_multiple_probability": 1.0, "cumulative_hops_per_site": 16.408432006835938}
{"tau": 3.0, "density": 0.9641876220703125, "absolute_orientation_response": 1.77789306640625, "per_record_response_gain": 0.46098213296618085, "S0_per_record": 2.402206080172182, "Smin_per_record": 2.7306561322651053, "bond_alignment_given_pair": 0.1732351525230862, "radius_two_multiple_probability": 1.0, "cumulative_hops_per_site": 18.83270263671875}
{"tau": 4.0, "density": 0.98651123046875, "absolute_orientation_response": 1.78857421875, "per_record_response_gain": 0.4532574398317144, "S0_per_record": 2.4181773185670976, "Smin_per_record": 2.8078865212948485, "bond_alignment_given_pair": 0.1748080712004891, "radius_two_multiple_probability": 1.0, "cumulative_hops_per_site": 19.749710083007812}
