PASS: symmetric_pair_tensor_and_sharp_bounds
PASS: endpoint_drive_antisymmetry
PASS: pointwise_product_balance_all_four_cycles
PASS: all_proper_cubic_local_rate_transformations
PASS: negative_control_literal_inversion_is_not_rate_symmetry
PASS: strictly_positive_minimal_and_linear_rate_floors
PASS: exact_four_site_product_current_case0_axis0_minimal
PASS: exact_four_site_product_current_case0_axis0_linear
PASS: exact_four_site_product_current_case0_axis1_minimal
PASS: exact_four_site_product_current_case0_axis1_linear
PASS: exact_four_site_product_current_case0_axis2_minimal
PASS: exact_four_site_product_current_case0_axis2_linear
PASS: exact_four_site_product_current_case1_axis0_minimal
PASS: exact_four_site_product_current_case1_axis0_linear
PASS: exact_four_site_product_current_case1_axis1_minimal
PASS: exact_four_site_product_current_case1_axis1_linear
PASS: exact_four_site_product_current_case1_axis2_minimal
PASS: exact_four_site_product_current_case1_axis2_linear
PASS: exact_four_site_product_current_case2_axis0_minimal
PASS: exact_four_site_product_current_case2_axis0_linear
PASS: exact_four_site_product_current_case2_axis1_minimal
PASS: exact_four_site_product_current_case2_axis1_linear
PASS: exact_four_site_product_current_case2_axis2_minimal
PASS: exact_four_site_product_current_case2_axis2_linear
PASS: fourteen_fields_are_complete
PASS: full_fourteen_field_entropy_symmetry_axis0
PASS: full_fourteen_field_entropy_symmetry_axis1
PASS: full_fourteen_field_entropy_symmetry_axis2
PASS: full_directional_matrix_has_Maxwell_curl_signs
PASS: full_directional_cubic_minimal_polynomial
PASS: two_transverse_pairs_and_ten_zero_modes
PASS: exact_rank_four_at_(1/4, 1/4)
PASS: exact_rank_four_at_(3/10, 1/5)
PASS: exact_rank_four_at_(3/5, 1/5)
PASS: uncorrelated_isotropic_vector_covariances
PASS: nonlinear_entropy_symmetry_at_three_products
PASS: static_longitudinal_subspace_and_transverse_wave_projector
PASS: negative_control_cosine_on_all_vector_modes_is_wrong
TOTAL: 38 PASS
