PASS: complete_fourteen_label_moment_basis
PASS: fixed_occupancy_linear_current_has_zero_mass_row_and_column
PASS: full_thirteen_field_linearization_retains_every_static_mode
PASS: full_occupancy_characteristic_polynomial
PASS: full_occupancy_entropy_symmetrizer
PASS: full_occupancy_vector_covariances
PASS: no_discarded_extra_wave_modes
PASS: fourteen_species_birth_Lyapunov_identity
PASS: vector_reaction_zero_for_arbitrary_profile
PASS: vector_birth_noise
PASS: equal_label_rescaling_has_equal_noise
PASS: exact_one_site_product_birth_trajectory
PASS: equal_label_late_transverse_speed
PASS: equal_time_covariance_derivative_equals_birth_noise
PASS: finite_total_birth_noise
PASS: transverse_propagator_derivative_and_cross_sign
PASS: propagator_unitary_with_longitudinal_static_sector
PASS: propagator_composition
PASS: integrated_phase_derivative_and_zero_interval
PASS: empty_start_covariance_and_integrated_noise
PASS: nonproportional_orbit_masses_require_time_ordering
TOTAL: 21 exact controls
