0.0050000000000000001,1063,254,222,-1,17,25
0.0050000000000000001,449,31,35,1,27,6
0.0050000000000000001,263,56,24,-1,17,4
0.0050000000000000001,642,5,33,0,22,32
0.0050000000000000001,1003,183,215,2,32,33
0.0050000000000000001,1052,240,209,0,22,10
0.0050000000000000001,1149,102,69,2,32,31
0.0050000000000000001,1167,122,121,0,22,39
0.0050000000000000001,1119,65,68,-1,17,9
0.0050000000000000001,1071,7,3,0,22,24
0.0050000000000000001,788,185,177,-2,12,39
0.0050000000000000001,964,136,137,0,22,11
0.0050000000000000001,1007,188,189,0,22,32
0.0050000000000000001,231,18,238,0,22,35
0.0050000000000000001,373,186,155,0,22,33
0.0050000000000000001,443,23,59,2,32,34
0.0050000000000000001,1177,134,166,0,22,31
0.0050000000000000001,1201,162,194,0,22,2
0.0050000000000000001,363,175,111,1,27,1
0.0050000000000000001,20,26,62,-2,12,38
0.0050000000000000001,1110,54,49,0,22,10
0.0050000000000000001,810,212,209,0,22,31
0.0050000000000000001,995,172,204,1,27,9
0.0050000000000000001,1226,195,198,0,22,3
0.0050000000000000001,356,165,133,-1,17,40
0.0050000000000000001,215,2,225,0,22,11
0.0050000000000000001,367,179,151,0,22,30
0.0050000000000000001,1119,68,65,1,27,4
0.0050000000000000001,1279,255,222,-1,17,37
0.0050000000000000001,365,177,113,-2,12,6
0.0050000000000000001,274,102,5,4,42,11
0.0050000000000000001,1191,149,145,1,27,14
0.0050000000000000001,153,184,248,2,32,15
0.0050000000000000001,321,124,92,-1,17,23
0.0050000000000000001,178,217,253,0,22,13
0.0050000000000000001,453,36,44,0,22,34
0.0050000000000000001,632,249,254,0,22,11
0.0050000000000000001,834,239,203,-2,12,23
0.0050000000000000001,386,201,169,2,32,34
0.0050000000000000001,743,130,126,2,32,36
0.0050000000000000001,673,40,32,-1,17,12
0.0050000000000000001,149,178,242,0,22,5
0.0050000000000000001,735,122,114,0,22,2
0.0050000000000000001,144,173,237,0,22,21
0.0050000000000000001,1087,28,60,0,22,39
0.0050000000000000001,1188,146,177,0,22,23
0.0050000000000000001,796,162,190,0,22,32
0.0050000000000000001,877,34,39,1,27,35
0.0050000000000000001,62,74,69,0,22,11
0.0050000000000000001,557,159,131,-2,12,19
0.0050000000000000001,260,52,16,0,22,0
0.0050000000000000001,806,207,200,0,22,29
0.0050000000000000001,848,249,254,0,22,30
0.0050000000000000001,106,128,160,1,27,17
0.0050000000000000001,934,98,67,0,22,15
0.0050000000000000001,961,133,166,0,22,22
0.0050000000000000001,670,31,35,-1,17,39
0.0050000000000000001,378,192,128,2,32,13
0.0050000000000000001,475,62,34,-1,17,22
0.0050000000000000001,265,58,30,-2,12,27
0.0050000000000000001,194,173,9,0,22,4
0.0050000000000000001,741,160,188,0,22,7
0.01,1253,224,252,0,22,17
0.01,527,125,97,-2,12,29
0.01,557,159,131,-2,12,29
0.01,1049,9,233,2,32,40
0.01,983,157,126,0,22,24
0.01,291,87,55,0,22,9
0.01,74,88,123,-2,12,24
0.01,612,222,195,2,32,23
0.01,1131,80,115,0,22,18
0.01,1274,254,217,-1,17,5
0.01,1246,216,251,0,22,33
0.01,894,16,48,-1,17,27
0.01,870,26,30,0,22,10
0.01,169,172,232,0,22,6
0.01,78,94,127,-2,12,25
0.01,803,203,198,0,22,26
0.01,1222,190,221,0,22,25
0.01,836,241,233,0,22,29
0.01,340,148,120,0,22,3
0.01,357,168,136,0,22,11
0.01,909,5,38,0,22,2
0.01,589,222,234,0,22,38
0.01,421,247,214,0,22,0
0.01,509,105,141,-2,12,38
0.01,939,104,73,0,22,29
0.01,199,178,19,0,22,17
0.01,50,59,88,-1,17,15
0.01,146,111,206,-2,12,40
0.01,773,169,165,0,22,26
0.01,1225,162,161,0,22,34
0.01,720,104,100,-2,12,13
0.01,170,205,233,0,22,6
0.01,607,216,128,0,22,25
0.01,874,35,60,-2,12,32
0.01,1129,77,81,-1,17,32
0.01,292,59,24,0,22,16
0.01,31,32,72,2,32,32
0.01,1110,49,54,0,22,2
0.01,1147,100,135,0,22,10
0.01,1067,225,33,0,22,13
0.01,507,101,73,0,22,14
0.01,195,238,13,0,22,40
0.01,794,191,187,0,22,31
0.01,782,179,111,-2,12,39
0.01,518,80,55,0,22,20
0.01,406,2,161,-1,17,3
0.01,720,104,135,0,22,40
0.01,661,25,21,1,27,18
0.01,1138,80,83,0,22,30
0.01,1022,233,210,0,22,28
0.01,187,230,6,-2,12,33
0.01,272,98,39,-1,17,31
0.01,907,98,95,-2,12,40
0.01,788,185,113,0,22,15
0.01,1091,40,36,1,27,24
0.01,1271,246,213,0,22,23
0.014999999999999999,747,100,131,-2,12,37
0.014999999999999999,330,134,106,0,22,30
0.014999999999999999,1116,62,61,0,22,7
0.014999999999999999,517,177,145,2,32,27
0.014999999999999999,235,22,246,2,32,35
0.014999999999999999,1179,137,107,2,32,25
0.014999999999999999,952,119,80,1,27,25
0.014999999999999999,1210,237,232,0,22,36
0.014999999999999999,472,88,35,-1,17,2
0.014999999999999999,1232,202,233,0,22,39
0.014999999999999999,700,78,69,-2,12,17
0.014999999999999999,475,61,34,0,22,19
0.014999999999999999,495,24,92,0,22,8
0.014999999999999999,82,67,134,0,22,28
0.014999999999999999,1235,233,9,2,32,29
0.014999999999999999,831,236,235,0,22,10
0.014999999999999999,478,66,5,-1,17,2
0.014999999999999999,1124,72,79,-2,12,33
0.014999999999999999,637,255,231,1,27,17
0.014999999999999999,827,172,252,0,22,28
0.014999999999999999,910,70,71,0,22,7
0.014999999999999999,172,207,235,2,32,27
0.014999999999999999,521,118,121,0,22,10
0.014999999999999999,955,124,96,2,32,27
0.014999999999999999,230,17,240,-2,12,1
0.014999999999999999,1045,172,201,0,22,19
0.014999999999999999,1118,64,95,1,27,34
0.014999999999999999,265,58,26,0,22,2
0.014999999999999999,933,97,130,2,32,31
0.014999999999999999,434,12,20,0,22,7
0.014999999999999999,1154,108,143,1,27,40
0.014999999999999999,610,220,193,4,42,2
0.014999999999999999,814,253,181,0,22,38
0.014999999999999999,796,162,190,0,22,40
0.014999999999999999,893,51,16,1,27,18
0.014999999999999999,1210,237,232,0,22,33
0.014999999999999999,1005,186,187,0,22,27
0.014999999999999999,794,191,187,0,22,36
0.014999999999999999,333,138,74,0,22,20
0.014999999999999999,1205,167,194,0,22,21
0.014999999999999999,602,211,247,0,22,35
0.014999999999999999,831,207,236,0,22,9
0.014999999999999999,840,245,17,0,22,36
0.014999999999999999,702,82,78,-1,17,3
0.014999999999999999,563,166,174,0,22,21
0.014999999999999999,1028,213,182,0,22,29
0.014999999999999999,1207,170,166,0,22,8
0.014999999999999999,797,198,231,1,27,17
0.014999999999999999,379,220,129,2,32,19
0.014999999999999999,341,150,122,-2,12,2
0.014999999999999999,777,237,169,0,22,2
0.014999999999999999,40,49,85,-1,17,10
0.014999999999999999,398,216,180,1,27,33
0.014999999999999999,1111,87,22,-1,17,27
0.014999999999999999,287,83,47,2,32,22
0.014999999999999999,289,49,85,0,22,1
0.014999999999999999,614,161,197,0,22,14
0.014999999999999999,619,234,239,0,22,39
0.014999999999999999,930,24,65,2,32,16
0.014999999999999999,1010,191,163,-2,12,12
0.014999999999999999,1262,234,230,0,22,38
0.02,300,124,68,2,32,24
0.02,1001,181,185,-2,12,15
0.02,298,94,26,0,22,29
0.02,1242,212,216,2,32,0
0.02,448,58,33,2,32,36
0.02,457,32,20,0,22,10
0.02,356,165,133,-2,12,18
0.02,414,207,200,0,22,33
0.02,98,121,122,0,22,1
0.02,1268,19,238,0,22,23
0.02,1156,175,110,0,22,3
0.02,1059,250,219,0,22,1
0.02,1035,221,190,0,22,22
0.02,32,41,77,-2,12,22
0.02,695,72,64,0,22,1
0.02,48,57,90,-2,12,37
0.02,967,141,146,2,32,20
0.02,268,63,27,0,22,17
0.02,863,18,178,0,22,18
0.02,708,90,78,1,27,33
0.02,473,60,40,-2,12,1
0.02,447,29,225,0,22,37
0.02,1159,150,122,1,27,38
0.02,723,108,104,0,22,15
0.02,646,173,37,0,22,21
0.02,296,65,28,1,27,1
0.02,254,46,13,0,22,23
0.02,760,153,149,0,22,5
0.02,692,38,5,0,22,9
0.02,742,220,149,0,22,27
0.02,613,223,227,0,22,28
0.02,498,91,94,0,22,0
0.02,280,76,32,0,22,16
0.02,138,174,202,0,22,22
0.02,451,61,71,-2,12,30
0.02,622,233,17,0,22,13
0.02,500,93,38,1,27,10
0.02,596,9,241,0,22,10
0.02,742,220,149,0,22,6
0.02,485,101,81,0,22,21
0.02,1044,255,228,-2,12,20
0.02,741,188,160,0,22,1
0.02,448,58,33,2,32,41
0.02,653,52,8,-1,17,35
0.02,478,93,66,2,32,32
