real 2.25
user 1.39
sys 0.71
           103661568  maximum resident set size
                   0  average shared memory size
                   0  average unshared data size
                   0  average unshared stack size
               51044  page reclaims
                  36  page faults
                   0  swaps
                   0  block input operations
                   0  block output operations
                   0  messages sent
                   0  messages received
                   0  signals received
                6907  voluntary context switches
                 950  involuntary context switches
          5787844901  instructions retired
          1975062331  cycles elapsed
            17875568  peak memory footprint
