real 2.09
user 1.50
sys 0.79
           108298240  maximum resident set size
                   0  average shared memory size
                   0  average unshared data size
                   0  average unshared stack size
               60254  page reclaims
                  40  page faults
                   0  swaps
                   0  block input operations
                   0  block output operations
                   0  messages sent
                   0  messages received
                   0  signals received
                1596  voluntary context switches
                 793  involuntary context switches
          6831683600  instructions retired
          2078052591  cycles elapsed
            58278560  peak memory footprint
