{
  "executed_predicates": 80,
  "parts": {
    "exact": {
      "checks": 80,
      "rows": [
        {
          "vertices": 3,
          "flux": -1,
          "characteristic_polynomial": [
            1,
            0,
            -12,
            0
          ],
          "moments": [
            "4",
            "0",
            "12",
            "0",
            "36"
          ]
        },
        {
          "vertices": 3,
          "flux": 1,
          "characteristic_polynomial": [
            1,
            0,
            -12,
            0
          ],
          "moments": [
            "4",
            "0",
            "12",
            "0",
            "36"
          ]
        },
        {
          "vertices": 4,
          "flux": -1,
          "characteristic_polynomial": [
            1,
            0,
            -16,
            0,
            0
          ],
          "moments": [
            "8",
            "0",
            "32",
            "0",
            "128",
            "0",
            "512",
            "0",
            "2048"
          ]
        },
        {
          "vertices": 4,
          "flux": 1,
          "characteristic_polynomial": [
            1,
            0,
            -16,
            0,
            64
          ],
          "moments": [
            "8",
            "0",
            "32",
            "0",
            "256",
            "0",
            "2048",
            "0",
            "16384"
          ]
        }
      ],
      "seconds": 0.047589958005119115,
      "rss_mib": 20.375,
      "scope": "Exact Gaussian-rational native/CAR traces and analytic frequency squares; no cubic flux optimum or phase."
    }
  },
  "elapsed_seconds": 0.053795874991919845,
  "peak_rss_mib": 20.375,
  "source_sha256": "b0779eccd48c7e49c68afc067ee3fa6f1846a5e0f0ee4784025dcca1a89e01a7",
  "input_sha256": {
    "docs/NATIVE_ZERO_PENALTY_ENDPOINT_NOTE_2026-09-08.md": "c689445a96134275fe75190ca3858fc61cc59d323393182ad549044a8c3c4c04",
    "docs/NATIVE_DYNAMICAL_CYCLE_FERMION_Z2_DICTIONARY_NOTE_2026-09-08.md": "3d61dfac1a844364b98c731efca34b27b3c8dac1a3049d519f26d97b1db12715",
    "docs/NATIVE_EDGE_RECORD_MATTER_INSTRUMENT_AND_ENERGY_LEDGER_BOUNDED_THEOREM_NOTE_2026-09-05.md": "a37b5a26833421d99625d99ebf3a9a5f7ff7d96a3e5e77df93e9a550984ddc47",
    "scripts/native_zero_penalty_endpoint_exact_2026_09_08.py": "b32119b563feeca64ee7e823e97206ec87b32dc482184b83b1a81508bfb3c693"
  },
  "scope": "Exact finite flux-sector and parity controls; no cubic flux optimum or phase."
}
