{
  "executed_predicates": 542264,
  "absolute_binding_predicates": 7,
  "parts": {
    "local": {
      "checks": 591,
      "rows": [
        {
          "shape": "one",
          "bits": [
            0
          ],
          "rank": 1,
          "E": [
            "0",
            "0",
            "-1/2",
            "0",
            "1/8",
            "0",
            "-1/16",
            "0",
            "5/128"
          ],
          "connected8": "5/128"
        },
        {
          "shape": "one",
          "bits": [
            1
          ],
          "rank": 1,
          "E": [
            "0",
            "0",
            "-1/2",
            "0",
            "1/8",
            "0",
            "-1/16",
            "0",
            "5/128"
          ],
          "connected8": "5/128"
        },
        {
          "shape": "pair",
          "bits": [
            0,
            0
          ],
          "rank": 1,
          "E": [
            "0",
            "0",
            "-1",
            "0",
            "1/2",
            "0",
            "-1/2",
            "0",
            "5/8"
          ],
          "connected8": "35/64"
        },
        {
          "shape": "pair",
          "bits": [
            0,
            1
          ],
          "rank": 1,
          "E": [
            "0",
            "0",
            "-1",
            "0",
            "1/2",
            "0",
            "-1/2",
            "0",
            "5/8"
          ],
          "connected8": "35/64"
        },
        {
          "shape": "pair",
          "bits": [
            1,
            0
          ],
          "rank": 1,
          "E": [
            "0",
            "0",
            "-1",
            "0",
            "1/2",
            "0",
            "-1/2",
            "0",
            "5/8"
          ],
          "connected8": "35/64"
        },
        {
          "shape": "pair",
          "bits": [
            1,
            1
          ],
          "rank": 1,
          "E": [
            "0",
            "0",
            "-1",
            "0",
            "1/2",
            "0",
            "-1/2",
            "0",
            "5/8"
          ],
          "connected8": "35/64"
        },
        {
          "shape": "star3",
          "bits": [
            0,
            0,
            0
          ],
          "rank": 1,
          "E": [
            "0",
            "0",
            "-3/2",
            "0",
            "9/8",
            "0",
            "-27/16",
            "0",
            "405/128"
          ],
          "connected8": "45/32"
        },
        {
          "shape": "star3",
          "bits": [
            0,
            0,
            1
          ],
          "rank": 1,
          "E": [
            "0",
            "0",
            "-3/2",
            "0",
            "9/8",
            "0",
            "-27/16",
            "0",
            "405/128"
          ],
          "connected8": "45/32"
        },
        {
          "shape": "star3",
          "bits": [
            0,
            1,
            0
          ],
          "rank": 1,
          "E": [
            "0",
            "0",
            "-3/2",
            "0",
            "9/8",
            "0",
            "-27/16",
            "0",
            "405/128"
          ],
          "connected8": "45/32"
        },
        {
          "shape": "star3",
          "bits": [
            0,
            1,
            1
          ],
          "rank": 1,
          "E": [
            "0",
            "0",
            "-3/2",
            "0",
            "9/8",
            "0",
            "-27/16",
            "0",
            "405/128"
          ],
          "connected8": "45/32"
        },
        {
          "shape": "star3",
          "bits": [
            1,
            0,
            0
          ],
          "rank": 1,
          "E": [
            "0",
            "0",
            "-3/2",
            "0",
            "9/8",
            "0",
            "-27/16",
            "0",
            "405/128"
          ],
          "connected8": "45/32"
        },
        {
          "shape": "star3",
          "bits": [
            1,
            0,
            1
          ],
          "rank": 1,
          "E": [
            "0",
            "0",
            "-3/2",
            "0",
            "9/8",
            "0",
            "-27/16",
            "0",
            "405/128"
          ],
          "connected8": "45/32"
        },
        {
          "shape": "star3",
          "bits": [
            1,
            1,
            0
          ],
          "rank": 1,
          "E": [
            "0",
            "0",
            "-3/2",
            "0",
            "9/8",
            "0",
            "-27/16",
            "0",
            "405/128"
          ],
          "connected8": "45/32"
        },
        {
          "shape": "star3",
          "bits": [
            1,
            1,
            1
          ],
          "rank": 1,
          "E": [
            "0",
            "0",
            "-3/2",
            "0",
            "9/8",
            "0",
            "-27/16",
            "0",
            "405/128"
          ],
          "connected8": "45/32"
        },
        {
          "shape": "path3",
          "bits": [
            0,
            0,
            0
          ],
          "rank": 1,
          "E": [
            "0",
            "0",
            "-3/2",
            "0",
            "7/8",
            "0",
            "-11/10",
            "0",
            "16813/9600"
          ],
          "connected8": "1297/2400"
        },
        {
          "shape": "path3",
          "bits": [
            0,
            0,
            1
          ],
          "rank": 1,
          "E": [
            "0",
            "0",
            "-3/2",
            "0",
            "7/8",
            "0",
            "-53/48",
            "0",
            "6089/3456"
          ],
          "connected8": "119/216"
        },
        {
          "shape": "path3",
          "bits": [
            0,
            1,
            0
          ],
          "rank": 1,
          "E": [
            "0",
            "0",
            "-3/2",
            "0",
            "7/8",
            "0",
            "-9/8",
            "0",
            "235/128"
          ],
          "connected8": "5/8"
        },
        {
          "shape": "path3",
          "bits": [
            0,
            1,
            1
          ],
          "rank": 1,
          "E": [
            "0",
            "0",
            "-3/2",
            "0",
            "7/8",
            "0",
            "-53/48",
            "0",
            "6089/3456"
          ],
          "connected8": "119/216"
        },
        {
          "shape": "path3",
          "bits": [
            1,
            0,
            0
          ],
          "rank": 1,
          "E": [
            "0",
            "0",
            "-3/2",
            "0",
            "7/8",
            "0",
            "-53/48",
            "0",
            "6089/3456"
          ],
          "connected8": "119/216"
        },
        {
          "shape": "path3",
          "bits": [
            1,
            0,
            1
          ],
          "rank": 1,
          "E": [
            "0",
            "0",
            "-3/2",
            "0",
            "7/8",
            "0",
            "-9/8",
            "0",
            "235/128"
          ],
          "connected8": "5/8"
        },
        {
          "shape": "path3",
          "bits": [
            1,
            1,
            0
          ],
          "rank": 1,
          "E": [
            "0",
            "0",
            "-3/2",
            "0",
            "7/8",
            "0",
            "-53/48",
            "0",
            "6089/3456"
          ],
          "connected8": "119/216"
        },
        {
          "shape": "path3",
          "bits": [
            1,
            1,
            1
          ],
          "rank": 1,
          "E": [
            "0",
            "0",
            "-3/2",
            "0",
            "7/8",
            "0",
            "-11/10",
            "0",
            "16813/9600"
          ],
          "connected8": "1297/2400"
        },
        {
          "shape": "star4",
          "bits": [
            0,
            0,
            0,
            0
          ],
          "rank": 1,
          "E": [
            "0",
            "0",
            "-2",
            "0",
            "2",
            "0",
            "-4",
            "0",
            "10"
          ],
          "connected8": "15/16"
        },
        {
          "shape": "star4",
          "bits": [
            0,
            0,
            0,
            1
          ],
          "rank": 1,
          "E": [
            "0",
            "0",
            "-2",
            "0",
            "2",
            "0",
            "-4",
            "0",
            "10"
          ],
          "connected8": "15/16"
        },
        {
          "shape": "star4",
          "bits": [
            0,
            0,
            1,
            0
          ],
          "rank": 1,
          "E": [
            "0",
            "0",
            "-2",
            "0",
            "2",
            "0",
            "-4",
            "0",
            "10"
          ],
          "connected8": "15/16"
        },
        {
          "shape": "star4",
          "bits": [
            0,
            0,
            1,
            1
          ],
          "rank": 1,
          "E": [
            "0",
            "0",
            "-2",
            "0",
            "2",
            "0",
            "-4",
            "0",
            "10"
          ],
          "connected8": "15/16"
        },
        {
          "shape": "star4",
          "bits": [
            0,
            1,
            0,
            0
          ],
          "rank": 1,
          "E": [
            "0",
            "0",
            "-2",
            "0",
            "2",
            "0",
            "-4",
            "0",
            "10"
          ],
          "connected8": "15/16"
        },
        {
          "shape": "star4",
          "bits": [
            0,
            1,
            0,
            1
          ],
          "rank": 1,
          "E": [
            "0",
            "0",
            "-2",
            "0",
            "2",
            "0",
            "-4",
            "0",
            "10"
          ],
          "connected8": "15/16"
        },
        {
          "shape": "star4",
          "bits": [
            0,
            1,
            1,
            0
          ],
          "rank": 1,
          "E": [
            "0",
            "0",
            "-2",
            "0",
            "2",
            "0",
            "-4",
            "0",
            "10"
          ],
          "connected8": "15/16"
        },
        {
          "shape": "star4",
          "bits": [
            0,
            1,
            1,
            1
          ],
          "rank": 1,
          "E": [
            "0",
            "0",
            "-2",
            "0",
            "2",
            "0",
            "-4",
            "0",
            "10"
          ],
          "connected8": "15/16"
        },
        {
          "shape": "star4",
          "bits": [
            1,
            0,
            0,
            0
          ],
          "rank": 1,
          "E": [
            "0",
            "0",
            "-2",
            "0",
            "2",
            "0",
            "-4",
            "0",
            "10"
          ],
          "connected8": "15/16"
        },
        {
          "shape": "star4",
          "bits": [
            1,
            0,
            0,
            1
          ],
          "rank": 1,
          "E": [
            "0",
            "0",
            "-2",
            "0",
            "2",
            "0",
            "-4",
            "0",
            "10"
          ],
          "connected8": "15/16"
        },
        {
          "shape": "star4",
          "bits": [
            1,
            0,
            1,
            0
          ],
          "rank": 1,
          "E": [
            "0",
            "0",
            "-2",
            "0",
            "2",
            "0",
            "-4",
            "0",
            "10"
          ],
          "connected8": "15/16"
        },
        {
          "shape": "star4",
          "bits": [
            1,
            0,
            1,
            1
          ],
          "rank": 1,
          "E": [
            "0",
            "0",
            "-2",
            "0",
            "2",
            "0",
            "-4",
            "0",
            "10"
          ],
          "connected8": "15/16"
        },
        {
          "shape": "star4",
          "bits": [
            1,
            1,
            0,
            0
          ],
          "rank": 1,
          "E": [
            "0",
            "0",
            "-2",
            "0",
            "2",
            "0",
            "-4",
            "0",
            "10"
          ],
          "connected8": "15/16"
        },
        {
          "shape": "star4",
          "bits": [
            1,
            1,
            0,
            1
          ],
          "rank": 1,
          "E": [
            "0",
            "0",
            "-2",
            "0",
            "2",
            "0",
            "-4",
            "0",
            "10"
          ],
          "connected8": "15/16"
        },
        {
          "shape": "star4",
          "bits": [
            1,
            1,
            1,
            0
          ],
          "rank": 1,
          "E": [
            "0",
            "0",
            "-2",
            "0",
            "2",
            "0",
            "-4",
            "0",
            "10"
          ],
          "connected8": "15/16"
        },
        {
          "shape": "star4",
          "bits": [
            1,
            1,
            1,
            1
          ],
          "rank": 1,
          "E": [
            "0",
            "0",
            "-2",
            "0",
            "2",
            "0",
            "-4",
            "0",
            "10"
          ],
          "connected8": "15/16"
        },
        {
          "shape": "path4",
          "bits": [
            0,
            0,
            0,
            0
          ],
          "rank": 1,
          "E": [
            "0",
            "0",
            "-2",
            "0",
            "5/4",
            "0",
            "-17/10",
            "0",
            "14327/4800"
          ],
          "connected8": "257/2400"
        },
        {
          "shape": "path4",
          "bits": [
            0,
            0,
            0,
            1
          ],
          "rank": 1,
          "E": [
            "0",
            "0",
            "-2",
            "0",
            "5/4",
            "0",
            "-409/240",
            "0",
            "323827/108000"
          ],
          "connected8": "7933/72000"
        },
        {
          "shape": "path4",
          "bits": [
            0,
            0,
            1,
            0
          ],
          "rank": 1,
          "E": [
            "0",
            "0",
            "-2",
            "0",
            "5/4",
            "0",
            "-83/48",
            "0",
            "2683/864"
          ],
          "connected8": "229/1728"
        },
        {
          "shape": "path4",
          "bits": [
            0,
            0,
            1,
            1
          ],
          "rank": 1,
          "E": [
            "0",
            "0",
            "-2",
            "0",
            "5/4",
            "0",
            "-41/24",
            "0",
            "5213/1728"
          ],
          "connected8": "17/144"
        },
        {
          "shape": "path4",
          "bits": [
            0,
            1,
            0,
            0
          ],
          "rank": 1,
          "E": [
            "0",
            "0",
            "-2",
            "0",
            "5/4",
            "0",
            "-83/48",
            "0",
            "2683/864"
          ],
          "connected8": "229/1728"
        },
        {
          "shape": "path4",
          "bits": [
            0,
            1,
            0,
            1
          ],
          "rank": 1,
          "E": [
            "0",
            "0",
            "-2",
            "0",
            "5/4",
            "0",
            "-7/4",
            "0",
            "205/64"
          ],
          "connected8": "5/32"
        },
        {
          "shape": "path4",
          "bits": [
            0,
            1,
            1,
            0
          ],
          "rank": 1,
          "E": [
            "0",
            "0",
            "-2",
            "0",
            "5/4",
            "0",
            "-41/24",
            "0",
            "1735/576"
          ],
          "connected8": "49/432"
        },
        {
          "shape": "path4",
          "bits": [
            0,
            1,
            1,
            1
          ],
          "rank": 1,
          "E": [
            "0",
            "0",
            "-2",
            "0",
            "5/4",
            "0",
            "-409/240",
            "0",
            "323827/108000"
          ],
          "connected8": "7933/72000"
        },
        {
          "shape": "path4",
          "bits": [
            1,
            0,
            0,
            0
          ],
          "rank": 1,
          "E": [
            "0",
            "0",
            "-2",
            "0",
            "5/4",
            "0",
            "-409/240",
            "0",
            "323827/108000"
          ],
          "connected8": "7933/72000"
        },
        {
          "shape": "path4",
          "bits": [
            1,
            0,
            0,
            1
          ],
          "rank": 1,
          "E": [
            "0",
            "0",
            "-2",
            "0",
            "5/4",
            "0",
            "-41/24",
            "0",
            "1735/576"
          ],
          "connected8": "49/432"
        },
        {
          "shape": "path4",
          "bits": [
            1,
            0,
            1,
            0
          ],
          "rank": 1,
          "E": [
            "0",
            "0",
            "-2",
            "0",
            "5/4",
            "0",
            "-7/4",
            "0",
            "205/64"
          ],
          "connected8": "5/32"
        },
        {
          "shape": "path4",
          "bits": [
            1,
            0,
            1,
            1
          ],
          "rank": 1,
          "E": [
            "0",
            "0",
            "-2",
            "0",
            "5/4",
            "0",
            "-83/48",
            "0",
            "2683/864"
          ],
          "connected8": "229/1728"
        },
        {
          "shape": "path4",
          "bits": [
            1,
            1,
            0,
            0
          ],
          "rank": 1,
          "E": [
            "0",
            "0",
            "-2",
            "0",
            "5/4",
            "0",
            "-41/24",
            "0",
            "5213/1728"
          ],
          "connected8": "17/144"
        },
        {
          "shape": "path4",
          "bits": [
            1,
            1,
            0,
            1
          ],
          "rank": 1,
          "E": [
            "0",
            "0",
            "-2",
            "0",
            "5/4",
            "0",
            "-83/48",
            "0",
            "2683/864"
          ],
          "connected8": "229/1728"
        },
        {
          "shape": "path4",
          "bits": [
            1,
            1,
            1,
            0
          ],
          "rank": 1,
          "E": [
            "0",
            "0",
            "-2",
            "0",
            "5/4",
            "0",
            "-409/240",
            "0",
            "323827/108000"
          ],
          "connected8": "7933/72000"
        },
        {
          "shape": "path4",
          "bits": [
            1,
            1,
            1,
            1
          ],
          "rank": 1,
          "E": [
            "0",
            "0",
            "-2",
            "0",
            "5/4",
            "0",
            "-17/10",
            "0",
            "14327/4800"
          ],
          "connected8": "257/2400"
        },
        {
          "shape": "fork4",
          "bits": [
            0,
            0,
            0,
            0
          ],
          "rank": 1,
          "E": [
            "0",
            "0",
            "-2",
            "0",
            "3/2",
            "0",
            "-49/20",
            "0",
            "407/80"
          ],
          "connected8": "77/300"
        },
        {
          "shape": "fork4",
          "bits": [
            0,
            0,
            0,
            1
          ],
          "rank": 1,
          "E": [
            "0",
            "0",
            "-2",
            "0",
            "3/2",
            "0",
            "-59/24",
            "0",
            "4417/864"
          ],
          "connected8": "25/96"
        },
        {
          "shape": "fork4",
          "bits": [
            0,
            0,
            1,
            0
          ],
          "rank": 1,
          "E": [
            "0",
            "0",
            "-2",
            "0",
            "3/2",
            "0",
            "-5/2",
            "0",
            "85/16"
          ],
          "connected8": "5/16"
        },
        {
          "shape": "fork4",
          "bits": [
            0,
            0,
            1,
            1
          ],
          "rank": 1,
          "E": [
            "0",
            "0",
            "-2",
            "0",
            "3/2",
            "0",
            "-59/24",
            "0",
            "4421/864"
          ],
          "connected8": "229/864"
        },
        {
          "shape": "fork4",
          "bits": [
            0,
            1,
            0,
            0
          ],
          "rank": 1,
          "E": [
            "0",
            "0",
            "-2",
            "0",
            "3/2",
            "0",
            "-589/240",
            "0",
            "440831/86400"
          ],
          "connected8": "7513/28800"
        },
        {
          "shape": "fork4",
          "bits": [
            0,
            1,
            0,
            1
          ],
          "rank": 1,
          "E": [
            "0",
            "0",
            "-2",
            "0",
            "3/2",
            "0",
            "-119/48",
            "0",
            "4505/864"
          ],
          "connected8": "83/288"
        },
        {
          "shape": "fork4",
          "bits": [
            0,
            1,
            1,
            0
          ],
          "rank": 1,
          "E": [
            "0",
            "0",
            "-2",
            "0",
            "3/2",
            "0",
            "-119/48",
            "0",
            "4505/864"
          ],
          "connected8": "83/288"
        },
        {
          "shape": "fork4",
          "bits": [
            0,
            1,
            1,
            1
          ],
          "rank": 1,
          "E": [
            "0",
            "0",
            "-2",
            "0",
            "3/2",
            "0",
            "-589/240",
            "0",
            "440831/86400"
          ],
          "connected8": "7513/28800"
        },
        {
          "shape": "fork4",
          "bits": [
            1,
            0,
            0,
            0
          ],
          "rank": 1,
          "E": [
            "0",
            "0",
            "-2",
            "0",
            "3/2",
            "0",
            "-589/240",
            "0",
            "440831/86400"
          ],
          "connected8": "7513/28800"
        },
        {
          "shape": "fork4",
          "bits": [
            1,
            0,
            0,
            1
          ],
          "rank": 1,
          "E": [
            "0",
            "0",
            "-2",
            "0",
            "3/2",
            "0",
            "-119/48",
            "0",
            "4505/864"
          ],
          "connected8": "83/288"
        },
        {
          "shape": "fork4",
          "bits": [
            1,
            0,
            1,
            0
          ],
          "rank": 1,
          "E": [
            "0",
            "0",
            "-2",
            "0",
            "3/2",
            "0",
            "-119/48",
            "0",
            "4505/864"
          ],
          "connected8": "83/288"
        },
        {
          "shape": "fork4",
          "bits": [
            1,
            0,
            1,
            1
          ],
          "rank": 1,
          "E": [
            "0",
            "0",
            "-2",
            "0",
            "3/2",
            "0",
            "-589/240",
            "0",
            "440831/86400"
          ],
          "connected8": "7513/28800"
        },
        {
          "shape": "fork4",
          "bits": [
            1,
            1,
            0,
            0
          ],
          "rank": 1,
          "E": [
            "0",
            "0",
            "-2",
            "0",
            "3/2",
            "0",
            "-59/24",
            "0",
            "4421/864"
          ],
          "connected8": "229/864"
        },
        {
          "shape": "fork4",
          "bits": [
            1,
            1,
            0,
            1
          ],
          "rank": 1,
          "E": [
            "0",
            "0",
            "-2",
            "0",
            "3/2",
            "0",
            "-5/2",
            "0",
            "85/16"
          ],
          "connected8": "5/16"
        },
        {
          "shape": "fork4",
          "bits": [
            1,
            1,
            1,
            0
          ],
          "rank": 1,
          "E": [
            "0",
            "0",
            "-2",
            "0",
            "3/2",
            "0",
            "-59/24",
            "0",
            "4417/864"
          ],
          "connected8": "25/96"
        },
        {
          "shape": "fork4",
          "bits": [
            1,
            1,
            1,
            1
          ],
          "rank": 1,
          "E": [
            "0",
            "0",
            "-2",
            "0",
            "3/2",
            "0",
            "-49/20",
            "0",
            "407/80"
          ],
          "connected8": "77/300"
        },
        {
          "shape": "cycle4",
          "bits": [
            0,
            0,
            0,
            0
          ],
          "rank": 1,
          "E": [
            "0",
            "0",
            "-2",
            "0",
            "3/2",
            "0",
            "-12/5",
            "0",
            "1559/320"
          ],
          "connected8": "1759/4800"
        },
        {
          "shape": "cycle4",
          "bits": [
            0,
            0,
            0,
            1
          ],
          "rank": 1,
          "E": [
            "0",
            "0",
            "-2",
            "0",
            "3/2",
            "0",
            "-73/30",
            "0",
            "108079/21600"
          ],
          "connected8": "2827/7200"
        },
        {
          "shape": "cycle4",
          "bits": [
            0,
            0,
            1,
            0
          ],
          "rank": 1,
          "E": [
            "0",
            "0",
            "-2",
            "0",
            "3/2",
            "0",
            "-73/30",
            "0",
            "108079/21600"
          ],
          "connected8": "2827/7200"
        },
        {
          "shape": "cycle4",
          "bits": [
            0,
            0,
            1,
            1
          ],
          "rank": 1,
          "E": [
            "0",
            "0",
            "-2",
            "0",
            "3/2",
            "0",
            "-29/12",
            "0",
            "1421/288"
          ],
          "connected8": "167/432"
        },
        {
          "shape": "cycle4",
          "bits": [
            0,
            1,
            0,
            0
          ],
          "rank": 1,
          "E": [
            "0",
            "0",
            "-2",
            "0",
            "3/2",
            "0",
            "-73/30",
            "0",
            "108079/21600"
          ],
          "connected8": "2827/7200"
        },
        {
          "shape": "cycle4",
          "bits": [
            0,
            1,
            0,
            1
          ],
          "rank": 2,
          "E": [
            "0",
            "0",
            "-2",
            "0",
            "3/2",
            "0",
            "-5/2",
            "0",
            "45/8"
          ],
          "connected8": "25/32"
        },
        {
          "shape": "cycle4",
          "bits": [
            0,
            1,
            1,
            0
          ],
          "rank": 1,
          "E": [
            "0",
            "0",
            "-2",
            "0",
            "3/2",
            "0",
            "-29/12",
            "0",
            "1421/288"
          ],
          "connected8": "167/432"
        },
        {
          "shape": "cycle4",
          "bits": [
            0,
            1,
            1,
            1
          ],
          "rank": 1,
          "E": [
            "0",
            "0",
            "-2",
            "0",
            "3/2",
            "0",
            "-73/30",
            "0",
            "108079/21600"
          ],
          "connected8": "2827/7200"
        },
        {
          "shape": "cycle4",
          "bits": [
            1,
            0,
            0,
            0
          ],
          "rank": 1,
          "E": [
            "0",
            "0",
            "-2",
            "0",
            "3/2",
            "0",
            "-73/30",
            "0",
            "108079/21600"
          ],
          "connected8": "2827/7200"
        },
        {
          "shape": "cycle4",
          "bits": [
            1,
            0,
            0,
            1
          ],
          "rank": 1,
          "E": [
            "0",
            "0",
            "-2",
            "0",
            "3/2",
            "0",
            "-29/12",
            "0",
            "1421/288"
          ],
          "connected8": "167/432"
        },
        {
          "shape": "cycle4",
          "bits": [
            1,
            0,
            1,
            0
          ],
          "rank": 2,
          "E": [
            "0",
            "0",
            "-2",
            "0",
            "3/2",
            "0",
            "-5/2",
            "0",
            "45/8"
          ],
          "connected8": "25/32"
        },
        {
          "shape": "cycle4",
          "bits": [
            1,
            0,
            1,
            1
          ],
          "rank": 1,
          "E": [
            "0",
            "0",
            "-2",
            "0",
            "3/2",
            "0",
            "-73/30",
            "0",
            "108079/21600"
          ],
          "connected8": "2827/7200"
        },
        {
          "shape": "cycle4",
          "bits": [
            1,
            1,
            0,
            0
          ],
          "rank": 1,
          "E": [
            "0",
            "0",
            "-2",
            "0",
            "3/2",
            "0",
            "-29/12",
            "0",
            "1421/288"
          ],
          "connected8": "167/432"
        },
        {
          "shape": "cycle4",
          "bits": [
            1,
            1,
            0,
            1
          ],
          "rank": 1,
          "E": [
            "0",
            "0",
            "-2",
            "0",
            "3/2",
            "0",
            "-73/30",
            "0",
            "108079/21600"
          ],
          "connected8": "2827/7200"
        },
        {
          "shape": "cycle4",
          "bits": [
            1,
            1,
            1,
            0
          ],
          "rank": 1,
          "E": [
            "0",
            "0",
            "-2",
            "0",
            "3/2",
            "0",
            "-73/30",
            "0",
            "108079/21600"
          ],
          "connected8": "2827/7200"
        },
        {
          "shape": "cycle4",
          "bits": [
            1,
            1,
            1,
            1
          ],
          "rank": 1,
          "E": [
            "0",
            "0",
            "-2",
            "0",
            "3/2",
            "0",
            "-12/5",
            "0",
            "1559/320"
          ],
          "connected8": "1759/4800"
        },
        {
          "shape": "disjoint",
          "bits": [
            0,
            0
          ],
          "rank": 1,
          "E": [
            "0",
            "0",
            "-1",
            "0",
            "1/4",
            "0",
            "-1/8",
            "0",
            "5/64"
          ],
          "connected8": "0"
        },
        {
          "shape": "disjoint",
          "bits": [
            0,
            1
          ],
          "rank": 1,
          "E": [
            "0",
            "0",
            "-1",
            "0",
            "1/4",
            "0",
            "-1/8",
            "0",
            "5/64"
          ],
          "connected8": "0"
        },
        {
          "shape": "disjoint",
          "bits": [
            1,
            0
          ],
          "rank": 1,
          "E": [
            "0",
            "0",
            "-1",
            "0",
            "1/4",
            "0",
            "-1/8",
            "0",
            "5/64"
          ],
          "connected8": "0"
        },
        {
          "shape": "disjoint",
          "bits": [
            1,
            1
          ],
          "rank": 1,
          "E": [
            "0",
            "0",
            "-1",
            "0",
            "1/4",
            "0",
            "-1/8",
            "0",
            "5/64"
          ],
          "connected8": "0"
        }
      ],
      "seconds": 0.593987709027715,
      "rss_mib": 20.9375,
      "scope": "Full-carrier local degree-eight tables. Global motif reduction not established."
    },
    "global": {
      "checks": 541533,
      "seconds": 0.6151175840059295,
      "rss_mib": 35.296875,
      "results": [
        {
          "L": 4,
          "vertices": 64,
          "paths": 23040,
          "cycles": 240,
          "snapshots": [
            {
              "cycle_classes": {
                "(0, 0, 0, 0)": 96,
                "(0, 1, 0, 1)": 144
              },
              "domainwalls": 576,
              "seed_sha256": "42c6620482e78e0f6246988e8792d7846bbcd037defd5a68fe774a68e95a7d14"
            },
            {
              "cycle_classes": {
                "(0, 0, 0, 0)": 88,
                "(0, 0, 0, 1)": 16,
                "(0, 1, 0, 1)": 136
              },
              "domainwalls": 576,
              "seed_sha256": "3c26df56c6e1a7416e705c99a3b4824a3cf2a332dfda6fa205f1643a30a6655f"
            },
            {
              "cycle_classes": {
                "(0, 0, 0, 0)": 82,
                "(0, 0, 0, 1)": 24,
                "(0, 0, 1, 1)": 4,
                "(0, 1, 0, 1)": 130
              },
              "domainwalls": 576,
              "seed_sha256": "c0dfa953188a4a765f2157abf28bc1d7caa8a1d39194708216e5e094dabbb553"
            },
            {
              "cycle_classes": {
                "(0, 0, 0, 0)": 88,
                "(0, 0, 0, 1)": 16,
                "(0, 1, 0, 1)": 136
              },
              "domainwalls": 576,
              "seed_sha256": "cc3733c044282b73d000c662b636733aeced6f4d8045daa1eda5e36678979627"
            }
          ]
        },
        {
          "L": 6,
          "vertices": 216,
          "paths": 78408,
          "cycles": 648,
          "snapshots": [
            {
              "cycle_classes": {
                "(0, 0, 0, 0)": 324,
                "(0, 1, 0, 1)": 324
              },
              "domainwalls": 1296,
              "seed_sha256": "8cd6ef302cbb6d69f8a6cb5521621d29f77e8036955bca5a77c28b1c552bdd97"
            },
            {
              "cycle_classes": {
                "(0, 0, 0, 0)": 316,
                "(0, 0, 0, 1)": 12,
                "(0, 1, 0, 1)": 320
              },
              "domainwalls": 1304,
              "seed_sha256": "72d02ab6d0bac771cd73cd66fc1d7cee4cf7a1466fbc840107499d5801e613c6"
            },
            {
              "cycle_classes": {
                "(0, 0, 0, 0)": 310,
                "(0, 0, 0, 1)": 18,
                "(0, 0, 1, 1)": 3,
                "(0, 1, 0, 1)": 317
              },
              "domainwalls": 1310,
              "seed_sha256": "04f7cf385afd9ad1f9ff7bce803dba3a435fcb90044b932b18e2d8fd0116e416"
            },
            {
              "cycle_classes": {
                "(0, 0, 0, 0)": 316,
                "(0, 0, 0, 1)": 12,
                "(0, 1, 0, 1)": 320
              },
              "domainwalls": 1304,
              "seed_sha256": "aa9a0fd082f40ffce2c2f872fcea914d659b10f29099e8c035cf96e96796eadc"
            }
          ]
        }
      ],
      "source_sha256": "18050807064ae7ea9552440253c13214daf83617682cdca019f19819dd16d7cc",
      "scope": "Independent symbolic motif multiplicities on eight deterministic ice backgrounds; no physical H8 coefficients or stochastic evidence."
    },
    "combined": {
      "checks": 112,
      "scalar_parts": {
        "one": "15/128",
        "pair": "525/64",
        "star3": "225/8",
        "path3": "6479/150",
        "star4": "225/16",
        "fork4": "10091/120",
        "path4_unrestricted": "191387/4000"
      },
      "C_tree": "3610233/16000",
      "W": {
        "0000": "-99/1600",
        "0001": "-10019/108000",
        "0010": "-10019/108000",
        "0011": "-11/144",
        "0100": "-10019/108000",
        "0101": "5/32",
        "0110": "-11/144",
        "0111": "-10019/108000",
        "1000": "-10019/108000",
        "1001": "-11/144",
        "1010": "5/32",
        "1011": "-10019/108000",
        "1100": "-11/144",
        "1101": "-10019/108000",
        "1110": "-10019/108000",
        "1111": "-99/1600"
      },
      "decomposition": {
        "constant": "-7567/108000",
        "domainwalls": "-209/28800",
        "four_sigma_product": "1769/216000",
        "flippability": "3559/14400"
      },
      "input_sha256": "2dec055bb6499ee5c022341f9f9d75aa8bd74add2b52dbbfaa6e722f52125165"
    },
    "witness": {
      "checks": 21,
      "results": [
        {
          "L": 4,
          "edge_order": "coordinate vertex lexicographic then positive axis0,1,2",
          "snapshots": [
            {
              "bits": [
                0,
                0,
                0,
                0,
                0,
                1,
                0,
                0,
                0,
                0,
                0,
                1,
                0,
                1,
                0,
                0,
                1,
                1,
                0,
                1,
                0,
                0,
                1,
                1,
                0,
                0,
                0,
                0,
                0,
                1,
                0,
                0,
                0,
                0,
                0,
                1,
                0,
                1,
                0,
                0,
                1,
                1,
                0,
                1,
                0,
                0,
                1,
                1,
                1,
                0,
                0,
                1,
                0,
                1,
                1,
                0,
                0,
                1,
                0,
                1,
                1,
                1,
                0,
                1,
                1,
                1,
                1,
                1,
                0,
                1,
                1,
                1,
                1,
                0,
                0,
                1,
                0,
                1,
                1,
                0,
                0,
                1,
                0,
                1,
                1,
                1,
                0,
                1,
                1,
                1,
                1,
                1,
                0,
                1,
                1,
                1,
                0,
                0,
                0,
                0,
                0,
                1,
                0,
                0,
                0,
                0,
                0,
                1,
                0,
                1,
                0,
                0,
                1,
                1,
                0,
                1,
                0,
                0,
                1,
                1,
                0,
                0,
                0,
                0,
                0,
                1,
                0,
                0,
                0,
                0,
                0,
                1,
                0,
                1,
                0,
                0,
                1,
                1,
                0,
                1,
                0,
                0,
                1,
                1,
                1,
                0,
                0,
                1,
                0,
                1,
                1,
                0,
                0,
                1,
                0,
                1,
                1,
                1,
                0,
                1,
                1,
                1,
                1,
                1,
                0,
                1,
                1,
                1,
                1,
                0,
                0,
                1,
                0,
                1,
                1,
                0,
                0,
                1,
                0,
                1,
                1,
                1,
                0,
                1,
                1,
                1,
                1,
                1,
                0,
                1,
                1,
                1
              ],
              "sha256": "42c6620482e78e0f6246988e8792d7846bbcd037defd5a68fe774a68e95a7d14",
              "F": 144,
              "Psum": 240,
              "domainwalls": 576,
              "Q": "-1993/900"
            },
            {
              "bits": [
                1,
                0,
                0,
                0,
                0,
                1,
                0,
                0,
                0,
                0,
                0,
                1,
                0,
                1,
                0,
                0,
                1,
                1,
                0,
                1,
                0,
                0,
                1,
                1,
                0,
                0,
                0,
                0,
                0,
                1,
                0,
                0,
                0,
                0,
                0,
                1,
                0,
                1,
                0,
                0,
                1,
                1,
                0,
                1,
                0,
                0,
                1,
                1,
                0,
                0,
                0,
                1,
                0,
                1,
                1,
                0,
                0,
                1,
                0,
                1,
                1,
                1,
                0,
                1,
                1,
                1,
                1,
                1,
                0,
                1,
                1,
                1,
                1,
                0,
                0,
                1,
                0,
                1,
                1,
                0,
                0,
                1,
                0,
                1,
                1,
                1,
                0,
                1,
                1,
                1,
                1,
                1,
                0,
                1,
                1,
                1,
                1,
                0,
                0,
                0,
                0,
                1,
                0,
                0,
                0,
                0,
                0,
                1,
                0,
                1,
                0,
                0,
                1,
                1,
                0,
                1,
                0,
                0,
                1,
                1,
                0,
                0,
                0,
                0,
                0,
                1,
                0,
                0,
                0,
                0,
                0,
                1,
                0,
                1,
                0,
                0,
                1,
                1,
                0,
                1,
                0,
                0,
                1,
                1,
                0,
                0,
                0,
                1,
                0,
                1,
                1,
                0,
                0,
                1,
                0,
                1,
                1,
                1,
                0,
                1,
                1,
                1,
                1,
                1,
                0,
                1,
                1,
                1,
                1,
                0,
                0,
                1,
                0,
                1,
                1,
                0,
                0,
                1,
                0,
                1,
                1,
                1,
                0,
                1,
                1,
                1,
                1,
                1,
                0,
                1,
                1,
                1
              ],
              "sha256": "3c26df56c6e1a7416e705c99a3b4824a3cf2a332dfda6fa205f1643a30a6655f",
              "F": 136,
              "Psum": 208,
              "domainwalls": 576,
              "Q": "-33433/13500"
            },
            {
              "bits": [
                1,
                1,
                0,
                0,
                0,
                1,
                0,
                0,
                0,
                0,
                0,
                1,
                0,
                0,
                0,
                0,
                1,
                1,
                0,
                1,
                0,
                0,
                1,
                1,
                0,
                1,
                0,
                0,
                0,
                1,
                0,
                0,
                0,
                0,
                0,
                1,
                0,
                0,
                0,
                0,
                1,
                1,
                0,
                1,
                0,
                0,
                1,
                1,
                0,
                0,
                0,
                1,
                0,
                1,
                1,
                0,
                0,
                1,
                0,
                1,
                1,
                1,
                0,
                1,
                1,
                1,
                1,
                1,
                0,
                1,
                1,
                1,
                1,
                0,
                0,
                1,
                0,
                1,
                1,
                0,
                0,
                1,
                0,
                1,
                1,
                1,
                0,
                1,
                1,
                1,
                1,
                1,
                0,
                1,
                1,
                1,
                1,
                0,
                0,
                0,
                0,
                1,
                0,
                0,
                0,
                0,
                0,
                1,
                0,
                1,
                0,
                0,
                1,
                1,
                0,
                1,
                0,
                0,
                1,
                1,
                0,
                0,
                0,
                0,
                0,
                1,
                0,
                0,
                0,
                0,
                0,
                1,
                0,
                1,
                0,
                0,
                1,
                1,
                0,
                1,
                0,
                0,
                1,
                1,
                0,
                0,
                0,
                1,
                0,
                1,
                1,
                0,
                0,
                1,
                0,
                1,
                1,
                1,
                0,
                1,
                1,
                1,
                1,
                1,
                0,
                1,
                1,
                1,
                1,
                0,
                0,
                1,
                0,
                1,
                1,
                0,
                0,
                1,
                0,
                1,
                1,
                1,
                0,
                1,
                1,
                1,
                1,
                1,
                0,
                1,
                1,
                1
              ],
              "sha256": "c0dfa953188a4a765f2157abf28bc1d7caa8a1d39194708216e5e094dabbb553",
              "F": 130,
              "Psum": 192,
              "domainwalls": 576,
              "Q": "-5867/2250"
            }
          ],
          "legal_flip_tapes": [
            {
              "edge_ids": [
                0,
                48,
                96,
                144
              ],
              "edge_endpoints": [
                [
                  0,
                  16
                ],
                [
                  16,
                  32
                ],
                [
                  32,
                  48
                ],
                [
                  48,
                  0
                ]
              ],
              "before_bits": [
                0,
                1,
                0,
                1
              ]
            },
            {
              "edge_ids": [
                1,
                13,
                25,
                37
              ],
              "edge_endpoints": [
                [
                  0,
                  4
                ],
                [
                  4,
                  8
                ],
                [
                  8,
                  12
                ],
                [
                  12,
                  0
                ]
              ],
              "before_bits": [
                0,
                1,
                0,
                1
              ]
            }
          ],
          "determinant": "-1769/3375"
        },
        {
          "L": 6,
          "edge_order": "coordinate vertex lexicographic then positive axis0,1,2",
          "snapshots": [
            {
              "bits": [
                0,
                0,
                0,
                0,
                0,
                1,
                0,
                0,
                0,
                0,
                0,
                1,
                0,
                0,
                0,
                0,
                0,
                1,
                0,
                1,
                0,
                0,
                1,
                1,
                0,
                1,
                0,
                0,
                1,
                1,
                0,
                1,
                0,
                0,
                1,
                1,
                0,
                0,
                0,
                0,
                0,
                1,
                0,
                0,
                0,
                0,
                0,
                1,
                0,
                0,
                0,
                0,
                0,
                1,
                0,
                1,
                0,
                0,
                1,
                1,
                0,
                1,
                0,
                0,
                1,
                1,
                0,
                1,
                0,
                0,
                1,
                1,
                0,
                0,
                0,
                0,
                0,
                1,
                0,
                0,
                0,
                0,
                0,
                1,
                0,
                0,
                0,
                0,
                0,
                1,
                0,
                1,
                0,
                0,
                1,
                1,
                0,
                1,
                0,
                0,
                1,
                1,
                0,
                1,
                0,
                0,
                1,
                1,
                1,
                0,
                0,
                1,
                0,
                1,
                1,
                0,
                0,
                1,
                0,
                1,
                1,
                0,
                0,
                1,
                0,
                1,
                1,
                1,
                0,
                1,
                1,
                1,
                1,
                1,
                0,
                1,
                1,
                1,
                1,
                1,
                0,
                1,
                1,
                1,
                1,
                0,
                0,
                1,
                0,
                1,
                1,
                0,
                0,
                1,
                0,
                1,
                1,
                0,
                0,
                1,
                0,
                1,
                1,
                1,
                0,
                1,
                1,
                1,
                1,
                1,
                0,
                1,
                1,
                1,
                1,
                1,
                0,
                1,
                1,
                1,
                1,
                0,
                0,
                1,
                0,
                1,
                1,
                0,
                0,
                1,
                0,
                1,
                1,
                0,
                0,
                1,
                0,
                1,
                1,
                1,
                0,
                1,
                1,
                1,
                1,
                1,
                0,
                1,
                1,
                1,
                1,
                1,
                0,
                1,
                1,
                1,
                0,
                0,
                0,
                0,
                0,
                1,
                0,
                0,
                0,
                0,
                0,
                1,
                0,
                0,
                0,
                0,
                0,
                1,
                0,
                1,
                0,
                0,
                1,
                1,
                0,
                1,
                0,
                0,
                1,
                1,
                0,
                1,
                0,
                0,
                1,
                1,
                0,
                0,
                0,
                0,
                0,
                1,
                0,
                0,
                0,
                0,
                0,
                1,
                0,
                0,
                0,
                0,
                0,
                1,
                0,
                1,
                0,
                0,
                1,
                1,
                0,
                1,
                0,
                0,
                1,
                1,
                0,
                1,
                0,
                0,
                1,
                1,
                0,
                0,
                0,
                0,
                0,
                1,
                0,
                0,
                0,
                0,
                0,
                1,
                0,
                0,
                0,
                0,
                0,
                1,
                0,
                1,
                0,
                0,
                1,
                1,
                0,
                1,
                0,
                0,
                1,
                1,
                0,
                1,
                0,
                0,
                1,
                1,
                1,
                0,
                0,
                1,
                0,
                1,
                1,
                0,
                0,
                1,
                0,
                1,
                1,
                0,
                0,
                1,
                0,
                1,
                1,
                1,
                0,
                1,
                1,
                1,
                1,
                1,
                0,
                1,
                1,
                1,
                1,
                1,
                0,
                1,
                1,
                1,
                1,
                0,
                0,
                1,
                0,
                1,
                1,
                0,
                0,
                1,
                0,
                1,
                1,
                0,
                0,
                1,
                0,
                1,
                1,
                1,
                0,
                1,
                1,
                1,
                1,
                1,
                0,
                1,
                1,
                1,
                1,
                1,
                0,
                1,
                1,
                1,
                1,
                0,
                0,
                1,
                0,
                1,
                1,
                0,
                0,
                1,
                0,
                1,
                1,
                0,
                0,
                1,
                0,
                1,
                1,
                1,
                0,
                1,
                1,
                1,
                1,
                1,
                0,
                1,
                1,
                1,
                1,
                1,
                0,
                1,
                1,
                1,
                0,
                0,
                0,
                0,
                0,
                1,
                0,
                0,
                0,
                0,
                0,
                1,
                0,
                0,
                0,
                0,
                0,
                1,
                0,
                1,
                0,
                0,
                1,
                1,
                0,
                1,
                0,
                0,
                1,
                1,
                0,
                1,
                0,
                0,
                1,
                1,
                0,
                0,
                0,
                0,
                0,
                1,
                0,
                0,
                0,
                0,
                0,
                1,
                0,
                0,
                0,
                0,
                0,
                1,
                0,
                1,
                0,
                0,
                1,
                1,
                0,
                1,
                0,
                0,
                1,
                1,
                0,
                1,
                0,
                0,
                1,
                1,
                0,
                0,
                0,
                0,
                0,
                1,
                0,
                0,
                0,
                0,
                0,
                1,
                0,
                0,
                0,
                0,
                0,
                1,
                0,
                1,
                0,
                0,
                1,
                1,
                0,
                1,
                0,
                0,
                1,
                1,
                0,
                1,
                0,
                0,
                1,
                1,
                1,
                0,
                0,
                1,
                0,
                1,
                1,
                0,
                0,
                1,
                0,
                1,
                1,
                0,
                0,
                1,
                0,
                1,
                1,
                1,
                0,
                1,
                1,
                1,
                1,
                1,
                0,
                1,
                1,
                1,
                1,
                1,
                0,
                1,
                1,
                1,
                1,
                0,
                0,
                1,
                0,
                1,
                1,
                0,
                0,
                1,
                0,
                1,
                1,
                0,
                0,
                1,
                0,
                1,
                1,
                1,
                0,
                1,
                1,
                1,
                1,
                1,
                0,
                1,
                1,
                1,
                1,
                1,
                0,
                1,
                1,
                1,
                1,
                0,
                0,
                1,
                0,
                1,
                1,
                0,
                0,
                1,
                0,
                1,
                1,
                0,
                0,
                1,
                0,
                1,
                1,
                1,
                0,
                1,
                1,
                1,
                1,
                1,
                0,
                1,
                1,
                1,
                1,
                1,
                0,
                1,
                1,
                1
              ],
              "sha256": "8cd6ef302cbb6d69f8a6cb5521621d29f77e8036955bca5a77c28b1c552bdd97",
              "F": 324,
              "Psum": 648,
              "domainwalls": 1296,
              "Q": "-2049/500"
            },
            {
              "bits": [
                1,
                0,
                0,
                0,
                0,
                1,
                0,
                0,
                0,
                0,
                0,
                1,
                0,
                0,
                0,
                1,
                0,
                0,
                0,
                1,
                0,
                0,
                1,
                1,
                0,
                1,
                0,
                0,
                1,
                1,
                0,
                1,
                0,
                0,
                1,
                1,
                0,
                0,
                0,
                0,
                0,
                1,
                0,
                0,
                0,
                0,
                0,
                1,
                0,
                0,
                0,
                0,
                0,
                1,
                0,
                1,
                0,
                0,
                1,
                1,
                0,
                1,
                0,
                0,
                1,
                1,
                0,
                1,
                0,
                0,
                1,
                1,
                0,
                0,
                0,
                0,
                0,
                1,
                0,
                0,
                0,
                0,
                0,
                1,
                0,
                0,
                0,
                0,
                0,
                1,
                0,
                1,
                0,
                0,
                1,
                1,
                0,
                1,
                0,
                0,
                1,
                1,
                0,
                1,
                0,
                0,
                1,
                1,
                1,
                0,
                0,
                1,
                0,
                1,
                1,
                0,
                0,
                1,
                0,
                1,
                1,
                0,
                0,
                1,
                0,
                0,
                1,
                1,
                0,
                1,
                1,
                1,
                1,
                1,
                0,
                1,
                1,
                1,
                1,
                1,
                0,
                1,
                1,
                1,
                1,
                0,
                0,
                1,
                0,
                1,
                1,
                0,
                0,
                1,
                0,
                1,
                1,
                0,
                0,
                1,
                0,
                1,
                1,
                1,
                0,
                1,
                1,
                1,
                1,
                1,
                0,
                1,
                1,
                1,
                1,
                1,
                0,
                1,
                1,
                1,
                1,
                0,
                0,
                1,
                0,
                1,
                1,
                0,
                0,
                1,
                0,
                1,
                1,
                0,
                0,
                1,
                0,
                1,
                1,
                1,
                0,
                1,
                1,
                1,
                1,
                1,
                0,
                1,
                1,
                1,
                1,
                1,
                0,
                1,
                1,
                1,
                0,
                0,
                0,
                0,
                0,
                1,
                0,
                0,
                0,
                0,
                0,
                1,
                0,
                0,
                0,
                0,
                0,
                1,
                0,
                1,
                0,
                0,
                1,
                1,
                0,
                1,
                0,
                0,
                1,
                1,
                0,
                1,
                0,
                0,
                1,
                1,
                0,
                0,
                0,
                0,
                0,
                1,
                0,
                0,
                0,
                0,
                0,
                1,
                0,
                0,
                0,
                0,
                0,
                1,
                0,
                1,
                0,
                0,
                1,
                1,
                0,
                1,
                0,
                0,
                1,
                1,
                0,
                1,
                0,
                0,
                1,
                1,
                0,
                0,
                0,
                0,
                0,
                1,
                0,
                0,
                0,
                0,
                0,
                1,
                0,
                0,
                0,
                0,
                0,
                1,
                0,
                1,
                0,
                0,
                1,
                1,
                0,
                1,
                0,
                0,
                1,
                1,
                0,
                1,
                0,
                0,
                1,
                1,
                1,
                0,
                0,
                1,
                0,
                1,
                1,
                0,
                0,
                1,
                0,
                1,
                1,
                0,
                0,
                1,
                0,
                1,
                1,
                1,
                0,
                1,
                1,
                1,
                1,
                1,
                0,
                1,
                1,
                1,
                1,
                1,
                0,
                1,
                1,
                1,
                1,
                0,
                0,
                1,
                0,
                1,
                1,
                0,
                0,
                1,
                0,
                1,
                1,
                0,
                0,
                1,
                0,
                1,
                1,
                1,
                0,
                1,
                1,
                1,
                1,
                1,
                0,
                1,
                1,
                1,
                1,
                1,
                0,
                1,
                1,
                1,
                1,
                0,
                0,
                1,
                0,
                1,
                1,
                0,
                0,
                1,
                0,
                1,
                1,
                0,
                0,
                1,
                0,
                1,
                1,
                1,
                0,
                1,
                1,
                1,
                1,
                1,
                0,
                1,
                1,
                1,
                1,
                1,
                0,
                1,
                1,
                1,
                0,
                0,
                0,
                0,
                0,
                1,
                0,
                0,
                0,
                0,
                0,
                1,
                0,
                0,
                0,
                0,
                0,
                1,
                0,
                1,
                0,
                0,
                1,
                1,
                0,
                1,
                0,
                0,
                1,
                1,
                0,
                1,
                0,
                0,
                1,
                1,
                0,
                0,
                0,
                0,
                0,
                1,
                0,
                0,
                0,
                0,
                0,
                1,
                0,
                0,
                0,
                0,
                0,
                1,
                0,
                1,
                0,
                0,
                1,
                1,
                0,
                1,
                0,
                0,
                1,
                1,
                0,
                1,
                0,
                0,
                1,
                1,
                0,
                0,
                0,
                0,
                0,
                1,
                0,
                0,
                0,
                0,
                0,
                1,
                0,
                0,
                0,
                0,
                0,
                1,
                0,
                1,
                0,
                0,
                1,
                1,
                0,
                1,
                0,
                0,
                1,
                1,
                0,
                1,
                0,
                0,
                1,
                1,
                1,
                0,
                0,
                1,
                0,
                1,
                1,
                0,
                0,
                1,
                0,
                1,
                1,
                0,
                0,
                1,
                0,
                1,
                1,
                1,
                0,
                1,
                1,
                1,
                1,
                1,
                0,
                1,
                1,
                1,
                1,
                1,
                0,
                1,
                1,
                1,
                1,
                0,
                0,
                1,
                0,
                1,
                1,
                0,
                0,
                1,
                0,
                1,
                1,
                0,
                0,
                1,
                0,
                1,
                1,
                1,
                0,
                1,
                1,
                1,
                1,
                1,
                0,
                1,
                1,
                1,
                1,
                1,
                0,
                1,
                1,
                1,
                1,
                0,
                0,
                1,
                0,
                1,
                1,
                0,
                0,
                1,
                0,
                1,
                1,
                0,
                0,
                1,
                0,
                1,
                1,
                1,
                0,
                1,
                1,
                1,
                1,
                1,
                0,
                1,
                1,
                1,
                1,
                1,
                0,
                1,
                1,
                1
              ],
              "sha256": "72d02ab6d0bac771cd73cd66fc1d7cee4cf7a1466fbc840107499d5801e613c6",
              "F": 320,
              "Psum": 624,
              "domainwalls": 1304,
              "Q": "-78347/18000"
            },
            {
              "bits": [
                1,
                1,
                0,
                0,
                0,
                1,
                0,
                0,
                0,
                0,
                0,
                1,
                0,
                0,
                0,
                1,
                0,
                0,
                0,
                1,
                0,
                0,
                1,
                1,
                0,
                1,
                0,
                0,
                1,
                1,
                0,
                1,
                0,
                0,
                1,
                1,
                0,
                0,
                0,
                0,
                0,
                1,
                0,
                0,
                0,
                0,
                0,
                1,
                0,
                0,
                0,
                0,
                0,
                1,
                0,
                1,
                0,
                0,
                1,
                1,
                0,
                1,
                0,
                0,
                1,
                1,
                0,
                1,
                0,
                0,
                1,
                1,
                0,
                0,
                0,
                0,
                0,
                1,
                0,
                0,
                0,
                0,
                0,
                1,
                0,
                0,
                0,
                0,
                0,
                1,
                0,
                1,
                0,
                0,
                1,
                1,
                0,
                1,
                0,
                0,
                1,
                1,
                0,
                1,
                0,
                0,
                1,
                1,
                1,
                0,
                0,
                1,
                0,
                1,
                1,
                0,
                0,
                1,
                0,
                1,
                1,
                0,
                0,
                1,
                0,
                0,
                1,
                1,
                0,
                1,
                1,
                1,
                1,
                1,
                0,
                1,
                1,
                1,
                1,
                1,
                0,
                1,
                1,
                1,
                1,
                0,
                0,
                1,
                0,
                1,
                1,
                0,
                0,
                1,
                0,
                1,
                1,
                0,
                0,
                1,
                0,
                1,
                1,
                1,
                0,
                1,
                1,
                1,
                1,
                1,
                0,
                1,
                1,
                1,
                1,
                1,
                0,
                1,
                1,
                1,
                1,
                0,
                0,
                1,
                0,
                1,
                1,
                0,
                0,
                1,
                0,
                1,
                1,
                0,
                0,
                1,
                0,
                1,
                1,
                1,
                0,
                1,
                1,
                1,
                1,
                1,
                0,
                1,
                1,
                1,
                1,
                1,
                0,
                1,
                1,
                1,
                0,
                0,
                0,
                0,
                0,
                1,
                0,
                0,
                0,
                0,
                0,
                1,
                0,
                0,
                0,
                0,
                0,
                1,
                0,
                1,
                0,
                0,
                1,
                1,
                0,
                1,
                0,
                0,
                1,
                1,
                0,
                1,
                0,
                0,
                1,
                1,
                0,
                0,
                0,
                0,
                0,
                1,
                0,
                0,
                0,
                0,
                0,
                1,
                0,
                0,
                0,
                0,
                0,
                1,
                0,
                1,
                0,
                0,
                1,
                1,
                0,
                1,
                0,
                0,
                1,
                1,
                0,
                1,
                0,
                0,
                1,
                1,
                0,
                0,
                0,
                0,
                0,
                1,
                0,
                0,
                0,
                0,
                0,
                1,
                0,
                0,
                0,
                0,
                0,
                1,
                0,
                1,
                0,
                0,
                1,
                1,
                0,
                1,
                0,
                0,
                1,
                1,
                0,
                1,
                0,
                0,
                1,
                1,
                1,
                0,
                0,
                1,
                0,
                1,
                1,
                0,
                0,
                1,
                0,
                1,
                1,
                0,
                0,
                1,
                0,
                1,
                1,
                1,
                0,
                1,
                1,
                1,
                1,
                1,
                0,
                1,
                1,
                1,
                1,
                1,
                0,
                1,
                1,
                1,
                1,
                0,
                0,
                1,
                0,
                1,
                1,
                0,
                0,
                1,
                0,
                1,
                1,
                0,
                0,
                1,
                0,
                1,
                1,
                1,
                0,
                1,
                1,
                1,
                1,
                1,
                0,
                1,
                1,
                1,
                1,
                1,
                0,
                1,
                1,
                1,
                1,
                0,
                0,
                1,
                0,
                1,
                1,
                0,
                0,
                1,
                0,
                1,
                1,
                0,
                0,
                1,
                0,
                1,
                1,
                1,
                0,
                1,
                1,
                1,
                1,
                1,
                0,
                1,
                1,
                1,
                1,
                1,
                0,
                1,
                1,
                1,
                0,
                0,
                0,
                0,
                0,
                1,
                0,
                0,
                0,
                0,
                0,
                1,
                0,
                0,
                0,
                0,
                0,
                1,
                0,
                1,
                0,
                0,
                1,
                1,
                0,
                1,
                0,
                0,
                1,
                1,
                0,
                1,
                0,
                0,
                1,
                1,
                0,
                0,
                0,
                0,
                0,
                1,
                0,
                0,
                0,
                0,
                0,
                1,
                0,
                0,
                0,
                0,
                0,
                1,
                0,
                1,
                0,
                0,
                1,
                1,
                0,
                1,
                0,
                0,
                1,
                1,
                0,
                1,
                0,
                0,
                1,
                1,
                0,
                0,
                0,
                0,
                0,
                1,
                0,
                0,
                0,
                0,
                0,
                1,
                0,
                0,
                0,
                0,
                0,
                1,
                0,
                1,
                0,
                0,
                1,
                1,
                0,
                1,
                0,
                0,
                1,
                1,
                0,
                1,
                0,
                0,
                1,
                1,
                0,
                1,
                0,
                1,
                0,
                1,
                1,
                0,
                0,
                1,
                0,
                1,
                1,
                0,
                0,
                1,
                0,
                1,
                0,
                1,
                0,
                1,
                1,
                1,
                1,
                1,
                0,
                1,
                1,
                1,
                1,
                1,
                0,
                1,
                1,
                1,
                1,
                0,
                0,
                1,
                0,
                1,
                1,
                0,
                0,
                1,
                0,
                1,
                1,
                0,
                0,
                1,
                0,
                1,
                1,
                1,
                0,
                1,
                1,
                1,
                1,
                1,
                0,
                1,
                1,
                1,
                1,
                1,
                0,
                1,
                1,
                1,
                1,
                0,
                0,
                1,
                0,
                1,
                1,
                0,
                0,
                1,
                0,
                1,
                1,
                0,
                0,
                1,
                0,
                1,
                1,
                1,
                0,
                1,
                1,
                1,
                1,
                1,
                0,
                1,
                1,
                1,
                1,
                1,
                0,
                1,
                1,
                1
              ],
              "sha256": "04f7cf385afd9ad1f9ff7bce803dba3a435fcb90044b932b18e2d8fd0116e416",
              "F": 317,
              "Psum": 612,
              "domainwalls": 1310,
              "Q": "-323599/72000"
            }
          ],
          "legal_flip_tapes": [
            {
              "edge_ids": [
                0,
                125,
                15,
                17
              ],
              "edge_endpoints": [
                [
                  0,
                  36
                ],
                [
                  41,
                  36
                ],
                [
                  5,
                  41
                ],
                [
                  5,
                  0
                ]
              ],
              "before_bits": [
                0,
                1,
                0,
                1
              ]
            },
            {
              "edge_ids": [
                1,
                558,
                541,
                540
              ],
              "edge_endpoints": [
                [
                  0,
                  6
                ],
                [
                  186,
                  6
                ],
                [
                  180,
                  186
                ],
                [
                  180,
                  0
                ]
              ],
              "before_bits": [
                0,
                1,
                0,
                1
              ]
            }
          ],
          "determinant": "-1769/9000"
        }
      ],
      "seconds": 0.2017538750078529,
      "rss_mib": 35.328125,
      "reviewed_source_sha256": "18050807064ae7ea9552440253c13214daf83617682cdca019f19819dd16d7cc"
    }
  },
  "elapsed_seconds": 1.423181125021074,
  "peak_rss_mib": 35.4375,
  "source_sha256": "7f0fdd199e12867e2c77bc73f369f61620627a37d76b2df4f6400fb31f65e056",
  "input_sha256": {
    "docs/NATIVE_EIGHTH_DIAGONAL_CYCLE_POTENTIAL_NOTE_2026-09-08.md": "7b0fccb377a64700adc14ba8863bb9228ed71bf0a192f9928153135dbcc27163",
    "docs/NATIVE_VIRTUAL_PAIR_RING_MECHANISM_NOTE_2026-09-08.md": "ab34c4dd2dce102b8fc397e6b298861c4616467b910ee24d9ede4d1df533e9f2",
    "docs/NATIVE_DYNAMICAL_CYCLE_FERMION_Z2_DICTIONARY_NOTE_2026-09-08.md": "3d61dfac1a844364b98c731efca34b27b3c8dac1a3049d519f26d97b1db12715",
    "docs/NATIVE_EDGE_RECORD_MATTER_INSTRUMENT_AND_ENERGY_LEDGER_BOUNDED_THEOREM_NOTE_2026-09-05.md": "a37b5a26833421d99625d99ebf3a9a5f7ff7d96a3e5e77df93e9a550984ddc47",
    "scripts/native_eighth_local_2026_09_08.py": "f022b6a58f1f5d7931be16e395fc19b01f3184a41c9e2a50865fb647d3292f72",
    "scripts/native_eighth_global_2026_09_08.py": "18050807064ae7ea9552440253c13214daf83617682cdca019f19819dd16d7cc",
    "scripts/native_eighth_combined_2026_09_08.py": "6e5fe1fafd1d3724cff61e5fb919322206ce3728d9b3a851a0c45f23403488c8",
    "scripts/native_eighth_witness_2026_09_08.py": "117a96b2d344bc80444685144fc920add043153f24c7823d70338129142120e0"
  },
  "scope": "Exact canonical eighth diagonal, motif reduction and finite same-component witness; not full H8 offdiagonal, phase or audit verdict."
}
