{
  "created_utc": "2026-09-21T11:18:39.382429+00:00",
  "status": "all assertions passed",
  "cases": [
    {
      "tag": "L17_z10_init0",
      "blocks": 392,
      "ratio": 0.9833185857120182,
      "interval": [
        0.9673386082718192,
        0.9997108009381278
      ],
      "lags": [
        -0.07020605257890042,
        -0.09209852818425962
      ],
      "flags": [],
      "sigma_squared": "6.2629165894428621",
      "gaussian_one_minus_ratio_upper_bound": "1.0104227138917300421e-51",
      "selected_prefix_bytes": 124385,
      "selected_tail_bytes": 524288,
      "prefix_sha256": "942f4947a07dc51dbf5ea0eb350ca39911f198eba1d472d38c51e5915c0e2a64",
      "tail_sha256": "1b1a75aab72d6563ccfaf85dd67568c27d7ab0f003693823c4636cb781a0a743",
      "first_and_last_complete_raw_blocks_agree": true,
      "raw_recorded_sha256_not_recomputed": "d95e17038fcb3582d8b7a0391a8b86dca95c90aae643e1af2d775b8af2f30b29"
    },
    {
      "tag": "L17_z10_init1",
      "blocks": 382,
      "ratio": 0.9938820544168958,
      "interval": [
        0.976879700747776,
        1.010130260453334
      ],
      "lags": [
        0.03325686039350937,
        -0.04181599981849866
      ],
      "flags": [],
      "sigma_squared": "6.2665026619857451",
      "gaussian_one_minus_ratio_upper_bound": "9.4191048222659182935e-52",
      "selected_prefix_bytes": 124116,
      "selected_tail_bytes": 524288,
      "prefix_sha256": "27f43aa6fa5ddef9f63ce1eee3c5794951a89a23a66f2168f87b912597a09221",
      "tail_sha256": "d4b76378b288822d2e26feaa60024228c810272f21beb7464f24691c6b61dc87",
      "first_and_last_complete_raw_blocks_agree": true,
      "raw_recorded_sha256_not_recomputed": "fa22a7d34e979f9b41965d56cdb67ed6c2e97ddef7fb666fc8ec575c28858930"
    },
    {
      "tag": "L25_z10_init0",
      "blocks": 123,
      "ratio": 1.0114474699464429,
      "interval": [
        0.9781036333361119,
        1.042348693170447
      ],
      "lags": [
        -0.032338385016277435,
        -0.06624260625304379
      ],
      "flags": [],
      "sigma_squared": "9.14065187309648375",
      "gaussian_one_minus_ratio_upper_bound": "3.1546077874802062249e-76",
      "selected_prefix_bytes": 124747,
      "selected_tail_bytes": 524288,
      "prefix_sha256": "b69df2a6d11e5cf7a07b1ac77471f540701a01482de9def201684b29e5fc331e",
      "tail_sha256": "c5e948fb03a2d8d164a4edae9e27b86262030a4dc371e36e3f710f65a83b5aef",
      "first_and_last_complete_raw_blocks_agree": true,
      "raw_recorded_sha256_not_recomputed": "3863abd4b982ec056ce240def13401fc24b5e7c3f76be7592e8f7c5d540c2f8f"
    },
    {
      "tag": "L25_z10_init1",
      "blocks": 123,
      "ratio": 1.0180301179417648,
      "interval": [
        0.9868369059995564,
        1.0500001489891149
      ],
      "lags": [
        -0.1124075174567176,
        -0.058081418393483165
      ],
      "flags": [],
      "sigma_squared": "9.09875744265165",
      "gaussian_one_minus_ratio_upper_bound": "7.1795251048270759977e-76",
      "selected_prefix_bytes": 124588,
      "selected_tail_bytes": 524288,
      "prefix_sha256": "654b4f8668e219cb07da09955b9d79f60823c98e0fd46d67b0341360ea4e9b77",
      "tail_sha256": "52f9289ebfb28521c1f00862fa2df8fe8b6afcc576050db63e1027c70ec69ac6",
      "first_and_last_complete_raw_blocks_agree": true,
      "raw_recorded_sha256_not_recomputed": "8bdf8863c5b7e82e6587d0e188370acceb873c3505c65991bd6ae589e27989f0"
    },
    {
      "tag": "L33_z10_init0",
      "blocks": 52,
      "ratio": 0.9793670866633691,
      "interval": [
        0.9256060545421403,
        1.0331382881917146
      ],
      "lags": [
        0.28898985625598433,
        0.3131880380974305
      ],
      "flags": [
        "material_lag1_block_dependence"
      ],
      "sigma_squared": "12.3408532156354368",
      "gaussian_one_minus_ratio_upper_bound": "1.5673756020745830056e-103",
      "selected_prefix_bytes": 125866,
      "selected_tail_bytes": 524288,
      "prefix_sha256": "bf40d0942c7fc617d60014a050dba986970976054eb3778fa3d79ddb078650c7",
      "tail_sha256": "27c1d8a8dd9a034e78261d30771f6366e7637d13466e6e5827fa8215f4708338",
      "first_and_last_complete_raw_blocks_agree": true,
      "raw_recorded_sha256_not_recomputed": "120c67c1aa82759bb7d881e264f8dec268e7633c7abebb52f6341aa3f1a605a3"
    },
    {
      "tag": "L33_z10_init1",
      "blocks": 54,
      "ratio": 1.0036697738950702,
      "interval": [
        0.9596276433305392,
        1.0465808989862255
      ],
      "lags": [
        -0.06301928012163795,
        -0.12034529625326085
      ],
      "flags": [],
      "sigma_squared": "11.9688386905185714",
      "gaussian_one_minus_ratio_upper_bound": "2.3497550238904594791e-100",
      "selected_prefix_bytes": 126203,
      "selected_tail_bytes": 524288,
      "prefix_sha256": "6329b3a3ba205001253886f05909a325ded84a888140357466fa7af87fc9ee45",
      "tail_sha256": "c79c8b9891f7186b2cff1260924d479d26f08f2388fd8a73638d74bf1c6f64c6",
      "first_and_last_complete_raw_blocks_agree": true,
      "raw_recorded_sha256_not_recomputed": "5b3b5fe9b9c84fa1732732308cea50c89a1226e914658d952efcdd5e07968c80"
    },
    {
      "tag": "L49_z10_init0",
      "blocks": 17,
      "ratio": 0.9600894750931412,
      "interval": [
        0.9093325227616571,
        1.0149673423358134
      ],
      "lags": [
        -0.05031096668078199,
        -0.11198306985437859
      ],
      "flags": [],
      "sigma_squared": "17.8600544545173471",
      "gaussian_one_minus_ratio_upper_bound": "1.1006355557333274387e-150",
      "selected_prefix_bytes": 126661,
      "selected_tail_bytes": 524288,
      "prefix_sha256": "f51f097411c16045b7c7506ddf1cab2055d4386bbd0371dfab0c9b5f3b95e58f",
      "tail_sha256": "c3537cdb1e20ef37aa2d299ed37ed4cc733c29af04c2ac23d9351ee5ff00901e",
      "first_and_last_complete_raw_blocks_agree": true,
      "raw_recorded_sha256_not_recomputed": "b7e31cd2d3e6171a7c877967e989e72ca665d2f81703b7271d766822f1919bb2"
    },
    {
      "tag": "L49_z10_init1",
      "blocks": 16,
      "ratio": 1.005669249464486,
      "interval": [
        0.9330139241140173,
        1.0755792666709143
      ],
      "lags": [
        0.32082045530770464,
        0.11773455155094145
      ],
      "flags": [
        "material_lag1_block_dependence"
      ],
      "sigma_squared": "17.86003039811512767",
      "gaussian_one_minus_ratio_upper_bound": "1.1011568382267828342e-150",
      "selected_prefix_bytes": 126919,
      "selected_tail_bytes": 524288,
      "prefix_sha256": "bc9b961b1d336b644914ea0a94e40dc615a5506ecff47ac605a99e5cc0bb18e1",
      "tail_sha256": "dcf094797f4de955371799487fae651488a4c09cb69a86564e5dd55f3ada0f82",
      "first_and_last_complete_raw_blocks_agree": true,
      "raw_recorded_sha256_not_recomputed": "a29ba32d5987463e634f1d3979aa97dc3d478ed92ed70050971f503878398c1d"
    }
  ],
  "independently_read_raw_bytes": 5197789,
  "independent_full_raw_rehash": false,
  "author_reported_full_raw_rehash_bytes": 150150494,
  "scope": "Full compact-table and seeded paired arithmetic; first/last raw blocks only. No simulation rerun, full raw hash, mixing or coverage claim."
}
