{
  "actual_current_surface_status": "conditional-support",
  "finite_central": {
    "central_energy_count": 4,
    "endpoint_momenta": {
      "1": [
        0.6315931740402301,
        0.6315931740402301
      ],
      "2": [
        1.2639672113857894,
        1.2639672113857894
      ],
      "3": [
        1.8988904367343291,
        1.8988904367343291
      ],
      "4": [
        2.5450625500509734,
        2.5450625500509734
      ]
    },
    "sample_rows": [
      {
        "S": 120,
        "cells": 24,
        "error_times_sqrt_S": 0.05626596690429319,
        "hyperbolic_local_cells": 0,
        "inner_error_times_sqrt_S": 0.9980473474560084,
        "inner_layer_cells": 21,
        "inner_layer_width": 0.09128709291752768,
        "inner_scalar_product_error": 0.09110884094330868,
        "lambda": 0.3819660112501051,
        "m": 1,
        "max_local_determinant_error": 1.1102230246251565e-15,
        "max_moving_frame_su11_identity_error": 1.5543122344752192e-15,
        "max_principal_frame_determinant_error": 4.659044399447427e-16,
        "offdiagonal_mixing": 0.0020547011844414195,
        "principal_frame_product_error": 0.00513635654888675,
        "u_interval": [
          -0.1,
          0.1
        ]
      },
      {
        "S": 240,
        "cells": 48,
        "error_times_sqrt_S": 0.0473414114956768,
        "hyperbolic_local_cells": 0,
        "inner_error_times_sqrt_S": 1.107838380323772,
        "inner_layer_cells": 31,
        "inner_layer_width": 0.06454972243679027,
        "inner_scalar_product_error": 0.07151065995472278,
        "lambda": 0.3819660112501051,
        "m": 1,
        "max_local_determinant_error": 1.3322676295501878e-15,
        "max_moving_frame_su11_identity_error": 1.7763568394002505e-15,
        "max_principal_frame_determinant_error": 8.887930799571643e-16,
        "offdiagonal_mixing": 0.0015116868850440406,
        "principal_frame_product_error": 0.00305587497181181,
        "u_interval": [
          -0.1,
          0.1
        ]
      },
      {
        "S": 480,
        "cells": 96,
        "error_times_sqrt_S": 0.055718191578943886,
        "hyperbolic_local_cells": 0,
        "inner_error_times_sqrt_S": 1.0348384179880374,
        "inner_layer_cells": 43,
        "inner_layer_width": 0.04564354645876384,
        "inner_scalar_product_error": 0.047233695408750664,
        "lambda": 0.3819660112501051,
        "m": 1,
        "max_local_determinant_error": 1.3322676295501878e-15,
        "max_moving_frame_su11_identity_error": 1.7763568394002505e-15,
        "max_principal_frame_determinant_error": 8.887930799571643e-16,
        "offdiagonal_mixing": 0.0017686853112935446,
        "principal_frame_product_error": 0.0025431758659318297,
        "u_interval": [
          -0.1,
          0.1
        ]
      },
      {
        "S": 960,
        "cells": 192,
        "error_times_sqrt_S": 0.09866450494391682,
        "hyperbolic_local_cells": 0,
        "inner_error_times_sqrt_S": 1.0387711775169925,
        "inner_layer_cells": 61,
        "inner_layer_width": 0.03227486121839514,
        "inner_scalar_product_error": 0.03352619559202984,
        "lambda": 0.3819660112501051,
        "m": 1,
        "max_local_determinant_error": 1.3322676295501878e-15,
        "max_moving_frame_su11_identity_error": 1.3322676295501878e-15,
        "max_principal_frame_determinant_error": 8.887930799571643e-16,
        "offdiagonal_mixing": 0.0027945266020597908,
        "principal_frame_product_error": 0.0031843832042465765,
        "u_interval": [
          -0.1,
          0.1
        ]
      },
      {
        "S": 1920,
        "cells": 384,
        "error_times_sqrt_S": 0.1894407844477849,
        "hyperbolic_local_cells": 0,
        "inner_error_times_sqrt_S": 1.0625237239694603,
        "inner_layer_cells": 87,
        "inner_layer_width": 0.02282177322938192,
        "inner_scalar_product_error": 0.024248675479269417,
        "lambda": 0.3819660112501051,
        "m": 1,
        "max_local_determinant_error": 1.4432899320127035e-15,
        "max_moving_frame_su11_identity_error": 1.5543122344752192e-15,
        "max_principal_frame_determinant_error": 8.887930799571643e-16,
        "offdiagonal_mixing": 0.004129189926058279,
        "principal_frame_product_error": 0.004323374623063568,
        "u_interval": [
          -0.1,
          0.1
        ]
      },
      {
        "S": 3840,
        "cells": 768,
        "error_times_sqrt_S": 0.17201875985974083,
        "hyperbolic_local_cells": 0,
        "inner_error_times_sqrt_S": 1.060151359293211,
        "inner_layer_cells": 123,
        "inner_layer_width": 0.01613743060919757,
        "inner_scalar_product_error": 0.017108118995840676,
        "lambda": 0.3819660112501051,
        "m": 1,
        "max_local_determinant_error": 1.6653345369377348e-15,
        "max_moving_frame_su11_identity_error": 2.1094237467877974e-15,
        "max_principal_frame_determinant_error": 9.068063811390129e-16,
        "offdiagonal_mixing": 0.002685385012308394,
        "principal_frame_product_error": 0.0027759408007167878,
        "u_interval": [
          -0.1,
          0.1
        ]
      },
      {
        "S": 7680,
        "cells": 1536,
        "error_times_sqrt_S": 0.14001527940333675,
        "hyperbolic_local_cells": 0,
        "inner_error_times_sqrt_S": 1.078763028971673,
        "inner_layer_cells": 175,
        "inner_layer_width": 0.01141088661469096,
        "inner_scalar_product_error": 0.01230964260771634,
        "lambda": 0.3819660112501051,
        "m": 1,
        "max_local_determinant_error": 1.7763568394002505e-15,
        "max_moving_frame_su11_identity_error": 2.220446049250313e-15,
        "max_principal_frame_determinant_error": 9.068063811390129e-16,
        "offdiagonal_mixing": 0.0015510722333611222,
        "principal_frame_product_error": 0.00159769847759575,
        "u_interval": [
          -0.1,
          0.1
        ]
      },
      {
        "S": 15360,
        "cells": 3072,
        "error_times_sqrt_S": 0.1231579879138881,
        "hyperbolic_local_cells": 0,
        "inner_error_times_sqrt_S": 1.0720471264383429,
        "inner_layer_cells": 247,
        "inner_layer_width": 0.008068715304598784,
        "inner_scalar_product_error": 0.008650043056344205,
        "lambda": 0.3819660112501051,
        "m": 1,
        "max_local_determinant_error": 1.6653345369377348e-15,
        "max_moving_frame_su11_identity_error": 2.220446049250313e-15,
        "max_principal_frame_determinant_error": 9.663491861797868e-16,
        "offdiagonal_mixing": 0.0009711123064631909,
        "principal_frame_product_error": 0.000993726741964381,
        "u_interval": [
          -0.1,
          0.1
        ]
      },
      {
        "S": 120,
        "cells": 24,
        "error_times_sqrt_S": 0.06296110243309633,
        "hyperbolic_local_cells": 0,
        "inner_error_times_sqrt_S": 2.1696933725153804,
        "inner_layer_cells": 21,
        "inner_layer_width": 0.09128709291752768,
        "inner_scalar_product_error": 0.19806500049935555,
        "lambda": 1.381966011250105,
        "m": 2,
        "max_local_determinant_error": 4.440892098500626e-16,
        "max_moving_frame_su11_identity_error": 8.881784197001252e-16,
        "max_principal_frame_determinant_error": 1.1102372530796173e-15,
        "offdiagonal_mixing": 0.0011316546522186,
        "principal_frame_product_error": 0.005747536008000043,
        "u_interval": [
          -0.1,
          0.1
        ]
      },
      {
        "S": 240,
        "cells": 48,
        "error_times_sqrt_S": 0.04470599559706985,
        "hyperbolic_local_cells": 0,
        "inner_error_times_sqrt_S": 2.444015946845216,
        "inner_layer_cells": 31,
        "inner_layer_width": 0.06454972243679027,
        "inner_scalar_product_error": 0.15776055099994787,
        "lambda": 1.381966011250105,
        "m": 2,
        "max_local_determinant_error": 5.551115123125783e-16,
        "max_moving_frame_su11_identity_error": 8.881784197001252e-16,
        "max_principal_frame_determinant_error": 1.1102372530796173e-15,
        "offdiagonal_mixing": 0.0005772425790725407,
        "principal_frame_product_error": 0.0028857596070512273,
        "u_interval": [
          -0.1,
          0.1
        ]
      },
      {
        "S": 480,
        "cells": 96,
        "error_times_sqrt_S": 0.03196007941350392,
        "hyperbolic_local_cells": 0,
        "inner_error_times_sqrt_S": 2.2978729501739013,
        "inner_layer_cells": 43,
        "inner_layer_width": 0.04564354645876384,
        "inner_scalar_product_error": 0.10488307075759919,
        "lambda": 1.381966011250105,
        "m": 2,
        "max_local_determinant_error": 4.440892098500626e-16,
        "max_moving_frame_su11_identity_error": 1.2212453270876722e-15,
        "max_principal_frame_determinant_error": 1.1102372530796173e-15,
        "offdiagonal_mixing": 0.00030435990588719965,
        "principal_frame_product_error": 0.0014587713695360482,
        "u_interval": [
          -0.1,
          0.1
        ]
      },
      {
        "S": 960,
        "cells": 192,
        "error_times_sqrt_S": 0.023694747151027807,
        "hyperbolic_local_cells": 0,
        "inner_error_times_sqrt_S": 2.314673341717321,
        "inner_layer_cells": 61,
        "inner_layer_width": 0.03227486121839514,
        "inner_scalar_product_error": 0.07470576086984544,
        "lambda": 1.381966011250105,
        "m": 2,
        "max_local_determinant_error": 6.661338147750939e-16,
        "max_moving_frame_su11_identity_error": 9.992007221626409e-16,
        "max_principal_frame_determinant_error": 1.1102558327161037e-15,
        "offdiagonal_mixing": 0.00018750411877420956,
        "principal_frame_product_error": 0.0007647446759043861,
        "u_interval": [
          -0.1,
          0.1
        ]
      },
      {
        "S": 1920,
        "cells": 384,
        "error_times_sqrt_S": 0.013955532467214784,
        "hyperbolic_local_cells": 0,
        "inner_error_times_sqrt_S": 2.3717750267214566,
        "inner_layer_cells": 87,
        "inner_layer_width": 0.02282177322938192,
        "inner_scalar_product_error": 0.05412811181094833,
        "lambda": 1.381966011250105,
        "m": 2,
        "max_local_determinant_error": 6.661338147750939e-16,
        "max_moving_frame_su11_identity_error": 1.3322676295501878e-15,
        "max_principal_frame_determinant_error": 1.1102558327161037e-15,
        "offdiagonal_mixing": 2.9861362210180138e-05,
        "principal_frame_product_error": 0.0003184899972620526,
        "u_interval": [
          -0.1,
          0.1
        ]
      },
      {
        "S": 3840,
        "cells": 768,
        "error_times_sqrt_S": 0.011379784589180226,
        "hyperbolic_local_cells": 0,
        "inner_error_times_sqrt_S": 2.368521217018658,
        "inner_layer_cells": 123,
        "inner_layer_width": 0.01613743060919757,
        "inner_scalar_product_error": 0.03822184678605077,
        "lambda": 1.381966011250105,
        "m": 2,
        "max_local_determinant_error": 6.661338147750939e-16,
        "max_moving_frame_su11_identity_error": 1.3322676295501878e-15,
        "max_principal_frame_determinant_error": 1.1102558327161037e-15,
        "offdiagonal_mixing": 3.9322630630873355e-05,
        "principal_frame_product_error": 0.00018364048415551177,
        "u_interval": [
          -0.1,
          0.1
        ]
      },
      {
        "S": 7680,
        "cells": 1536,
        "error_times_sqrt_S": 0.007238204494496078,
        "hyperbolic_local_cells": 0,
        "inner_error_times_sqrt_S": 2.411152731496869,
        "inner_layer_cells": 175,
        "inner_layer_width": 0.01141088661469096,
        "inner_scalar_product_error": 0.027513390429813166,
        "lambda": 1.381966011250105,
        "m": 2,
        "max_local_determinant_error": 6.661338147750939e-16,
        "max_moving_frame_su11_identity_error": 1.2212453270876722e-15,
        "max_principal_frame_determinant_error": 1.1102558327161037e-15,
        "offdiagonal_mixing": 1.0434651023120059e-05,
        "principal_frame_product_error": 8.259433078064124e-05,
        "u_interval": [
          -0.1,
          0.1
        ]
      },
      {
        "S": 15360,
        "cells": 3072,
        "error_times_sqrt_S": 0.005113763842694184,
        "hyperbolic_local_cells": 0,
        "inner_error_times_sqrt_S": 2.3966545315256353,
        "inner_layer_cells": 247,
        "inner_layer_width": 0.008068715304598784,
        "inner_scalar_product_error": 0.019337923098356923,
        "lambda": 1.381966011250105,
        "m": 2,
        "max_local_determinant_error": 7.771561172376096e-16,
        "max_moving_frame_su11_identity_error": 1.3322676295501878e-15,
        "max_principal_frame_determinant_error": 1.1124914654025038e-15,
        "offdiagonal_mixing": 5.181482663980418e-06,
        "principal_frame_product_error": 4.126150458165045e-05,
        "u_interval": [
          -0.1,
          0.1
        ]
      },
      {
        "S": 120,
        "cells": 24,
        "error_times_sqrt_S": 0.19400683662093623,
        "hyperbolic_local_cells": 0,
        "inner_error_times_sqrt_S": 4.15111027000315,
        "inner_layer_cells": 21,
        "inner_layer_width": 0.09128709291752768,
        "inner_scalar_product_error": 0.37894278892868094,
        "lambda": 2.618033988749895,
        "m": 3,
        "max_local_determinant_error": 4.440892098500626e-16,
        "max_moving_frame_su11_identity_error": 9.992007221626409e-16,
        "max_principal_frame_determinant_error": 4.97098125140226e-16,
        "offdiagonal_mixing": 0.009591553991602548,
        "principal_frame_product_error": 0.017710320121251018,
        "u_interval": [
          -0.1,
          0.1
        ]
      },
      {
        "S": 240,
        "cells": 48,
        "error_times_sqrt_S": 0.3545313072459667,
        "hyperbolic_local_cells": 0,
        "inner_error_times_sqrt_S": 4.652568747767565,
        "inner_layer_cells": 31,
        "inner_layer_width": 0.06454972243679027,
        "inner_scalar_product_error": 0.3003220212864812,
        "lambda": 2.618033988749895,
        "m": 3,
        "max_local_determinant_error": 4.440892098500626e-16,
        "max_moving_frame_su11_identity_error": 1.1102230246251565e-15,
        "max_principal_frame_determinant_error": 4.97098125140226e-16,
        "offdiagonal_mixing": 0.018694685811538565,
        "principal_frame_product_error": 0.022884897477879564,
        "u_interval": [
          -0.1,
          0.1
        ]
      },
      {
        "S": 480,
        "cells": 96,
        "error_times_sqrt_S": 0.6708698425304904,
        "hyperbolic_local_cells": 0,
        "inner_error_times_sqrt_S": 4.364225024753268,
        "inner_layer_cells": 43,
        "inner_layer_width": 0.04564354645876384,
        "inner_scalar_product_error": 0.19919870767382555,
        "lambda": 2.618033988749895,
        "m": 3,
        "max_local_determinant_error": 5.551115123125783e-16,
        "max_moving_frame_su11_identity_error": 9.992007221626409e-16,
        "max_principal_frame_determinant_error": 8.966701905601076e-16,
        "offdiagonal_mixing": 0.02855286786536414,
        "principal_frame_product_error": 0.03062087882532402,
        "u_interval": [
          -0.1,
          0.1
        ]
      },
      {
        "S": 960,
        "cells": 192,
        "error_times_sqrt_S": 0.5200032880616912,
        "hyperbolic_local_cells": 0,
        "inner_error_times_sqrt_S": 4.390585090605566,
        "inner_layer_cells": 61,
        "inner_layer_width": 0.03227486121839514,
        "inner_scalar_product_error": 0.1417055244668495,
        "lambda": 2.618033988749895,
        "m": 3,
        "max_local_determinant_error": 7.771561172376096e-16,
        "max_moving_frame_su11_identity_error": 9.992007221626409e-16,
        "max_principal_frame_determinant_error": 9.003461105140729e-16,
        "offdiagonal_mixing": 0.016045193045912683,
        "principal_frame_product_error": 0.016783033955300234,
        "u_interval": [
          -0.1,
          0.1
        ]
      },
      {
        "S": 1920,
        "cells": 384,
        "error_times_sqrt_S": 0.5248383701482789,
        "hyperbolic_local_cells": 0,
        "inner_error_times_sqrt_S": 4.496010013037521,
        "inner_layer_cells": 87,
        "inner_layer_width": 0.02282177322938192,
        "inner_scalar_product_error": 0.10260692095457276,
        "lambda": 2.618033988749895,
        "m": 3,
        "max_local_determinant_error": 6.661338147750939e-16,
        "max_moving_frame_su11_identity_error": 1.1102230246251565e-15,
        "max_principal_frame_determinant_error": 9.056147850098303e-16,
        "offdiagonal_mixing": 0.011555844408264838,
        "principal_frame_product_error": 0.011977742265602432,
        "u_interval": [
          -0.1,
          0.1
        ]
      },
      {
        "S": 3840,
        "cells": 768,
        "error_times_sqrt_S": 0.2985842771488953,
        "hyperbolic_local_cells": 0,
        "inner_error_times_sqrt_S": 4.488420182170192,
        "inner_layer_cells": 123,
        "inner_layer_width": 0.01613743060919757,
        "inner_scalar_product_error": 0.07243156923469339,
        "lambda": 2.618033988749895,
        "m": 3,
        "max_local_determinant_error": 8.881784197001252e-16,
        "max_moving_frame_su11_identity_error": 1.2212453270876722e-15,
        "max_principal_frame_determinant_error": 9.056147850098303e-16,
        "offdiagonal_mixing": 0.004634505354714749,
        "principal_frame_product_error": 0.004818383053487713,
        "u_interval": [
          -0.1,
          0.1
        ]
      },
      {
        "S": 7680,
        "cells": 1536,
        "error_times_sqrt_S": 0.35394742736827306,
        "hyperbolic_local_cells": 0,
        "inner_error_times_sqrt_S": 4.5684762097059295,
        "inner_layer_cells": 175,
        "inner_layer_width": 0.01141088661469096,
        "inner_scalar_product_error": 0.05213036403086749,
        "lambda": 2.618033988749895,
        "m": 3,
        "max_local_determinant_error": 7.771561172376096e-16,
        "max_moving_frame_su11_identity_error": 1.3322676295501878e-15,
        "max_principal_frame_determinant_error": 1.1111581273456695e-15,
        "offdiagonal_mixing": 0.003947918264280667,
        "principal_frame_product_error": 0.004038853961260928,
        "u_interval": [
          -0.1,
          0.1
        ]
      },
      {
        "S": 15360,
        "cells": 3072,
        "error_times_sqrt_S": 0.2880986651815463,
        "hyperbolic_local_cells": 0,
        "inner_error_times_sqrt_S": 4.5406478683662055,
        "inner_layer_cells": 247,
        "inner_layer_width": 0.008068715304598784,
        "inner_scalar_product_error": 0.03663719494828025,
        "lambda": 2.618033988749895,
        "m": 3,
        "max_local_determinant_error": 8.881784197001252e-16,
        "max_moving_frame_su11_identity_error": 1.4432899320127035e-15,
        "max_principal_frame_determinant_error": 1.1111581273456695e-15,
        "offdiagonal_mixing": 0.0022779811484104893,
        "principal_frame_product_error": 0.002324586108984824,
        "u_interval": [
          -0.1,
          0.1
        ]
      },
      {
        "S": 120,
        "cells": 24,
        "error_times_sqrt_S": 0.21796698883351875,
        "hyperbolic_local_cells": 0,
        "inner_error_times_sqrt_S": 8.996234193504232,
        "inner_layer_cells": 21,
        "inner_layer_width": 0.09128709291752768,
        "inner_scalar_product_error": 0.8212400667302606,
        "lambda": 3.618033988749895,
        "m": 4,
        "max_local_determinant_error": 6.661338147750939e-16,
        "max_moving_frame_su11_identity_error": 9.992007221626409e-16,
        "max_principal_frame_determinant_error": 5.559776433575539e-16,
        "offdiagonal_mixing": 0.001833394586896256,
        "principal_frame_product_error": 0.019897572762599146,
        "u_interval": [
          -0.1,
          0.1
        ]
      },
      {
        "S": 240,
        "cells": 48,
        "error_times_sqrt_S": 0.1746648243211086,
        "hyperbolic_local_cells": 0,
        "inner_error_times_sqrt_S": 10.212944100755115,
        "inner_layer_cells": 31,
        "inner_layer_width": 0.06454972243679027,
        "inner_scalar_product_error": 0.6592427069661974,
        "lambda": 3.618033988749895,
        "m": 4,
        "max_local_determinant_error": 1.2212453270876722e-15,
        "max_moving_frame_su11_identity_error": 1.6653345369377348e-15,
        "max_principal_frame_determinant_error": 5.559776433575539e-16,
        "offdiagonal_mixing": 0.002241830988694644,
        "principal_frame_product_error": 0.011274565929398296,
        "u_interval": [
          -0.1,
          0.1
        ]
      },
      {
        "S": 480,
        "cells": 96,
        "error_times_sqrt_S": 0.1052059606868777,
        "hyperbolic_local_cells": 0,
        "inner_error_times_sqrt_S": 9.677954038905659,
        "inner_layer_cells": 43,
        "inner_layer_width": 0.04564354645876384,
        "inner_scalar_product_error": 0.4417361448005716,
        "lambda": 3.618033988749895,
        "m": 4,
        "max_local_determinant_error": 1.3322676295501878e-15,
        "max_moving_frame_su11_identity_error": 1.887379141862766e-15,
        "max_principal_frame_determinant_error": 6.66839095454654e-16,
        "offdiagonal_mixing": 0.000287062654120675,
        "principal_frame_product_error": 0.004801973154350384,
        "u_interval": [
          -0.1,
          0.1
        ]
      },
      {
        "S": 960,
        "cells": 192,
        "error_times_sqrt_S": 0.08807457641391449,
        "hyperbolic_local_cells": 0,
        "inner_error_times_sqrt_S": 9.776686623719124,
        "inner_layer_cells": 61,
        "inner_layer_width": 0.03227486121839514,
        "inner_scalar_product_error": 0.3155412039562749,
        "lambda": 3.618033988749895,
        "m": 4,
        "max_local_determinant_error": 1.4432899320127035e-15,
        "max_moving_frame_su11_identity_error": 1.887379141862766e-15,
        "max_principal_frame_determinant_error": 8.8827093882607e-16,
        "offdiagonal_mixing": 0.0005854840577425737,
        "principal_frame_product_error": 0.002842594730628028,
        "u_interval": [
          -0.1,
          0.1
        ]
      },
      {
        "S": 1920,
        "cells": 384,
        "error_times_sqrt_S": 0.05497421041876381,
        "hyperbolic_local_cells": 0,
        "inner_error_times_sqrt_S": 10.031646597484512,
        "inner_layer_cells": 87,
        "inner_layer_width": 0.02282177322938192,
        "inner_scalar_product_error": 0.22893996376509226,
        "lambda": 3.618033988749895,
        "m": 4,
        "max_local_determinant_error": 1.5543122344752192e-15,
        "max_moving_frame_su11_identity_error": 1.7763568394002505e-15,
        "max_principal_frame_determinant_error": 8.89857343286144e-16,
        "offdiagonal_mixing": 0.00012605627809860083,
        "principal_frame_product_error": 0.0012546089636413526,
        "u_interval": [
          -0.1,
          0.1
        ]
      },
      {
        "S": 3840,
        "cells": 768,
        "error_times_sqrt_S": 0.042895542854652316,
        "hyperbolic_local_cells": 0,
        "inner_error_times_sqrt_S": 10.025592998483315,
        "inner_layer_cells": 123,
        "inner_layer_width": 0.01613743060919757,
        "inner_scalar_product_error": 0.1617873113290815,
        "lambda": 3.618033988749895,
        "m": 4,
        "max_local_determinant_error": 1.9984014443252818e-15,
        "max_moving_frame_su11_identity_error": 1.9984014443252818e-15,
        "max_principal_frame_determinant_error": 1.129252412276225e-15,
        "offdiagonal_mixing": 0.00012794193521290805,
        "principal_frame_product_error": 0.0006922238462608124,
        "u_interval": [
          -0.1,
          0.1
        ]
      },
      {
        "S": 7680,
        "cells": 1536,
        "error_times_sqrt_S": 0.025817154772021386,
        "hyperbolic_local_cells": 0,
        "inner_error_times_sqrt_S": 10.209764661368485,
        "inner_layer_cells": 175,
        "inner_layer_width": 0.01141088661469096,
        "inner_scalar_product_error": 0.11650246691355444,
        "lambda": 3.618033988749895,
        "m": 4,
        "max_local_determinant_error": 1.6653345369377348e-15,
        "max_moving_frame_su11_identity_error": 1.9984014443252818e-15,
        "max_principal_frame_determinant_error": 1.129252412276225e-15,
        "offdiagonal_mixing": 1.2461359052046926e-05,
        "principal_frame_product_error": 0.0002945966258174637,
        "u_interval": [
          -0.1,
          0.1
        ]
      },
      {
        "S": 15360,
        "cells": 3072,
        "error_times_sqrt_S": 0.022384604739248568,
        "hyperbolic_local_cells": 0,
        "inner_error_times_sqrt_S": 10.150411996589227,
        "inner_layer_cells": 247,
        "inner_layer_width": 0.008068715304598784,
        "inner_scalar_product_error": 0.08190078462486261,
        "lambda": 3.618033988749895,
        "m": 4,
        "max_local_determinant_error": 1.7763568394002505e-15,
        "max_moving_frame_su11_identity_error": 2.55351295663786e-15,
        "max_principal_frame_determinant_error": 1.129252412276225e-15,
        "offdiagonal_mixing": 3.954845396756161e-05,
        "principal_frame_product_error": 0.0001806150028469694,
        "u_interval": [
          -0.1,
          0.1
        ]
      }
    ],
    "scope": "finite exact scalar-Jacobi products in float64; corroboration only, not a proof of the O(S^-1/2) bound",
    "spins_per_energy": 8,
    "u_interval": [
      -0.1,
      0.1
    ]
  },
  "numpy": "2.4.4",
  "source_revision": "20251000c51d7bd23573d36f091eb1c88ebde92a",
  "source_sha256": {
    "docs/POSTMARK_ELECTRIC_CENTRAL_BRAGG_CROSSING_TRANSFER_BOUNDED_THEOREM_NOTE_2026-09-24.md": "3e969251b553b69b5d16a5da854d41883092501e49b9e989336b7bee73c92ffd",
    "docs/POSTMARK_ELECTRIC_FIVE_SITE_TRANSFER_PHASE_EXPANSION_BOUNDED_THEOREM_NOTE_2026-09-24.md": "f5646a8ee9dca0c813e1978f498bf1036d971b5c854a29aaf7dca6808f917173",
    "docs/POSTMARK_ELECTRIC_REGULAR_BULK_PHASE_TRANSPORT_BOUNDED_THEOREM_NOTE_2026-09-24.md": "a0e922d40a0d1f887ce8975537925b4811e8922eabb0c7ed42ee10edb414742c",
    "docs/POSTMARK_ELECTRIC_SIMPLE_BRAGG_CROSSING_TRANSFER_BOUNDED_THEOREM_NOTE_2026-09-24.md": "6d7d3470593caa53c2d6148e1e73959b9bb6140eb97d600b728d3e23ac9abdd9"
  },
  "symbolic": {
    "central_diagonal_phase_coefficient_vanishes": true,
    "central_first_order_moving_frame_matrix": "Matrix([[0, 0], [0, 0]])",
    "constant_offdiagonal_mutation_rejected": true,
    "first_order_scaling": "A1(0)=0 and A1 is analytic, hence A1(u)=O(u) on compact J",
    "quadratic_contact_coefficient_residuals": {
      "1": "0",
      "2": "0",
      "3": "0",
      "4": "0"
    }
  },
  "sympy": "1.14.0",
  "target_claim_type": "bounded_theorem"
}
