{
  "source_revision": "5171af01191cc2db9d5bad0f8eca2185114ebbe3",
  "input_sha256": {
    "exact_side_runner": "a9d8a0235745cc91794b56cfbb77ed53e3e96366c9edf9cc4b95439be0b87054",
    "exact_side_note": "36463f97761bb0b51f288efb6e1de58aeabc2ece3ad51c2871199232410c0121",
    "five_site_note": "a3af4101711b8b61bfe87551b2651de498784de17d58cf3356e864b3a9b700e3",
    "probe": "d4de43522221fa655e95c02010868fcb9732725eb6c4745c90f77069cac9552c"
  },
  "lag_phase": "Phi[S,h,j]=C/4*(lambda[j+h]-lambda[j]); lambda are exact finite-spin eigenvalues of N_S",
  "weight": "conj(c[j])*c[j+h]*<phi_j, cos(2*pi*n/3) phi_(j+h)> with c the radius-R limiting prepared profile projected onto the finite eigenbasis",
  "selected_fixed_and_macroscopic_lags": [
    1,
    2,
    4,
    8,
    16,
    32,
    64,
    128,
    256,
    512,
    1024,
    1536,
    2048,
    2560,
    3840,
    5000
  ],
  "rows": [
    {
      "S": 8,
      "dimension": 77,
      "profile_radius": 24,
      "profile_tail_bound": 5.707491014309905e-12,
      "profile_construction": "Laurent-series expansion of N_inf^2=6I-4(U+U*)+(U^2+U*^2)",
      "q_real_direct": -0.048246713450520964,
      "q_imag_direct": 0.0,
      "diagonal_term_real": 0.0045583250041928295,
      "selected_lag_sum_real": 0.0091004946328494,
      "remainder_after_selected_lags_real_diagnostic": -0.06190553308756319,
      "fixed_lags": [
        {
          "lag": 1,
          "pairs": 76,
          "phase_prefix_max": 66.32606095306129,
          "phase_prefix_over_sqrt_pairs": 7.608120974145082,
          "weighted_pair_l1": 0.034712940235940064,
          "weighted_sum_abs": 0.009097731919116057,
          "weighted_prefix_max_abs": 0.009263654069279396,
          "scaled_weight_total_variation": 3.9994172458029458,
          "abel_bound": 3.4450076885954637,
          "near_alias_increment_count_at_0_01": 2,
          "near_alias_weight_l1_at_0_01": 0.0006892956542016656,
          "dense_overlap_check_error_when_S_le_8": 3.469446951953614e-17
        },
        {
          "lag": 2,
          "pairs": 75,
          "phase_prefix_max": 45.17195966091526,
          "phase_prefix_over_sqrt_pairs": 5.216008614010468,
          "weighted_pair_l1": 0.02437204243110555,
          "weighted_sum_abs": 0.0027348455463756987,
          "weighted_prefix_max_abs": 0.0030856199948817438,
          "scaled_weight_total_variation": 3.062562373290564,
          "abel_bound": 1.7966486231859515,
          "near_alias_increment_count_at_0_01": 3,
          "near_alias_weight_l1_at_0_01": 0.0012504515898190643,
          "dense_overlap_check_error_when_S_le_8": 4.163336342344337e-17
        },
        {
          "lag": 4,
          "pairs": 73,
          "phase_prefix_max": 20.298047325547014,
          "phase_prefix_over_sqrt_pairs": 2.3757067448233724,
          "weighted_pair_l1": 0.027384007219149714,
          "weighted_sum_abs": 0.0005915471140100782,
          "weighted_prefix_max_abs": 0.0036360172367713287,
          "scaled_weight_total_variation": 3.5911006918915755,
          "abel_bound": 0.9466536596729848,
          "near_alias_increment_count_at_0_01": 3,
          "near_alias_weight_l1_at_0_01": 0.0006766997698213422,
          "dense_overlap_check_error_when_S_le_8": 2.0816681711721685e-17
        },
        {
          "lag": 8,
          "pairs": 69,
          "phase_prefix_max": 9.938508348265819,
          "phase_prefix_over_sqrt_pairs": 1.1964558059060195,
          "weighted_pair_l1": 0.025579078746028026,
          "weighted_sum_abs": 0.003557929470172746,
          "weighted_prefix_max_abs": 0.004986226556003265,
          "scaled_weight_total_variation": 3.2497559481939486,
          "abel_bound": 0.4194509950772995,
          "near_alias_increment_count_at_0_01": 0,
          "near_alias_weight_l1_at_0_01": 0.0,
          "dense_overlap_check_error_when_S_le_8": 2.7755575615628914e-17
        },
        {
          "lag": 16,
          "pairs": 61,
          "phase_prefix_max": 8.96065610788294,
          "phase_prefix_over_sqrt_pairs": 1.147294450204979,
          "weighted_pair_l1": 0.019714370847222887,
          "weighted_sum_abs": 0.002994693360478876,
          "weighted_prefix_max_abs": 0.005095855870510097,
          "scaled_weight_total_variation": 2.4848308421393672,
          "abel_bound": 0.28916512548924717,
          "near_alias_increment_count_at_0_01": 0,
          "near_alias_weight_l1_at_0_01": 0.0,
          "dense_overlap_check_error_when_S_le_8": 2.7755575615628914e-17
        },
        {
          "lag": 32,
          "pairs": 45,
          "phase_prefix_max": 4.14375921732875,
          "phase_prefix_over_sqrt_pairs": 0.6177151528225606,
          "weighted_pair_l1": 0.020115511419199095,
          "weighted_sum_abs": 0.0018370525067680926,
          "weighted_prefix_max_abs": 0.002861949331599013,
          "scaled_weight_total_variation": 2.5704567821758135,
          "abel_bound": 0.13832927251800295,
          "near_alias_increment_count_at_0_01": 1,
          "near_alias_weight_l1_at_0_01": 0.00032157530971280374,
          "dense_overlap_check_error_when_S_le_8": 2.7755575615628914e-17
        },
        {
          "lag": 64,
          "pairs": 13,
          "phase_prefix_max": 1.6479118852828287,
          "phase_prefix_over_sqrt_pairs": 0.4570485230641362,
          "weighted_pair_l1": 0.00613141200183009,
          "weighted_sum_abs": 0.0019823555730290963,
          "weighted_prefix_max_abs": 0.0026751033424122998,
          "scaled_weight_total_variation": 0.5200897861959889,
          "abel_bound": 0.011130677143981497,
          "near_alias_increment_count_at_0_01": 0,
          "near_alias_weight_l1_at_0_01": 0.0,
          "dense_overlap_check_error_when_S_le_8": 2.7755575615628914e-17
        }
      ],
      "scope": "finite float64/complex128 profile-scalar diagnostic; no uniform lag bound or asymptotic claim"
    },
    {
      "S": 96,
      "dimension": 957,
      "profile_radius": 24,
      "profile_tail_bound": 5.707491014309905e-12,
      "profile_construction": "Laurent-series expansion of N_inf^2=6I-4(U+U*)+(U^2+U*^2)",
      "q_real_direct": -0.027753439834547686,
      "q_imag_direct": 0.0,
      "diagonal_term_real": 0.000440682620813073,
      "selected_lag_sum_real": -1.7882221915597595e-05,
      "remainder_after_selected_lags_real_diagnostic": -0.02817624023344516,
      "fixed_lags": [
        {
          "lag": 1,
          "pairs": 956,
          "phase_prefix_max": 93.53176034008936,
          "phase_prefix_over_sqrt_pairs": 3.0250333156842935,
          "weighted_pair_l1": 0.010565243392939343,
          "weighted_sum_abs": 0.0007586211480396698,
          "weighted_prefix_max_abs": 0.0007588506395540684,
          "scaled_weight_total_variation": 14.773047888275904,
          "abel_bound": 1.4438340382224506,
          "near_alias_increment_count_at_0_01": 30,
          "near_alias_weight_l1_at_0_01": 0.00022612511836109223,
          "dense_overlap_check_error_when_S_le_8": null
        },
        {
          "lag": 2,
          "pairs": 955,
          "phase_prefix_max": 50.43711383777599,
          "phase_prefix_over_sqrt_pairs": 1.6321066758472969,
          "weighted_pair_l1": 0.008660923396956406,
          "weighted_sum_abs": 0.00030120188166977177,
          "weighted_prefix_max_abs": 0.0004405447888114931,
          "scaled_weight_total_variation": 12.956966039957633,
          "abel_bound": 0.6828756229357792,
          "near_alias_increment_count_at_0_01": 10,
          "near_alias_weight_l1_at_0_01": 8.428821805278272e-05,
          "dense_overlap_check_error_when_S_le_8": null
        },
        {
          "lag": 4,
          "pairs": 953,
          "phase_prefix_max": 26.72580485325653,
          "phase_prefix_over_sqrt_pairs": 0.865733738292794,
          "weighted_pair_l1": 0.008309622568980254,
          "weighted_sum_abs": 0.0003181984851622267,
          "weighted_prefix_max_abs": 0.0005636727975272858,
          "scaled_weight_total_variation": 12.553448657114425,
          "abel_bound": 0.3505757774769231,
          "near_alias_increment_count_at_0_01": 11,
          "near_alias_weight_l1_at_0_01": 7.831976438248523e-05,
          "dense_overlap_check_error_when_S_le_8": null
        },
        {
          "lag": 8,
          "pairs": 949,
          "phase_prefix_max": 29.154078946635885,
          "phase_prefix_over_sqrt_pairs": 0.9463814503433212,
          "weighted_pair_l1": 0.00808177874066298,
          "weighted_sum_abs": 0.00039528495950713497,
          "weighted_prefix_max_abs": 0.0006209707544374251,
          "scaled_weight_total_variation": 12.413518723839623,
          "abel_bound": 0.3781658358206511,
          "near_alias_increment_count_at_0_01": 7,
          "near_alias_weight_l1_at_0_01": 6.685195496547623e-05,
          "dense_overlap_check_error_when_S_le_8": null
        },
        {
          "lag": 16,
          "pairs": 941,
          "phase_prefix_max": 28.299558396910808,
          "phase_prefix_over_sqrt_pairs": 0.9225392379446338,
          "weighted_pair_l1": 0.00825331965844117,
          "weighted_sum_abs": 0.00036977456690026064,
          "weighted_prefix_max_abs": 0.0004038094328163433,
          "scaled_weight_total_variation": 12.660081055326568,
          "abel_bound": 0.3743727305484205,
          "near_alias_increment_count_at_0_01": 6,
          "near_alias_weight_l1_at_0_01": 3.584044692946996e-05,
          "dense_overlap_check_error_when_S_le_8": null
        },
        {
          "lag": 32,
          "pairs": 925,
          "phase_prefix_max": 19.17295604703989,
          "phase_prefix_over_sqrt_pairs": 0.6304029115566968,
          "weighted_pair_l1": 0.008175263121390698,
          "weighted_sum_abs": 0.00033150118218690694,
          "weighted_prefix_max_abs": 0.00037208139663937273,
          "scaled_weight_total_variation": 12.517148425261922,
          "abel_bound": 0.2507740194271906,
          "near_alias_increment_count_at_0_01": 3,
          "near_alias_weight_l1_at_0_01": 3.4086729418335654e-05,
          "dense_overlap_check_error_when_S_le_8": null
        },
        {
          "lag": 64,
          "pairs": 893,
          "phase_prefix_max": 15.26449818949607,
          "phase_prefix_over_sqrt_pairs": 0.5108069554881377,
          "weighted_pair_l1": 0.007932796334947766,
          "weighted_sum_abs": 0.0003778504866507295,
          "weighted_prefix_max_abs": 0.0004094732624694676,
          "scaled_weight_total_variation": 12.357069328505478,
          "abel_bound": 0.19709975171624794,
          "near_alias_increment_count_at_0_01": 2,
          "near_alias_weight_l1_at_0_01": 2.0601982578520624e-05,
          "dense_overlap_check_error_when_S_le_8": null
        },
        {
          "lag": 128,
          "pairs": 829,
          "phase_prefix_max": 12.214650045739404,
          "phase_prefix_over_sqrt_pairs": 0.42423233122466136,
          "weighted_pair_l1": 0.006566091447104974,
          "weighted_sum_abs": 0.0002742025009123707,
          "weighted_prefix_max_abs": 0.0003952979457189406,
          "scaled_weight_total_variation": 10.255840600843566,
          "abel_bound": 0.13090021302423185,
          "near_alias_increment_count_at_0_01": 0,
          "near_alias_weight_l1_at_0_01": 0.0,
          "dense_overlap_check_error_when_S_le_8": null
        },
        {
          "lag": 256,
          "pairs": 701,
          "phase_prefix_max": 25.569981648897837,
          "phase_prefix_over_sqrt_pairs": 0.9657648780151739,
          "weighted_pair_l1": 0.004950226023196007,
          "weighted_sum_abs": 0.0001720927399806792,
          "weighted_prefix_max_abs": 0.0002700681514559762,
          "scaled_weight_total_variation": 7.732541240815526,
          "abel_bound": 0.20660495049843125,
          "near_alias_increment_count_at_0_01": 4,
          "near_alias_weight_l1_at_0_01": 4.3999292751717186e-05,
          "dense_overlap_check_error_when_S_le_8": null
        },
        {
          "lag": 512,
          "pairs": 445,
          "phase_prefix_max": 21.938808613626122,
          "phase_prefix_over_sqrt_pairs": 1.0399992689985715,
          "weighted_pair_l1": 0.005865727979593866,
          "weighted_sum_abs": 0.00046797317842403184,
          "weighted_prefix_max_abs": 0.0005813914278821561,
          "scaled_weight_total_variation": 9.030924365269605,
          "abel_bound": 0.20703001175943872,
          "near_alias_increment_count_at_0_01": 0,
          "near_alias_weight_l1_at_0_01": 0.0,
          "dense_overlap_check_error_when_S_le_8": null
        }
      ],
      "scope": "finite float64/complex128 profile-scalar diagnostic; no uniform lag bound or asymptotic claim"
    },
    {
      "S": 192,
      "dimension": 1917,
      "profile_radius": 24,
      "profile_tail_bound": 5.707491014309905e-12,
      "profile_construction": "Laurent-series expansion of N_inf^2=6I-4(U+U*)+(U^2+U*^2)",
      "q_real_direct": 0.009589238342634535,
      "q_imag_direct": 0.0,
      "diagonal_term_real": 0.00019193758896773465,
      "selected_lag_sum_real": -0.000519727157858602,
      "remainder_after_selected_lags_real_diagnostic": 0.009917027911525402,
      "fixed_lags": [
        {
          "lag": 1,
          "pairs": 1916,
          "phase_prefix_max": 146.95745270512853,
          "phase_prefix_over_sqrt_pairs": 3.3573287007679253,
          "weighted_pair_l1": 0.007392050265387725,
          "weighted_sum_abs": 0.0004576168475376288,
          "weighted_prefix_max_abs": 0.0004576644071194856,
          "scaled_weight_total_variation": 21.065372844572988,
          "abel_bound": 1.614874039396053,
          "near_alias_increment_count_at_0_01": 33,
          "near_alias_weight_l1_at_0_01": 8.958222302343693e-05,
          "dense_overlap_check_error_when_S_le_8": null
        },
        {
          "lag": 2,
          "pairs": 1915,
          "phase_prefix_max": 62.84905457796855,
          "phase_prefix_over_sqrt_pairs": 1.4361981399889838,
          "weighted_pair_l1": 0.006157952405256148,
          "weighted_sum_abs": 6.514523743499478e-05,
          "weighted_prefix_max_abs": 0.00024227214882010915,
          "scaled_weight_total_variation": 18.47324434993354,
          "abel_bound": 0.6056473356187388,
          "near_alias_increment_count_at_0_01": 14,
          "near_alias_weight_l1_at_0_01": 4.736070937755859e-05,
          "dense_overlap_check_error_when_S_le_8": null
        },
        {
          "lag": 4,
          "pairs": 1913,
          "phase_prefix_max": 38.50634746055935,
          "phase_prefix_over_sqrt_pairs": 0.8803894717286467,
          "weighted_pair_l1": 0.00609800425063668,
          "weighted_sum_abs": 0.00032523102142321763,
          "weighted_prefix_max_abs": 0.0003253547242280456,
          "scaled_weight_total_variation": 18.486328126708617,
          "abel_bound": 0.3713307115894383,
          "near_alias_increment_count_at_0_01": 9,
          "near_alias_weight_l1_at_0_01": 2.949292382165807e-05,
          "dense_overlap_check_error_when_S_le_8": null
        },
        {
          "lag": 8,
          "pairs": 1909,
          "phase_prefix_max": 31.51594460532289,
          "phase_prefix_over_sqrt_pairs": 0.721318987262883,
          "weighted_pair_l1": 0.00596211758642376,
          "weighted_sum_abs": 0.00024017008824616347,
          "weighted_prefix_max_abs": 0.0003234374915723558,
          "scaled_weight_total_variation": 18.352407280346444,
          "abel_bound": 0.30171802358983985,
          "near_alias_increment_count_at_0_01": 10,
          "near_alias_weight_l1_at_0_01": 5.322470894050735e-05,
          "dense_overlap_check_error_when_S_le_8": null
        },
        {
          "lag": 16,
          "pairs": 1901,
          "phase_prefix_max": 40.94450140001117,
          "phase_prefix_over_sqrt_pairs": 0.9390841887548986,
          "weighted_pair_l1": 0.00596063970135048,
          "weighted_sum_abs": 0.00012266432411555455,
          "weighted_prefix_max_abs": 0.00023383925858777064,
          "scaled_weight_total_variation": 18.241576957376818,
          "abel_bound": 0.3896151660248965,
          "near_alias_increment_count_at_0_01": 10,
          "near_alias_weight_l1_at_0_01": 3.2565413086350246e-05,
          "dense_overlap_check_error_when_S_le_8": null
        },
        {
          "lag": 32,
          "pairs": 1885,
          "phase_prefix_max": 30.76908003259466,
          "phase_prefix_over_sqrt_pairs": 0.7086941276784715,
          "weighted_pair_l1": 0.005969814533327395,
          "weighted_sum_abs": 0.00014201654788169034,
          "weighted_prefix_max_abs": 0.00016567397973292643,
          "scaled_weight_total_variation": 18.34599786557642,
          "abel_bound": 0.2944650373519727,
          "near_alias_increment_count_at_0_01": 10,
          "near_alias_weight_l1_at_0_01": 3.6330506081074406e-05,
          "dense_overlap_check_error_when_S_le_8": null
        },
        {
          "lag": 64,
          "pairs": 1853,
          "phase_prefix_max": 30.917573902609263,
          "phase_prefix_over_sqrt_pairs": 0.7182368740492885,
          "weighted_pair_l1": 0.005885759532350944,
          "weighted_sum_abs": 0.0001092558296151258,
          "weighted_prefix_max_abs": 0.000217090618217089,
          "scaled_weight_total_variation": 18.193476920622345,
          "abel_bound": 0.29342627398996207,
          "near_alias_increment_count_at_0_01": 9,
          "near_alias_weight_l1_at_0_01": 3.680105777518841e-05,
          "dense_overlap_check_error_when_S_le_8": null
        },
        {
          "lag": 128,
          "pairs": 1789,
          "phase_prefix_max": 26.823499256823297,
          "phase_prefix_over_sqrt_pairs": 0.6341766722595791,
          "weighted_pair_l1": 0.005575003703197491,
          "weighted_sum_abs": 7.330278107354018e-05,
          "weighted_prefix_max_abs": 0.0003107282035876413,
          "scaled_weight_total_variation": 17.127858900545352,
          "abel_bound": 0.23966046452256262,
          "near_alias_increment_count_at_0_01": 4,
          "near_alias_weight_l1_at_0_01": 1.3745571427209737e-05,
          "dense_overlap_check_error_when_S_le_8": null
        },
        {
          "lag": 256,
          "pairs": 1661,
          "phase_prefix_max": 42.82225304230496,
          "phase_prefix_over_sqrt_pairs": 1.050714431302062,
          "weighted_pair_l1": 0.0047065781313083855,
          "weighted_sum_abs": 0.00021403440779769643,
          "weighted_prefix_max_abs": 0.00021875085732812327,
          "scaled_weight_total_variation": 14.76565168702696,
          "abel_bound": 0.3298374923716252,
          "near_alias_increment_count_at_0_01": 4,
          "near_alias_weight_l1_at_0_01": 5.449903533326837e-06,
          "dense_overlap_check_error_when_S_le_8": null
        },
        {
          "lag": 512,
          "pairs": 1405,
          "phase_prefix_max": 33.92620775148185,
          "phase_prefix_over_sqrt_pairs": 0.905101230018657,
          "weighted_pair_l1": 0.0035635818355014026,
          "weighted_sum_abs": 0.00011771806456336671,
          "weighted_prefix_max_abs": 0.00016033268070348797,
          "scaled_weight_total_variation": 11.293424877578547,
          "abel_bound": 0.1998659773721874,
          "near_alias_increment_count_at_0_01": 2,
          "near_alias_weight_l1_at_0_01": 6.758715667345031e-06,
          "dense_overlap_check_error_when_S_le_8": null
        },
        {
          "lag": 1024,
          "pairs": 893,
          "phase_prefix_max": 36.271011455178545,
          "phase_prefix_over_sqrt_pairs": 1.2137631190945013,
          "weighted_pair_l1": 0.004046744266457149,
          "weighted_sum_abs": 0.00014918107904453003,
          "weighted_prefix_max_abs": 0.00015736134746580595,
          "scaled_weight_total_variation": 12.43571681630825,
          "abel_bound": 0.2352926588928915,
          "near_alias_increment_count_at_0_01": 3,
          "near_alias_weight_l1_at_0_01": 2.4759667309509924e-05,
          "dense_overlap_check_error_when_S_le_8": null
        },
        {
          "lag": 1536,
          "pairs": 381,
          "phase_prefix_max": 22.403219255956845,
          "phase_prefix_over_sqrt_pairs": 1.147751691334793,
          "weighted_pair_l1": 0.0011943414886870303,
          "weighted_sum_abs": 6.911834190868815e-05,
          "weighted_prefix_max_abs": 7.507683316138317e-05,
          "scaled_weight_total_variation": 2.9110411698536005,
          "abel_bound": 0.034020184450363755,
          "near_alias_increment_count_at_0_01": 2,
          "near_alias_weight_l1_at_0_01": 2.7371135689592573e-09,
          "dense_overlap_check_error_when_S_le_8": null
        }
      ],
      "scope": "finite float64/complex128 profile-scalar diagnostic; no uniform lag bound or asymptotic claim"
    },
    {
      "S": 384,
      "dimension": 3837,
      "profile_radius": 24,
      "profile_tail_bound": 5.707491014309905e-12,
      "profile_construction": "Laurent-series expansion of N_inf^2=6I-4(U+U*)+(U^2+U*^2)",
      "q_real_direct": 0.023642224388823685,
      "q_imag_direct": -1.734723475976807e-18,
      "diagonal_term_real": 7.706502688018888e-05,
      "selected_lag_sum_real": -0.00021679449784494455,
      "remainder_after_selected_lags_real_diagnostic": 0.02378195385978844,
      "fixed_lags": [
        {
          "lag": 1,
          "pairs": 3836,
          "phase_prefix_max": 164.71322115219675,
          "phase_prefix_over_sqrt_pairs": 2.6594336593553365,
          "weighted_pair_l1": 0.0051980037957642345,
          "weighted_sum_abs": 0.00011655887693933472,
          "weighted_prefix_max_abs": 0.00011657006124742731,
          "scaled_weight_total_variation": 29.64483510513782,
          "abel_bound": 1.2725817776108865,
          "near_alias_increment_count_at_0_01": 64,
          "near_alias_weight_l1_at_0_01": 5.68226098872149e-05,
          "dense_overlap_check_error_when_S_le_8": null
        },
        {
          "lag": 2,
          "pairs": 3835,
          "phase_prefix_max": 62.29327758122739,
          "phase_prefix_over_sqrt_pairs": 1.0059085460816068,
          "weighted_pair_l1": 0.004402179146231215,
          "weighted_sum_abs": 8.148136580250815e-05,
          "weighted_prefix_max_abs": 0.00014131820697563369,
          "scaled_weight_total_variation": 26.706560697804644,
          "abel_bound": 0.4335781075809858,
          "near_alias_increment_count_at_0_01": 41,
          "near_alias_weight_l1_at_0_01": 3.994151297518761e-05,
          "dense_overlap_check_error_when_S_le_8": null
        },
        {
          "lag": 4,
          "pairs": 3833,
          "phase_prefix_max": 51.90060878635807,
          "phase_prefix_over_sqrt_pairs": 0.8383069032098974,
          "weighted_pair_l1": 0.0043140739550627675,
          "weighted_sum_abs": 3.5537474391990116e-05,
          "weighted_prefix_max_abs": 0.00010434569883597599,
          "scaled_weight_total_variation": 26.316534928993732,
          "abel_bound": 0.35596668854892655,
          "near_alias_increment_count_at_0_01": 21,
          "near_alias_weight_l1_at_0_01": 3.061989633291319e-05,
          "dense_overlap_check_error_when_S_le_8": null
        },
        {
          "lag": 8,
          "pairs": 3829,
          "phase_prefix_max": 61.089022675584616,
          "phase_prefix_over_sqrt_pairs": 0.9872348868014976,
          "weighted_pair_l1": 0.004238479042547801,
          "weighted_sum_abs": 0.000100020258990095,
          "weighted_prefix_max_abs": 0.00010021778691288592,
          "scaled_weight_total_variation": 26.076701693374748,
          "abel_bound": 0.41516815768856546,
          "near_alias_increment_count_at_0_01": 22,
          "near_alias_weight_l1_at_0_01": 3.5003360156860956e-05,
          "dense_overlap_check_error_when_S_le_8": null
        },
        {
          "lag": 16,
          "pairs": 3821,
          "phase_prefix_max": 71.55375690853076,
          "phase_prefix_over_sqrt_pairs": 1.157561096058596,
          "weighted_pair_l1": 0.004186752130504095,
          "weighted_sum_abs": 0.00019225598839140275,
          "weighted_prefix_max_abs": 0.00021313401316711594,
          "scaled_weight_total_variation": 25.63984513055988,
          "abel_bound": 0.47814105958938175,
          "near_alias_increment_count_at_0_01": 8,
          "near_alias_weight_l1_at_0_01": 7.198180561345306e-06,
          "dense_overlap_check_error_when_S_le_8": null
        },
        {
          "lag": 32,
          "pairs": 3805,
          "phase_prefix_max": 61.89853508382887,
          "phase_prefix_over_sqrt_pairs": 1.003466874166264,
          "weighted_pair_l1": 0.004205474906063408,
          "weighted_sum_abs": 0.00011116235002381559,
          "weighted_prefix_max_abs": 0.00011948824986878326,
          "scaled_weight_total_variation": 25.693150181797638,
          "abel_bound": 0.41448224079804147,
          "near_alias_increment_count_at_0_01": 4,
          "near_alias_weight_l1_at_0_01": 6.683556242381484e-06,
          "dense_overlap_check_error_when_S_le_8": null
        },
        {
          "lag": 64,
          "pairs": 3773,
          "phase_prefix_max": 72.2165208512442,
          "phase_prefix_over_sqrt_pairs": 1.1756909065881789,
          "weighted_pair_l1": 0.004165358750311793,
          "weighted_sum_abs": 4.439618505867464e-05,
          "weighted_prefix_max_abs": 0.00011335240704586775,
          "scaled_weight_total_variation": 25.352087659747063,
          "abel_bound": 0.47715391376145283,
          "near_alias_increment_count_at_0_01": 9,
          "near_alias_weight_l1_at_0_01": 5.026133443902549e-06,
          "dense_overlap_check_error_when_S_le_8": null
        },
        {
          "lag": 128,
          "pairs": 3709,
          "phase_prefix_max": 81.67961027208888,
          "phase_prefix_over_sqrt_pairs": 1.3411743539405767,
          "weighted_pair_l1": 0.004191183840391468,
          "weighted_sum_abs": 0.00015067209539628448,
          "weighted_prefix_max_abs": 0.00017059684218003317,
          "scaled_weight_total_variation": 25.657391378576175,
          "abel_bound": 0.5461781934846377,
          "near_alias_increment_count_at_0_01": 6,
          "near_alias_weight_l1_at_0_01": 1.3055473730067345e-05,
          "dense_overlap_check_error_when_S_le_8": null
        },
        {
          "lag": 256,
          "pairs": 3581,
          "phase_prefix_max": 33.3601619124406,
          "phase_prefix_over_sqrt_pairs": 0.557475761328879,
          "weighted_pair_l1": 0.004006267504760046,
          "weighted_sum_abs": 7.734484089124824e-05,
          "weighted_prefix_max_abs": 8.28903259583058e-05,
          "scaled_weight_total_variation": 24.81970705819225,
          "abel_bound": 0.21579083817582442,
          "near_alias_increment_count_at_0_01": 11,
          "near_alias_weight_l1_at_0_01": 1.329735429669878e-05,
          "dense_overlap_check_error_when_S_le_8": null
        },
        {
          "lag": 512,
          "pairs": 3325,
          "phase_prefix_max": 42.34573012455539,
          "phase_prefix_over_sqrt_pairs": 0.7343680951555966,
          "weighted_pair_l1": 0.003322517261453183,
          "weighted_sum_abs": 7.688760275568438e-05,
          "weighted_prefix_max_abs": 8.801289326689201e-05,
          "scaled_weight_total_variation": 20.757769169882245,
          "abel_bound": 0.22908597635018232,
          "near_alias_increment_count_at_0_01": 6,
          "near_alias_weight_l1_at_0_01": 1.571975229776938e-05,
          "dense_overlap_check_error_when_S_le_8": null
        },
        {
          "lag": 1024,
          "pairs": 2813,
          "phase_prefix_max": 57.62650283980756,
          "phase_prefix_over_sqrt_pairs": 1.0865191830516023,
          "weighted_pair_l1": 0.0024929979666757744,
          "weighted_sum_abs": 4.613981573317703e-05,
          "weighted_prefix_max_abs": 9.020397322261439e-05,
          "scaled_weight_total_variation": 15.583353738886036,
          "abel_bound": 0.2340407032805947,
          "near_alias_increment_count_at_0_01": 4,
          "near_alias_weight_l1_at_0_01": 5.929296627935358e-06,
          "dense_overlap_check_error_when_S_le_8": null
        },
        {
          "lag": 1536,
          "pairs": 2301,
          "phase_prefix_max": 34.235385289346745,
          "phase_prefix_over_sqrt_pairs": 0.7137019946158568,
          "weighted_pair_l1": 0.0028625953893803594,
          "weighted_sum_abs": 8.011024315351102e-05,
          "weighted_prefix_max_abs": 9.90604238876153e-05,
          "scaled_weight_total_variation": 18.744803493050156,
          "abel_bound": 0.16724930147450218,
          "near_alias_increment_count_at_0_01": 10,
          "near_alias_weight_l1_at_0_01": 1.2732822875030201e-05,
          "dense_overlap_check_error_when_S_le_8": null
        },
        {
          "lag": 2048,
          "pairs": 1789,
          "phase_prefix_max": 72.51503929137459,
          "phase_prefix_over_sqrt_pairs": 1.7144424695028713,
          "weighted_pair_l1": 0.0028860562111926126,
          "weighted_sum_abs": 9.833132919119518e-05,
          "weighted_prefix_max_abs": 9.932390516843291e-05,
          "scaled_weight_total_variation": 17.81344046545295,
          "abel_bound": 0.3366542442707539,
          "near_alias_increment_count_at_0_01": 4,
          "near_alias_weight_l1_at_0_01": 7.681250760608292e-06,
          "dense_overlap_check_error_when_S_le_8": null
        },
        {
          "lag": 2560,
          "pairs": 1277,
          "phase_prefix_max": 84.08449829481611,
          "phase_prefix_over_sqrt_pairs": 2.3529922058235457,
          "weighted_pair_l1": 0.0023796134163694476,
          "weighted_sum_abs": 4.5941321272148383e-05,
          "weighted_prefix_max_abs": 0.00011931390238644226,
          "scaled_weight_total_variation": 15.11437605532928,
          "abel_bound": 0.33121832881197405,
          "near_alias_increment_count_at_0_01": 6,
          "near_alias_weight_l1_at_0_01": 1.0705881512846713e-05,
          "dense_overlap_check_error_when_S_le_8": null
        }
      ],
      "scope": "finite float64/complex128 profile-scalar diagnostic; no uniform lag bound or asymptotic claim"
    },
    {
      "S": 512,
      "dimension": 5117,
      "profile_radius": 24,
      "profile_tail_bound": 5.707491014309905e-12,
      "profile_construction": "Laurent-series expansion of N_inf^2=6I-4(U+U*)+(U^2+U*^2)",
      "q_real_direct": 0.012503551074628465,
      "q_imag_direct": -3.469446951953614e-18,
      "diagonal_term_real": 0.00010812402075096149,
      "selected_lag_sum_real": -3.0197713394496257e-05,
      "remainder_after_selected_lags_real_diagnostic": 0.012425624767271999,
      "fixed_lags": [
        {
          "lag": 1,
          "pairs": 5116,
          "phase_prefix_max": 133.51987003002117,
          "phase_prefix_over_sqrt_pairs": 1.8667262432522418,
          "weighted_pair_l1": 0.004520244099607076,
          "weighted_sum_abs": 8.826933626870328e-05,
          "weighted_prefix_max_abs": 8.827622564982723e-05,
          "scaled_weight_total_variation": 34.28635763578076,
          "abel_bound": 0.8946472572468772,
          "near_alias_increment_count_at_0_01": 72,
          "near_alias_weight_l1_at_0_01": 3.259040256572044e-05,
          "dense_overlap_check_error_when_S_le_8": null
        },
        {
          "lag": 2,
          "pairs": 5115,
          "phase_prefix_max": 90.10436169471564,
          "phase_prefix_over_sqrt_pairs": 1.2598620536453473,
          "weighted_pair_l1": 0.0037382622671681873,
          "weighted_sum_abs": 0.00018030123003715383,
          "weighted_prefix_max_abs": 0.00018031241364438311,
          "scaled_weight_total_variation": 30.10624134712288,
          "abel_bound": 0.5301355598220759,
          "near_alias_increment_count_at_0_01": 34,
          "near_alias_weight_l1_at_0_01": 2.1249881945891344e-05,
          "dense_overlap_check_error_when_S_le_8": null
        },
        {
          "lag": 4,
          "pairs": 5113,
          "phase_prefix_max": 66.89947448306727,
          "phase_prefix_over_sqrt_pairs": 0.9355883598750533,
          "weighted_pair_l1": 0.003781041814447087,
          "weighted_sum_abs": 9.030006315242293e-05,
          "weighted_prefix_max_abs": 0.000109217042638663,
          "scaled_weight_total_variation": 30.744400827686356,
          "abel_bound": 0.4019511937989047,
          "near_alias_increment_count_at_0_01": 30,
          "near_alias_weight_l1_at_0_01": 2.6669758431037437e-05,
          "dense_overlap_check_error_when_S_le_8": null
        },
        {
          "lag": 8,
          "pairs": 5109,
          "phase_prefix_max": 90.11581392166315,
          "phase_prefix_over_sqrt_pairs": 1.2607618483282255,
          "weighted_pair_l1": 0.0037272399771827265,
          "weighted_sum_abs": 5.30072865949508e-05,
          "weighted_prefix_max_abs": 7.670590863589301e-05,
          "scaled_weight_total_variation": 30.538158189853696,
          "abel_bound": 0.5378094549437501,
          "near_alias_increment_count_at_0_01": 22,
          "near_alias_weight_l1_at_0_01": 1.5075493777128998e-05,
          "dense_overlap_check_error_when_S_le_8": null
        },
        {
          "lag": 16,
          "pairs": 5101,
          "phase_prefix_max": 45.04760681905039,
          "phase_prefix_over_sqrt_pairs": 0.6307308332930978,
          "weighted_pair_l1": 0.003688575459137443,
          "weighted_sum_abs": 8.84730733793537e-05,
          "weighted_prefix_max_abs": 9.791696826039457e-05,
          "scaled_weight_total_variation": 30.11207698928941,
          "abel_bound": 0.2650922424699011,
          "near_alias_increment_count_at_0_01": 20,
          "near_alias_weight_l1_at_0_01": 1.585819904011749e-05,
          "dense_overlap_check_error_when_S_le_8": null
        },
        {
          "lag": 32,
          "pairs": 5085,
          "phase_prefix_max": 37.25152453396304,
          "phase_prefix_over_sqrt_pairs": 0.5223944719156149,
          "weighted_pair_l1": 0.003716934190835049,
          "weighted_sum_abs": 4.847570432872377e-05,
          "weighted_prefix_max_abs": 7.504330667227318e-05,
          "scaled_weight_total_variation": 30.313044041770517,
          "abel_bound": 0.22067756572622954,
          "near_alias_increment_count_at_0_01": 16,
          "near_alias_weight_l1_at_0_01": 1.4166274795468836e-05,
          "dense_overlap_check_error_when_S_le_8": null
        },
        {
          "lag": 64,
          "pairs": 5053,
          "phase_prefix_max": 54.9722533802282,
          "phase_prefix_over_sqrt_pairs": 0.7733371801238359,
          "weighted_pair_l1": 0.003721689586485393,
          "weighted_sum_abs": 4.823453581964106e-05,
          "weighted_prefix_max_abs": 6.796694171527063e-05,
          "scaled_weight_total_variation": 30.308489809660195,
          "abel_bound": 0.32560601551469703,
          "near_alias_increment_count_at_0_01": 17,
          "near_alias_weight_l1_at_0_01": 1.4252402004944168e-05,
          "dense_overlap_check_error_when_S_le_8": null
        },
        {
          "lag": 128,
          "pairs": 4989,
          "phase_prefix_max": 54.93233137152384,
          "phase_prefix_over_sqrt_pairs": 0.7777164395040038,
          "weighted_pair_l1": 0.003680103762180201,
          "weighted_sum_abs": 3.4976264133588304e-05,
          "weighted_prefix_max_abs": 7.371737142639673e-05,
          "scaled_weight_total_variation": 30.012049866623084,
          "abel_bound": 0.3221871933578341,
          "near_alias_increment_count_at_0_01": 13,
          "near_alias_weight_l1_at_0_01": 9.171793332584766e-06,
          "dense_overlap_check_error_when_S_le_8": null
        },
        {
          "lag": 256,
          "pairs": 4861,
          "phase_prefix_max": 76.64149217602976,
          "phase_prefix_over_sqrt_pairs": 1.0992618123943574,
          "weighted_pair_l1": 0.00357088114077487,
          "weighted_sum_abs": 9.273712565942314e-05,
          "weighted_prefix_max_abs": 0.00010120361924261576,
          "scaled_weight_total_variation": 29.41301869702621,
          "abel_bound": 0.4405428263321382,
          "near_alias_increment_count_at_0_01": 5,
          "near_alias_weight_l1_at_0_01": 5.319626544570384e-06,
          "dense_overlap_check_error_when_S_le_8": null
        },
        {
          "lag": 512,
          "pairs": 4605,
          "phase_prefix_max": 38.33980653083878,
          "phase_prefix_over_sqrt_pairs": 0.564982634964599,
          "weighted_pair_l1": 0.003222692316742713,
          "weighted_sum_abs": 5.422538292432111e-05,
          "weighted_prefix_max_abs": 6.250037833584204e-05,
          "scaled_weight_total_variation": 26.78477936387445,
          "abel_bound": 0.20068853992224922,
          "near_alias_increment_count_at_0_01": 13,
          "near_alias_weight_l1_at_0_01": 1.28778699912862e-05,
          "dense_overlap_check_error_when_S_le_8": null
        },
        {
          "lag": 1024,
          "pairs": 4093,
          "phase_prefix_max": 48.74609449677565,
          "phase_prefix_over_sqrt_pairs": 0.7619368072151688,
          "weighted_pair_l1": 0.002358916904745246,
          "weighted_sum_abs": 6.508589862802226e-05,
          "weighted_prefix_max_abs": 7.544573595994252e-05,
          "scaled_weight_total_variation": 18.717861399074117,
          "abel_bound": 0.17831202668298146,
          "near_alias_increment_count_at_0_01": 19,
          "near_alias_weight_l1_at_0_01": 1.1557111753622228e-05,
          "dense_overlap_check_error_when_S_le_8": null
        },
        {
          "lag": 1536,
          "pairs": 3581,
          "phase_prefix_max": 36.28637436102836,
          "phase_prefix_over_sqrt_pairs": 0.6063751796490929,
          "weighted_pair_l1": 0.0022018972196452217,
          "weighted_sum_abs": 5.0444406834596705e-05,
          "weighted_prefix_max_abs": 5.8559097465583164e-05,
          "scaled_weight_total_variation": 18.67112071474635,
          "abel_bound": 0.1324032198544533,
          "near_alias_increment_count_at_0_01": 12,
          "near_alias_weight_l1_at_0_01": 5.515082515881858e-06,
          "dense_overlap_check_error_when_S_le_8": null
        },
        {
          "lag": 2048,
          "pairs": 3069,
          "phase_prefix_max": 154.10759165902914,
          "phase_prefix_over_sqrt_pairs": 2.7817979918446825,
          "weighted_pair_l1": 0.0024797153764441193,
          "weighted_sum_abs": 4.3599478926378184e-05,
          "weighted_prefix_max_abs": 5.804837275656824e-05,
          "scaled_weight_total_variation": 21.556957805786425,
          "abel_bound": 0.6492262753459166,
          "near_alias_increment_count_at_0_01": 15,
          "near_alias_weight_l1_at_0_01": 7.821511239255938e-06,
          "dense_overlap_check_error_when_S_le_8": null
        },
        {
          "lag": 2560,
          "pairs": 2557,
          "phase_prefix_max": 54.057211048107746,
          "phase_prefix_over_sqrt_pairs": 1.069026008972954,
          "weighted_pair_l1": 0.0025980789301511126,
          "weighted_sum_abs": 8.280599206222361e-05,
          "weighted_prefix_max_abs": 0.00011210695115244142,
          "scaled_weight_total_variation": 21.963540706437428,
          "abel_bound": 0.23202809367433916,
          "near_alias_increment_count_at_0_01": 6,
          "near_alias_weight_l1_at_0_01": 3.2125025685813146e-06,
          "dense_overlap_check_error_when_S_le_8": null
        },
        {
          "lag": 3840,
          "pairs": 1277,
          "phase_prefix_max": 36.22491039624586,
          "phase_prefix_over_sqrt_pairs": 1.013705659753907,
          "weighted_pair_l1": 0.001266144482511061,
          "weighted_sum_abs": 7.482350099700437e-05,
          "weighted_prefix_max_abs": 7.513832277357509e-05,
          "scaled_weight_total_variation": 9.860059681621989,
          "abel_bound": 0.06980257542864823,
          "near_alias_increment_count_at_0_01": 3,
          "near_alias_weight_l1_at_0_01": 4.744635329257117e-06,
          "dense_overlap_check_error_when_S_le_8": null
        },
        {
          "lag": 5000,
          "pairs": 117,
          "phase_prefix_max": 4.893385604633862,
          "phase_prefix_over_sqrt_pairs": 0.4523936591826858,
          "weighted_pair_l1": 8.618060180010568e-09,
          "weighted_sum_abs": 5.031107723187608e-10,
          "weighted_prefix_max_abs": 5.545982640539121e-10,
          "scaled_weight_total_variation": 8.578483874720808e-05,
          "abel_bound": 8.203601622462873e-08,
          "near_alias_increment_count_at_0_01": 0,
          "near_alias_weight_l1_at_0_01": 0.0,
          "dense_overlap_check_error_when_S_le_8": null
        }
      ],
      "scope": "finite float64/complex128 profile-scalar diagnostic; no uniform lag bound or asymptotic claim"
    }
  ]
}
