{
  "executed_predicates": 7059,
  "parts": {
    "flux": {
      "checks": 6962,
      "partition_controls": [
        {
          "vertices": 2,
          "frequencies": [],
          "native": {
            "0": 2
          },
          "auxiliary": {
            "0": 4
          }
        },
        {
          "vertices": 2,
          "frequencies": [
            1
          ],
          "native": {
            "-1": 1,
            "1": 1
          },
          "auxiliary": {
            "-2": 1,
            "0": 2,
            "2": 1
          }
        },
        {
          "vertices": 4,
          "frequencies": [
            1
          ],
          "native": {
            "-1": 4,
            "1": 4
          },
          "auxiliary": {
            "-2": 4,
            "0": 8,
            "2": 4
          }
        },
        {
          "vertices": 4,
          "frequencies": [
            1,
            2
          ],
          "native": {
            "-3": 2,
            "1": 2,
            "-1": 2,
            "3": 2
          },
          "auxiliary": {
            "-6": 1,
            "-2": 3,
            "2": 3,
            "-4": 2,
            "0": 4,
            "4": 2,
            "6": 1
          }
        },
        {
          "vertices": 6,
          "frequencies": [],
          "native": {
            "0": 32
          },
          "auxiliary": {
            "0": 64
          }
        },
        {
          "vertices": 6,
          "frequencies": [
            1,
            1,
            3
          ],
          "native": {
            "-5": 4,
            "1": 4,
            "-3": 8,
            "3": 8,
            "-1": 4,
            "5": 4
          },
          "auxiliary": {
            "-10": 1,
            "-4": 6,
            "2": 9,
            "-8": 4,
            "-2": 9,
            "4": 6,
            "-6": 6,
            "0": 12,
            "6": 6,
            "8": 4,
            "10": 1
          }
        }
      ],
      "torus_controls": [
        {
          "extents": [
            4,
            4,
            4
          ],
          "vertices": 64,
          "basic_cycles": 240,
          "reflections": 6,
          "crossing_invariances": 480,
          "wrong_trivial_background_cycles": 192
        },
        {
          "extents": [
            6,
            6,
            6
          ],
          "vertices": 216,
          "basic_cycles": 756,
          "reflections": 9,
          "crossing_invariances": 1620,
          "wrong_trivial_background_cycles": 648
        },
        {
          "extents": [
            4,
            6,
            8
          ],
          "vertices": 192,
          "basic_cycles": 680,
          "reflections": 9,
          "crossing_invariances": 1440,
          "wrong_trivial_background_cycles": 576
        }
      ],
      "seconds": 0.0248835840029642,
      "rss_mib": 20.53125,
      "scope": "exact objective identity and theorem assumption fixtures; no numerical optimization or phase claim"
    },
    "dispersion": {
      "predicates": 97,
      "rows": [
        {
          "L": [
            4,
            4,
            4
          ],
          "tau": [
            -1,
            -1,
            -1
          ],
          "rank": 56,
          "active_zero_modes": 8
        },
        {
          "L": [
            4,
            4,
            4
          ],
          "tau": [
            -1,
            -1,
            1
          ],
          "rank": 64,
          "active_zero_modes": 0
        },
        {
          "L": [
            4,
            4,
            4
          ],
          "tau": [
            -1,
            1,
            -1
          ],
          "rank": 64,
          "active_zero_modes": 0
        },
        {
          "L": [
            4,
            4,
            4
          ],
          "tau": [
            -1,
            1,
            1
          ],
          "rank": 64,
          "active_zero_modes": 0
        },
        {
          "L": [
            4,
            4,
            4
          ],
          "tau": [
            1,
            -1,
            -1
          ],
          "rank": 64,
          "active_zero_modes": 0
        },
        {
          "L": [
            4,
            4,
            4
          ],
          "tau": [
            1,
            -1,
            1
          ],
          "rank": 64,
          "active_zero_modes": 0
        },
        {
          "L": [
            4,
            4,
            4
          ],
          "tau": [
            1,
            1,
            -1
          ],
          "rank": 64,
          "active_zero_modes": 0
        },
        {
          "L": [
            4,
            4,
            4
          ],
          "tau": [
            1,
            1,
            1
          ],
          "rank": 64,
          "active_zero_modes": 0
        },
        {
          "L": [
            4,
            4,
            6
          ],
          "tau": [
            -1,
            -1,
            -1
          ],
          "rank": 88,
          "active_zero_modes": 8
        },
        {
          "L": [
            4,
            4,
            6
          ],
          "tau": [
            -1,
            -1,
            1
          ],
          "rank": 96,
          "active_zero_modes": 0
        },
        {
          "L": [
            4,
            4,
            6
          ],
          "tau": [
            -1,
            1,
            -1
          ],
          "rank": 96,
          "active_zero_modes": 0
        },
        {
          "L": [
            4,
            4,
            6
          ],
          "tau": [
            -1,
            1,
            1
          ],
          "rank": 96,
          "active_zero_modes": 0
        },
        {
          "L": [
            4,
            4,
            6
          ],
          "tau": [
            1,
            -1,
            -1
          ],
          "rank": 96,
          "active_zero_modes": 0
        },
        {
          "L": [
            4,
            4,
            6
          ],
          "tau": [
            1,
            -1,
            1
          ],
          "rank": 96,
          "active_zero_modes": 0
        },
        {
          "L": [
            4,
            4,
            6
          ],
          "tau": [
            1,
            1,
            -1
          ],
          "rank": 96,
          "active_zero_modes": 0
        },
        {
          "L": [
            4,
            4,
            6
          ],
          "tau": [
            1,
            1,
            1
          ],
          "rank": 96,
          "active_zero_modes": 0
        }
      ],
      "seconds": 0.17438666601083241,
      "rss_bytes": 23724032,
      "source_sha256": "c94380769f5ac2303d6090f49c2977af4629ac3ed7ddd0ac439939afd49a4899"
    }
  },
  "elapsed_seconds": 0.2063939579820726,
  "peak_rss_mib": 22.625,
  "source_sha256": "60969f5e09f70d0a448f097412a9c355720e43c0acd9f14c9817f13700bcfc6a",
  "input_sha256": {
    "docs/NATIVE_ZERO_PENALTY_OPTIMAL_FLUX_DISPERSION_NOTE_2026-09-08.md": "1a61b1c79b351343c88b619a454d2f2c03565e64d1c738f198fa90586831e042",
    "docs/NATIVE_ZERO_PENALTY_ENDPOINT_NOTE_2026-09-08.md": "c689445a96134275fe75190ca3858fc61cc59d323393182ad549044a8c3c4c04",
    "docs/NATIVE_DYNAMICAL_CYCLE_FERMION_Z2_DICTIONARY_NOTE_2026-09-08.md": "3d61dfac1a844364b98c731efca34b27b3c8dac1a3049d519f26d97b1db12715",
    "docs/NATIVE_EDGE_RECORD_MATTER_INSTRUMENT_AND_ENERGY_LEDGER_BOUNDED_THEOREM_NOTE_2026-09-05.md": "a37b5a26833421d99625d99ebf3a9a5f7ff7d96a3e5e77df93e9a550984ddc47",
    "scripts/native_zero_penalty_optimal_flux_exact_2026_09_08.py": "0b471be98f0a40276bfa95b68bc44a724f6881df4c7cc047101c9d43f73e78b5",
    "scripts/native_zero_penalty_dispersion_exact_2026_09_08.py": "c94380769f5ac2303d6090f49c2977af4629ac3ed7ddd0ac439939afd49a4899"
  },
  "scope": "Supplied U0 with explicit imported flux theorem; finite exact dispersion, no phase claim."
}
