--- m = 0.0: vacuum rate eps(T) of the windowed weight (carrier pi/2) ---
    T       rect       hann       bump       dpss         cheb
    8  3.921e-02  3.614e-04  2.761e-03  1.615e-05    2.505e-05  (ln cheb =    -10.59)
   16  1.982e-02  1.032e-05  3.755e-04  1.811e-11    2.719e-11  (ln cheb =    -24.33)
   24  1.324e-02  1.351e-06  3.557e-05  1.693e-17    2.517e-17  (ln cheb =    -38.22)
   32  9.938e-03  3.210e-07  6.896e-06  1.480e-23    2.190e-23  (ln cheb =    -52.18)
   48  6.629e-03  4.246e-08  6.772e-07  6.621e-30    1.517e-35  (ln cheb =    -80.17)
   64  4.972e-03  1.011e-08  7.331e-08        nan    9.888e-48  (ln cheb =   -108.23)
  128  2.487e-03  3.181e-10  1.129e-10        nan    1.419e-96  (ln cheb =   -220.70)
  256  1.243e-03  9.980e-12  1.344e-14        nan   2.049e-194  (ln cheb =   -445.98)
  512  6.217e-04  3.126e-13  5.654e-20        nan    0.000e+00  (ln cheb =   -896.90)
 1024  3.108e-04  9.780e-15  5.193e-27        nan    0.000e+00  (ln cheb =  -1799.08)
  rect: d ln eps / d ln T (T=128..1024) = -1.000
  hann: d ln eps / d ln T (T=128..1024) = -4.996
  bump: d ln eps / d sqrt(T) (T=64..1024) = -1.839; local d ln eps/d ln T at 1024 = -23.38 (keeps steepening => faster than any power)
  cheb: d ln eps / dT (T=128..1024) = -1.7617; predicted -2*kappa = -1.7627 (kappa = arccosh(1/cos(pi/4+m/2)))
  dpss (true optimum for m=0; T=48 is at the 1e-30 double-precision floor): d ln eps/dT (T=8..32) = -1.7310; Slepian ln((1+sin(pi/4))/(1-sin(pi/4))) = -1.7627
m=0.3: weight check max|w_up+w_lo-1| = 8.9e-16; upper band theta in [0.3000, 2.8416] (expect [m, pi-m])
--- m = 0.3: vacuum rate eps(T) of the windowed weight (carrier pi/2) ---
    T       rect       hann       bump       dpss         cheb
    8  4.250e-02  1.156e-04  8.210e-04  1.090e-05    8.699e-07  (ln cheb =    -13.95)
   16  1.602e-02  3.838e-06  1.621e-04  1.140e-11    2.376e-14  (ln cheb =    -31.37)
   24  1.221e-02  8.102e-07  1.750e-05  1.203e-17    5.492e-22  (ln cheb =    -48.95)
   32  9.477e-03  1.178e-07  4.414e-06  9.239e-24    1.191e-29  (ln cheb =    -66.60)
   48  6.417e-03  2.249e-08  3.283e-07  5.910e-30    5.118e-45  (ln cheb =   -101.98)
   64  4.366e-03  6.149e-09  2.288e-08        nan    2.070e-60  (ln cheb =   -137.43)
  128  2.239e-03  1.898e-10  2.551e-11        nan   4.380e-122  (ln cheb =   -279.44)
  256  1.147e-03  5.660e-12  1.786e-15        nan   1.380e-245  (ln cheb =   -563.81)
  512  5.746e-04  1.615e-13  2.668e-21        nan    0.000e+00  (ln cheb =  -1132.91)
 1024  2.760e-04  5.405e-15  3.496e-27        nan    0.000e+00  (ln cheb =  -2271.44)
  rect: d ln eps / d ln T (T=128..1024) = -1.006
  hann: d ln eps / d ln T (T=128..1024) = -5.043
  bump: d ln eps / d sqrt(T) (T=64..1024) = -1.823; local d ln eps/d ln T at 1024 = -19.54 (keeps steepening => faster than any power)
  cheb: d ln eps / dT (T=128..1024) = -2.2233; predicted -2*kappa = -2.2244 (kappa = arccosh(1/cos(pi/4+m/2)))
