--- staggered sea, U = e^{-iH} per tick: carrier Omega=0.8660, Chebyshev main-lobe half-width 0.8660; total weight 1.000000 (upper 0.5000) ---
    T       rect       hann       bump   ln cheb ln arcCheb ln soft(E=.2) eta[.1,.3]
    8  2.327e-02  3.437e-04  1.801e-03     -5.02     -18.48         -0.82      0.006
   16  1.192e-02  8.235e-06  2.473e-04    -11.73     -41.19         -0.72      0.017
   32  6.587e-03  3.087e-07  8.776e-06    -25.68     -87.28         -1.05      0.239
   64  3.329e-03  1.140e-08  1.204e-07    -53.88    -180.52         -5.91      0.921
  128  1.708e-03  3.791e-10  3.896e-10   -110.72    -368.04        -18.36      0.990
  256  8.606e-04  1.214e-11  2.027e-13   -224.82    -744.09        -43.65      1.000
  512  4.323e-04  3.835e-13  8.361e-18   -453.42   -1497.23        -94.58      1.000
  rect: d ln eps/d ln T (T=64..512) = -0.982
  hann: d ln eps/d ln T (T=64..512) = -4.954
  bump: d ln eps/d sqrt T (T=64..512) = -1.594
  cheb: d ln eps/dT (T=64..512) = -0.8920 vs -2 arccosh(1/cos(th_e/2)) = -0.8944
  soft(E=0.2): d ln eps/dT (T=64..512) = -0.1981 vs -2 arccosh(1/cos(0.1)) = -0.2003
--- 3D conveyor step (strict cone): carrier Omega=1.5708, Chebyshev main-lobe half-width 1.5708; total weight 1.000000 (upper 0.5000) ---
    T       rect       hann       bump   ln cheb ln soft(E=.2) eta[.1,.3]
    8  1.994e-02  2.924e-05  4.462e-04    -11.12         -0.70      0.006
   16  9.682e-03  9.407e-07  7.679e-05    -24.88         -0.72      0.018
   32  4.765e-03  3.183e-08  8.817e-07    -52.75         -1.06      0.247
   64  2.362e-03  1.052e-09  4.516e-09   -108.82         -5.91      0.935
  128  1.200e-03  3.215e-11  4.089e-12   -221.28        -18.34      0.993
  256  6.022e-04  1.108e-12  2.388e-16   -446.59        -43.65      1.000
  512  3.031e-04  3.592e-14  6.129e-22   -897.50        -94.57      1.000
  rect: d ln eps/d ln T (T=64..512) = -0.988
  hann: d ln eps/d ln T (T=64..512) = -4.937
  bump: d ln eps/d sqrt T (T=64..512) = -2.025
  cheb: d ln eps/dT (T=64..512) = -1.7606 vs -2 arccosh(1/cos(th_e/2)) = -1.7627
  soft(E=0.2): d ln eps/dT (T=64..512) = -0.1981 vs -2 arccosh(1/cos(0.1)) = -0.2003
