g=0.01: P_reg=1.043465e-06  P_end=1.043868e-06  rel diff=3.86e-04 (O(g^2) expected)
g=0.05: P_reg=2.584699e-05  P_end=2.609670e-05  rel diff=9.57e-03 (O(g^2) expected)
step_back(step(v)) error 4.5e-16
support of U^10 e_x: sites -8..+10 (strict cone: |d| <= 10)

T=24, Bob at tick s=16; past cone of the record at (x,T) reaches d <= T-s = 8
  d  |dP| register (time-ordered)  |dP| end-time weight
  0                     1.285e-06             1.779e-03
  4                     1.413e-05             5.438e-04
  7                     2.253e-06             3.239e-04
  8                     3.613e-06             7.131e-05
  9                     0.000e+00             4.498e-05   <- outside past cone
 10                     0.000e+00             1.074e-03   <- outside past cone
 12                     0.000e+00             2.845e-05   <- outside past cone
 16                     0.000e+00             2.168e-19   <- outside past cone
 20                     0.000e+00             2.168e-19   <- outside past cone
 24                     0.000e+00             0.000e+00   <- outside past cone
 28                     0.000e+00             0.000e+00   <- outside past cone
 31                     0.000e+00             2.168e-19   <- outside past cone
 32                     0.000e+00             0.000e+00   <- outside past cone
 33                     0.000e+00             0.000e+00   <- outside past cone
 36                     0.000e+00             0.000e+00   <- outside past cone
 40                     0.000e+00             0.000e+00   <- outside past cone
