--- m=0.0: filled modes 160 / 320; orthonormal err 2.8e-14
T= 16 hann: g=0.02  P(form|vac)=2.614e-08  P(form|1 particle)=2.547e-03  ratio=1.026e-05  single-mode eps=1.026e-05
T= 16 hann: g=0.4   P(form|vac)=7.128e-06  P(form|1 particle)=6.328e-01  ratio=1.126e-05  single-mode eps=1.026e-05
T= 16 cheb: g=0.02  P(form|vac)=1.101e-13  P(form|1 particle)=1.781e-03  ratio=6.180e-11  single-mode eps=2.789e-11
T= 16 cheb: g=0.4   P(form|vac)=3.196e-06  P(form|1 particle)=5.115e-01  ratio=6.247e-06  single-mode eps=2.789e-11
T= 32 hann: g=0.02  P(form|vac)=1.564e-09  P(form|1 particle)=4.938e-03  ratio=3.168e-07  single-mode eps=3.168e-07
T= 32 hann: g=0.4   P(form|vac)=3.442e-07  P(form|1 particle)=8.009e-01  ratio=4.297e-07  single-mode eps=3.168e-07
T= 32 cheb: g=0.02  P(form|vac)=4.937e-16  P(form|1 particle)=2.448e-03  ratio=2.017e-13  single-mode eps=9.173e-17
T= 32 cheb: g=0.4   P(form|vac)=3.791e-08  P(form|1 particle)=6.196e-01  ratio=6.119e-08  single-mode eps=9.173e-17
T= 48 hann: g=0.02  P(form|vac)=3.042e-10  P(form|1 particle)=7.323e-03  ratio=4.154e-08  single-mode eps=4.154e-08
T= 48 hann: g=0.4   P(form|vac)=6.232e-08  P(form|1 particle)=8.054e-01  ratio=7.738e-08  single-mode eps=4.154e-08
T= 48 cheb: g=0.02  P(form|vac)=4.498e-18  P(form|1 particle)=2.970e-03  ratio=1.514e-15  single-mode eps=4.617e-17
T= 48 cheb: g=0.4   P(form|vac)=1.092e-09  P(form|1 particle)=6.823e-01  ratio=1.600e-09  single-mode eps=4.617e-17
--- m=0.3: filled modes 160 / 320; orthonormal err 2.0e-15
T= 16 hann: g=0.02  P(form|vac)=1.026e-08  P(form|1 particle)=2.672e-03  ratio=3.838e-06  single-mode eps=3.838e-06
T= 16 hann: g=0.4   P(form|vac)=2.860e-06  P(form|1 particle)=6.484e-01  ratio=4.411e-06  single-mode eps=3.838e-06
T= 16 cheb: g=0.02  P(form|vac)=3.106e-14  P(form|1 particle)=1.756e-03  ratio=1.769e-11  single-mode eps=2.382e-14
T= 16 cheb: g=0.4   P(form|vac)=1.820e-06  P(form|1 particle)=5.065e-01  ratio=3.593e-06  single-mode eps=2.382e-14
T= 32 hann: g=0.02  P(form|vac)=6.094e-10  P(form|1 particle)=5.171e-03  ratio=1.178e-07  single-mode eps=1.178e-07
T= 32 hann: g=0.4   P(form|vac)=1.545e-07  P(form|1 particle)=8.060e-01  ratio=1.916e-07  single-mode eps=1.178e-07
T= 32 cheb: g=0.02  P(form|vac)=9.300e-17  P(form|1 particle)=2.407e-03  ratio=3.863e-14  single-mode eps=8.199e-17
T= 32 cheb: g=0.4   P(form|vac)=1.223e-08  P(form|1 particle)=6.136e-01  ratio=1.993e-08  single-mode eps=8.199e-17
T= 48 hann: g=0.02  P(form|vac)=1.724e-10  P(form|1 particle)=7.666e-03  ratio=2.249e-08  single-mode eps=2.249e-08
T= 48 hann: g=0.4   P(form|vac)=3.501e-08  P(form|1 particle)=7.996e-01  ratio=4.379e-08  single-mode eps=2.249e-08
T= 48 cheb: g=0.02  P(form|vac)=7.029e-19  P(form|1 particle)=2.918e-03  ratio=2.409e-16  single-mode eps=3.661e-17
T= 48 cheb: g=0.4   P(form|vac)=2.692e-10  P(form|1 particle)=6.766e-01  ratio=3.978e-10  single-mode eps=3.661e-17
