Encoding rebuilt from integer stabilizer twirls; inverting tau.
Exact local metric: [['2417748739555754821116820340799639977750/1317642545956945503834165709296483091641', '0'], ['0', '3294027190941045443247182637892226930624/5479433287981426997353428830244670390875']]
Microscopic current cases: 40
{
  "N": 2048,
  "number_of_pairs": 4294967296,
  "microscopic_time_rate_k0": "11/10",
  "gamma": "1",
  "A": "-22517/1342177280",
  "C": "262135/67108864",
  "direct_sum_scalar_coefficients": [
    "-734147/4697620480",
    "5085081/9395240960",
    "0"
  ],
  "Gxy_coefficient_zero": true,
  "full_fourteen_component_spatial_identity_exact": true,
  "Q_derivative_per_pair": "253943551350785258709380168798915548993408646371/3288323073641053210935625659843220349235316654080000",
  "Q_derivative_decimal": "0.00007722585210266515021704709969859895278066",
  "Q_derivative_sign": 1,
  "Euler_accelerated_derivative_per_pair": "253943551350785258709380168798915548993408646371/1605626500801295513152160966720322436150056960000",
  "stirring_contribution": "-76793822812639176936530394167017711170281932219/939520878183158060267321617098062956924376186880000",
  "drive_contribution": "13939251498533930079659641290226067682383877577/87688615297094752291616684262485875979608444108800",
  "stirring_decimal": "-0.00008173721797555237153599579",
  "drive_decimal": "0.0001589630700782175217530429",
  "classical_Fisher_control": "-157619/536870912",
  "opposite_quadrature_derivative": "-3091798089997107411191769249875154403067899109/12845012006410364105217287733762579489200455680000",
  "opposite_quadrature_decimal": "-0.0002407002880537698932890387",
  "stationary_constant_profile_derivative": "0",
  "minimum_unperturbed_probability": "1/14",
  "sufficient_open_tangent_parameter_range": "|theta| < 1/7"
}
All exact assertions passed.
