=== lz24.py 6 B4_r4 rand (1-min load 2.49, free mem 39%) ===
[L6_B4_r4_rand] resume phase p1 at step 0; setup 0.3s
  p1 step 5: E0/N -1.3794537479  E1/N -0.3390735550  resid est 1.32e+01  [10s]
  p1 step 10: E0/N -1.6576958713  E1/N -1.1717790127  resid est 7.82e+00  [20s]
  p1 step 15: E0/N -1.7930785368  E1/N -1.5120834385  resid est 5.69e+00  [29s]
  p1 step 20: E0/N -1.8800991956  E1/N -1.6866120973  resid est 4.90e+00  [39s]
  p1 step 25: E0/N -1.9481147236  E1/N -1.7909697787  resid est 4.29e+00  [49s]
  p1 step 30: E0/N -1.9869646048  E1/N -1.8485819581  resid est 2.62e+00  [59s]
  p1 step 35: E0/N -1.9983703744  E1/N -1.8771107297  resid est 1.25e+00  [69s]
  p1 step 40: E0/N -2.0011251301  E1/N -1.8960172774  resid est 7.08e-01  [79s]
  p1 step 45: E0/N -2.0021950333  E1/N -1.9206994702  resid est 5.85e-01  [89s]
  p1 step 50: E0/N -2.0035580821  E1/N -1.9653913812  resid est 7.53e-01  [99s]
  p1 step 55: E0/N -2.0061387350  E1/N -1.9889525348  resid est 9.46e-01  [109s]
  p1 step 60: E0/N -2.0083574386  E1/N -1.9944231629  resid est 6.63e-01  [120s]
  p1 step 65: E0/N -2.0093804001  E1/N -1.9959672671  resid est 4.79e-01  [130s]
  p1 step 70: E0/N -2.0101460826  E1/N -1.9971025431  resid est 5.21e-01  [141s]
  p1 step 75: E0/N -2.0112494020  E1/N -1.9991481394  resid est 7.83e-01  [151s]
  p1 step 80: E0/N -2.0125687850  E1/N -2.0019408933  resid est 6.00e-01  [161s]
  p1 step 85: E0/N -2.0134330467  E1/N -2.0035085945  resid est 4.31e-01  [171s]
  p1 step 90: E0/N -2.0139307371  E1/N -2.0043339167  resid est 3.69e-01  [182s]
  p1 step 95: E0/N -2.0144275269  E1/N -2.0052166750  resid est 4.02e-01  [192s]
  p1 step 100: E0/N -2.0149714314  E1/N -2.0063535666  resid est 3.78e-01  [203s]
  p1 step 105: E0/N -2.0153041580  E1/N -2.0071401233  resid est 2.77e-01  [213s]
  p1 step 110: E0/N -2.0154398952  E1/N -2.0074882176  resid est 1.74e-01  [223s]
  p1 step 115: E0/N -2.0155200578  E1/N -2.0077193154  resid est 1.46e-01  [233s]
  p1 step 120: E0/N -2.0155999162  E1/N -2.0080117366  resid est 1.71e-01  [244s]
  checkpoint: phase p1 step 121  [246s]
246.51 real       241.95 user         1.38 sys
188858368  maximum resident set size
