sharp_context_coefficient_hull
endpoint_antisymmetry_all_local_states
all_48_joint_cubic_transformations
periodic_line_divergence_each_parameter_coefficient
sharp_context_bound_witness
positive_rates_witness_linear
positive_rates_witness_positive_part
sharp_context_bound_generic
positive_rates_generic_linear
positive_rates_generic_positive_part
rate_reverse_difference_for_both_implementations
direct_current_and_six_derivatives_witness_rho_1/4_axis0_linear
direct_current_and_six_derivatives_witness_rho_1/4_axis0_positive_part
direct_current_and_six_derivatives_witness_rho_1/4_axis1_linear
direct_current_and_six_derivatives_witness_rho_1/4_axis1_positive_part
direct_current_and_six_derivatives_witness_rho_1/4_axis2_linear
direct_current_and_six_derivatives_witness_rho_1/4_axis2_positive_part
direct_current_and_six_derivatives_witness_rho_1/2_axis0_linear
direct_current_and_six_derivatives_witness_rho_1/2_axis0_positive_part
direct_current_and_six_derivatives_witness_rho_1/2_axis1_linear
direct_current_and_six_derivatives_witness_rho_1/2_axis1_positive_part
direct_current_and_six_derivatives_witness_rho_1/2_axis2_linear
direct_current_and_six_derivatives_witness_rho_1/2_axis2_positive_part
direct_current_and_six_derivatives_witness_rho_3/4_axis0_linear
direct_current_and_six_derivatives_witness_rho_3/4_axis0_positive_part
direct_current_and_six_derivatives_witness_rho_3/4_axis1_linear
direct_current_and_six_derivatives_witness_rho_3/4_axis1_positive_part
direct_current_and_six_derivatives_witness_rho_3/4_axis2_linear
direct_current_and_six_derivatives_witness_rho_3/4_axis2_positive_part
direct_current_and_six_derivatives_generic_balanced_axis0_linear
direct_current_and_six_derivatives_generic_balanced_axis0_positive_part
direct_current_and_six_derivatives_generic_balanced_axis1_linear
direct_current_and_six_derivatives_generic_balanced_axis1_positive_part
direct_current_and_six_derivatives_generic_balanced_axis2_linear
direct_current_and_six_derivatives_generic_balanced_axis2_positive_part
direct_current_and_six_derivatives_generic_biased_axis0_linear
direct_current_and_six_derivatives_generic_biased_axis0_positive_part
direct_current_and_six_derivatives_generic_biased_axis1_linear
direct_current_and_six_derivatives_generic_biased_axis1_positive_part
direct_current_and_six_derivatives_generic_biased_axis2_linear
direct_current_and_six_derivatives_generic_biased_axis2_positive_part
nonlinear_entropy_symmetry_at_all_checked_profiles
six_field_block_form_from_direct_derivatives
symbolic_total_occupied_current
symbolic_flux_potential
symbolic_nonlinear_entropy_symmetry
symbolic_squared_speed_factor
all_density_tuning_and_speed
general_directional_squared_speed_polynomial
witness_full_spectrum_witness_rho_1/4_axis
witness_full_spectrum_witness_rho_1/4_plane
witness_full_spectrum_witness_rho_1/4_space
witness_full_spectrum_witness_rho_1/4_diagonal
witness_full_spectrum_witness_rho_1/2_axis
witness_full_spectrum_witness_rho_1/2_plane
witness_full_spectrum_witness_rho_1/2_space
witness_full_spectrum_witness_rho_1/2_diagonal
witness_full_spectrum_witness_rho_3/4_axis
witness_full_spectrum_witness_rho_3/4_plane
witness_full_spectrum_witness_rho_3/4_space
witness_full_spectrum_witness_rho_3/4_diagonal
generic_anisotropy_control
frozen_reaction_spectrum_with_four_extra_modes
exact_ring_product_stationarity_and_birth_flow_linear
exact_ring_product_stationarity_and_birth_flow_positive_part
full_occupancy_activity
