{"gap_grid_index": 0, "gap_lower": 0.7571097835939447, "eta": 0.10625689103994172, "elapsed_seconds": 0.6406669579446316}
{"gap_grid_index": 1, "gap_lower": 0.7604846177945723, "eta": 0.14265290804454736, "elapsed_seconds": 1.2163826248142868}
{"gap_grid_index": 2, "gap_lower": 0.9533195196329417, "eta": 0.08442367619579724, "elapsed_seconds": 1.8025728329084814}
{"gap_grid_index": 3, "gap_lower": 1.0119987514471283, "eta": 0.09340197906616977, "elapsed_seconds": 2.374186874832958}
{"gap_grid_index": 4, "gap_lower": 1.1118211646156464, "eta": 0.08201337360953524, "elapsed_seconds": 2.944846916012466}
{"gap_grid_index": 5, "gap_lower": 1.1768810953217061, "eta": 0.08832334451291397, "elapsed_seconds": 3.587169332895428}
{"gap_grid_index": 6, "gap_lower": 1.2845992890899594, "eta": 0.07376194755707106, "elapsed_seconds": 4.187485083006322}
{"gap_grid_index": 7, "gap_lower": 1.3747464008814887, "eta": 0.06860288045372587, "elapsed_seconds": 4.792975290911272}
{"gap_grid_index": 8, "gap_lower": 1.4266354445508833, "eta": 0.08335998635035179, "elapsed_seconds": 5.399977499851957}
{"gap_grid_index": 9, "gap_lower": 1.560992801753239, "eta": 0.057845073656461535, "elapsed_seconds": 6.003050707979128}
{"gap_grid_index": 10, "gap_lower": 1.6280180729717388, "eta": 0.06713417583255103, "elapsed_seconds": 6.606593624921516}
{"gap_grid_index": 11, "gap_lower": 1.7194013483570008, "eta": 0.06555355155239563, "elapsed_seconds": 7.20111612486653}
{"gap_grid_index": 12, "gap_lower": 1.8244574771985076, "eta": 0.05861016578154458, "elapsed_seconds": 7.779788790969178}
{"gap_grid_index": 13, "gap_lower": 1.8830315125908892, "eta": 0.07653515274691386, "elapsed_seconds": 8.392595040844753}
{"gap_grid_index": 14, "gap_lower": 2.031124578991061, "eta": 0.05146790192597819, "elapsed_seconds": 9.002079665893689}
{"gap_grid_index": 15, "gap_lower": 2.149707620830014, "eta": 0.04258021439578404, "elapsed_seconds": 9.613603290868923}
{"gap_grid_index": 16, "gap_lower": 2.1526899910456403, "eta": 0.036547751402533746, "elapsed_seconds": 10.267550457967445}
{"whole_interval_gap_lower": 0.3821097835939447, "linear_adiabatic_amplitude_coefficient": 4599.041498765373, "smooth_adiabatic_amplitude_coefficient": 5543.50600087105}
{"duration": 0.25, "profile": "linear", "rtol": 2e-12, "rhs_evaluations": 146, "norm_error": 9.005018952734645e-13, "ground_infidelity": 0.16939552972752137, "energy_excess": 0.8733405793216473, "looser_rtol_state_distance_after_phase": 5.382274767014343e-11, "rigorous_adiabatic_infidelity_upper": 1.0}
{"duration": 0.5, "profile": "linear", "rtol": 2e-12, "rhs_evaluations": 230, "norm_error": 1.4425127758954659e-12, "ground_infidelity": 0.12033281304716437, "energy_excess": 0.5656918402040407, "looser_rtol_state_distance_after_phase": 1.4209737680803763e-10, "rigorous_adiabatic_infidelity_upper": 1.0}
{"duration": 1.0, "profile": "linear", "rtol": 2e-12, "rhs_evaluations": 386, "norm_error": 2.0562440639082524e-12, "ground_infidelity": 0.05188017592317706, "energy_excess": 0.1986083941250243, "looser_rtol_state_distance_after_phase": 4.340056249628953e-10, "rigorous_adiabatic_infidelity_upper": 1.0}
{"duration": 2.0, "profile": "linear", "rtol": 2e-12, "rhs_evaluations": 698, "norm_error": 2.8332891588433995e-12, "ground_infidelity": 0.0044354725236392945, "energy_excess": 0.020195399606201647, "looser_rtol_state_distance_after_phase": 1.0315419449546893e-09, "rigorous_adiabatic_infidelity_upper": 1.0}
{"duration": 4.0, "profile": "linear", "rtol": 2e-12, "rhs_evaluations": 1310, "norm_error": 4.154565580449798e-12, "ground_infidelity": 0.0029475976326792663, "energy_excess": 0.012125697056601936, "looser_rtol_state_distance_after_phase": 2.356047622340597e-09, "rigorous_adiabatic_infidelity_upper": 1.0}
{"duration": 8.0, "profile": "linear", "rtol": 2e-12, "rhs_evaluations": 2474, "norm_error": 5.716538353794931e-12, "ground_infidelity": 0.0013234479278555478, "energy_excess": 0.005098116064141678, "looser_rtol_state_distance_after_phase": 5.912469624745372e-09, "rigorous_adiabatic_infidelity_upper": 1.0}
{"duration": 16.0, "profile": "linear", "rtol": 2e-12, "rhs_evaluations": 4754, "norm_error": 7.679190616727283e-12, "ground_infidelity": 0.00011958483438512246, "energy_excess": 0.0005690987770901046, "looser_rtol_state_distance_after_phase": 1.4184102186001337e-08, "rigorous_adiabatic_infidelity_upper": 1.0}
{"duration": 0.25, "profile": "smoothstep", "rtol": 2e-12, "rhs_evaluations": 206, "norm_error": 1.2315704012166862e-12, "ground_infidelity": 0.17828863991430766, "energy_excess": 0.9310750797275418, "looser_rtol_state_distance_after_phase": 8.794290461131994e-11, "rigorous_adiabatic_infidelity_upper": 1.0}
{"duration": 0.5, "profile": "smoothstep", "rtol": 2e-12, "rhs_evaluations": 266, "norm_error": 1.8639534360431753e-12, "ground_infidelity": 0.14387341324166103, "energy_excess": 0.7109398223976253, "looser_rtol_state_distance_after_phase": 1.762478707585526e-10, "rigorous_adiabatic_infidelity_upper": 1.0}
{"duration": 1.0, "profile": "smoothstep", "rtol": 2e-12, "rhs_evaluations": 422, "norm_error": 2.405187160547939e-12, "ground_infidelity": 0.07591437482084029, "energy_excess": 0.31002892369497204, "looser_rtol_state_distance_after_phase": 3.396910810460813e-10, "rigorous_adiabatic_infidelity_upper": 1.0}
{"duration": 2.0, "profile": "smoothstep", "rtol": 2e-12, "rhs_evaluations": 710, "norm_error": 3.091971123581061e-12, "ground_infidelity": 0.01787946845610955, "energy_excess": 0.0657373398096901, "looser_rtol_state_distance_after_phase": 9.596531397805604e-10, "rigorous_adiabatic_infidelity_upper": 1.0}
{"duration": 4.0, "profile": "smoothstep", "rtol": 2e-12, "rhs_evaluations": 1298, "norm_error": 4.1696646135847004e-12, "ground_infidelity": 0.0018973500297729817, "energy_excess": 0.006528262024067644, "looser_rtol_state_distance_after_phase": 1.3765744634876722e-09, "rigorous_adiabatic_infidelity_upper": 1.0}
{"duration": 8.0, "profile": "smoothstep", "rtol": 2e-12, "rhs_evaluations": 2450, "norm_error": 5.766276345298138e-12, "ground_infidelity": 6.806988235952272e-05, "energy_excess": 0.00023889473324878452, "looser_rtol_state_distance_after_phase": 1.9883296018361203e-09, "rigorous_adiabatic_infidelity_upper": 1.0}
{"duration": 16.0, "profile": "smoothstep", "rtol": 2e-12, "rhs_evaluations": 4706, "norm_error": 8.042122523477246e-12, "ground_infidelity": 7.740338697215243e-06, "energy_excess": 2.655622702718574e-05, "looser_rtol_state_distance_after_phase": 2.507590061515914e-09, "rigorous_adiabatic_infidelity_upper": 1.0}
{"finished": true, "runtime_seconds": 10.961663624970242}
