=== evap 1.0 4 3 48 3000 20
3D evap g=1.0 s=4 N0=64 R~2.48: net loss 0.0006+-0.0000/tick (diffusion-limited guess with rho_v=0.012: 0.0610); half-life 120; N(T)/N0 0.000 [49s]
=== evap 1.0 8 3 48 3000 20
3D evap g=1.0 s=8 N0=512 R~4.96: net loss 0.1556+-0.0029/tick (diffusion-limited guess with rho_v=0.012: 0.1422); half-life 1087; N(T)/N0 0.002 [47s]
=== profile 1.0 0.012 2 56 3000 6 22 26
 16.5 rho=0.01450 e=0.01176
 17.5 rho=0.01451 e=0.01175
 18.5 rho=0.01460 e=0.01182
 19.5 rho=0.01471 e=0.01191
 20.5 rho=0.01482 e=0.01198
 21.5 rho=0.01471 e=0.01191
 22.5 rho=0.01458 e=0.01182
 23.5 rho=0.01398 e=0.01141
 24.5 rho=0.01034 e=0.00856
 25.5 rho=0.00440 e=0.00371
 26.5 rho=0.00000 e=0.00000
fit A+B/r: chi2r=0.22 p=[ 0.01182 -0.00119]
fit A+B e^-r/xi: chi2r=0.24 p=[ 7.28720000e-01 -7.17110000e-01  8.41546642e+04]
fit A: chi2r=0.20 p=[0.01174]
=== profile 1.0 0.0 2 56 3000 6 22 26
 16.5 rho=0.00201 e=0.00171
 17.5 rho=0.00162 e=0.00138
 18.5 rho=0.00125 e=0.00107
 19.5 rho=0.00094 e=0.00080
 20.5 rho=0.00067 e=0.00057
 21.5 rho=0.00040 e=0.00034
 22.5 rho=0.00018 e=0.00016
 23.5 rho=0.00000 e=0.00000
 24.5 rho=0.00000 e=0.00000
 25.5 rho=0.00000 e=0.00000
 26.5 rho=0.00000 e=0.00000
fit A+B/r: chi2r=0.18 p=[-0.0043   0.09931]
fit A+B e^-r/xi: chi2r=0.19 p=[-6.00000e-04  2.93700e-02  6.46758e+00]
fit A: chi2r=237.23 p=[0.00186]
=== profile 1.0 0.02 2 56 3000 6 22 26
 16.5 rho=0.02231 e=0.01737
 17.5 rho=0.02306 e=0.01787
 18.5 rho=0.02357 e=0.01825
 19.5 rho=0.02402 e=0.01857
 20.5 rho=0.02450 e=0.01892
 21.5 rho=0.02482 e=0.01916
 22.5 rho=0.02487 e=0.01928
 23.5 rho=0.02360 e=0.01854
 24.5 rho=0.01693 e=0.01366
 25.5 rho=0.00692 e=0.00575
 26.5 rho=0.00000 e=0.00000
fit A+B/r: chi2r=1.07 p=[ 0.02299 -0.09169]
fit A+B e^-r/xi: chi2r=0.25 p=[ 4.864000e-02 -3.948000e-02  7.064687e+01]
fit A: chi2r=37.47 p=[0.01679]
done
