old_context/linear/complete_generator PASS
old_context/linear/survival_1/exact_product_forward_equation PASS
old_context/linear/survival_1/reverse_rates_and_score_correction PASS
old_context/linear/survival_1/evolving_energy_and_floor PASS
old_context/linear/survival_1/naive_stationary_energy_counterexample PASS
old_context/linear/survival_1/exact_one_time_six_field_covariance PASS
old_context/linear/survival_1/complete_generator_covariance_energy PASS
old_context/linear/survival_1/birth_drift_and_noise_normalization PASS
old_context/linear/survival_1/limit_lyapunov_identity PASS
old_context/linear/survival_1/2/exact_product_forward_equation PASS
old_context/linear/survival_1/2/reverse_rates_and_score_correction PASS
old_context/linear/survival_1/2/evolving_energy_and_floor PASS
old_context/linear/survival_1/2/naive_stationary_energy_counterexample PASS
old_context/linear/survival_1/2/exact_one_time_six_field_covariance PASS
old_context/linear/survival_1/2/complete_generator_covariance_energy PASS
old_context/linear/survival_1/2/birth_drift_and_noise_normalization PASS
old_context/linear/survival_1/2/limit_lyapunov_identity PASS
old_context/linear/survival_1/4/exact_product_forward_equation PASS
old_context/linear/survival_1/4/reverse_rates_and_score_correction PASS
old_context/linear/survival_1/4/evolving_energy_and_floor PASS
old_context/linear/survival_1/4/naive_stationary_energy_counterexample PASS
old_context/linear/survival_1/4/exact_one_time_six_field_covariance PASS
old_context/linear/survival_1/4/complete_generator_covariance_energy PASS
old_context/linear/survival_1/4/birth_drift_and_noise_normalization PASS
old_context/linear/survival_1/4/limit_lyapunov_identity PASS
old_context/positive_part/complete_generator PASS
old_context/positive_part/survival_1/exact_product_forward_equation PASS
old_context/positive_part/survival_1/reverse_rates_and_score_correction PASS
old_context/positive_part/survival_1/evolving_energy_and_floor PASS
old_context/positive_part/survival_1/naive_stationary_energy_counterexample PASS
old_context/positive_part/survival_1/exact_one_time_six_field_covariance PASS
old_context/positive_part/survival_1/complete_generator_covariance_energy PASS
old_context/positive_part/survival_1/birth_drift_and_noise_normalization PASS
old_context/positive_part/survival_1/limit_lyapunov_identity PASS
old_context/positive_part/survival_1/2/exact_product_forward_equation PASS
old_context/positive_part/survival_1/2/reverse_rates_and_score_correction PASS
old_context/positive_part/survival_1/2/evolving_energy_and_floor PASS
old_context/positive_part/survival_1/2/naive_stationary_energy_counterexample PASS
old_context/positive_part/survival_1/2/exact_one_time_six_field_covariance PASS
old_context/positive_part/survival_1/2/complete_generator_covariance_energy PASS
old_context/positive_part/survival_1/2/birth_drift_and_noise_normalization PASS
old_context/positive_part/survival_1/2/limit_lyapunov_identity PASS
old_context/positive_part/survival_1/4/exact_product_forward_equation PASS
old_context/positive_part/survival_1/4/reverse_rates_and_score_correction PASS
old_context/positive_part/survival_1/4/evolving_energy_and_floor PASS
old_context/positive_part/survival_1/4/naive_stationary_energy_counterexample PASS
old_context/positive_part/survival_1/4/exact_one_time_six_field_covariance PASS
old_context/positive_part/survival_1/4/complete_generator_covariance_energy PASS
old_context/positive_part/survival_1/4/birth_drift_and_noise_normalization PASS
old_context/positive_part/survival_1/4/limit_lyapunov_identity PASS
axis_balanced/linear/complete_generator PASS
axis_balanced/linear/survival_1/exact_product_forward_equation PASS
axis_balanced/linear/survival_1/reverse_rates_and_score_correction PASS
axis_balanced/linear/survival_1/evolving_energy_and_floor PASS
axis_balanced/linear/survival_1/naive_stationary_energy_counterexample PASS
axis_balanced/linear/survival_1/exact_one_time_six_field_covariance PASS
axis_balanced/linear/survival_1/complete_generator_covariance_energy PASS
axis_balanced/linear/survival_1/birth_drift_and_noise_normalization PASS
axis_balanced/linear/survival_1/limit_lyapunov_identity PASS
axis_balanced/linear/survival_1/2/exact_product_forward_equation PASS
axis_balanced/linear/survival_1/2/reverse_rates_and_score_correction PASS
axis_balanced/linear/survival_1/2/evolving_energy_and_floor PASS
axis_balanced/linear/survival_1/2/naive_stationary_energy_counterexample PASS
axis_balanced/linear/survival_1/2/exact_one_time_six_field_covariance PASS
axis_balanced/linear/survival_1/2/complete_generator_covariance_energy PASS
axis_balanced/linear/survival_1/2/birth_drift_and_noise_normalization PASS
axis_balanced/linear/survival_1/2/limit_lyapunov_identity PASS
axis_balanced/linear/survival_1/4/exact_product_forward_equation PASS
axis_balanced/linear/survival_1/4/reverse_rates_and_score_correction PASS
axis_balanced/linear/survival_1/4/evolving_energy_and_floor PASS
axis_balanced/linear/survival_1/4/naive_stationary_energy_counterexample PASS
axis_balanced/linear/survival_1/4/exact_one_time_six_field_covariance PASS
axis_balanced/linear/survival_1/4/complete_generator_covariance_energy PASS
axis_balanced/linear/survival_1/4/birth_drift_and_noise_normalization PASS
axis_balanced/linear/survival_1/4/limit_lyapunov_identity PASS
axis_balanced/positive_part/complete_generator PASS
axis_balanced/positive_part/survival_1/exact_product_forward_equation PASS
axis_balanced/positive_part/survival_1/reverse_rates_and_score_correction PASS
axis_balanced/positive_part/survival_1/evolving_energy_and_floor PASS
axis_balanced/positive_part/survival_1/naive_stationary_energy_counterexample PASS
axis_balanced/positive_part/survival_1/exact_one_time_six_field_covariance PASS
axis_balanced/positive_part/survival_1/complete_generator_covariance_energy PASS
axis_balanced/positive_part/survival_1/birth_drift_and_noise_normalization PASS
axis_balanced/positive_part/survival_1/limit_lyapunov_identity PASS
axis_balanced/positive_part/survival_1/2/exact_product_forward_equation PASS
axis_balanced/positive_part/survival_1/2/reverse_rates_and_score_correction PASS
axis_balanced/positive_part/survival_1/2/evolving_energy_and_floor PASS
axis_balanced/positive_part/survival_1/2/naive_stationary_energy_counterexample PASS
axis_balanced/positive_part/survival_1/2/exact_one_time_six_field_covariance PASS
axis_balanced/positive_part/survival_1/2/complete_generator_covariance_energy PASS
axis_balanced/positive_part/survival_1/2/birth_drift_and_noise_normalization PASS
axis_balanced/positive_part/survival_1/2/limit_lyapunov_identity PASS
axis_balanced/positive_part/survival_1/4/exact_product_forward_equation PASS
axis_balanced/positive_part/survival_1/4/reverse_rates_and_score_correction PASS
axis_balanced/positive_part/survival_1/4/evolving_energy_and_floor PASS
axis_balanced/positive_part/survival_1/4/naive_stationary_energy_counterexample PASS
axis_balanced/positive_part/survival_1/4/exact_one_time_six_field_covariance PASS
axis_balanced/positive_part/survival_1/4/complete_generator_covariance_energy PASS
axis_balanced/positive_part/survival_1/4/birth_drift_and_noise_normalization PASS
axis_balanced/positive_part/survival_1/4/limit_lyapunov_identity PASS
old_context/time_ordering_needed PASS
axis_balanced/time_ordering_needed PASS
constant_rate/full_generator_fourier_drift PASS
constant_rate/exact_exchange_bracket PASS
nonstationary_energy/complete_count_sector_poisson_control PASS
nonstationary_energy/full_reward_bound_t_0.1 PASS
nonstationary_energy/full_reward_bound_t_0.4 PASS
nonstationary_energy/full_reward_bound_t_0.8 PASS
