cycle947 h0 discharge attempt -- primary runner
runner_sha256: e0644328f485f6a435d3178b1b5d15fd6312549c997e810a73ba52c32225e2b1
landed axiom sha256: 53175250f0458168330160ad6a39c8ec708316f338efd69c49e8eb09e3267b39
landed axiom git blob: 2f5fdd26898f62c17fcabc846761f7785c2eadb1
pins: PASS
restriction: 18/18

  H0a1_FIBRATION             DERIVED
  H0a2_TOTALITY              DERIVED
  H0a3_EMBEDDING             RESIDUE
  H0b1_CONTAINMENT           DERIVED
  H0b2_VARIATION             RESIDUE
  H0c1_MENU_CARDINALITY      DERIVED
  H0c2_SUPPORT               RESIDUE
  H0c3_DOMAIN                RESIDUE
  H0d1_FIBRE_RESPECT         DERIVED
  H0d2_DESCENT               RESIDUE

H0_IS_DISCHARGED: False
residue clauses: H0a3_EMBEDDING, H0b2_VARIATION, H0c2_SUPPORT, H0c3_DOMAIN, H0d2_DESCENT
no-go: universal symmetry-faithfulness FALSE = True (famA=10, famB=7)
teeth: 10/10
firewall: floats=0, unfenced weights=0
science digest: f8fef0efa3c757fcd054ee0c422bece9da3f9ebdffd242de94597b947b723af8
elapsed: 24.355s
all certificates pass: True
