cycle947 h0 discharge -- INDEPENDENT CHECKER
runner_sha256: 07455b0cc9ed36061fb60060a77164630c47dbbf7e51c8a2a382e022e604e994
primary runner sha256: 0d0c22e9fd229630f54de9c829eb35e64e0f17381c5e1dc3d9bd1312498cb93c
landed axiom sha256: 53175250f0458168330160ad6a39c8ec708316f338efd69c49e8eb09e3267b39

  H0a1_FIBRATION             primary=DERIVED   checker=SUPPORTED
  H0a2_TOTALITY              primary=DERIVED   checker=SUPPORTED
  H0a3_EMBEDDING             primary=RESIDUE   checker=SUPPORTED
  H0b1_CONTAINMENT           primary=DERIVED   checker=SUPPORTED
  H0b2_VARIATION             primary=RESIDUE   checker=SUPPORTED
  H0c1_MENU_CARDINALITY      primary=DERIVED   checker=SUPPORTED
  H0c2_SUPPORT               primary=RESIDUE   checker=SUPPORTED
  H0c3_DOMAIN                primary=RESIDUE   checker=SUPPORTED
  H0d1_FIBRE_RESPECT         primary=DERIVED   checker=SUPPORTED
  H0d2_DESCENT               primary=RESIDUE   checker=SUPPORTED

  NO_GO universal H0 FALSE   checker=SUPPORTED

checks: 17/17 SUPPORTED
mutation probes: 16/16
refutations raised: 2 (see receipt for status)
science digest: a5cb9c407ef04f38f86e7f8fcde4693f31c7415e27e9be8e7a3c002c7c250267
elapsed: 19.042s
OVERALL: SUPPORTED
all certificates pass: True
