{
  "boundary": "Independent pre-author-source controls from supplied definitions and neutral INPUT_WITNESS.json.",
  "input_sha256": "85ba81d38bf71f92045d833f549fb313ebc6d39a05bca17c0790fd069082adef",
  "local_controls": {
    "local_basis_inputs": 18,
    "legal_directed_hops": 4,
    "legal_occupied_cycle_inputs": 16,
    "occupied_cycle_Gauss_and_content_checks": 16
  },
  "torus": {
    "N": 4,
    "vertices": 64,
    "oriented_positive_links": 192,
    "elementary_faces_counted_once": 192
  },
  "initial_state": {
    "holes": [
      [
        0,
        0,
        0
      ],
      [
        1,
        1,
        1
      ]
    ],
    "record_count": 62,
    "negative_link_count": 31,
    "matter_charges": [
      0,
      1,
      1,
      -1,
      1,
      -1,
      -1,
      -1,
      1,
      1,
      1,
      -1,
      -1,
      1,
      -1,
      -1,
      1,
      -1,
      1,
      1,
      -1,
      0,
      1,
      -1,
      -1,
      1,
      -1,
      1,
      -1,
      -1,
      1,
      1,
      1,
      -1,
      -1,
      -1,
      1,
      1,
      -1,
      1,
      -1,
      -1,
      1,
      -1,
      -1,
      1,
      -1,
      1,
      -1,
      -1,
      1,
      1,
      1,
      -1,
      1,
      -1,
      1,
      1,
      -1,
      1,
      -1,
      1,
      1,
      -1
    ],
    "negative_links": [
      9,
      16,
      18,
      23,
      35,
      38,
      43,
      45,
      53,
      60,
      70,
      74,
      79,
      85,
      87,
      100,
      102,
      106,
      115,
      120,
      123,
      130,
      133,
      138,
      145,
      147,
      161,
      166,
      174,
      182,
      190
    ]
  },
  "initial_legal_hops": 0,
  "initial_legal_births": 0,
  "initial_legal_elementary_field_plaquettes": 0,
  "contractible_hexagon_channels_tested": 768,
  "enabled_contractible_hexagon_channels": 6,
  "one_enabled_hexagon_example": {
    "cycle": [
      [
        2,
        2,
        1
      ],
      [
        3,
        2,
        1
      ],
      [
        3,
        1,
        1
      ],
      [
        3,
        1,
        2
      ],
      [
        2,
        1,
        2
      ],
      [
        2,
        2,
        2
      ]
    ],
    "orientation": 1
  },
  "birth_only_empty_to_witness_word": [
    9,
    16,
    18,
    23,
    35,
    38,
    43,
    45,
    53,
    60,
    70,
    74,
    79,
    85,
    87,
    100,
    102,
    106,
    115,
    120,
    123,
    130,
    133,
    138,
    145,
    147,
    161,
    166,
    174,
    182,
    190
  ],
  "winding_countercontrol": {
    "ring": [
      [
        0,
        0,
        0
      ],
      [
        1,
        0,
        0
      ],
      [
        2,
        0,
        0
      ],
      [
        3,
        0,
        0
      ]
    ],
    "orientation": -1,
    "negative_links_after": 35,
    "opened_hop": [
      [
        1,
        0,
        0
      ],
      [
        0,
        0,
        0
      ]
    ]
  },
  "post_record_cycle": {
    "holes": [
      [
        0,
        0,
        0
      ],
      [
        1,
        1,
        1
      ]
    ],
    "record_count": 62,
    "negative_link_count": 33,
    "matter_charges": [
      0,
      -1,
      1,
      -1,
      1,
      -1,
      -1,
      -1,
      1,
      1,
      1,
      -1,
      -1,
      1,
      -1,
      -1,
      1,
      1,
      1,
      1,
      -1,
      0,
      1,
      -1,
      -1,
      1,
      -1,
      1,
      -1,
      -1,
      1,
      1,
      1,
      -1,
      -1,
      -1,
      1,
      1,
      -1,
      1,
      -1,
      -1,
      1,
      -1,
      -1,
      1,
      -1,
      1,
      -1,
      -1,
      1,
      1,
      1,
      -1,
      1,
      -1,
      1,
      1,
      -1,
      1,
      -1,
      1,
      1,
      -1
    ],
    "negative_links": [
      3,
      5,
      6,
      9,
      16,
      18,
      23,
      35,
      38,
      43,
      45,
      60,
      70,
      74,
      79,
      85,
      87,
      100,
      102,
      106,
      115,
      120,
      123,
      130,
      133,
      138,
      145,
      147,
      161,
      166,
      174,
      182,
      190
    ]
  },
  "pre_final_birth": {
    "holes": [
      [
        0,
        0,
        1
      ],
      [
        1,
        0,
        1
      ]
    ],
    "record_count": 62,
    "negative_link_count": 35,
    "matter_charges": [
      -1,
      0,
      1,
      -1,
      1,
      -1,
      -1,
      -1,
      1,
      1,
      1,
      -1,
      -1,
      1,
      -1,
      -1,
      1,
      0,
      1,
      1,
      -1,
      1,
      1,
      -1,
      -1,
      1,
      -1,
      1,
      -1,
      -1,
      1,
      1,
      1,
      -1,
      -1,
      -1,
      1,
      1,
      -1,
      1,
      -1,
      -1,
      1,
      -1,
      -1,
      1,
      -1,
      1,
      -1,
      -1,
      1,
      1,
      1,
      -1,
      1,
      -1,
      1,
      1,
      -1,
      1,
      -1,
      1,
      1,
      -1
    ],
    "negative_links": [
      2,
      3,
      5,
      6,
      9,
      16,
      18,
      23,
      35,
      38,
      43,
      45,
      52,
      60,
      70,
      74,
      79,
      85,
      87,
      100,
      102,
      106,
      115,
      120,
      123,
      130,
      133,
      138,
      145,
      147,
      161,
      166,
      174,
      182,
      190
    ]
  },
  "full_final_state": {
    "holes": [],
    "record_count": 64,
    "negative_link_count": 34,
    "matter_charges": [
      -1,
      1,
      1,
      -1,
      1,
      -1,
      -1,
      -1,
      1,
      1,
      1,
      -1,
      -1,
      1,
      -1,
      -1,
      1,
      -1,
      1,
      1,
      -1,
      1,
      1,
      -1,
      -1,
      1,
      -1,
      1,
      -1,
      -1,
      1,
      1,
      1,
      -1,
      -1,
      -1,
      1,
      1,
      -1,
      1,
      -1,
      -1,
      1,
      -1,
      -1,
      1,
      -1,
      1,
      -1,
      -1,
      1,
      1,
      1,
      -1,
      1,
      -1,
      1,
      1,
      -1,
      1,
      -1,
      1,
      1,
      -1
    ],
    "negative_links": [
      2,
      5,
      6,
      9,
      16,
      18,
      23,
      35,
      38,
      43,
      45,
      52,
      60,
      70,
      74,
      79,
      85,
      87,
      100,
      102,
      106,
      115,
      120,
      123,
      130,
      133,
      138,
      145,
      147,
      161,
      166,
      174,
      182,
      190
    ]
  },
  "final_birth_edge": 3,
  "final_birth_channel": "plus",
  "coherent_matrix_elements_at_unit_coefficients": {
    "H": 0,
    "H_squared": 0,
    "H_cubed": 2
  },
  "all_length_three_routes": [
    {
      "first": {
        "kind": "record_cycle",
        "face": 4,
        "direction": -1
      },
      "second": {
        "kind": "hop",
        "edge": 2,
        "source": 1,
        "dest": 0
      },
      "third_reversed": {
        "kind": "hop",
        "edge": 52,
        "source": 21,
        "dest": 17
      }
    },
    {
      "first": {
        "kind": "record_cycle",
        "face": 4,
        "direction": -1
      },
      "second": {
        "kind": "hop",
        "edge": 52,
        "source": 17,
        "dest": 21
      },
      "third_reversed": {
        "kind": "hop",
        "edge": 2,
        "source": 0,
        "dest": 1
      }
    }
  ],
  "general_leading_nojump_then_birth_amplitude": "i*sqrt(beta)*g*kappa_hop1*kappa_hop2*t^3/3 + O(t^4)",
  "leading_target_resolved_first_birth_density": "beta*g^2*kappa_hop1^2*kappa_hop2^2*t^6/9 + O(t^7)",
  "rate_convention": "Each elementary face occurs once as K+K-dagger, coefficient g; each undirected hopping channel occurs once with its coefficient. The specified face orientation can be reversed without changing K+K-dagger.",
  "scope": "Positive completion probability from this witness and reachable empty history only; no all-state completion claim for the added cycle model.",
  "runtime_seconds": 0.045948625076562166
}
