{
  "side": 12,
  "dimension": 3,
  "vertices": 1728,
  "raw_weights": [
    3.0,
    1.0,
    2.0
  ],
  "epsilon": 0.01,
  "rho0": 0.25,
  "replicates": 512,
  "seed_start": 20272000,
  "seed_end": 20272511,
  "tau_definition": "6 epsilon t",
  "columns": [
    "density",
    "M2_per_site",
    "Smin_per_site",
    "bond_alignment_per_edge",
    "occupied_pairs_per_edge",
    "response_score_increment_per_site",
    "hazard_per_site",
    "M2_drift_per_site",
    "radius_two_multiple_probability",
    "mean_absolute_component_residual",
    "cumulative_hops_per_site",
    "cumulative_proposals_per_site"
  ],
  "elapsed_sec": 21.178718500072137,
  "source_sha256": "cfebba3cf2ef1b8b407658c411528ac94012eadbb58a1d972fa121fa8a30f3e3"
}
{"tau": 0.0, "density": 0.2501604998553242, "absolute_orientation_response": 1.0, "per_record_response_gain": 0.9993584124775214, "S0_per_record": 0.9570859275457921, "Smin_per_record": 0.978629033608623, "bond_alignment_given_pair": -0.00010836062415719475, "radius_two_multiple_probability": 0.9928814923321769, "cumulative_hops_per_site": 0.0}
{"tau": 1.0, "density": 0.7252005117910877, "absolute_orientation_response": 1.466769748263889, "per_record_response_gain": 0.505642827195918, "S0_per_record": 1.7684375735453408, "Smin_per_record": 1.969143592010958, "bond_alignment_given_pair": 0.17035132143995602, "radius_two_multiple_probability": 1.0, "cumulative_hops_per_site": 10.382525408709494}
{"tau": 2.0, "density": 0.9001114456741904, "absolute_orientation_response": 1.6807770905671293, "per_record_response_gain": 0.4668247189402792, "S0_per_record": 2.1912361353707666, "Smin_per_record": 2.4580522604376904, "bond_alignment_given_pair": 0.1727372488479905, "radius_two_multiple_probability": 1.0, "cumulative_hops_per_site": 16.357277199074073}
{"tau": 3.0, "density": 0.9638784903067134, "absolute_orientation_response": 1.770024052372686, "per_record_response_gain": 0.45908900088885973, "S0_per_record": 2.344324079654958, "Smin_per_record": 2.6741738409095572, "bond_alignment_given_pair": 0.1735304243311926, "radius_two_multiple_probability": 1.0, "cumulative_hops_per_site": 18.79453305844908}
{"tau": 4.0, "density": 0.9868717900028918, "absolute_orientation_response": 1.809963650173612, "per_record_response_gain": 0.4585103324739651, "S0_per_record": 2.416862038594883, "Smin_per_record": 2.744927399931046, "bond_alignment_given_pair": 0.1740979602289718, "radius_two_multiple_probability": 1.0, "cumulative_hops_per_site": 19.710128219039365}
