{
  "side": 6,
  "dimension": 3,
  "vertices": 216,
  "raw_weights": [
    12.0,
    1.0,
    2.0
  ],
  "epsilon": 0.01,
  "rho0": 0.25,
  "replicates": 512,
  "seed_start": 20272000,
  "seed_end": 20272511,
  "tau_definition": "6 epsilon t",
  "columns": [
    "density",
    "M2_per_site",
    "Smin_per_site",
    "bond_alignment_per_edge",
    "occupied_pairs_per_edge",
    "response_score_increment_per_site",
    "hazard_per_site",
    "M2_drift_per_site",
    "radius_two_multiple_probability",
    "mean_absolute_component_residual",
    "cumulative_hops_per_site",
    "cumulative_proposals_per_site"
  ],
  "elapsed_sec": 1.9378397499676794,
  "source_sha256": "cfebba3cf2ef1b8b407658c411528ac94012eadbb58a1d972fa121fa8a30f3e3"
}
{"tau": 0.0, "density": 0.2506239149305553, "absolute_orientation_response": 1.0, "per_record_response_gain": 0.9975105530901622, "S0_per_record": 0.9769816358191731, "Smin_per_record": 1.0090798667484469, "bond_alignment_given_pair": 0.0037514428626394757, "radius_two_multiple_probability": 0.9931369357638907, "cumulative_hops_per_site": 0.0}
{"tau": 1.0, "density": 0.7492133246527768, "absolute_orientation_response": 3.1360677083333335, "per_record_response_gain": 1.0464535283681538, "S0_per_record": 6.159901999831045, "Smin_per_record": 7.150182442843306, "bond_alignment_given_pair": 0.5274199838658842, "radius_two_multiple_probability": 1.0, "cumulative_hops_per_site": 5.591272424768522}
{"tau": 2.0, "density": 0.9092520254629615, "absolute_orientation_response": 4.031105324074076, "per_record_response_gain": 1.1083575321214074, "S0_per_record": 8.62023151278892, "Smin_per_record": 9.289241815505807, "bond_alignment_given_pair": 0.5103714792515778, "radius_two_multiple_probability": 1.0, "cumulative_hops_per_site": 7.7200701678240735}
{"tau": 3.0, "density": 0.9612901475694458, "absolute_orientation_response": 4.306495949074074, "per_record_response_gain": 1.1199781772347155, "S0_per_record": 9.302659179200637, "Smin_per_record": 9.742920926965834, "bond_alignment_given_pair": 0.49617967122019063, "radius_two_multiple_probability": 1.0, "cumulative_hops_per_site": 8.55833152488426}
{"tau": 4.0, "density": 0.9824761284722222, "absolute_orientation_response": 4.405888310185189, "per_record_response_gain": 1.1211184125756999, "S0_per_record": 9.580650505273617, "Smin_per_record": 9.917251090617926, "bond_alignment_given_pair": 0.4898677341193498, "radius_two_multiple_probability": 1.0, "cumulative_hops_per_site": 8.93083586516203}
