{
  "executed_assertions": 328357,
  "parts": {
    "reachability": {
      "checks": 328177,
      "rows": [
        {
          "shape": [
            4,
            4,
            4
          ],
          "states": 43,
          "directed_paths": 5418,
          "max_path_length": 7
        },
        {
          "shape": [
            4,
            4,
            6
          ],
          "states": 43,
          "directed_paths": 8170,
          "max_path_length": 7
        },
        {
          "shape": [
            6,
            6,
            6
          ],
          "states": 46,
          "directed_paths": 19780,
          "max_path_length": 9
        }
      ],
      "two_dimensional_min_cut": 4,
      "seconds": 2.336500499979593,
      "peak_MiB": 20.53125,
      "source_sha256": "8976643f273954a2676e13dfc7f88f69b791c71f26067a5bb04e99c2d1beefbf"
    },
    "connectivity": {
      "status": "PASS",
      "checks": 78,
      "vertices": [
        [
          0,
          0,
          0
        ],
        [
          0,
          0,
          1
        ],
        [
          0,
          0,
          2
        ],
        [
          0,
          0,
          3
        ],
        [
          0,
          1,
          0
        ],
        [
          0,
          1,
          1
        ],
        [
          0,
          1,
          2
        ],
        [
          0,
          1,
          3
        ],
        [
          0,
          2,
          0
        ],
        [
          0,
          2,
          1
        ],
        [
          0,
          2,
          2
        ],
        [
          0,
          2,
          3
        ],
        [
          0,
          3,
          0
        ],
        [
          0,
          3,
          1
        ],
        [
          0,
          3,
          2
        ],
        [
          0,
          3,
          3
        ],
        [
          1,
          0,
          0
        ],
        [
          1,
          0,
          1
        ],
        [
          1,
          0,
          2
        ],
        [
          1,
          0,
          3
        ],
        [
          1,
          1,
          0
        ],
        [
          1,
          1,
          1
        ],
        [
          1,
          1,
          2
        ],
        [
          1,
          1,
          3
        ],
        [
          1,
          2,
          0
        ],
        [
          1,
          2,
          1
        ],
        [
          1,
          2,
          2
        ],
        [
          1,
          2,
          3
        ],
        [
          1,
          3,
          0
        ],
        [
          1,
          3,
          1
        ],
        [
          1,
          3,
          2
        ],
        [
          1,
          3,
          3
        ],
        [
          2,
          0,
          0
        ],
        [
          2,
          0,
          1
        ],
        [
          2,
          0,
          2
        ],
        [
          2,
          0,
          3
        ],
        [
          2,
          1,
          0
        ],
        [
          2,
          1,
          1
        ],
        [
          2,
          1,
          2
        ],
        [
          2,
          1,
          3
        ],
        [
          2,
          2,
          0
        ],
        [
          2,
          2,
          1
        ],
        [
          2,
          2,
          2
        ],
        [
          2,
          2,
          3
        ],
        [
          2,
          3,
          0
        ],
        [
          2,
          3,
          1
        ],
        [
          2,
          3,
          2
        ],
        [
          2,
          3,
          3
        ],
        [
          3,
          0,
          0
        ],
        [
          3,
          0,
          1
        ],
        [
          3,
          0,
          2
        ],
        [
          3,
          0,
          3
        ],
        [
          3,
          1,
          0
        ],
        [
          3,
          1,
          1
        ],
        [
          3,
          1,
          2
        ],
        [
          3,
          1,
          3
        ],
        [
          3,
          2,
          0
        ],
        [
          3,
          2,
          1
        ],
        [
          3,
          2,
          2
        ],
        [
          3,
          2,
          3
        ],
        [
          3,
          3,
          0
        ],
        [
          3,
          3,
          1
        ],
        [
          3,
          3,
          2
        ],
        [
          3,
          3,
          3
        ]
      ],
      "edges": [
        [
          0,
          1
        ],
        [
          0,
          3
        ],
        [
          0,
          4
        ],
        [
          0,
          12
        ],
        [
          0,
          16
        ],
        [
          0,
          48
        ],
        [
          1,
          2
        ],
        [
          1,
          5
        ],
        [
          1,
          13
        ],
        [
          1,
          17
        ],
        [
          1,
          49
        ],
        [
          2,
          3
        ],
        [
          2,
          6
        ],
        [
          2,
          14
        ],
        [
          2,
          18
        ],
        [
          2,
          50
        ],
        [
          3,
          7
        ],
        [
          3,
          15
        ],
        [
          3,
          19
        ],
        [
          3,
          51
        ],
        [
          4,
          5
        ],
        [
          4,
          7
        ],
        [
          4,
          8
        ],
        [
          4,
          20
        ],
        [
          4,
          52
        ],
        [
          5,
          6
        ],
        [
          5,
          9
        ],
        [
          5,
          21
        ],
        [
          5,
          53
        ],
        [
          6,
          7
        ],
        [
          6,
          10
        ],
        [
          6,
          22
        ],
        [
          6,
          54
        ],
        [
          7,
          11
        ],
        [
          7,
          23
        ],
        [
          7,
          55
        ],
        [
          8,
          9
        ],
        [
          8,
          11
        ],
        [
          8,
          12
        ],
        [
          8,
          24
        ],
        [
          8,
          56
        ],
        [
          9,
          10
        ],
        [
          9,
          13
        ],
        [
          9,
          25
        ],
        [
          9,
          57
        ],
        [
          10,
          11
        ],
        [
          10,
          14
        ],
        [
          10,
          26
        ],
        [
          10,
          58
        ],
        [
          11,
          15
        ],
        [
          11,
          27
        ],
        [
          11,
          59
        ],
        [
          12,
          13
        ],
        [
          12,
          15
        ],
        [
          12,
          28
        ],
        [
          12,
          60
        ],
        [
          13,
          14
        ],
        [
          13,
          29
        ],
        [
          13,
          61
        ],
        [
          14,
          15
        ],
        [
          14,
          30
        ],
        [
          14,
          62
        ],
        [
          15,
          31
        ],
        [
          15,
          63
        ],
        [
          16,
          17
        ],
        [
          16,
          19
        ],
        [
          16,
          20
        ],
        [
          16,
          28
        ],
        [
          16,
          32
        ],
        [
          17,
          18
        ],
        [
          17,
          21
        ],
        [
          17,
          29
        ],
        [
          17,
          33
        ],
        [
          18,
          19
        ],
        [
          18,
          22
        ],
        [
          18,
          30
        ],
        [
          18,
          34
        ],
        [
          19,
          23
        ],
        [
          19,
          31
        ],
        [
          19,
          35
        ],
        [
          20,
          21
        ],
        [
          20,
          23
        ],
        [
          20,
          24
        ],
        [
          20,
          36
        ],
        [
          21,
          22
        ],
        [
          21,
          25
        ],
        [
          21,
          37
        ],
        [
          22,
          23
        ],
        [
          22,
          26
        ],
        [
          22,
          38
        ],
        [
          23,
          27
        ],
        [
          23,
          39
        ],
        [
          24,
          25
        ],
        [
          24,
          27
        ],
        [
          24,
          28
        ],
        [
          24,
          40
        ],
        [
          25,
          26
        ],
        [
          25,
          29
        ],
        [
          25,
          41
        ],
        [
          26,
          27
        ],
        [
          26,
          30
        ],
        [
          26,
          42
        ],
        [
          27,
          31
        ],
        [
          27,
          43
        ],
        [
          28,
          29
        ],
        [
          28,
          31
        ],
        [
          28,
          44
        ],
        [
          29,
          30
        ],
        [
          29,
          45
        ],
        [
          30,
          31
        ],
        [
          30,
          46
        ],
        [
          31,
          47
        ],
        [
          32,
          33
        ],
        [
          32,
          35
        ],
        [
          32,
          36
        ],
        [
          32,
          44
        ],
        [
          32,
          48
        ],
        [
          33,
          34
        ],
        [
          33,
          37
        ],
        [
          33,
          45
        ],
        [
          33,
          49
        ],
        [
          34,
          35
        ],
        [
          34,
          38
        ],
        [
          34,
          46
        ],
        [
          34,
          50
        ],
        [
          35,
          39
        ],
        [
          35,
          47
        ],
        [
          35,
          51
        ],
        [
          36,
          37
        ],
        [
          36,
          39
        ],
        [
          36,
          40
        ],
        [
          36,
          52
        ],
        [
          37,
          38
        ],
        [
          37,
          41
        ],
        [
          37,
          53
        ],
        [
          38,
          39
        ],
        [
          38,
          42
        ],
        [
          38,
          54
        ],
        [
          39,
          43
        ],
        [
          39,
          55
        ],
        [
          40,
          41
        ],
        [
          40,
          43
        ],
        [
          40,
          44
        ],
        [
          40,
          56
        ],
        [
          41,
          42
        ],
        [
          41,
          45
        ],
        [
          41,
          57
        ],
        [
          42,
          43
        ],
        [
          42,
          46
        ],
        [
          42,
          58
        ],
        [
          43,
          47
        ],
        [
          43,
          59
        ],
        [
          44,
          45
        ],
        [
          44,
          47
        ],
        [
          44,
          60
        ],
        [
          45,
          46
        ],
        [
          45,
          61
        ],
        [
          46,
          47
        ],
        [
          46,
          62
        ],
        [
          47,
          63
        ],
        [
          48,
          49
        ],
        [
          48,
          51
        ],
        [
          48,
          52
        ],
        [
          48,
          60
        ],
        [
          49,
          50
        ],
        [
          49,
          53
        ],
        [
          49,
          61
        ],
        [
          50,
          51
        ],
        [
          50,
          54
        ],
        [
          50,
          62
        ],
        [
          51,
          55
        ],
        [
          51,
          63
        ],
        [
          52,
          53
        ],
        [
          52,
          55
        ],
        [
          52,
          56
        ],
        [
          53,
          54
        ],
        [
          53,
          57
        ],
        [
          54,
          55
        ],
        [
          54,
          58
        ],
        [
          55,
          59
        ],
        [
          56,
          57
        ],
        [
          56,
          59
        ],
        [
          56,
          60
        ],
        [
          57,
          58
        ],
        [
          57,
          61
        ],
        [
          58,
          59
        ],
        [
          58,
          62
        ],
        [
          59,
          63
        ],
        [
          60,
          61
        ],
        [
          60,
          63
        ],
        [
          61,
          62
        ],
        [
          62,
          63
        ]
      ],
      "fixtures": [
        {
          "cycle": [
            0,
            16,
            20,
            4
          ],
          "initial_bits": "111111111111001010110101101101110010101101011011011100001001001100100110011001110010101100011011011101001001000100100110011000110100100100010010011001100111000000100010101100010001100011011011",
          "final_bits": "111111111111001010110101101101110010101101011011011100001001001100100110011001110010101100011011011101001001000100100110011001110100100100010010011001100111000000100010001100010001100011001111",
          "branches": [
            "both-charge-parking"
          ],
          "hops": 6,
          "tape": [
            {
              "source": 0,
              "target": 1,
              "sign": 1,
              "phase_mod4": 1,
              "bits": "111111111111001010110101101101110010101101011011011100001001001100100110011001110010101100011011011101001001000100100110011000110100100100010010011001100111000000100010101100010001100011011010",
              "charges": [
                0,
                1,
                0,
                0,
                0,
                0,
                0,
                0,
                0,
                0,
                0,
                0,
                0,
                0,
                0,
                0,
                0,
                0,
                0,
                0,
                -1,
                0,
                0,
                0,
                0,
                0,
                0,
                0,
                0,
                0,
                0,
                0,
                0,
                0,
                0,
                0,
                0,
                0,
                0,
                0,
                0,
                0,
                0,
                0,
                0,
                0,
                0,
                0,
                0,
                0,
                0,
                0,
                0,
                0,
                0,
                0,
                0,
                0,
                0,
                0,
                0,
                0,
                0,
                0
              ]
            },
            {
              "source": 20,
              "target": 16,
              "sign": -1,
              "phase_mod4": 3,
              "bits": "111111111111001010110101101101110010101101011011011100001001001100100110011001110010101100011011011101001001000100100110011001110100100100010010011001100111000000100010101100010001100011011010",
              "charges": [
                0,
                1,
                0,
                0,
                0,
                0,
                0,
                0,
                0,
                0,
                0,
                0,
                0,
                0,
                0,
                0,
                -1,
                0,
                0,
                0,
                0,
                0,
                0,
                0,
                0,
                0,
                0,
                0,
                0,
                0,
                0,
                0,
                0,
                0,
                0,
                0,
                0,
                0,
                0,
                0,
                0,
                0,
                0,
                0,
                0,
                0,
                0,
                0,
                0,
                0,
                0,
                0,
                0,
                0,
                0,
                0,
                0,
                0,
                0,
                0,
                0,
                0,
                0,
                0
              ]
            },
            {
              "source": 16,
              "target": 0,
              "sign": -1,
              "phase_mod4": 3,
              "bits": "111111111111001010110101101101110010101101011011011100001001001100100110011001110010101100011011011101001001000100100110011001110100100100010010011001100111000000100010101100010001100011001010",
              "charges": [
                -1,
                1,
                0,
                0,
                0,
                0,
                0,
                0,
                0,
                0,
                0,
                0,
                0,
                0,
                0,
                0,
                0,
                0,
                0,
                0,
                0,
                0,
                0,
                0,
                0,
                0,
                0,
                0,
                0,
                0,
                0,
                0,
                0,
                0,
                0,
                0,
                0,
                0,
                0,
                0,
                0,
                0,
                0,
                0,
                0,
                0,
                0,
                0,
                0,
                0,
                0,
                0,
                0,
                0,
                0,
                0,
                0,
                0,
                0,
                0,
                0,
                0,
                0,
                0
              ]
            },
            {
              "source": 0,
              "target": 4,
              "sign": -1,
              "phase_mod4": 3,
              "bits": "111111111111001010110101101101110010101101011011011100001001001100100110011001110010101100011011011101001001000100100110011001110100100100010010011001100111000000100010101100010001100011001110",
              "charges": [
                0,
                1,
                0,
                0,
                -1,
                0,
                0,
                0,
                0,
                0,
                0,
                0,
                0,
                0,
                0,
                0,
                0,
                0,
                0,
                0,
                0,
                0,
                0,
                0,
                0,
                0,
                0,
                0,
                0,
                0,
                0,
                0,
                0,
                0,
                0,
                0,
                0,
                0,
                0,
                0,
                0,
                0,
                0,
                0,
                0,
                0,
                0,
                0,
                0,
                0,
                0,
                0,
                0,
                0,
                0,
                0,
                0,
                0,
                0,
                0,
                0,
                0,
                0,
                0
              ]
            },
            {
              "source": 4,
              "target": 20,
              "sign": -1,
              "phase_mod4": 3,
              "bits": "111111111111001010110101101101110010101101011011011100001001001100100110011001110010101100011011011101001001000100100110011001110100100100010010011001100111000000100010001100010001100011001110",
              "charges": [
                0,
                1,
                0,
                0,
                0,
                0,
                0,
                0,
                0,
                0,
                0,
                0,
                0,
                0,
                0,
                0,
                0,
                0,
                0,
                0,
                -1,
                0,
                0,
                0,
                0,
                0,
                0,
                0,
                0,
                0,
                0,
                0,
                0,
                0,
                0,
                0,
                0,
                0,
                0,
                0,
                0,
                0,
                0,
                0,
                0,
                0,
                0,
                0,
                0,
                0,
                0,
                0,
                0,
                0,
                0,
                0,
                0,
                0,
                0,
                0,
                0,
                0,
                0,
                0
              ]
            },
            {
              "source": 1,
              "target": 0,
              "sign": 1,
              "phase_mod4": 3,
              "bits": "111111111111001010110101101101110010101101011011011100001001001100100110011001110010101100011011011101001001000100100110011001110100100100010010011001100111000000100010001100010001100011001111",
              "charges": [
                1,
                0,
                0,
                0,
                0,
                0,
                0,
                0,
                0,
                0,
                0,
                0,
                0,
                0,
                0,
                0,
                0,
                0,
                0,
                0,
                -1,
                0,
                0,
                0,
                0,
                0,
                0,
                0,
                0,
                0,
                0,
                0,
                0,
                0,
                0,
                0,
                0,
                0,
                0,
                0,
                0,
                0,
                0,
                0,
                0,
                0,
                0,
                0,
                0,
                0,
                0,
                0,
                0,
                0,
                0,
                0,
                0,
                0,
                0,
                0,
                0,
                0,
                0,
                0
              ]
            }
          ]
        },
        {
          "cycle": [
            0,
            16,
            32,
            36,
            20,
            4
          ],
          "initial_bits": "110111111111001010110101101101111000111101011011001100001001011100100110011001110100101101011011011100001001001100100110011000110100100100010010011001100111000000100010101100010001100011011011",
          "final_bits": "110111111111001010110101101101111000111101011011001100001001011100100110011000110100101101011011011100001001101100100110011100110100100100010010011001100111000000100010001100010001100011001111",
          "branches": [
            "chord"
          ],
          "hops": 8,
          "tape": [
            {
              "source": 0,
              "target": 16,
              "sign": 1,
              "phase_mod4": 3,
              "bits": "110111111111001010110101101101111000111101011011001100001001011100100110011001110100101101011011011100001001001100100110011000110100100100010010011001100111000000100010101100010001100011001011",
              "charges": [
                0,
                0,
                0,
                0,
                0,
                0,
                0,
                0,
                0,
                0,
                0,
                0,
                0,
                0,
                0,
                0,
                1,
                0,
                0,
                0,
                0,
                0,
                0,
                0,
                0,
                0,
                0,
                0,
                0,
                0,
                0,
                0,
                0,
                0,
                0,
                0,
                -1,
                0,
                0,
                0,
                0,
                0,
                0,
                0,
                0,
                0,
                0,
                0,
                0,
                0,
                0,
                0,
                0,
                0,
                0,
                0,
                0,
                0,
                0,
                0,
                0,
                0,
                0,
                0
              ]
            },
            {
              "source": 16,
              "target": 20,
              "sign": 1,
              "phase_mod4": 3,
              "bits": "110111111111001010110101101101111000111101011011001100001001011100100110011001110100101101011011011100001001001100100110011001110100100100010010011001100111000000100010101100010001100011001011",
              "charges": [
                0,
                0,
                0,
                0,
                0,
                0,
                0,
                0,
                0,
                0,
                0,
                0,
                0,
                0,
                0,
                0,
                0,
                0,
                0,
                0,
                1,
                0,
                0,
                0,
                0,
                0,
                0,
                0,
                0,
                0,
                0,
                0,
                0,
                0,
                0,
                0,
                -1,
                0,
                0,
                0,
                0,
                0,
                0,
                0,
                0,
                0,
                0,
                0,
                0,
                0,
                0,
                0,
                0,
                0,
                0,
                0,
                0,
                0,
                0,
                0,
                0,
                0,
                0,
                0
              ]
            },
            {
              "source": 20,
              "target": 4,
              "sign": 1,
              "phase_mod4": 3,
              "bits": "110111111111001010110101101101111000111101011011001100001001011100100110011001110100101101011011011100001001001100100110011001110100100100010010011001100111000000100010001100010001100011001011",
              "charges": [
                0,
                0,
                0,
                0,
                1,
                0,
                0,
                0,
                0,
                0,
                0,
                0,
                0,
                0,
                0,
                0,
                0,
                0,
                0,
                0,
                0,
                0,
                0,
                0,
                0,
                0,
                0,
                0,
                0,
                0,
                0,
                0,
                0,
                0,
                0,
                0,
                -1,
                0,
                0,
                0,
                0,
                0,
                0,
                0,
                0,
                0,
                0,
                0,
                0,
                0,
                0,
                0,
                0,
                0,
                0,
                0,
                0,
                0,
                0,
                0,
                0,
                0,
                0,
                0
              ]
            },
            {
              "source": 4,
              "target": 0,
              "sign": 1,
              "phase_mod4": 3,
              "bits": "110111111111001010110101101101111000111101011011001100001001011100100110011001110100101101011011011100001001001100100110011001110100100100010010011001100111000000100010001100010001100011001111",
              "charges": [
                1,
                0,
                0,
                0,
                0,
                0,
                0,
                0,
                0,
                0,
                0,
                0,
                0,
                0,
                0,
                0,
                0,
                0,
                0,
                0,
                0,
                0,
                0,
                0,
                0,
                0,
                0,
                0,
                0,
                0,
                0,
                0,
                0,
                0,
                0,
                0,
                -1,
                0,
                0,
                0,
                0,
                0,
                0,
                0,
                0,
                0,
                0,
                0,
                0,
                0,
                0,
                0,
                0,
                0,
                0,
                0,
                0,
                0,
                0,
                0,
                0,
                0,
                0,
                0
              ]
            },
            {
              "source": 36,
              "target": 32,
              "sign": -1,
              "phase_mod4": 3,
              "bits": "110111111111001010110101101101111000111101011011001100001001011100100110011000110100101101011011011100001001001100100110011001110100100100010010011001100111000000100010001100010001100011001111",
              "charges": [
                1,
                0,
                0,
                0,
                0,
                0,
                0,
                0,
                0,
                0,
                0,
                0,
                0,
                0,
                0,
                0,
                0,
                0,
                0,
                0,
                0,
                0,
                0,
                0,
                0,
                0,
                0,
                0,
                0,
                0,
                0,
                0,
                -1,
                0,
                0,
                0,
                0,
                0,
                0,
                0,
                0,
                0,
                0,
                0,
                0,
                0,
                0,
                0,
                0,
                0,
                0,
                0,
                0,
                0,
                0,
                0,
                0,
                0,
                0,
                0,
                0,
                0,
                0,
                0
              ]
            },
            {
              "source": 32,
              "target": 16,
              "sign": -1,
              "phase_mod4": 1,
              "bits": "110111111111001010110101101101111000111101011011001100001001011100100110011000110100101101011011011100001001001100100110011101110100100100010010011001100111000000100010001100010001100011001111",
              "charges": [
                1,
                0,
                0,
                0,
                0,
                0,
                0,
                0,
                0,
                0,
                0,
                0,
                0,
                0,
                0,
                0,
                -1,
                0,
                0,
                0,
                0,
                0,
                0,
                0,
                0,
                0,
                0,
                0,
                0,
                0,
                0,
                0,
                0,
                0,
                0,
                0,
                0,
                0,
                0,
                0,
                0,
                0,
                0,
                0,
                0,
                0,
                0,
                0,
                0,
                0,
                0,
                0,
                0,
                0,
                0,
                0,
                0,
                0,
                0,
                0,
                0,
                0,
                0,
                0
              ]
            },
            {
              "source": 16,
              "target": 20,
              "sign": -1,
              "phase_mod4": 1,
              "bits": "110111111111001010110101101101111000111101011011001100001001011100100110011000110100101101011011011100001001001100100110011100110100100100010010011001100111000000100010001100010001100011001111",
              "charges": [
                1,
                0,
                0,
                0,
                0,
                0,
                0,
                0,
                0,
                0,
                0,
                0,
                0,
                0,
                0,
                0,
                0,
                0,
                0,
                0,
                -1,
                0,
                0,
                0,
                0,
                0,
                0,
                0,
                0,
                0,
                0,
                0,
                0,
                0,
                0,
                0,
                0,
                0,
                0,
                0,
                0,
                0,
                0,
                0,
                0,
                0,
                0,
                0,
                0,
                0,
                0,
                0,
                0,
                0,
                0,
                0,
                0,
                0,
                0,
                0,
                0,
                0,
                0,
                0
              ]
            },
            {
              "source": 20,
              "target": 36,
              "sign": -1,
              "phase_mod4": 1,
              "bits": "110111111111001010110101101101111000111101011011001100001001011100100110011000110100101101011011011100001001101100100110011100110100100100010010011001100111000000100010001100010001100011001111",
              "charges": [
                1,
                0,
                0,
                0,
                0,
                0,
                0,
                0,
                0,
                0,
                0,
                0,
                0,
                0,
                0,
                0,
                0,
                0,
                0,
                0,
                0,
                0,
                0,
                0,
                0,
                0,
                0,
                0,
                0,
                0,
                0,
                0,
                0,
                0,
                0,
                0,
                -1,
                0,
                0,
                0,
                0,
                0,
                0,
                0,
                0,
                0,
                0,
                0,
                0,
                0,
                0,
                0,
                0,
                0,
                0,
                0,
                0,
                0,
                0,
                0,
                0,
                0,
                0,
                0
              ]
            }
          ]
        }
      ],
      "seconds": 0.0018903750169556588,
      "peak_MiB": 21.6875,
      "source_sha256": "f165f647fa3d7334e2fb8c7b9557f0b204d8779e70ec60c323c7d6cf876d3f13"
    },
    "exchange": {
      "status": "PASS",
      "checks": 102,
      "vertices": [
        [
          0,
          0,
          0
        ],
        [
          0,
          0,
          1
        ],
        [
          0,
          0,
          2
        ],
        [
          0,
          0,
          3
        ],
        [
          0,
          1,
          0
        ],
        [
          0,
          1,
          1
        ],
        [
          0,
          1,
          2
        ],
        [
          0,
          1,
          3
        ],
        [
          0,
          2,
          0
        ],
        [
          0,
          2,
          1
        ],
        [
          0,
          2,
          2
        ],
        [
          0,
          2,
          3
        ],
        [
          0,
          3,
          0
        ],
        [
          0,
          3,
          1
        ],
        [
          0,
          3,
          2
        ],
        [
          0,
          3,
          3
        ],
        [
          1,
          0,
          0
        ],
        [
          1,
          0,
          1
        ],
        [
          1,
          0,
          2
        ],
        [
          1,
          0,
          3
        ],
        [
          1,
          1,
          0
        ],
        [
          1,
          1,
          1
        ],
        [
          1,
          1,
          2
        ],
        [
          1,
          1,
          3
        ],
        [
          1,
          2,
          0
        ],
        [
          1,
          2,
          1
        ],
        [
          1,
          2,
          2
        ],
        [
          1,
          2,
          3
        ],
        [
          1,
          3,
          0
        ],
        [
          1,
          3,
          1
        ],
        [
          1,
          3,
          2
        ],
        [
          1,
          3,
          3
        ],
        [
          2,
          0,
          0
        ],
        [
          2,
          0,
          1
        ],
        [
          2,
          0,
          2
        ],
        [
          2,
          0,
          3
        ],
        [
          2,
          1,
          0
        ],
        [
          2,
          1,
          1
        ],
        [
          2,
          1,
          2
        ],
        [
          2,
          1,
          3
        ],
        [
          2,
          2,
          0
        ],
        [
          2,
          2,
          1
        ],
        [
          2,
          2,
          2
        ],
        [
          2,
          2,
          3
        ],
        [
          2,
          3,
          0
        ],
        [
          2,
          3,
          1
        ],
        [
          2,
          3,
          2
        ],
        [
          2,
          3,
          3
        ],
        [
          3,
          0,
          0
        ],
        [
          3,
          0,
          1
        ],
        [
          3,
          0,
          2
        ],
        [
          3,
          0,
          3
        ],
        [
          3,
          1,
          0
        ],
        [
          3,
          1,
          1
        ],
        [
          3,
          1,
          2
        ],
        [
          3,
          1,
          3
        ],
        [
          3,
          2,
          0
        ],
        [
          3,
          2,
          1
        ],
        [
          3,
          2,
          2
        ],
        [
          3,
          2,
          3
        ],
        [
          3,
          3,
          0
        ],
        [
          3,
          3,
          1
        ],
        [
          3,
          3,
          2
        ],
        [
          3,
          3,
          3
        ]
      ],
      "edges": [
        [
          0,
          1
        ],
        [
          0,
          3
        ],
        [
          0,
          4
        ],
        [
          0,
          12
        ],
        [
          0,
          16
        ],
        [
          0,
          48
        ],
        [
          1,
          2
        ],
        [
          1,
          5
        ],
        [
          1,
          13
        ],
        [
          1,
          17
        ],
        [
          1,
          49
        ],
        [
          2,
          3
        ],
        [
          2,
          6
        ],
        [
          2,
          14
        ],
        [
          2,
          18
        ],
        [
          2,
          50
        ],
        [
          3,
          7
        ],
        [
          3,
          15
        ],
        [
          3,
          19
        ],
        [
          3,
          51
        ],
        [
          4,
          5
        ],
        [
          4,
          7
        ],
        [
          4,
          8
        ],
        [
          4,
          20
        ],
        [
          4,
          52
        ],
        [
          5,
          6
        ],
        [
          5,
          9
        ],
        [
          5,
          21
        ],
        [
          5,
          53
        ],
        [
          6,
          7
        ],
        [
          6,
          10
        ],
        [
          6,
          22
        ],
        [
          6,
          54
        ],
        [
          7,
          11
        ],
        [
          7,
          23
        ],
        [
          7,
          55
        ],
        [
          8,
          9
        ],
        [
          8,
          11
        ],
        [
          8,
          12
        ],
        [
          8,
          24
        ],
        [
          8,
          56
        ],
        [
          9,
          10
        ],
        [
          9,
          13
        ],
        [
          9,
          25
        ],
        [
          9,
          57
        ],
        [
          10,
          11
        ],
        [
          10,
          14
        ],
        [
          10,
          26
        ],
        [
          10,
          58
        ],
        [
          11,
          15
        ],
        [
          11,
          27
        ],
        [
          11,
          59
        ],
        [
          12,
          13
        ],
        [
          12,
          15
        ],
        [
          12,
          28
        ],
        [
          12,
          60
        ],
        [
          13,
          14
        ],
        [
          13,
          29
        ],
        [
          13,
          61
        ],
        [
          14,
          15
        ],
        [
          14,
          30
        ],
        [
          14,
          62
        ],
        [
          15,
          31
        ],
        [
          15,
          63
        ],
        [
          16,
          17
        ],
        [
          16,
          19
        ],
        [
          16,
          20
        ],
        [
          16,
          28
        ],
        [
          16,
          32
        ],
        [
          17,
          18
        ],
        [
          17,
          21
        ],
        [
          17,
          29
        ],
        [
          17,
          33
        ],
        [
          18,
          19
        ],
        [
          18,
          22
        ],
        [
          18,
          30
        ],
        [
          18,
          34
        ],
        [
          19,
          23
        ],
        [
          19,
          31
        ],
        [
          19,
          35
        ],
        [
          20,
          21
        ],
        [
          20,
          23
        ],
        [
          20,
          24
        ],
        [
          20,
          36
        ],
        [
          21,
          22
        ],
        [
          21,
          25
        ],
        [
          21,
          37
        ],
        [
          22,
          23
        ],
        [
          22,
          26
        ],
        [
          22,
          38
        ],
        [
          23,
          27
        ],
        [
          23,
          39
        ],
        [
          24,
          25
        ],
        [
          24,
          27
        ],
        [
          24,
          28
        ],
        [
          24,
          40
        ],
        [
          25,
          26
        ],
        [
          25,
          29
        ],
        [
          25,
          41
        ],
        [
          26,
          27
        ],
        [
          26,
          30
        ],
        [
          26,
          42
        ],
        [
          27,
          31
        ],
        [
          27,
          43
        ],
        [
          28,
          29
        ],
        [
          28,
          31
        ],
        [
          28,
          44
        ],
        [
          29,
          30
        ],
        [
          29,
          45
        ],
        [
          30,
          31
        ],
        [
          30,
          46
        ],
        [
          31,
          47
        ],
        [
          32,
          33
        ],
        [
          32,
          35
        ],
        [
          32,
          36
        ],
        [
          32,
          44
        ],
        [
          32,
          48
        ],
        [
          33,
          34
        ],
        [
          33,
          37
        ],
        [
          33,
          45
        ],
        [
          33,
          49
        ],
        [
          34,
          35
        ],
        [
          34,
          38
        ],
        [
          34,
          46
        ],
        [
          34,
          50
        ],
        [
          35,
          39
        ],
        [
          35,
          47
        ],
        [
          35,
          51
        ],
        [
          36,
          37
        ],
        [
          36,
          39
        ],
        [
          36,
          40
        ],
        [
          36,
          52
        ],
        [
          37,
          38
        ],
        [
          37,
          41
        ],
        [
          37,
          53
        ],
        [
          38,
          39
        ],
        [
          38,
          42
        ],
        [
          38,
          54
        ],
        [
          39,
          43
        ],
        [
          39,
          55
        ],
        [
          40,
          41
        ],
        [
          40,
          43
        ],
        [
          40,
          44
        ],
        [
          40,
          56
        ],
        [
          41,
          42
        ],
        [
          41,
          45
        ],
        [
          41,
          57
        ],
        [
          42,
          43
        ],
        [
          42,
          46
        ],
        [
          42,
          58
        ],
        [
          43,
          47
        ],
        [
          43,
          59
        ],
        [
          44,
          45
        ],
        [
          44,
          47
        ],
        [
          44,
          60
        ],
        [
          45,
          46
        ],
        [
          45,
          61
        ],
        [
          46,
          47
        ],
        [
          46,
          62
        ],
        [
          47,
          63
        ],
        [
          48,
          49
        ],
        [
          48,
          51
        ],
        [
          48,
          52
        ],
        [
          48,
          60
        ],
        [
          49,
          50
        ],
        [
          49,
          53
        ],
        [
          49,
          61
        ],
        [
          50,
          51
        ],
        [
          50,
          54
        ],
        [
          50,
          62
        ],
        [
          51,
          55
        ],
        [
          51,
          63
        ],
        [
          52,
          53
        ],
        [
          52,
          55
        ],
        [
          52,
          56
        ],
        [
          53,
          54
        ],
        [
          53,
          57
        ],
        [
          54,
          55
        ],
        [
          54,
          58
        ],
        [
          55,
          59
        ],
        [
          56,
          57
        ],
        [
          56,
          59
        ],
        [
          56,
          60
        ],
        [
          57,
          58
        ],
        [
          57,
          61
        ],
        [
          58,
          59
        ],
        [
          58,
          62
        ],
        [
          59,
          63
        ],
        [
          60,
          61
        ],
        [
          60,
          63
        ],
        [
          61,
          62
        ],
        [
          62,
          63
        ]
      ],
      "star": {
        "i": 0,
        "j": 16,
        "k": 4,
        "l": 1
      },
      "fixed_star_bits": {
        "4": 0,
        "2": 1,
        "0": 0
      },
      "maxflow": 93,
      "witnesses": [
        {
          "sign": 1,
          "initial_bits": "111111111111001010110101101101110010101101001011001100011001001100100010011001110100111101011011001100001001011100100110011000110100100100010010011001100111000000100010001100010001100011001110",
          "routeA": [
            {
              "bits": "111111111111001010110101101101110010101101001011001100011001001100100010011001110100111101011011001100001001011100100110011000110100100100010010011001100111000000100010001100010001100011001110",
              "charges": [
                0,
                1,
                0,
                0,
                0,
                0,
                0,
                0,
                0,
                0,
                0,
                0,
                0,
                0,
                0,
                0,
                1,
                0,
                0,
                0,
                0,
                0,
                0,
                0,
                0,
                0,
                0,
                0,
                0,
                0,
                0,
                0,
                0,
                0,
                -1,
                0,
                0,
                0,
                0,
                0,
                -1,
                0,
                0,
                0,
                0,
                0,
                0,
                0,
                0,
                0,
                0,
                0,
                0,
                0,
                0,
                0,
                0,
                0,
                0,
                0,
                0,
                0,
                0,
                0
              ],
              "phase_mod4": 0
            },
            {
              "bits": "111111111111001010110101101101110010101101001011001100011001001100100010011001110100111101011011001100001001011100100110011000110100100100010010011001100111000000100010001100010001100011011110",
              "charges": [
                1,
                1,
                0,
                0,
                0,
                0,
                0,
                0,
                0,
                0,
                0,
                0,
                0,
                0,
                0,
                0,
                0,
                0,
                0,
                0,
                0,
                0,
                0,
                0,
                0,
                0,
                0,
                0,
                0,
                0,
                0,
                0,
                0,
                0,
                -1,
                0,
                0,
                0,
                0,
                0,
                -1,
                0,
                0,
                0,
                0,
                0,
                0,
                0,
                0,
                0,
                0,
                0,
                0,
                0,
                0,
                0,
                0,
                0,
                0,
                0,
                0,
                0,
                0,
                0
              ],
              "phase_mod4": 1
            },
            {
              "bits": "111111111111001010110101101101110010101101001011001100011001001100100010011001110100111101011011001100001001011100100110011000110100100100010010011001100111000000100010001100010001100011011010",
              "charges": [
                0,
                1,
                0,
                0,
                1,
                0,
                0,
                0,
                0,
                0,
                0,
                0,
                0,
                0,
                0,
                0,
                0,
                0,
                0,
                0,
                0,
                0,
                0,
                0,
                0,
                0,
                0,
                0,
                0,
                0,
                0,
                0,
                0,
                0,
                -1,
                0,
                0,
                0,
                0,
                0,
                -1,
                0,
                0,
                0,
                0,
                0,
                0,
                0,
                0,
                0,
                0,
                0,
                0,
                0,
                0,
                0,
                0,
                0,
                0,
                0,
                0,
                0,
                0,
                0
              ],
              "phase_mod4": 0
            },
            {
              "bits": "111111111111001010110101101101110010101101001011001100011001001100100010011001110100111101011011001100001001011100100110011000110100100100010010011001100111000000100010001100010001100011011011",
              "charges": [
                1,
                0,
                0,
                0,
                1,
                0,
                0,
                0,
                0,
                0,
                0,
                0,
                0,
                0,
                0,
                0,
                0,
                0,
                0,
                0,
                0,
                0,
                0,
                0,
                0,
                0,
                0,
                0,
                0,
                0,
                0,
                0,
                0,
                0,
                -1,
                0,
                0,
                0,
                0,
                0,
                -1,
                0,
                0,
                0,
                0,
                0,
                0,
                0,
                0,
                0,
                0,
                0,
                0,
                0,
                0,
                0,
                0,
                0,
                0,
                0,
                0,
                0,
                0,
                0
              ],
              "phase_mod4": 3
            }
          ],
          "routeB": [
            {
              "bits": "111111111111001010110101101101110010101101001011001100011001001100100010011001110100111101011011001100001001011100100110011000110100100100010010011001100111000000100010001100010001100011001110",
              "charges": [
                0,
                1,
                0,
                0,
                0,
                0,
                0,
                0,
                0,
                0,
                0,
                0,
                0,
                0,
                0,
                0,
                1,
                0,
                0,
                0,
                0,
                0,
                0,
                0,
                0,
                0,
                0,
                0,
                0,
                0,
                0,
                0,
                0,
                0,
                -1,
                0,
                0,
                0,
                0,
                0,
                -1,
                0,
                0,
                0,
                0,
                0,
                0,
                0,
                0,
                0,
                0,
                0,
                0,
                0,
                0,
                0,
                0,
                0,
                0,
                0,
                0,
                0,
                0,
                0
              ],
              "phase_mod4": 0
            },
            {
              "bits": "111111111111001010110101101101110010101101001011001100011001001100100010011001110100111101011011001100001001011100100110011000110100100100010010011001100111000000100010001100010001100011001111",
              "charges": [
                1,
                0,
                0,
                0,
                0,
                0,
                0,
                0,
                0,
                0,
                0,
                0,
                0,
                0,
                0,
                0,
                1,
                0,
                0,
                0,
                0,
                0,
                0,
                0,
                0,
                0,
                0,
                0,
                0,
                0,
                0,
                0,
                0,
                0,
                -1,
                0,
                0,
                0,
                0,
                0,
                -1,
                0,
                0,
                0,
                0,
                0,
                0,
                0,
                0,
                0,
                0,
                0,
                0,
                0,
                0,
                0,
                0,
                0,
                0,
                0,
                0,
                0,
                0,
                0
              ],
              "phase_mod4": 3
            },
            {
              "bits": "111111111111001010110101101101110010101101001011001100011001001100100010011001110100111101011011001100001001011100100110011000110100100100010010011001100111000000100010001100010001100011001011",
              "charges": [
                0,
                0,
                0,
                0,
                1,
                0,
                0,
                0,
                0,
                0,
                0,
                0,
                0,
                0,
                0,
                0,
                1,
                0,
                0,
                0,
                0,
                0,
                0,
                0,
                0,
                0,
                0,
                0,
                0,
                0,
                0,
                0,
                0,
                0,
                -1,
                0,
                0,
                0,
                0,
                0,
                -1,
                0,
                0,
                0,
                0,
                0,
                0,
                0,
                0,
                0,
                0,
                0,
                0,
                0,
                0,
                0,
                0,
                0,
                0,
                0,
                0,
                0,
                0,
                0
              ],
              "phase_mod4": 0
            },
            {
              "bits": "111111111111001010110101101101110010101101001011001100011001001100100010011001110100111101011011001100001001011100100110011000110100100100010010011001100111000000100010001100010001100011011011",
              "charges": [
                1,
                0,
                0,
                0,
                1,
                0,
                0,
                0,
                0,
                0,
                0,
                0,
                0,
                0,
                0,
                0,
                0,
                0,
                0,
                0,
                0,
                0,
                0,
                0,
                0,
                0,
                0,
                0,
                0,
                0,
                0,
                0,
                0,
                0,
                -1,
                0,
                0,
                0,
                0,
                0,
                -1,
                0,
                0,
                0,
                0,
                0,
                0,
                0,
                0,
                0,
                0,
                0,
                0,
                0,
                0,
                0,
                0,
                0,
                0,
                0,
                0,
                0,
                0,
                0
              ],
              "phase_mod4": 1
            }
          ],
          "reverseB": [
            {
              "bits": "111111111111001010110101101101110010101101001011001100011001001100100010011001110100111101011011001100001001011100100110011000110100100100010010011001100111000000100010001100010001100011011011",
              "charges": [
                1,
                0,
                0,
                0,
                1,
                0,
                0,
                0,
                0,
                0,
                0,
                0,
                0,
                0,
                0,
                0,
                0,
                0,
                0,
                0,
                0,
                0,
                0,
                0,
                0,
                0,
                0,
                0,
                0,
                0,
                0,
                0,
                0,
                0,
                -1,
                0,
                0,
                0,
                0,
                0,
                -1,
                0,
                0,
                0,
                0,
                0,
                0,
                0,
                0,
                0,
                0,
                0,
                0,
                0,
                0,
                0,
                0,
                0,
                0,
                0,
                0,
                0,
                0,
                0
              ],
              "phase_mod4": 0
            },
            {
              "bits": "111111111111001010110101101101110010101101001011001100011001001100100010011001110100111101011011001100001001011100100110011000110100100100010010011001100111000000100010001100010001100011001011",
              "charges": [
                0,
                0,
                0,
                0,
                1,
                0,
                0,
                0,
                0,
                0,
                0,
                0,
                0,
                0,
                0,
                0,
                1,
                0,
                0,
                0,
                0,
                0,
                0,
                0,
                0,
                0,
                0,
                0,
                0,
                0,
                0,
                0,
                0,
                0,
                -1,
                0,
                0,
                0,
                0,
                0,
                -1,
                0,
                0,
                0,
                0,
                0,
                0,
                0,
                0,
                0,
                0,
                0,
                0,
                0,
                0,
                0,
                0,
                0,
                0,
                0,
                0,
                0,
                0,
                0
              ],
              "phase_mod4": 3
            },
            {
              "bits": "111111111111001010110101101101110010101101001011001100011001001100100010011001110100111101011011001100001001011100100110011000110100100100010010011001100111000000100010001100010001100011001111",
              "charges": [
                1,
                0,
                0,
                0,
                0,
                0,
                0,
                0,
                0,
                0,
                0,
                0,
                0,
                0,
                0,
                0,
                1,
                0,
                0,
                0,
                0,
                0,
                0,
                0,
                0,
                0,
                0,
                0,
                0,
                0,
                0,
                0,
                0,
                0,
                -1,
                0,
                0,
                0,
                0,
                0,
                -1,
                0,
                0,
                0,
                0,
                0,
                0,
                0,
                0,
                0,
                0,
                0,
                0,
                0,
                0,
                0,
                0,
                0,
                0,
                0,
                0,
                0,
                0,
                0
              ],
              "phase_mod4": 2
            },
            {
              "bits": "111111111111001010110101101101110010101101001011001100011001001100100010011001110100111101011011001100001001011100100110011000110100100100010010011001100111000000100010001100010001100011001110",
              "charges": [
                0,
                1,
                0,
                0,
                0,
                0,
                0,
                0,
                0,
                0,
                0,
                0,
                0,
                0,
                0,
                0,
                1,
                0,
                0,
                0,
                0,
                0,
                0,
                0,
                0,
                0,
                0,
                0,
                0,
                0,
                0,
                0,
                0,
                0,
                -1,
                0,
                0,
                0,
                0,
                0,
                -1,
                0,
                0,
                0,
                0,
                0,
                0,
                0,
                0,
                0,
                0,
                0,
                0,
                0,
                0,
                0,
                0,
                0,
                0,
                0,
                0,
                0,
                0,
                0
              ],
              "phase_mod4": 3
            }
          ],
          "routeA_phase": 3,
          "routeB_phase": 1,
          "closed_loop_phase": 2
        },
        {
          "sign": -1,
          "initial_bits": "000000000000110101001010010010001101010010110100110011100110110011011101100110001011000010100100110011110110100011011001100111001011011011101101100110011000111111011101110011101110011100110001",
          "routeA": [
            {
              "bits": "000000000000110101001010010010001101010010110100110011100110110011011101100110001011000010100100110011110110100011011001100111001011011011101101100110011000111111011101110011101110011100110001",
              "charges": [
                0,
                -1,
                0,
                0,
                0,
                0,
                0,
                0,
                0,
                0,
                0,
                0,
                0,
                0,
                0,
                0,
                -1,
                0,
                0,
                0,
                0,
                0,
                0,
                0,
                0,
                0,
                0,
                0,
                0,
                0,
                0,
                0,
                0,
                0,
                1,
                0,
                0,
                0,
                0,
                0,
                1,
                0,
                0,
                0,
                0,
                0,
                0,
                0,
                0,
                0,
                0,
                0,
                0,
                0,
                0,
                0,
                0,
                0,
                0,
                0,
                0,
                0,
                0,
                0
              ],
              "phase_mod4": 0
            },
            {
              "bits": "000000000000110101001010010010001101010010110100110011100110110011011101100110001011000010100100110011110110100011011001100111001011011011101101100110011000111111011101110011101110011100100001",
              "charges": [
                -1,
                -1,
                0,
                0,
                0,
                0,
                0,
                0,
                0,
                0,
                0,
                0,
                0,
                0,
                0,
                0,
                0,
                0,
                0,
                0,
                0,
                0,
                0,
                0,
                0,
                0,
                0,
                0,
                0,
                0,
                0,
                0,
                0,
                0,
                1,
                0,
                0,
                0,
                0,
                0,
                1,
                0,
                0,
                0,
                0,
                0,
                0,
                0,
                0,
                0,
                0,
                0,
                0,
                0,
                0,
                0,
                0,
                0,
                0,
                0,
                0,
                0,
                0,
                0
              ],
              "phase_mod4": 1
            },
            {
              "bits": "000000000000110101001010010010001101010010110100110011100110110011011101100110001011000010100100110011110110100011011001100111001011011011101101100110011000111111011101110011101110011100100101",
              "charges": [
                0,
                -1,
                0,
                0,
                -1,
                0,
                0,
                0,
                0,
                0,
                0,
                0,
                0,
                0,
                0,
                0,
                0,
                0,
                0,
                0,
                0,
                0,
                0,
                0,
                0,
                0,
                0,
                0,
                0,
                0,
                0,
                0,
                0,
                0,
                1,
                0,
                0,
                0,
                0,
                0,
                1,
                0,
                0,
                0,
                0,
                0,
                0,
                0,
                0,
                0,
                0,
                0,
                0,
                0,
                0,
                0,
                0,
                0,
                0,
                0,
                0,
                0,
                0,
                0
              ],
              "phase_mod4": 0
            },
            {
              "bits": "000000000000110101001010010010001101010010110100110011100110110011011101100110001011000010100100110011110110100011011001100111001011011011101101100110011000111111011101110011101110011100100100",
              "charges": [
                -1,
                0,
                0,
                0,
                -1,
                0,
                0,
                0,
                0,
                0,
                0,
                0,
                0,
                0,
                0,
                0,
                0,
                0,
                0,
                0,
                0,
                0,
                0,
                0,
                0,
                0,
                0,
                0,
                0,
                0,
                0,
                0,
                0,
                0,
                1,
                0,
                0,
                0,
                0,
                0,
                1,
                0,
                0,
                0,
                0,
                0,
                0,
                0,
                0,
                0,
                0,
                0,
                0,
                0,
                0,
                0,
                0,
                0,
                0,
                0,
                0,
                0,
                0,
                0
              ],
              "phase_mod4": 3
            }
          ],
          "routeB": [
            {
              "bits": "000000000000110101001010010010001101010010110100110011100110110011011101100110001011000010100100110011110110100011011001100111001011011011101101100110011000111111011101110011101110011100110001",
              "charges": [
                0,
                -1,
                0,
                0,
                0,
                0,
                0,
                0,
                0,
                0,
                0,
                0,
                0,
                0,
                0,
                0,
                -1,
                0,
                0,
                0,
                0,
                0,
                0,
                0,
                0,
                0,
                0,
                0,
                0,
                0,
                0,
                0,
                0,
                0,
                1,
                0,
                0,
                0,
                0,
                0,
                1,
                0,
                0,
                0,
                0,
                0,
                0,
                0,
                0,
                0,
                0,
                0,
                0,
                0,
                0,
                0,
                0,
                0,
                0,
                0,
                0,
                0,
                0,
                0
              ],
              "phase_mod4": 0
            },
            {
              "bits": "000000000000110101001010010010001101010010110100110011100110110011011101100110001011000010100100110011110110100011011001100111001011011011101101100110011000111111011101110011101110011100110000",
              "charges": [
                -1,
                0,
                0,
                0,
                0,
                0,
                0,
                0,
                0,
                0,
                0,
                0,
                0,
                0,
                0,
                0,
                -1,
                0,
                0,
                0,
                0,
                0,
                0,
                0,
                0,
                0,
                0,
                0,
                0,
                0,
                0,
                0,
                0,
                0,
                1,
                0,
                0,
                0,
                0,
                0,
                1,
                0,
                0,
                0,
                0,
                0,
                0,
                0,
                0,
                0,
                0,
                0,
                0,
                0,
                0,
                0,
                0,
                0,
                0,
                0,
                0,
                0,
                0,
                0
              ],
              "phase_mod4": 3
            },
            {
              "bits": "000000000000110101001010010010001101010010110100110011100110110011011101100110001011000010100100110011110110100011011001100111001011011011101101100110011000111111011101110011101110011100110100",
              "charges": [
                0,
                0,
                0,
                0,
                -1,
                0,
                0,
                0,
                0,
                0,
                0,
                0,
                0,
                0,
                0,
                0,
                -1,
                0,
                0,
                0,
                0,
                0,
                0,
                0,
                0,
                0,
                0,
                0,
                0,
                0,
                0,
                0,
                0,
                0,
                1,
                0,
                0,
                0,
                0,
                0,
                1,
                0,
                0,
                0,
                0,
                0,
                0,
                0,
                0,
                0,
                0,
                0,
                0,
                0,
                0,
                0,
                0,
                0,
                0,
                0,
                0,
                0,
                0,
                0
              ],
              "phase_mod4": 0
            },
            {
              "bits": "000000000000110101001010010010001101010010110100110011100110110011011101100110001011000010100100110011110110100011011001100111001011011011101101100110011000111111011101110011101110011100100100",
              "charges": [
                -1,
                0,
                0,
                0,
                -1,
                0,
                0,
                0,
                0,
                0,
                0,
                0,
                0,
                0,
                0,
                0,
                0,
                0,
                0,
                0,
                0,
                0,
                0,
                0,
                0,
                0,
                0,
                0,
                0,
                0,
                0,
                0,
                0,
                0,
                1,
                0,
                0,
                0,
                0,
                0,
                1,
                0,
                0,
                0,
                0,
                0,
                0,
                0,
                0,
                0,
                0,
                0,
                0,
                0,
                0,
                0,
                0,
                0,
                0,
                0,
                0,
                0,
                0,
                0
              ],
              "phase_mod4": 1
            }
          ],
          "reverseB": [
            {
              "bits": "000000000000110101001010010010001101010010110100110011100110110011011101100110001011000010100100110011110110100011011001100111001011011011101101100110011000111111011101110011101110011100100100",
              "charges": [
                -1,
                0,
                0,
                0,
                -1,
                0,
                0,
                0,
                0,
                0,
                0,
                0,
                0,
                0,
                0,
                0,
                0,
                0,
                0,
                0,
                0,
                0,
                0,
                0,
                0,
                0,
                0,
                0,
                0,
                0,
                0,
                0,
                0,
                0,
                1,
                0,
                0,
                0,
                0,
                0,
                1,
                0,
                0,
                0,
                0,
                0,
                0,
                0,
                0,
                0,
                0,
                0,
                0,
                0,
                0,
                0,
                0,
                0,
                0,
                0,
                0,
                0,
                0,
                0
              ],
              "phase_mod4": 0
            },
            {
              "bits": "000000000000110101001010010010001101010010110100110011100110110011011101100110001011000010100100110011110110100011011001100111001011011011101101100110011000111111011101110011101110011100110100",
              "charges": [
                0,
                0,
                0,
                0,
                -1,
                0,
                0,
                0,
                0,
                0,
                0,
                0,
                0,
                0,
                0,
                0,
                -1,
                0,
                0,
                0,
                0,
                0,
                0,
                0,
                0,
                0,
                0,
                0,
                0,
                0,
                0,
                0,
                0,
                0,
                1,
                0,
                0,
                0,
                0,
                0,
                1,
                0,
                0,
                0,
                0,
                0,
                0,
                0,
                0,
                0,
                0,
                0,
                0,
                0,
                0,
                0,
                0,
                0,
                0,
                0,
                0,
                0,
                0,
                0
              ],
              "phase_mod4": 3
            },
            {
              "bits": "000000000000110101001010010010001101010010110100110011100110110011011101100110001011000010100100110011110110100011011001100111001011011011101101100110011000111111011101110011101110011100110000",
              "charges": [
                -1,
                0,
                0,
                0,
                0,
                0,
                0,
                0,
                0,
                0,
                0,
                0,
                0,
                0,
                0,
                0,
                -1,
                0,
                0,
                0,
                0,
                0,
                0,
                0,
                0,
                0,
                0,
                0,
                0,
                0,
                0,
                0,
                0,
                0,
                1,
                0,
                0,
                0,
                0,
                0,
                1,
                0,
                0,
                0,
                0,
                0,
                0,
                0,
                0,
                0,
                0,
                0,
                0,
                0,
                0,
                0,
                0,
                0,
                0,
                0,
                0,
                0,
                0,
                0
              ],
              "phase_mod4": 2
            },
            {
              "bits": "000000000000110101001010010010001101010010110100110011100110110011011101100110001011000010100100110011110110100011011001100111001011011011101101100110011000111111011101110011101110011100110001",
              "charges": [
                0,
                -1,
                0,
                0,
                0,
                0,
                0,
                0,
                0,
                0,
                0,
                0,
                0,
                0,
                0,
                0,
                -1,
                0,
                0,
                0,
                0,
                0,
                0,
                0,
                0,
                0,
                0,
                0,
                0,
                0,
                0,
                0,
                0,
                0,
                1,
                0,
                0,
                0,
                0,
                0,
                1,
                0,
                0,
                0,
                0,
                0,
                0,
                0,
                0,
                0,
                0,
                0,
                0,
                0,
                0,
                0,
                0,
                0,
                0,
                0,
                0,
                0,
                0,
                0
              ],
              "phase_mod4": 3
            }
          ],
          "routeA_phase": 3,
          "routeB_phase": 1,
          "closed_loop_phase": 2
        }
      ],
      "seconds": 0.0020222089951857924,
      "peak_MiB": 21.828125,
      "source_sha256": "17f6e958ea3813f0159b0ac5ddabf96bacf92af291ec6afdf4565a233c3cbfd0"
    }
  },
  "elapsed_seconds": 2.3490312500216532,
  "peak_rss_mib": 21.859375,
  "source_sha256": "33eec45e03f174e4a762c333d9b6d408823c40d0fccbedac72446635b92387b1",
  "input_sha256": {
    "docs/NATIVE_GLOBAL_CHARGE_CONNECTIVITY_AND_EXCHANGE_NOTE_2026-09-08.md": "5e486db8e2cf404fb4a3dcbdfad2c714463d38d6b967018988cfe699f1663ffb",
    "docs/NATIVE_RK_CHARGE_STABILITY_NOTE_2026-09-08.md": "b401d9e8ab10766e57a0cce4b1fe4d1660ddb475ece0189e9841cec471bf6bed",
    "docs/NATIVE_DYNAMICAL_CYCLE_FERMION_Z2_DICTIONARY_NOTE_2026-09-08.md": "3d61dfac1a844364b98c731efca34b27b3c8dac1a3049d519f26d97b1db12715",
    "docs/NATIVE_EDGE_RECORD_MATTER_INSTRUMENT_AND_ENERGY_LEDGER_BOUNDED_THEOREM_NOTE_2026-09-05.md": "a37b5a26833421d99625d99ebf3a9a5f7ff7d96a3e5e77df93e9a550984ddc47",
    "docs/SPIN_HALF_CUBIC_ICE_FINITE_DETUNING_PROJECTOR_MAXWELL_STIFFNESS_BOUNDED_THEOREM_NOTE_2026-09-03.md": "c1cc8df7ae97504527fd26195e65670ad6ccf4e01982d0665040662b22ba0d7e",
    "docs/THE_FERMIONS_U1_COUPLED_TO_QUANTUM_LINKS_GAUSS_LAW_AS_A_SUPPORT_CONDITION_AMONG_RECORDS_BOUNDED_THEOREM_NOTE_2026-09-03.md": "3c3f4f99c5079766165657d872c9572b347bdc323bf801bcddb31f879420bbcd",
    "scripts/native_global_charge_reachability_2026_09_08.py": "8976643f273954a2676e13dfc7f88f69b791c71f26067a5bb04e99c2d1beefbf",
    "scripts/native_global_charge_connectivity_2026_09_08.py": "f165f647fa3d7334e2fb8c7b9557f0b204d8779e70ec60c323c7d6cf876d3f13",
    "scripts/native_global_charge_exchange_2026_09_08.py": "17f6e958ea3813f0159b0ac5ddabf96bacf92af291ec6afdf4565a233c3cbfd0"
  },
  "scope": "Finite configuration and native-phase controls. No audit status, spectrum census, mixing rate or physical-law selection."
}
