{
  "status": "PASS",
  "actual_current_surface_status": "conditional-support",
  "controls": [
    {
      "status": "PASS",
      "predicates": 52609,
      "history_columns": 736,
      "omitted_phase_mutant_failures": 80,
      "seconds": 0.025694583950098604,
      "source_sha256": "d1b0dfc2a24be4760315962792878abd813936e9c1dd766887ce49ed5322277e",
      "scope": "exact small full-carrier columns only"
    },
    {
      "status": "PASS",
      "checks": 146,
      "scope": "three-mode exact CAR and two-qubit rational controls"
    }
  ],
  "input_sha256": {
    "docs/NATIVE_CHARGED_RECORD_HISTORIES_NOTE_2026-09-09.md": "faa7c87d555c759441885c39f04ec9056e011a37f53f99fffdbb1b300ddb384e",
    "docs/NATIVE_DYNAMICAL_CYCLE_FERMION_Z2_DICTIONARY_NOTE_2026-09-08.md": "3d61dfac1a844364b98c731efca34b27b3c8dac1a3049d519f26d97b1db12715",
    "docs/NATIVE_EDGE_RECORD_MATTER_INSTRUMENT_AND_ENERGY_LEDGER_BOUNDED_THEOREM_NOTE_2026-09-05.md": "a37b5a26833421d99625d99ebf3a9a5f7ff7d96a3e5e77df93e9a550984ddc47",
    "scripts/native_charged_record_history_controls_2026_09_09.py": "d1b0dfc2a24be4760315962792878abd813936e9c1dd766887ce49ed5322277e",
    "scripts/native_charged_record_history_car_2026_09_09.py": "1cca5199cefeef7f8060194dcc5398f3986d36f46a56cc46c62adfea21ae7ee5"
  },
  "source_sha256": "c4067605685c8ca3861f1a1a0455601ce531045fa2a48a3c41f0484d89550e0c",
  "seconds": 0.029344084032345563,
  "peak_rss_bytes": 20103168
}
